
> student-management-api@1.0.0 test:e2e
> jest --config ./test/jest-e2e.json

FAIL test/uploads.e2e-spec.ts (16.423 s)
  ΓùÅ Console

    console.log
      query: SELECT version()

      at Function.logInfo (../src/platform/PlatformTools.ts:262:17)

    console.log
      query: SELECT * FROM current_schema()

      at Function.logInfo (../src/platform/PlatformTools.ts:262:17)

    console.log
      query: START TRANSACTION

      at Function.logInfo (../src/platform/PlatformTools.ts:262:17)

    console.log
      query: SELECT * FROM current_schema()

      at Function.logInfo (../src/platform/PlatformTools.ts:262:17)

    console.log
      query: SELECT * FROM current_database()

      at Function.logInfo (../src/platform/PlatformTools.ts:262:17)

    console.log
      query: SELECT "table_schema", "table_name", obj_description(('"' || "table_schema" || '"."' || "table_name" || '"')::regclass, 'pg_class') AS table_comment FROM "information_schema"."tables" WHERE ("table_schema" = 'public' AND "table_name" = 'grades') OR ("table_schema" = 'public' AND "table_name" = 'attendance') OR ("table_schema" = 'public' AND "table_name" = 'faculties') OR ("table_schema" = 'public' AND "table_name" = 'departments') OR ("table_schema" = 'public' AND "table_name" = 'courses') OR ("table_schema" = 'public' AND "table_name" = 'enrollments') OR ("table_schema" = 'public' AND "table_name" = 'students') OR ("table_schema" = 'public' AND "table_name" = 'users') OR ("table_schema" = 'public' AND "table_name" = 'academic_terms') OR ("table_schema" = 'public' AND "table_name" = 'classrooms') OR ("table_schema" = 'public' AND "table_name" = 'schedules') OR ("table_schema" = 'public' AND "table_name" = 'audit_logs') OR ("table_schema" = 'public' AND "table_name" = 'teacher_profiles') OR ("table_schema" = 'public' AND "table_name" = 'grades') OR ("table_schema" = 'public' AND "table_name" = 'attendance') OR ("table_schema" = 'public' AND "table_name" = 'faculties') OR ("table_schema" = 'public' AND "table_name" = 'departments') OR ("table_schema" = 'public' AND "table_name" = 'courses') OR ("table_schema" = 'public' AND "table_name" = 'enrollments') OR ("table_schema" = 'public' AND "table_name" = 'students') OR ("table_schema" = 'public' AND "table_name" = 'users') OR ("table_schema" = 'public' AND "table_name" = 'teacher_profiles') OR ("table_schema" = 'public' AND "table_name" = 'classrooms') OR ("table_schema" = 'public' AND "table_name" = 'schedules') OR ("table_schema" = 'public' AND "table_name" = 'audit_logs') OR ("table_schema" = 'public' AND "table_name" = 'academic_terms') OR ("table_schema" = 'public' AND "table_name" = 'course_teachers') OR ("table_schema" = 'public' AND "table_name" = 'course_prerequisites') OR ("table_schema" = 'public' AND "table_name" = 'course_teachers') OR ("table_schema" = 'public' AND "table_name" = 'course_prerequisites')

      at Function.logInfo (../src/platform/PlatformTools.ts:262:17)

    console.log
      query: SELECT TRUE FROM information_schema.columns WHERE table_name = 'pg_class' and column_name = 'relispartition'

      at Function.logInfo (../src/platform/PlatformTools.ts:262:17)

    console.log
      query: SELECT columns.*, pg_catalog.col_description(('"' || table_catalog || '"."' || table_schema || '"."' || table_name || '"')::regclass::oid, ordinal_position) AS description, ('"' || "udt_schema" || '"."' || "udt_name" || '"')::"regtype"::text AS "regtype", pg_catalog.format_type("col_attr"."atttypid", "col_attr"."atttypmod") AS "format_type" FROM "information_schema"."columns" LEFT JOIN "pg_catalog"."pg_attribute" AS "col_attr" ON "col_attr"."attname" = "columns"."column_name" AND "col_attr"."attrelid" = ( SELECT "cls"."oid" FROM "pg_catalog"."pg_class" AS "cls" LEFT JOIN "pg_catalog"."pg_namespace" AS "ns" ON "ns"."oid" = "cls"."relnamespace" WHERE "cls"."relname" = "columns"."table_name" AND "ns"."nspname" = "columns"."table_schema" ) WHERE ("table_schema" = 'public' AND "table_name" = 'course_teachers') OR ("table_schema" = 'public' AND "table_name" = 'classrooms') OR ("table_schema" = 'public' AND "table_name" = 'schedules') OR ("table_schema" = 'public' AND "table_name" = 'audit_logs') OR ("table_schema" = 'public' AND "table_name" = 'course_prerequisites') OR ("table_schema" = 'public' AND "table_name" = 'courses') OR ("table_schema" = 'public' AND "table_name" = 'grades') OR ("table_schema" = 'public' AND "table_name" = 'enrollments') OR ("table_schema" = 'public' AND "table_name" = 'faculties') OR ("table_schema" = 'public' AND "table_name" = 'departments') OR ("table_schema" = 'public' AND "table_name" = 'students') OR ("table_schema" = 'public' AND "table_name" = 'users') OR ("table_schema" = 'public' AND "table_name" = 'academic_terms') OR ("table_schema" = 'public' AND "table_name" = 'teacher_profiles') OR ("table_schema" = 'public' AND "table_name" = 'attendance')

      at Function.logInfo (../src/platform/PlatformTools.ts:262:17)
          at async Promise.all (index 0)

    console.log
      query: SELECT "ns"."nspname" AS "table_schema", "t"."relname" AS "table_name", "cnst"."conname" AS "constraint_name", pg_get_constraintdef("cnst"."oid") AS "expression", CASE "cnst"."contype" WHEN 'p' THEN 'PRIMARY' WHEN 'u' THEN 'UNIQUE' WHEN 'c' THEN 'CHECK' WHEN 'x' THEN 'EXCLUDE' END AS "constraint_type", "a"."attname" AS "column_name" FROM "pg_constraint" "cnst" INNER JOIN "pg_class" "t" ON "t"."oid" = "cnst"."conrelid" INNER JOIN "pg_namespace" "ns" ON "ns"."oid" = "cnst"."connamespace" LEFT JOIN "pg_attribute" "a" ON "a"."attrelid" = "cnst"."conrelid" AND "a"."attnum" = ANY ("cnst"."conkey") WHERE "t"."relkind" IN ('r', 'p') AND (("ns"."nspname" = 'public' AND "t"."relname" = 'course_teachers') OR ("ns"."nspname" = 'public' AND "t"."relname" = 'classrooms') OR ("ns"."nspname" = 'public' AND "t"."relname" = 'schedules') OR ("ns"."nspname" = 'public' AND "t"."relname" = 'audit_logs') OR ("ns"."nspname" = 'public' AND "t"."relname" = 'course_prerequisites') OR ("ns"."nspname" = 'public' AND "t"."relname" = 'courses') OR ("ns"."nspname" = 'public' AND "t"."relname" = 'grades') OR ("ns"."nspname" = 'public' AND "t"."relname" = 'enrollments') OR ("ns"."nspname" = 'public' AND "t"."relname" = 'faculties') OR ("ns"."nspname" = 'public' AND "t"."relname" = 'departments') OR ("ns"."nspname" = 'public' AND "t"."relname" = 'students') OR ("ns"."nspname" = 'public' AND "t"."relname" = 'users') OR ("ns"."nspname" = 'public' AND "t"."relname" = 'academic_terms') OR ("ns"."nspname" = 'public' AND "t"."relname" = 'teacher_profiles') OR ("ns"."nspname" = 'public' AND "t"."relname" = 'attendance'))

      at Function.logInfo (../src/platform/PlatformTools.ts:262:17)
          at async Promise.all (index 1)

    console.log
      query: SELECT "ns"."nspname" AS "table_schema", "t"."relname" AS "table_name", "i"."relname" AS "constraint_name", "a"."attname" AS "column_name", CASE "ix"."indisunique" WHEN 't' THEN 'TRUE' ELSE'FALSE' END AS "is_unique", pg_get_expr("ix"."indpred", "ix"."indrelid") AS "condition", "types"."typname" AS "type_name", "am"."amname" AS "index_type" FROM "pg_class" "t" INNER JOIN "pg_index" "ix" ON "ix"."indrelid" = "t"."oid" INNER JOIN "pg_attribute" "a" ON "a"."attrelid" = "t"."oid"  AND "a"."attnum" = ANY ("ix"."indkey") INNER JOIN "pg_namespace" "ns" ON "ns"."oid" = "t"."relnamespace" INNER JOIN "pg_class" "i" ON "i"."oid" = "ix"."indexrelid" INNER JOIN "pg_type" "types" ON "types"."oid" = "a"."atttypid" INNER JOIN "pg_am" "am" ON "i"."relam" = "am"."oid" LEFT JOIN "pg_constraint" "cnst" ON "cnst"."conname" = "i"."relname" WHERE "t"."relkind" IN ('r', 'p') AND "cnst"."contype" IS NULL AND (("ns"."nspname" = 'public' AND "t"."relname" = 'course_teachers') OR ("ns"."nspname" = 'public' AND "t"."relname" = 'classrooms') OR ("ns"."nspname" = 'public' AND "t"."relname" = 'schedules') OR ("ns"."nspname" = 'public' AND "t"."relname" = 'audit_logs') OR ("ns"."nspname" = 'public' AND "t"."relname" = 'course_prerequisites') OR ("ns"."nspname" = 'public' AND "t"."relname" = 'courses') OR ("ns"."nspname" = 'public' AND "t"."relname" = 'grades') OR ("ns"."nspname" = 'public' AND "t"."relname" = 'enrollments') OR ("ns"."nspname" = 'public' AND "t"."relname" = 'faculties') OR ("ns"."nspname" = 'public' AND "t"."relname" = 'departments') OR ("ns"."nspname" = 'public' AND "t"."relname" = 'students') OR ("ns"."nspname" = 'public' AND "t"."relname" = 'users') OR ("ns"."nspname" = 'public' AND "t"."relname" = 'academic_terms') OR ("ns"."nspname" = 'public' AND "t"."relname" = 'teacher_profiles') OR ("ns"."nspname" = 'public' AND "t"."relname" = 'attendance'))

      at Function.logInfo (../src/platform/PlatformTools.ts:262:17)
          at async Promise.all (index 2)

    console.log
      query: SELECT "con"."conname" AS "constraint_name", "con"."nspname" AS "table_schema", "con"."relname" AS "table_name", "att2"."attname" AS "column_name", "ns"."nspname" AS "referenced_table_schema", "cl"."relname" AS "referenced_table_name", "att"."attname" AS "referenced_column_name", "con"."confdeltype" AS "on_delete", "con"."confupdtype" AS "on_update", "con"."condeferrable" AS "deferrable", "con"."condeferred" AS "deferred" FROM ( SELECT UNNEST ("con1"."conkey") AS "parent", UNNEST ("con1"."confkey") AS "child", "con1"."confrelid", "con1"."conrelid", "con1"."conname", "con1"."contype", "ns"."nspname", "cl"."relname", "con1"."condeferrable", CASE WHEN "con1"."condeferred" THEN 'INITIALLY DEFERRED' ELSE 'INITIALLY IMMEDIATE' END as condeferred, CASE "con1"."confdeltype" WHEN 'a' THEN 'NO ACTION' WHEN 'r' THEN 'RESTRICT' WHEN 'c' THEN 'CASCADE' WHEN 'n' THEN 'SET NULL' WHEN 'd' THEN 'SET DEFAULT' END as "confdeltype", CASE "con1"."confupdtype" WHEN 'a' THEN 'NO ACTION' WHEN 'r' THEN 'RESTRICT' WHEN 'c' THEN 'CASCADE' WHEN 'n' THEN 'SET NULL' WHEN 'd' THEN 'SET DEFAULT' END as "confupdtype" FROM "pg_class" "cl" INNER JOIN "pg_namespace" "ns" ON "cl"."relnamespace" = "ns"."oid" INNER JOIN "pg_constraint" "con1" ON "con1"."conrelid" = "cl"."oid" WHERE "con1"."contype" = 'f' AND (("ns"."nspname" = 'public' AND "cl"."relname" = 'course_teachers') OR ("ns"."nspname" = 'public' AND "cl"."relname" = 'classrooms') OR ("ns"."nspname" = 'public' AND "cl"."relname" = 'schedules') OR ("ns"."nspname" = 'public' AND "cl"."relname" = 'audit_logs') OR ("ns"."nspname" = 'public' AND "cl"."relname" = 'course_prerequisites') OR ("ns"."nspname" = 'public' AND "cl"."relname" = 'courses') OR ("ns"."nspname" = 'public' AND "cl"."relname" = 'grades') OR ("ns"."nspname" = 'public' AND "cl"."relname" = 'enrollments') OR ("ns"."nspname" = 'public' AND "cl"."relname" = 'faculties') OR ("ns"."nspname" = 'public' AND "cl"."relname" = 'departments') OR ("ns"."nspname" = 'public' AND "cl"."relname" = 'students') OR ("ns"."nspname" = 'public' AND "cl"."relname" = 'users') OR ("ns"."nspname" = 'public' AND "cl"."relname" = 'academic_terms') OR ("ns"."nspname" = 'public' AND "cl"."relname" = 'teacher_profiles') OR ("ns"."nspname" = 'public' AND "cl"."relname" = 'attendance')) ) "con" INNER JOIN "pg_attribute" "att" ON "att"."attrelid" = "con"."confrelid" AND "att"."attnum" = "con"."child" INNER JOIN "pg_class" "cl" ON "cl"."oid" = "con"."confrelid"  AND "cl"."relispartition" = 'f'INNER JOIN "pg_namespace" "ns" ON "cl"."relnamespace" = "ns"."oid" INNER JOIN "pg_attribute" "att2" ON "att2"."attrelid" = "con"."conrelid" AND "att2"."attnum" = "con"."parent"

      at Function.logInfo (../src/platform/PlatformTools.ts:262:17)
          at async Promise.all (index 3)

    console.log
      query: SELECT "udt_schema", "udt_name" FROM "information_schema"."columns" WHERE "table_schema" = 'public' AND "table_name" = 'classrooms' AND "column_name"='type'

      at Function.logInfo (../src/platform/PlatformTools.ts:262:17)
          at async Promise.all (index 4)
          at async Promise.all (index 1)

    console.log
      query: SELECT "udt_schema", "udt_name" FROM "information_schema"."columns" WHERE "table_schema" = 'public' AND "table_name" = 'enrollments' AND "column_name"='status'

      at Function.logInfo (../src/platform/PlatformTools.ts:262:17)
          at async Promise.all (index 4)
          at async Promise.all (index 7)

    console.log
      query: SELECT "udt_schema", "udt_name" FROM "information_schema"."columns" WHERE "table_schema" = 'public' AND "table_name" = 'students' AND "column_name"='gender'

      at Function.logInfo (../src/platform/PlatformTools.ts:262:17)
          at async Promise.all (index 4)
          at async Promise.all (index 10)

    console.log
      query: SELECT "udt_schema", "udt_name" FROM "information_schema"."columns" WHERE "table_schema" = 'public' AND "table_name" = 'users' AND "column_name"='role'

      at Function.logInfo (../src/platform/PlatformTools.ts:262:17)
          at async Promise.all (index 4)
          at async Promise.all (index 11)

    console.log
      query: SELECT "udt_schema", "udt_name" FROM "information_schema"."columns" WHERE "table_schema" = 'public' AND "table_name" = 'teacher_profiles' AND "column_name"='rank'

      at Function.logInfo (../src/platform/PlatformTools.ts:262:17)
          at async Promise.all (index 2)
          at async Promise.all (index 13)

    console.log
      query: SELECT "udt_schema", "udt_name" FROM "information_schema"."columns" WHERE "table_schema" = 'public' AND "table_name" = 'attendance' AND "column_name"='status'

      at Function.logInfo (../src/platform/PlatformTools.ts:262:17)
          at async Promise.all (index 4)
          at async Promise.all (index 14)

    console.log
      query: SELECT "e"."enumlabel" AS "value" FROM "pg_enum" "e" INNER JOIN "pg_type" "t" ON "t"."oid" = "e"."enumtypid" INNER JOIN "pg_namespace" "n" ON "n"."oid" = "t"."typnamespace" WHERE "n"."nspname" = 'public' AND "t"."typname" = 'classrooms_type_enum'

      at Function.logInfo (../src/platform/PlatformTools.ts:262:17)
          at async Promise.all (index 4)
          at async Promise.all (index 1)

    console.log
      query: SELECT "e"."enumlabel" AS "value" FROM "pg_enum" "e" INNER JOIN "pg_type" "t" ON "t"."oid" = "e"."enumtypid" INNER JOIN "pg_namespace" "n" ON "n"."oid" = "t"."typnamespace" WHERE "n"."nspname" = 'public' AND "t"."typname" = 'enrollments_status_enum'

      at Function.logInfo (../src/platform/PlatformTools.ts:262:17)
          at async Promise.all (index 4)
          at async Promise.all (index 7)

    console.log
      query: SELECT "e"."enumlabel" AS "value" FROM "pg_enum" "e" INNER JOIN "pg_type" "t" ON "t"."oid" = "e"."enumtypid" INNER JOIN "pg_namespace" "n" ON "n"."oid" = "t"."typnamespace" WHERE "n"."nspname" = 'public' AND "t"."typname" = 'students_gender_enum'

      at Function.logInfo (../src/platform/PlatformTools.ts:262:17)
          at async Promise.all (index 4)
          at async Promise.all (index 10)

    console.log
      query: SELECT "e"."enumlabel" AS "value" FROM "pg_enum" "e" INNER JOIN "pg_type" "t" ON "t"."oid" = "e"."enumtypid" INNER JOIN "pg_namespace" "n" ON "n"."oid" = "t"."typnamespace" WHERE "n"."nspname" = 'public' AND "t"."typname" = 'users_role_enum'

      at Function.logInfo (../src/platform/PlatformTools.ts:262:17)
          at async Promise.all (index 4)
          at async Promise.all (index 11)

    console.log
      query: SELECT "e"."enumlabel" AS "value" FROM "pg_enum" "e" INNER JOIN "pg_type" "t" ON "t"."oid" = "e"."enumtypid" INNER JOIN "pg_namespace" "n" ON "n"."oid" = "t"."typnamespace" WHERE "n"."nspname" = 'public' AND "t"."typname" = 'teacher_profiles_rank_enum'

      at Function.logInfo (../src/platform/PlatformTools.ts:262:17)
          at async Promise.all (index 2)
          at async Promise.all (index 13)

    console.log
      query: SELECT "e"."enumlabel" AS "value" FROM "pg_enum" "e" INNER JOIN "pg_type" "t" ON "t"."oid" = "e"."enumtypid" INNER JOIN "pg_namespace" "n" ON "n"."oid" = "t"."typnamespace" WHERE "n"."nspname" = 'public' AND "t"."typname" = 'attendance_status_enum'

      at Function.logInfo (../src/platform/PlatformTools.ts:262:17)
          at async Promise.all (index 4)
          at async Promise.all (index 14)

    console.log
      query: SELECT * FROM "information_schema"."tables" WHERE "table_schema" = 'public' AND "table_name" = 'typeorm_metadata'

      at Function.logInfo (../src/platform/PlatformTools.ts:262:17)

    console.log
      query: ALTER TABLE "grades" ALTER COLUMN "weightage" SET DEFAULT '100.00'

      at Function.logInfo (../src/platform/PlatformTools.ts:262:17)

    console.log
      query: ALTER TABLE "enrollments" ALTER COLUMN "attendance_percentage" SET DEFAULT '100.00'

      at Function.logInfo (../src/platform/PlatformTools.ts:262:17)

    console.log
      query: ALTER TABLE "grades" ALTER COLUMN "weightage" SET DEFAULT '100.00'

      at Function.logInfo (../src/platform/PlatformTools.ts:262:17)

    console.log
      query: ALTER TABLE "enrollments" ALTER COLUMN "attendance_percentage" SET DEFAULT '100.00'

      at Function.logInfo (../src/platform/PlatformTools.ts:262:17)

    console.log
      query: COMMIT

      at Function.logInfo (../src/platform/PlatformTools.ts:262:17)

    console.log
      query: INSERT INTO users (email, username, password_hash, role, first_name, last_name, is_active, email_verified) 
             VALUES ($1, $2, $3, $4, $5, $6, true, true) RETURNING id -- PARAMETERS: ["e2e_uploads_admin_186452@test.com","e2e_uploads_admin_186452","$2b$10$OuoAKWs2dFsSDd0Bd7NHhOdb/mj9rqIV7Ggfz/LIapzBbBUXl9CEO","admin","Admin","Test"]

      at Function.logInfo (../src/platform/PlatformTools.ts:262:17)

    console.log
      query: INSERT INTO users (email, username, password_hash, role, first_name, last_name, is_active, email_verified) 
             VALUES ($1, $2, $3, $4, $5, $6, true, true) RETURNING id -- PARAMETERS: ["e2e_uploads_teacher_186452@test.com","e2e_uploads_teacher_186452","$2b$10$OuoAKWs2dFsSDd0Bd7NHhOdb/mj9rqIV7Ggfz/LIapzBbBUXl9CEO","teacher","Teacher","Test"]

      at Function.logInfo (../src/platform/PlatformTools.ts:262:17)

    console.log
      query: INSERT INTO users (email, username, password_hash, role, first_name, last_name, is_active, email_verified) 
             VALUES ($1, $2, $3, $4, $5, $6, true, true) RETURNING id -- PARAMETERS: ["e2e_uploads_student_186452@test.com","e2e_uploads_student_186452","$2b$10$OuoAKWs2dFsSDd0Bd7NHhOdb/mj9rqIV7Ggfz/LIapzBbBUXl9CEO","student","Student","Test"]

      at Function.logInfo (../src/platform/PlatformTools.ts:262:17)

    console.log
      query: SELECT "User"."id" AS "User_id", "User"."email" AS "User_email", "User"."username" AS "User_username", "User"."password_hash" AS "User_password_hash", "User"."role" AS "User_role", "User"."first_name" AS "User_first_name", "User"."last_name" AS "User_last_name", "User"."is_active" AS "User_is_active", "User"."refresh_token" AS "User_refresh_token", "User"."email_verified" AS "User_email_verified", "User"."email_verification_token" AS "User_email_verification_token", "User"."password_reset_token" AS "User_password_reset_token", "User"."password_reset_expires" AS "User_password_reset_expires", "User"."failed_login_attempts" AS "User_failed_login_attempts", "User"."locked_until" AS "User_locked_until", "User"."last_failed_login" AS "User_last_failed_login", "User"."created_at" AS "User_created_at", "User"."updated_at" AS "User_updated_at", "User"."deleted_at" AS "User_deleted_at" FROM "users" "User" WHERE ( (("User"."email" = $1)) ) AND ( "User"."deleted_at" IS NULL ) LIMIT 1 -- PARAMETERS: ["e2e_uploads_admin_186452@test.com"]

      at Function.logInfo (../src/platform/PlatformTools.ts:262:17)

    console.log
      query: UPDATE "users" SET "refresh_token" = $1, "updated_at" = CURRENT_TIMESTAMP WHERE "id" IN ($2) -- PARAMETERS: ["$2b$10$00BvPwd2GdG7s86cuIz9ieBrxGwbhpRB7mxiPKbN2kPYh0iZ8BIGq",1966]

      at Function.logInfo (../src/platform/PlatformTools.ts:262:17)

    console.log
      query: SELECT "User"."id" AS "User_id", "User"."email" AS "User_email", "User"."username" AS "User_username", "User"."password_hash" AS "User_password_hash", "User"."role" AS "User_role", "User"."first_name" AS "User_first_name", "User"."last_name" AS "User_last_name", "User"."is_active" AS "User_is_active", "User"."refresh_token" AS "User_refresh_token", "User"."email_verified" AS "User_email_verified", "User"."email_verification_token" AS "User_email_verification_token", "User"."password_reset_token" AS "User_password_reset_token", "User"."password_reset_expires" AS "User_password_reset_expires", "User"."failed_login_attempts" AS "User_failed_login_attempts", "User"."locked_until" AS "User_locked_until", "User"."last_failed_login" AS "User_last_failed_login", "User"."created_at" AS "User_created_at", "User"."updated_at" AS "User_updated_at", "User"."deleted_at" AS "User_deleted_at" FROM "users" "User" WHERE ( (("User"."email" = $1)) ) AND ( "User"."deleted_at" IS NULL ) LIMIT 1 -- PARAMETERS: ["e2e_uploads_teacher_186452@test.com"]

      at Function.logInfo (../src/platform/PlatformTools.ts:262:17)

    console.log
      query: UPDATE "users" SET "refresh_token" = $1, "updated_at" = CURRENT_TIMESTAMP WHERE "id" IN ($2) -- PARAMETERS: ["$2b$10$4ffravKtUE57Y1TxmtHXQ.dxEgdS37FkXq1AMX5qZub9QM7/wxf3a",1967]

      at Function.logInfo (../src/platform/PlatformTools.ts:262:17)

    console.log
      query: SELECT "User"."id" AS "User_id", "User"."email" AS "User_email", "User"."username" AS "User_username", "User"."password_hash" AS "User_password_hash", "User"."role" AS "User_role", "User"."first_name" AS "User_first_name", "User"."last_name" AS "User_last_name", "User"."is_active" AS "User_is_active", "User"."refresh_token" AS "User_refresh_token", "User"."email_verified" AS "User_email_verified", "User"."email_verification_token" AS "User_email_verification_token", "User"."password_reset_token" AS "User_password_reset_token", "User"."password_reset_expires" AS "User_password_reset_expires", "User"."failed_login_attempts" AS "User_failed_login_attempts", "User"."locked_until" AS "User_locked_until", "User"."last_failed_login" AS "User_last_failed_login", "User"."created_at" AS "User_created_at", "User"."updated_at" AS "User_updated_at", "User"."deleted_at" AS "User_deleted_at" FROM "users" "User" WHERE ( (("User"."email" = $1)) ) AND ( "User"."deleted_at" IS NULL ) LIMIT 1 -- PARAMETERS: ["e2e_uploads_student_186452@test.com"]

      at Function.logInfo (../src/platform/PlatformTools.ts:262:17)

    console.log
      query: UPDATE "users" SET "refresh_token" = $1, "updated_at" = CURRENT_TIMESTAMP WHERE "id" IN ($2) -- PARAMETERS: ["$2b$10$qfx0iH5AgLKMmnheLLYGSOYbSXHxXpdMSVT/Bw5jYR4XQGtQlnlgG",1968]

      at Function.logInfo (../src/platform/PlatformTools.ts:262:17)

    console.log
      query: DELETE FROM users WHERE email LIKE $1 -- PARAMETERS: ["e2e_uploads_%_186452@test.com"]

      at Function.logInfo (../src/platform/PlatformTools.ts:262:17)

  ΓùÅ Uploads (e2e) ΓÇ║ POST /api/uploads/multiple (Multiple Files Upload) ΓÇ║ should upload multiple files successfully as admin

    expected 201 "Created", got 400 "Bad Request"

      296 |         .attach('files', createTestTextBuffer(), 'multi-2.txt')
      297 |         .field('folder', `e2e_test_${uniqueId}`)
    > 298 |         .expect(201);
          |          ^
      299 |
      300 |       expect(response.body).toHaveProperty('message');
      301 |       expect(response.body.message).toContain('uploaded successfully');

      at Object.<anonymous> (uploads.e2e-spec.ts:298:10)
      ----
      at Test._assertStatus (../node_modules/supertest/lib/test.js:309:14)
      at ../node_modules/supertest/lib/test.js:365:13
      at Test._assertFunction (../node_modules/supertest/lib/test.js:342:13)
      at Test.assert (../node_modules/supertest/lib/test.js:195:23)
      at localAssert (../node_modules/supertest/lib/test.js:138:14)
      at Server.<anonymous> (../node_modules/supertest/lib/test.js:152:11)

  ΓùÅ Uploads (e2e) ΓÇ║ POST /api/uploads/multiple (Multiple Files Upload) ΓÇ║ should upload multiple files as teacher

    expected 201 "Created", got 400 "Bad Request"

      323 |         })
      324 |         .field('folder', `e2e_test_${uniqueId}`)
    > 325 |         .expect(201);
          |          ^
      326 |
      327 |       expect(response.body.files).toHaveLength(2);
      328 |

      at Object.<anonymous> (uploads.e2e-spec.ts:325:10)
      ----
      at Test._assertStatus (../node_modules/supertest/lib/test.js:309:14)
      at ../node_modules/supertest/lib/test.js:365:13
      at Test._assertFunction (../node_modules/supertest/lib/test.js:342:13)
      at Test.assert (../node_modules/supertest/lib/test.js:195:23)
      at localAssert (../node_modules/supertest/lib/test.js:138:14)
      at Server.<anonymous> (../node_modules/supertest/lib/test.js:152:11)

PASS test/users.e2e-spec.ts (16.479 s)
  ΓùÅ Console

    console.log
      query: SELECT version()

      at Function.logInfo (../src/platform/PlatformTools.ts:262:17)

    console.log
      query: SELECT * FROM current_schema()

      at Function.logInfo (../src/platform/PlatformTools.ts:262:17)

    console.log
      query: START TRANSACTION

      at Function.logInfo (../src/platform/PlatformTools.ts:262:17)

    console.log
      query: SELECT * FROM current_schema()

      at Function.logInfo (../src/platform/PlatformTools.ts:262:17)

    console.log
      query: SELECT * FROM current_database()

      at Function.logInfo (../src/platform/PlatformTools.ts:262:17)

    console.log
      query: SELECT "table_schema", "table_name", obj_description(('"' || "table_schema" || '"."' || "table_name" || '"')::regclass, 'pg_class') AS table_comment FROM "information_schema"."tables" WHERE ("table_schema" = 'public' AND "table_name" = 'grades') OR ("table_schema" = 'public' AND "table_name" = 'attendance') OR ("table_schema" = 'public' AND "table_name" = 'faculties') OR ("table_schema" = 'public' AND "table_name" = 'departments') OR ("table_schema" = 'public' AND "table_name" = 'courses') OR ("table_schema" = 'public' AND "table_name" = 'enrollments') OR ("table_schema" = 'public' AND "table_name" = 'students') OR ("table_schema" = 'public' AND "table_name" = 'users') OR ("table_schema" = 'public' AND "table_name" = 'academic_terms') OR ("table_schema" = 'public' AND "table_name" = 'classrooms') OR ("table_schema" = 'public' AND "table_name" = 'schedules') OR ("table_schema" = 'public' AND "table_name" = 'audit_logs') OR ("table_schema" = 'public' AND "table_name" = 'teacher_profiles') OR ("table_schema" = 'public' AND "table_name" = 'grades') OR ("table_schema" = 'public' AND "table_name" = 'attendance') OR ("table_schema" = 'public' AND "table_name" = 'faculties') OR ("table_schema" = 'public' AND "table_name" = 'departments') OR ("table_schema" = 'public' AND "table_name" = 'courses') OR ("table_schema" = 'public' AND "table_name" = 'enrollments') OR ("table_schema" = 'public' AND "table_name" = 'students') OR ("table_schema" = 'public' AND "table_name" = 'users') OR ("table_schema" = 'public' AND "table_name" = 'teacher_profiles') OR ("table_schema" = 'public' AND "table_name" = 'classrooms') OR ("table_schema" = 'public' AND "table_name" = 'schedules') OR ("table_schema" = 'public' AND "table_name" = 'audit_logs') OR ("table_schema" = 'public' AND "table_name" = 'academic_terms') OR ("table_schema" = 'public' AND "table_name" = 'course_teachers') OR ("table_schema" = 'public' AND "table_name" = 'course_prerequisites') OR ("table_schema" = 'public' AND "table_name" = 'course_teachers') OR ("table_schema" = 'public' AND "table_name" = 'course_prerequisites')

      at Function.logInfo (../src/platform/PlatformTools.ts:262:17)

    console.log
      query: SELECT TRUE FROM information_schema.columns WHERE table_name = 'pg_class' and column_name = 'relispartition'

      at Function.logInfo (../src/platform/PlatformTools.ts:262:17)

    console.log
      query: SELECT columns.*, pg_catalog.col_description(('"' || table_catalog || '"."' || table_schema || '"."' || table_name || '"')::regclass::oid, ordinal_position) AS description, ('"' || "udt_schema" || '"."' || "udt_name" || '"')::"regtype"::text AS "regtype", pg_catalog.format_type("col_attr"."atttypid", "col_attr"."atttypmod") AS "format_type" FROM "information_schema"."columns" LEFT JOIN "pg_catalog"."pg_attribute" AS "col_attr" ON "col_attr"."attname" = "columns"."column_name" AND "col_attr"."attrelid" = ( SELECT "cls"."oid" FROM "pg_catalog"."pg_class" AS "cls" LEFT JOIN "pg_catalog"."pg_namespace" AS "ns" ON "ns"."oid" = "cls"."relnamespace" WHERE "cls"."relname" = "columns"."table_name" AND "ns"."nspname" = "columns"."table_schema" ) WHERE ("table_schema" = 'public' AND "table_name" = 'course_teachers') OR ("table_schema" = 'public' AND "table_name" = 'classrooms') OR ("table_schema" = 'public' AND "table_name" = 'schedules') OR ("table_schema" = 'public' AND "table_name" = 'audit_logs') OR ("table_schema" = 'public' AND "table_name" = 'course_prerequisites') OR ("table_schema" = 'public' AND "table_name" = 'courses') OR ("table_schema" = 'public' AND "table_name" = 'grades') OR ("table_schema" = 'public' AND "table_name" = 'enrollments') OR ("table_schema" = 'public' AND "table_name" = 'faculties') OR ("table_schema" = 'public' AND "table_name" = 'departments') OR ("table_schema" = 'public' AND "table_name" = 'students') OR ("table_schema" = 'public' AND "table_name" = 'users') OR ("table_schema" = 'public' AND "table_name" = 'academic_terms') OR ("table_schema" = 'public' AND "table_name" = 'teacher_profiles') OR ("table_schema" = 'public' AND "table_name" = 'attendance')

      at Function.logInfo (../src/platform/PlatformTools.ts:262:17)
          at async Promise.all (index 0)

    console.log
      query: SELECT "ns"."nspname" AS "table_schema", "t"."relname" AS "table_name", "cnst"."conname" AS "constraint_name", pg_get_constraintdef("cnst"."oid") AS "expression", CASE "cnst"."contype" WHEN 'p' THEN 'PRIMARY' WHEN 'u' THEN 'UNIQUE' WHEN 'c' THEN 'CHECK' WHEN 'x' THEN 'EXCLUDE' END AS "constraint_type", "a"."attname" AS "column_name" FROM "pg_constraint" "cnst" INNER JOIN "pg_class" "t" ON "t"."oid" = "cnst"."conrelid" INNER JOIN "pg_namespace" "ns" ON "ns"."oid" = "cnst"."connamespace" LEFT JOIN "pg_attribute" "a" ON "a"."attrelid" = "cnst"."conrelid" AND "a"."attnum" = ANY ("cnst"."conkey") WHERE "t"."relkind" IN ('r', 'p') AND (("ns"."nspname" = 'public' AND "t"."relname" = 'course_teachers') OR ("ns"."nspname" = 'public' AND "t"."relname" = 'classrooms') OR ("ns"."nspname" = 'public' AND "t"."relname" = 'schedules') OR ("ns"."nspname" = 'public' AND "t"."relname" = 'audit_logs') OR ("ns"."nspname" = 'public' AND "t"."relname" = 'course_prerequisites') OR ("ns"."nspname" = 'public' AND "t"."relname" = 'courses') OR ("ns"."nspname" = 'public' AND "t"."relname" = 'grades') OR ("ns"."nspname" = 'public' AND "t"."relname" = 'enrollments') OR ("ns"."nspname" = 'public' AND "t"."relname" = 'faculties') OR ("ns"."nspname" = 'public' AND "t"."relname" = 'departments') OR ("ns"."nspname" = 'public' AND "t"."relname" = 'students') OR ("ns"."nspname" = 'public' AND "t"."relname" = 'users') OR ("ns"."nspname" = 'public' AND "t"."relname" = 'academic_terms') OR ("ns"."nspname" = 'public' AND "t"."relname" = 'teacher_profiles') OR ("ns"."nspname" = 'public' AND "t"."relname" = 'attendance'))

      at Function.logInfo (../src/platform/PlatformTools.ts:262:17)
          at async Promise.all (index 1)

    console.log
      query: SELECT "ns"."nspname" AS "table_schema", "t"."relname" AS "table_name", "i"."relname" AS "constraint_name", "a"."attname" AS "column_name", CASE "ix"."indisunique" WHEN 't' THEN 'TRUE' ELSE'FALSE' END AS "is_unique", pg_get_expr("ix"."indpred", "ix"."indrelid") AS "condition", "types"."typname" AS "type_name", "am"."amname" AS "index_type" FROM "pg_class" "t" INNER JOIN "pg_index" "ix" ON "ix"."indrelid" = "t"."oid" INNER JOIN "pg_attribute" "a" ON "a"."attrelid" = "t"."oid"  AND "a"."attnum" = ANY ("ix"."indkey") INNER JOIN "pg_namespace" "ns" ON "ns"."oid" = "t"."relnamespace" INNER JOIN "pg_class" "i" ON "i"."oid" = "ix"."indexrelid" INNER JOIN "pg_type" "types" ON "types"."oid" = "a"."atttypid" INNER JOIN "pg_am" "am" ON "i"."relam" = "am"."oid" LEFT JOIN "pg_constraint" "cnst" ON "cnst"."conname" = "i"."relname" WHERE "t"."relkind" IN ('r', 'p') AND "cnst"."contype" IS NULL AND (("ns"."nspname" = 'public' AND "t"."relname" = 'course_teachers') OR ("ns"."nspname" = 'public' AND "t"."relname" = 'classrooms') OR ("ns"."nspname" = 'public' AND "t"."relname" = 'schedules') OR ("ns"."nspname" = 'public' AND "t"."relname" = 'audit_logs') OR ("ns"."nspname" = 'public' AND "t"."relname" = 'course_prerequisites') OR ("ns"."nspname" = 'public' AND "t"."relname" = 'courses') OR ("ns"."nspname" = 'public' AND "t"."relname" = 'grades') OR ("ns"."nspname" = 'public' AND "t"."relname" = 'enrollments') OR ("ns"."nspname" = 'public' AND "t"."relname" = 'faculties') OR ("ns"."nspname" = 'public' AND "t"."relname" = 'departments') OR ("ns"."nspname" = 'public' AND "t"."relname" = 'students') OR ("ns"."nspname" = 'public' AND "t"."relname" = 'users') OR ("ns"."nspname" = 'public' AND "t"."relname" = 'academic_terms') OR ("ns"."nspname" = 'public' AND "t"."relname" = 'teacher_profiles') OR ("ns"."nspname" = 'public' AND "t"."relname" = 'attendance'))

      at Function.logInfo (../src/platform/PlatformTools.ts:262:17)
          at async Promise.all (index 2)

    console.log
      query: SELECT "con"."conname" AS "constraint_name", "con"."nspname" AS "table_schema", "con"."relname" AS "table_name", "att2"."attname" AS "column_name", "ns"."nspname" AS "referenced_table_schema", "cl"."relname" AS "referenced_table_name", "att"."attname" AS "referenced_column_name", "con"."confdeltype" AS "on_delete", "con"."confupdtype" AS "on_update", "con"."condeferrable" AS "deferrable", "con"."condeferred" AS "deferred" FROM ( SELECT UNNEST ("con1"."conkey") AS "parent", UNNEST ("con1"."confkey") AS "child", "con1"."confrelid", "con1"."conrelid", "con1"."conname", "con1"."contype", "ns"."nspname", "cl"."relname", "con1"."condeferrable", CASE WHEN "con1"."condeferred" THEN 'INITIALLY DEFERRED' ELSE 'INITIALLY IMMEDIATE' END as condeferred, CASE "con1"."confdeltype" WHEN 'a' THEN 'NO ACTION' WHEN 'r' THEN 'RESTRICT' WHEN 'c' THEN 'CASCADE' WHEN 'n' THEN 'SET NULL' WHEN 'd' THEN 'SET DEFAULT' END as "confdeltype", CASE "con1"."confupdtype" WHEN 'a' THEN 'NO ACTION' WHEN 'r' THEN 'RESTRICT' WHEN 'c' THEN 'CASCADE' WHEN 'n' THEN 'SET NULL' WHEN 'd' THEN 'SET DEFAULT' END as "confupdtype" FROM "pg_class" "cl" INNER JOIN "pg_namespace" "ns" ON "cl"."relnamespace" = "ns"."oid" INNER JOIN "pg_constraint" "con1" ON "con1"."conrelid" = "cl"."oid" WHERE "con1"."contype" = 'f' AND (("ns"."nspname" = 'public' AND "cl"."relname" = 'course_teachers') OR ("ns"."nspname" = 'public' AND "cl"."relname" = 'classrooms') OR ("ns"."nspname" = 'public' AND "cl"."relname" = 'schedules') OR ("ns"."nspname" = 'public' AND "cl"."relname" = 'audit_logs') OR ("ns"."nspname" = 'public' AND "cl"."relname" = 'course_prerequisites') OR ("ns"."nspname" = 'public' AND "cl"."relname" = 'courses') OR ("ns"."nspname" = 'public' AND "cl"."relname" = 'grades') OR ("ns"."nspname" = 'public' AND "cl"."relname" = 'enrollments') OR ("ns"."nspname" = 'public' AND "cl"."relname" = 'faculties') OR ("ns"."nspname" = 'public' AND "cl"."relname" = 'departments') OR ("ns"."nspname" = 'public' AND "cl"."relname" = 'students') OR ("ns"."nspname" = 'public' AND "cl"."relname" = 'users') OR ("ns"."nspname" = 'public' AND "cl"."relname" = 'academic_terms') OR ("ns"."nspname" = 'public' AND "cl"."relname" = 'teacher_profiles') OR ("ns"."nspname" = 'public' AND "cl"."relname" = 'attendance')) ) "con" INNER JOIN "pg_attribute" "att" ON "att"."attrelid" = "con"."confrelid" AND "att"."attnum" = "con"."child" INNER JOIN "pg_class" "cl" ON "cl"."oid" = "con"."confrelid"  AND "cl"."relispartition" = 'f'INNER JOIN "pg_namespace" "ns" ON "cl"."relnamespace" = "ns"."oid" INNER JOIN "pg_attribute" "att2" ON "att2"."attrelid" = "con"."conrelid" AND "att2"."attnum" = "con"."parent"

      at Function.logInfo (../src/platform/PlatformTools.ts:262:17)
          at async Promise.all (index 3)

    console.log
      query: SELECT "udt_schema", "udt_name" FROM "information_schema"."columns" WHERE "table_schema" = 'public' AND "table_name" = 'classrooms' AND "column_name"='type'

      at Function.logInfo (../src/platform/PlatformTools.ts:262:17)
          at async Promise.all (index 4)
          at async Promise.all (index 1)

    console.log
      query: SELECT "udt_schema", "udt_name" FROM "information_schema"."columns" WHERE "table_schema" = 'public' AND "table_name" = 'enrollments' AND "column_name"='status'

      at Function.logInfo (../src/platform/PlatformTools.ts:262:17)
          at async Promise.all (index 4)
          at async Promise.all (index 7)

    console.log
      query: SELECT "udt_schema", "udt_name" FROM "information_schema"."columns" WHERE "table_schema" = 'public' AND "table_name" = 'students' AND "column_name"='gender'

      at Function.logInfo (../src/platform/PlatformTools.ts:262:17)
          at async Promise.all (index 4)
          at async Promise.all (index 10)

    console.log
      query: SELECT "udt_schema", "udt_name" FROM "information_schema"."columns" WHERE "table_schema" = 'public' AND "table_name" = 'users' AND "column_name"='role'

      at Function.logInfo (../src/platform/PlatformTools.ts:262:17)
          at async Promise.all (index 4)
          at async Promise.all (index 11)

    console.log
      query: SELECT "udt_schema", "udt_name" FROM "information_schema"."columns" WHERE "table_schema" = 'public' AND "table_name" = 'teacher_profiles' AND "column_name"='rank'

      at Function.logInfo (../src/platform/PlatformTools.ts:262:17)
          at async Promise.all (index 2)
          at async Promise.all (index 13)

    console.log
      query: SELECT "udt_schema", "udt_name" FROM "information_schema"."columns" WHERE "table_schema" = 'public' AND "table_name" = 'attendance' AND "column_name"='status'

      at Function.logInfo (../src/platform/PlatformTools.ts:262:17)
          at async Promise.all (index 4)
          at async Promise.all (index 14)

    console.log
      query: SELECT "e"."enumlabel" AS "value" FROM "pg_enum" "e" INNER JOIN "pg_type" "t" ON "t"."oid" = "e"."enumtypid" INNER JOIN "pg_namespace" "n" ON "n"."oid" = "t"."typnamespace" WHERE "n"."nspname" = 'public' AND "t"."typname" = 'classrooms_type_enum'

      at Function.logInfo (../src/platform/PlatformTools.ts:262:17)
          at async Promise.all (index 4)
          at async Promise.all (index 1)

    console.log
      query: SELECT "e"."enumlabel" AS "value" FROM "pg_enum" "e" INNER JOIN "pg_type" "t" ON "t"."oid" = "e"."enumtypid" INNER JOIN "pg_namespace" "n" ON "n"."oid" = "t"."typnamespace" WHERE "n"."nspname" = 'public' AND "t"."typname" = 'enrollments_status_enum'

      at Function.logInfo (../src/platform/PlatformTools.ts:262:17)
          at async Promise.all (index 4)
          at async Promise.all (index 7)

    console.log
      query: SELECT "e"."enumlabel" AS "value" FROM "pg_enum" "e" INNER JOIN "pg_type" "t" ON "t"."oid" = "e"."enumtypid" INNER JOIN "pg_namespace" "n" ON "n"."oid" = "t"."typnamespace" WHERE "n"."nspname" = 'public' AND "t"."typname" = 'students_gender_enum'

      at Function.logInfo (../src/platform/PlatformTools.ts:262:17)
          at async Promise.all (index 4)
          at async Promise.all (index 10)

    console.log
      query: SELECT "e"."enumlabel" AS "value" FROM "pg_enum" "e" INNER JOIN "pg_type" "t" ON "t"."oid" = "e"."enumtypid" INNER JOIN "pg_namespace" "n" ON "n"."oid" = "t"."typnamespace" WHERE "n"."nspname" = 'public' AND "t"."typname" = 'users_role_enum'

      at Function.logInfo (../src/platform/PlatformTools.ts:262:17)
          at async Promise.all (index 4)
          at async Promise.all (index 11)

    console.log
      query: SELECT "e"."enumlabel" AS "value" FROM "pg_enum" "e" INNER JOIN "pg_type" "t" ON "t"."oid" = "e"."enumtypid" INNER JOIN "pg_namespace" "n" ON "n"."oid" = "t"."typnamespace" WHERE "n"."nspname" = 'public' AND "t"."typname" = 'teacher_profiles_rank_enum'

      at Function.logInfo (../src/platform/PlatformTools.ts:262:17)
          at async Promise.all (index 2)
          at async Promise.all (index 13)

    console.log
      query: SELECT "e"."enumlabel" AS "value" FROM "pg_enum" "e" INNER JOIN "pg_type" "t" ON "t"."oid" = "e"."enumtypid" INNER JOIN "pg_namespace" "n" ON "n"."oid" = "t"."typnamespace" WHERE "n"."nspname" = 'public' AND "t"."typname" = 'attendance_status_enum'

      at Function.logInfo (../src/platform/PlatformTools.ts:262:17)
          at async Promise.all (index 4)
          at async Promise.all (index 14)

    console.log
      query: SELECT * FROM "information_schema"."tables" WHERE "table_schema" = 'public' AND "table_name" = 'typeorm_metadata'

      at Function.logInfo (../src/platform/PlatformTools.ts:262:17)

    console.log
      query: ALTER TABLE "grades" ALTER COLUMN "weightage" SET DEFAULT '100.00'

      at Function.logInfo (../src/platform/PlatformTools.ts:262:17)

    console.log
      query: ALTER TABLE "enrollments" ALTER COLUMN "attendance_percentage" SET DEFAULT '100.00'

      at Function.logInfo (../src/platform/PlatformTools.ts:262:17)

    console.log
      query: ALTER TABLE "grades" ALTER COLUMN "weightage" SET DEFAULT '100.00'

      at Function.logInfo (../src/platform/PlatformTools.ts:262:17)

    console.log
      query: ALTER TABLE "enrollments" ALTER COLUMN "attendance_percentage" SET DEFAULT '100.00'

      at Function.logInfo (../src/platform/PlatformTools.ts:262:17)

    console.log
      query: COMMIT

      at Function.logInfo (../src/platform/PlatformTools.ts:262:17)

    console.log
      query: INSERT INTO users (email, username, password_hash, role, first_name, last_name, is_active) 
             VALUES ($1, $2, $3, $4, $5, $6, true) RETURNING id -- PARAMETERS: ["e2e_admin@test.com","e2e_admin","$2b$10$WU1AfmmShyp0RfxMjJHXHuAK34eU7yFgQPfTe6UtGmQy9m/UH4HrW","admin","Admin","Test"]

      at Function.logInfo (../src/platform/PlatformTools.ts:262:17)

    console.log
      query: INSERT INTO users (email, username, password_hash, role, first_name, last_name, is_active) 
             VALUES ($1, $2, $3, $4, $5, $6, true) RETURNING id -- PARAMETERS: ["e2e_teacher@test.com","e2e_teacher","$2b$10$WU1AfmmShyp0RfxMjJHXHuAK34eU7yFgQPfTe6UtGmQy9m/UH4HrW","teacher","Teacher","Test"]

      at Function.logInfo (../src/platform/PlatformTools.ts:262:17)

    console.log
      query: INSERT INTO users (email, username, password_hash, role, first_name, last_name, is_active) 
             VALUES ($1, $2, $3, $4, $5, $6, true) RETURNING id -- PARAMETERS: ["e2e_student@test.com","e2e_student","$2b$10$WU1AfmmShyp0RfxMjJHXHuAK34eU7yFgQPfTe6UtGmQy9m/UH4HrW","student","Student","Test"]

      at Function.logInfo (../src/platform/PlatformTools.ts:262:17)

    console.log
      query: SELECT "User"."id" AS "User_id", "User"."email" AS "User_email", "User"."username" AS "User_username", "User"."password_hash" AS "User_password_hash", "User"."role" AS "User_role", "User"."first_name" AS "User_first_name", "User"."last_name" AS "User_last_name", "User"."is_active" AS "User_is_active", "User"."refresh_token" AS "User_refresh_token", "User"."email_verified" AS "User_email_verified", "User"."email_verification_token" AS "User_email_verification_token", "User"."password_reset_token" AS "User_password_reset_token", "User"."password_reset_expires" AS "User_password_reset_expires", "User"."failed_login_attempts" AS "User_failed_login_attempts", "User"."locked_until" AS "User_locked_until", "User"."last_failed_login" AS "User_last_failed_login", "User"."created_at" AS "User_created_at", "User"."updated_at" AS "User_updated_at", "User"."deleted_at" AS "User_deleted_at" FROM "users" "User" WHERE ( (("User"."email" = $1)) ) AND ( "User"."deleted_at" IS NULL ) LIMIT 1 -- PARAMETERS: ["e2e_admin@test.com"]

      at Function.logInfo (../src/platform/PlatformTools.ts:262:17)

    console.log
      query: UPDATE "users" SET "refresh_token" = $1, "updated_at" = CURRENT_TIMESTAMP WHERE "id" IN ($2) -- PARAMETERS: ["$2b$10$pgXFU3lQdQFfWz3k3FqxFeRmnzQdCpCoPM4.7ksxT4/MNRbOUpT.6",1969]

      at Function.logInfo (../src/platform/PlatformTools.ts:262:17)

    console.log
      query: SELECT "User"."id" AS "User_id", "User"."email" AS "User_email", "User"."username" AS "User_username", "User"."password_hash" AS "User_password_hash", "User"."role" AS "User_role", "User"."first_name" AS "User_first_name", "User"."last_name" AS "User_last_name", "User"."is_active" AS "User_is_active", "User"."refresh_token" AS "User_refresh_token", "User"."email_verified" AS "User_email_verified", "User"."email_verification_token" AS "User_email_verification_token", "User"."password_reset_token" AS "User_password_reset_token", "User"."password_reset_expires" AS "User_password_reset_expires", "User"."failed_login_attempts" AS "User_failed_login_attempts", "User"."locked_until" AS "User_locked_until", "User"."last_failed_login" AS "User_last_failed_login", "User"."created_at" AS "User_created_at", "User"."updated_at" AS "User_updated_at", "User"."deleted_at" AS "User_deleted_at" FROM "users" "User" WHERE ( (("User"."email" = $1)) ) AND ( "User"."deleted_at" IS NULL ) LIMIT 1 -- PARAMETERS: ["e2e_teacher@test.com"]

      at Function.logInfo (../src/platform/PlatformTools.ts:262:17)

    console.log
      query: UPDATE "users" SET "refresh_token" = $1, "updated_at" = CURRENT_TIMESTAMP WHERE "id" IN ($2) -- PARAMETERS: ["$2b$10$fFnOhTNWaJfkrnJBMkRTQ.9IMdrOSEAa/N2MRLq0LxVOhyTve75vy",1970]

      at Function.logInfo (../src/platform/PlatformTools.ts:262:17)

    console.log
      query: SELECT "User"."id" AS "User_id", "User"."email" AS "User_email", "User"."username" AS "User_username", "User"."password_hash" AS "User_password_hash", "User"."role" AS "User_role", "User"."first_name" AS "User_first_name", "User"."last_name" AS "User_last_name", "User"."is_active" AS "User_is_active", "User"."refresh_token" AS "User_refresh_token", "User"."email_verified" AS "User_email_verified", "User"."email_verification_token" AS "User_email_verification_token", "User"."password_reset_token" AS "User_password_reset_token", "User"."password_reset_expires" AS "User_password_reset_expires", "User"."failed_login_attempts" AS "User_failed_login_attempts", "User"."locked_until" AS "User_locked_until", "User"."last_failed_login" AS "User_last_failed_login", "User"."created_at" AS "User_created_at", "User"."updated_at" AS "User_updated_at", "User"."deleted_at" AS "User_deleted_at" FROM "users" "User" WHERE ( (("User"."email" = $1)) ) AND ( "User"."deleted_at" IS NULL ) LIMIT 1 -- PARAMETERS: ["e2e_student@test.com"]

      at Function.logInfo (../src/platform/PlatformTools.ts:262:17)

    console.log
      query: UPDATE "users" SET "refresh_token" = $1, "updated_at" = CURRENT_TIMESTAMP WHERE "id" IN ($2) -- PARAMETERS: ["$2b$10$8f5WuNcL.3KcNMnJRYI3fuWeZCfq9R7JbgudMfSuKvNUJx8jYTNdW",1971]

      at Function.logInfo (../src/platform/PlatformTools.ts:262:17)

    console.log
      query: SELECT "User"."id" AS "User_id", "User"."email" AS "User_email", "User"."username" AS "User_username", "User"."password_hash" AS "User_password_hash", "User"."role" AS "User_role", "User"."first_name" AS "User_first_name", "User"."last_name" AS "User_last_name", "User"."is_active" AS "User_is_active", "User"."refresh_token" AS "User_refresh_token", "User"."email_verified" AS "User_email_verified", "User"."email_verification_token" AS "User_email_verification_token", "User"."password_reset_token" AS "User_password_reset_token", "User"."password_reset_expires" AS "User_password_reset_expires", "User"."failed_login_attempts" AS "User_failed_login_attempts", "User"."locked_until" AS "User_locked_until", "User"."last_failed_login" AS "User_last_failed_login", "User"."created_at" AS "User_created_at", "User"."updated_at" AS "User_updated_at", "User"."deleted_at" AS "User_deleted_at" FROM "users" "User" WHERE "User"."deleted_at" IS NULL ORDER BY "User"."id" DESC LIMIT 10 OFFSET 0

      at Function.logInfo (../src/platform/PlatformTools.ts:262:17)

    console.log
      query: SELECT COUNT(1) AS "cnt" FROM "users" "User" WHERE "User"."deleted_at" IS NULL

      at Function.logInfo (../src/platform/PlatformTools.ts:262:17)

    console.log
      query: SELECT "User"."id" AS "User_id", "User"."email" AS "User_email", "User"."username" AS "User_username", "User"."password_hash" AS "User_password_hash", "User"."role" AS "User_role", "User"."first_name" AS "User_first_name", "User"."last_name" AS "User_last_name", "User"."is_active" AS "User_is_active", "User"."refresh_token" AS "User_refresh_token", "User"."email_verified" AS "User_email_verified", "User"."email_verification_token" AS "User_email_verification_token", "User"."password_reset_token" AS "User_password_reset_token", "User"."password_reset_expires" AS "User_password_reset_expires", "User"."failed_login_attempts" AS "User_failed_login_attempts", "User"."locked_until" AS "User_locked_until", "User"."last_failed_login" AS "User_last_failed_login", "User"."created_at" AS "User_created_at", "User"."updated_at" AS "User_updated_at", "User"."deleted_at" AS "User_deleted_at" FROM "users" "User" WHERE ( (("User"."role" = $1)) ) AND ( "User"."deleted_at" IS NULL ) ORDER BY "User"."id" DESC LIMIT 10 OFFSET 0 -- PARAMETERS: ["admin"]

      at Function.logInfo (../src/platform/PlatformTools.ts:262:17)

    console.log
      query: SELECT "User"."id" AS "User_id", "User"."email" AS "User_email", "User"."username" AS "User_username", "User"."password_hash" AS "User_password_hash", "User"."role" AS "User_role", "User"."first_name" AS "User_first_name", "User"."last_name" AS "User_last_name", "User"."is_active" AS "User_is_active", "User"."refresh_token" AS "User_refresh_token", "User"."email_verified" AS "User_email_verified", "User"."email_verification_token" AS "User_email_verification_token", "User"."password_reset_token" AS "User_password_reset_token", "User"."password_reset_expires" AS "User_password_reset_expires", "User"."failed_login_attempts" AS "User_failed_login_attempts", "User"."locked_until" AS "User_locked_until", "User"."last_failed_login" AS "User_last_failed_login", "User"."created_at" AS "User_created_at", "User"."updated_at" AS "User_updated_at", "User"."deleted_at" AS "User_deleted_at" FROM "users" "User" WHERE "User"."deleted_at" IS NULL ORDER BY "User"."id" DESC LIMIT 5 OFFSET 0

      at Function.logInfo (../src/platform/PlatformTools.ts:262:17)

    console.log
      query: SELECT COUNT(1) AS "cnt" FROM "users" "User" WHERE "User"."deleted_at" IS NULL

      at Function.logInfo (../src/platform/PlatformTools.ts:262:17)

    console.log
      query: SELECT "User"."id" AS "User_id", "User"."email" AS "User_email", "User"."username" AS "User_username", "User"."password_hash" AS "User_password_hash", "User"."role" AS "User_role", "User"."first_name" AS "User_first_name", "User"."last_name" AS "User_last_name", "User"."is_active" AS "User_is_active", "User"."refresh_token" AS "User_refresh_token", "User"."email_verified" AS "User_email_verified", "User"."email_verification_token" AS "User_email_verification_token", "User"."password_reset_token" AS "User_password_reset_token", "User"."password_reset_expires" AS "User_password_reset_expires", "User"."failed_login_attempts" AS "User_failed_login_attempts", "User"."locked_until" AS "User_locked_until", "User"."last_failed_login" AS "User_last_failed_login", "User"."created_at" AS "User_created_at", "User"."updated_at" AS "User_updated_at", "User"."deleted_at" AS "User_deleted_at" FROM "users" "User" WHERE ( (("User"."id" = $1)) ) AND ( "User"."deleted_at" IS NULL ) LIMIT 1 -- PARAMETERS: [1971]

      at Function.logInfo (../src/platform/PlatformTools.ts:262:17)

    console.log
      query: SELECT "User"."id" AS "User_id", "User"."email" AS "User_email", "User"."username" AS "User_username", "User"."password_hash" AS "User_password_hash", "User"."role" AS "User_role", "User"."first_name" AS "User_first_name", "User"."last_name" AS "User_last_name", "User"."is_active" AS "User_is_active", "User"."refresh_token" AS "User_refresh_token", "User"."email_verified" AS "User_email_verified", "User"."email_verification_token" AS "User_email_verification_token", "User"."password_reset_token" AS "User_password_reset_token", "User"."password_reset_expires" AS "User_password_reset_expires", "User"."failed_login_attempts" AS "User_failed_login_attempts", "User"."locked_until" AS "User_locked_until", "User"."last_failed_login" AS "User_last_failed_login", "User"."created_at" AS "User_created_at", "User"."updated_at" AS "User_updated_at", "User"."deleted_at" AS "User_deleted_at" FROM "users" "User" WHERE ( (("User"."id" = $1)) ) AND ( "User"."deleted_at" IS NULL ) LIMIT 1 -- PARAMETERS: [99999]

      at Function.logInfo (../src/platform/PlatformTools.ts:262:17)

    console.log
      query: SELECT "User"."id" AS "User_id", "User"."email" AS "User_email", "User"."username" AS "User_username", "User"."password_hash" AS "User_password_hash", "User"."role" AS "User_role", "User"."first_name" AS "User_first_name", "User"."last_name" AS "User_last_name", "User"."is_active" AS "User_is_active", "User"."refresh_token" AS "User_refresh_token", "User"."email_verified" AS "User_email_verified", "User"."email_verification_token" AS "User_email_verification_token", "User"."password_reset_token" AS "User_password_reset_token", "User"."password_reset_expires" AS "User_password_reset_expires", "User"."failed_login_attempts" AS "User_failed_login_attempts", "User"."locked_until" AS "User_locked_until", "User"."last_failed_login" AS "User_last_failed_login", "User"."created_at" AS "User_created_at", "User"."updated_at" AS "User_updated_at", "User"."deleted_at" AS "User_deleted_at" FROM "users" "User" WHERE ( (((("User"."email" = $1))) OR ((("User"."username" = $2)))) ) AND ( "User"."deleted_at" IS NULL ) LIMIT 1 -- PARAMETERS: ["e2e_newuser@test.com","e2e_newuser"]

      at Function.logInfo (../src/platform/PlatformTools.ts:262:17)

    console.log
      query: START TRANSACTION

      at Function.logInfo (../src/platform/PlatformTools.ts:262:17)

    console.log
      query: INSERT INTO "users"("email", "username", "password_hash", "role", "first_name", "last_name", "is_active", "refresh_token", "email_verified", "email_verification_token", "password_reset_token", "password_reset_expires", "failed_login_attempts", "locked_until", "last_failed_login", "created_at", "updated_at", "deleted_at") VALUES ($1, $2, $3, $4, $5, $6, $7, DEFAULT, DEFAULT, DEFAULT, DEFAULT, DEFAULT, DEFAULT, DEFAULT, DEFAULT, DEFAULT, DEFAULT, DEFAULT) RETURNING "id", "role", "is_active", "email_verified", "failed_login_attempts", "created_at", "updated_at", "deleted_at" -- PARAMETERS: ["e2e_newuser@test.com","e2e_newuser","$2b$10$o1ioCs6JPlF2NaeEyl1L6enaDeb5/BrnPs8OWqOGHnPgcQ6aa.UF2","student","New","User",true]

      at Function.logInfo (../src/platform/PlatformTools.ts:262:17)

    console.log
      query: COMMIT

      at Function.logInfo (../src/platform/PlatformTools.ts:262:17)

    console.log
      query: SELECT "User"."id" AS "User_id", "User"."email" AS "User_email", "User"."username" AS "User_username", "User"."password_hash" AS "User_password_hash", "User"."role" AS "User_role", "User"."first_name" AS "User_first_name", "User"."last_name" AS "User_last_name", "User"."is_active" AS "User_is_active", "User"."refresh_token" AS "User_refresh_token", "User"."email_verified" AS "User_email_verified", "User"."email_verification_token" AS "User_email_verification_token", "User"."password_reset_token" AS "User_password_reset_token", "User"."password_reset_expires" AS "User_password_reset_expires", "User"."failed_login_attempts" AS "User_failed_login_attempts", "User"."locked_until" AS "User_locked_until", "User"."last_failed_login" AS "User_last_failed_login", "User"."created_at" AS "User_created_at", "User"."updated_at" AS "User_updated_at", "User"."deleted_at" AS "User_deleted_at" FROM "users" "User" WHERE ( (((("User"."email" = $1))) OR ((("User"."username" = $2)))) ) AND ( "User"."deleted_at" IS NULL ) LIMIT 1 -- PARAMETERS: ["e2e_admin@test.com","different_username"]

      at Function.logInfo (../src/platform/PlatformTools.ts:262:17)

    console.log
      query: SELECT "User"."id" AS "User_id", "User"."email" AS "User_email", "User"."username" AS "User_username", "User"."password_hash" AS "User_password_hash", "User"."role" AS "User_role", "User"."first_name" AS "User_first_name", "User"."last_name" AS "User_last_name", "User"."is_active" AS "User_is_active", "User"."refresh_token" AS "User_refresh_token", "User"."email_verified" AS "User_email_verified", "User"."email_verification_token" AS "User_email_verification_token", "User"."password_reset_token" AS "User_password_reset_token", "User"."password_reset_expires" AS "User_password_reset_expires", "User"."failed_login_attempts" AS "User_failed_login_attempts", "User"."locked_until" AS "User_locked_until", "User"."last_failed_login" AS "User_last_failed_login", "User"."created_at" AS "User_created_at", "User"."updated_at" AS "User_updated_at", "User"."deleted_at" AS "User_deleted_at" FROM "users" "User" WHERE ( (("User"."id" = $1)) ) AND ( "User"."deleted_at" IS NULL ) LIMIT 1 -- PARAMETERS: [1971]

      at Function.logInfo (../src/platform/PlatformTools.ts:262:17)

    console.log
      query: SELECT "User"."id" AS "User_id", "User"."email" AS "User_email", "User"."username" AS "User_username", "User"."password_hash" AS "User_password_hash", "User"."role" AS "User_role", "User"."first_name" AS "User_first_name", "User"."last_name" AS "User_last_name", "User"."is_active" AS "User_is_active", "User"."refresh_token" AS "User_refresh_token", "User"."email_verified" AS "User_email_verified", "User"."email_verification_token" AS "User_email_verification_token", "User"."password_reset_token" AS "User_password_reset_token", "User"."password_reset_expires" AS "User_password_reset_expires", "User"."failed_login_attempts" AS "User_failed_login_attempts", "User"."locked_until" AS "User_locked_until", "User"."last_failed_login" AS "User_last_failed_login", "User"."created_at" AS "User_created_at", "User"."updated_at" AS "User_updated_at", "User"."deleted_at" AS "User_deleted_at" FROM "users" "User" WHERE "User"."id" IN ($1) -- PARAMETERS: [1971]

      at Function.logInfo (../src/platform/PlatformTools.ts:262:17)
          at async Promise.all (index 0)
          at async Promise.all (index 0)

    console.log
      query: START TRANSACTION

      at Function.logInfo (../src/platform/PlatformTools.ts:262:17)

    console.log
      query: UPDATE "users" SET "first_name" = $1, "last_name" = $2, "updated_at" = CURRENT_TIMESTAMP WHERE "id" IN ($3) RETURNING "updated_at" -- PARAMETERS: ["Updated","Student",1971]

      at Function.logInfo (../src/platform/PlatformTools.ts:262:17)
          at async Promise.all (index 0)

    console.log
      query: COMMIT

      at Function.logInfo (../src/platform/PlatformTools.ts:262:17)

    console.log
      query: SELECT "User"."id" AS "User_id", "User"."email" AS "User_email", "User"."username" AS "User_username", "User"."password_hash" AS "User_password_hash", "User"."role" AS "User_role", "User"."first_name" AS "User_first_name", "User"."last_name" AS "User_last_name", "User"."is_active" AS "User_is_active", "User"."refresh_token" AS "User_refresh_token", "User"."email_verified" AS "User_email_verified", "User"."email_verification_token" AS "User_email_verification_token", "User"."password_reset_token" AS "User_password_reset_token", "User"."password_reset_expires" AS "User_password_reset_expires", "User"."failed_login_attempts" AS "User_failed_login_attempts", "User"."locked_until" AS "User_locked_until", "User"."last_failed_login" AS "User_last_failed_login", "User"."created_at" AS "User_created_at", "User"."updated_at" AS "User_updated_at", "User"."deleted_at" AS "User_deleted_at" FROM "users" "User" WHERE ( (("User"."id" = $1)) ) AND ( "User"."deleted_at" IS NULL ) LIMIT 1 -- PARAMETERS: [99999]

      at Function.logInfo (../src/platform/PlatformTools.ts:262:17)

    console.log
      query: INSERT INTO users (email, username, password_hash, role, is_active) 
               VALUES ($1, $2, $3, $4, true) RETURNING id -- PARAMETERS: ["e2e_todelete@test.com","e2e_todelete","$2b$10$NFANPlAgAjl6KeqTUqOcZOj3/iJykKEjnV7kX4eQzvdf.UqqQtGRW","student"]

      at Function.logInfo (../src/platform/PlatformTools.ts:262:17)

    console.log
      query: SELECT "User"."id" AS "User_id", "User"."email" AS "User_email", "User"."username" AS "User_username", "User"."password_hash" AS "User_password_hash", "User"."role" AS "User_role", "User"."first_name" AS "User_first_name", "User"."last_name" AS "User_last_name", "User"."is_active" AS "User_is_active", "User"."refresh_token" AS "User_refresh_token", "User"."email_verified" AS "User_email_verified", "User"."email_verification_token" AS "User_email_verification_token", "User"."password_reset_token" AS "User_password_reset_token", "User"."password_reset_expires" AS "User_password_reset_expires", "User"."failed_login_attempts" AS "User_failed_login_attempts", "User"."locked_until" AS "User_locked_until", "User"."last_failed_login" AS "User_last_failed_login", "User"."created_at" AS "User_created_at", "User"."updated_at" AS "User_updated_at", "User"."deleted_at" AS "User_deleted_at" FROM "users" "User" WHERE ( (("User"."id" = $1)) ) AND ( "User"."deleted_at" IS NULL ) LIMIT 1 -- PARAMETERS: [1976]

      at Function.logInfo (../src/platform/PlatformTools.ts:262:17)

    console.log
      query: SELECT "User"."id" AS "User_id", "User"."email" AS "User_email", "User"."username" AS "User_username", "User"."password_hash" AS "User_password_hash", "User"."role" AS "User_role", "User"."first_name" AS "User_first_name", "User"."last_name" AS "User_last_name", "User"."is_active" AS "User_is_active", "User"."refresh_token" AS "User_refresh_token", "User"."email_verified" AS "User_email_verified", "User"."email_verification_token" AS "User_email_verification_token", "User"."password_reset_token" AS "User_password_reset_token", "User"."password_reset_expires" AS "User_password_reset_expires", "User"."failed_login_attempts" AS "User_failed_login_attempts", "User"."locked_until" AS "User_locked_until", "User"."last_failed_login" AS "User_last_failed_login", "User"."created_at" AS "User_created_at", "User"."updated_at" AS "User_updated_at", "User"."deleted_at" AS "User_deleted_at" FROM "users" "User" WHERE "User"."id" IN ($1) -- PARAMETERS: [1976]

      at Function.logInfo (../src/platform/PlatformTools.ts:262:17)
          at async Promise.all (index 0)
          at async Promise.all (index 0)

    console.log
      query: START TRANSACTION

      at Function.logInfo (../src/platform/PlatformTools.ts:262:17)

    console.log
      query: UPDATE "users" SET "deleted_at" = CURRENT_TIMESTAMP, "updated_at" = CURRENT_TIMESTAMP WHERE "id" IN ($1) RETURNING "updated_at", "deleted_at" -- PARAMETERS: [1976]

      at Function.logInfo (../src/platform/PlatformTools.ts:262:17)
          at async Promise.all (index 0)

    console.log
      query: COMMIT

      at Function.logInfo (../src/platform/PlatformTools.ts:262:17)

    console.log
      query: SELECT "User"."id" AS "User_id", "User"."email" AS "User_email", "User"."username" AS "User_username", "User"."password_hash" AS "User_password_hash", "User"."role" AS "User_role", "User"."first_name" AS "User_first_name", "User"."last_name" AS "User_last_name", "User"."is_active" AS "User_is_active", "User"."refresh_token" AS "User_refresh_token", "User"."email_verified" AS "User_email_verified", "User"."email_verification_token" AS "User_email_verification_token", "User"."password_reset_token" AS "User_password_reset_token", "User"."password_reset_expires" AS "User_password_reset_expires", "User"."failed_login_attempts" AS "User_failed_login_attempts", "User"."locked_until" AS "User_locked_until", "User"."last_failed_login" AS "User_last_failed_login", "User"."created_at" AS "User_created_at", "User"."updated_at" AS "User_updated_at", "User"."deleted_at" AS "User_deleted_at" FROM "users" "User" WHERE ( (("User"."id" = $1)) ) AND ( "User"."deleted_at" IS NULL ) LIMIT 1 -- PARAMETERS: [99999]

      at Function.logInfo (../src/platform/PlatformTools.ts:262:17)

    console.log
      query: DELETE FROM users WHERE id = $1 -- PARAMETERS: [1975]

      at Function.logInfo (../src/platform/PlatformTools.ts:262:17)

    console.log
      query: DELETE FROM users WHERE email LIKE $1 -- PARAMETERS: ["e2e_%@test.com"]

      at Function.logInfo (../src/platform/PlatformTools.ts:262:17)

PASS test/teachers.e2e-spec.ts (20.175 s)
  ΓùÅ Console

    console.log
      query: SELECT version()

      at Function.logInfo (../src/platform/PlatformTools.ts:262:17)

    console.log
      query: SELECT * FROM current_schema()

      at Function.logInfo (../src/platform/PlatformTools.ts:262:17)

    console.log
      query: START TRANSACTION

      at Function.logInfo (../src/platform/PlatformTools.ts:262:17)

    console.log
      query: SELECT * FROM current_schema()

      at Function.logInfo (../src/platform/PlatformTools.ts:262:17)

    console.log
      query: SELECT * FROM current_database()

      at Function.logInfo (../src/platform/PlatformTools.ts:262:17)

    console.log
      query: SELECT "table_schema", "table_name", obj_description(('"' || "table_schema" || '"."' || "table_name" || '"')::regclass, 'pg_class') AS table_comment FROM "information_schema"."tables" WHERE ("table_schema" = 'public' AND "table_name" = 'grades') OR ("table_schema" = 'public' AND "table_name" = 'attendance') OR ("table_schema" = 'public' AND "table_name" = 'faculties') OR ("table_schema" = 'public' AND "table_name" = 'departments') OR ("table_schema" = 'public' AND "table_name" = 'courses') OR ("table_schema" = 'public' AND "table_name" = 'enrollments') OR ("table_schema" = 'public' AND "table_name" = 'students') OR ("table_schema" = 'public' AND "table_name" = 'users') OR ("table_schema" = 'public' AND "table_name" = 'academic_terms') OR ("table_schema" = 'public' AND "table_name" = 'classrooms') OR ("table_schema" = 'public' AND "table_name" = 'schedules') OR ("table_schema" = 'public' AND "table_name" = 'audit_logs') OR ("table_schema" = 'public' AND "table_name" = 'teacher_profiles') OR ("table_schema" = 'public' AND "table_name" = 'grades') OR ("table_schema" = 'public' AND "table_name" = 'attendance') OR ("table_schema" = 'public' AND "table_name" = 'faculties') OR ("table_schema" = 'public' AND "table_name" = 'departments') OR ("table_schema" = 'public' AND "table_name" = 'courses') OR ("table_schema" = 'public' AND "table_name" = 'enrollments') OR ("table_schema" = 'public' AND "table_name" = 'students') OR ("table_schema" = 'public' AND "table_name" = 'users') OR ("table_schema" = 'public' AND "table_name" = 'teacher_profiles') OR ("table_schema" = 'public' AND "table_name" = 'classrooms') OR ("table_schema" = 'public' AND "table_name" = 'schedules') OR ("table_schema" = 'public' AND "table_name" = 'audit_logs') OR ("table_schema" = 'public' AND "table_name" = 'academic_terms') OR ("table_schema" = 'public' AND "table_name" = 'course_teachers') OR ("table_schema" = 'public' AND "table_name" = 'course_prerequisites') OR ("table_schema" = 'public' AND "table_name" = 'course_teachers') OR ("table_schema" = 'public' AND "table_name" = 'course_prerequisites')

      at Function.logInfo (../src/platform/PlatformTools.ts:262:17)

    console.log
      query: SELECT TRUE FROM information_schema.columns WHERE table_name = 'pg_class' and column_name = 'relispartition'

      at Function.logInfo (../src/platform/PlatformTools.ts:262:17)

    console.log
      query: SELECT columns.*, pg_catalog.col_description(('"' || table_catalog || '"."' || table_schema || '"."' || table_name || '"')::regclass::oid, ordinal_position) AS description, ('"' || "udt_schema" || '"."' || "udt_name" || '"')::"regtype"::text AS "regtype", pg_catalog.format_type("col_attr"."atttypid", "col_attr"."atttypmod") AS "format_type" FROM "information_schema"."columns" LEFT JOIN "pg_catalog"."pg_attribute" AS "col_attr" ON "col_attr"."attname" = "columns"."column_name" AND "col_attr"."attrelid" = ( SELECT "cls"."oid" FROM "pg_catalog"."pg_class" AS "cls" LEFT JOIN "pg_catalog"."pg_namespace" AS "ns" ON "ns"."oid" = "cls"."relnamespace" WHERE "cls"."relname" = "columns"."table_name" AND "ns"."nspname" = "columns"."table_schema" ) WHERE ("table_schema" = 'public' AND "table_name" = 'course_teachers') OR ("table_schema" = 'public' AND "table_name" = 'classrooms') OR ("table_schema" = 'public' AND "table_name" = 'schedules') OR ("table_schema" = 'public' AND "table_name" = 'audit_logs') OR ("table_schema" = 'public' AND "table_name" = 'course_prerequisites') OR ("table_schema" = 'public' AND "table_name" = 'courses') OR ("table_schema" = 'public' AND "table_name" = 'grades') OR ("table_schema" = 'public' AND "table_name" = 'enrollments') OR ("table_schema" = 'public' AND "table_name" = 'faculties') OR ("table_schema" = 'public' AND "table_name" = 'departments') OR ("table_schema" = 'public' AND "table_name" = 'students') OR ("table_schema" = 'public' AND "table_name" = 'users') OR ("table_schema" = 'public' AND "table_name" = 'academic_terms') OR ("table_schema" = 'public' AND "table_name" = 'teacher_profiles') OR ("table_schema" = 'public' AND "table_name" = 'attendance')

      at Function.logInfo (../src/platform/PlatformTools.ts:262:17)
          at async Promise.all (index 0)

    console.log
      query: SELECT "ns"."nspname" AS "table_schema", "t"."relname" AS "table_name", "cnst"."conname" AS "constraint_name", pg_get_constraintdef("cnst"."oid") AS "expression", CASE "cnst"."contype" WHEN 'p' THEN 'PRIMARY' WHEN 'u' THEN 'UNIQUE' WHEN 'c' THEN 'CHECK' WHEN 'x' THEN 'EXCLUDE' END AS "constraint_type", "a"."attname" AS "column_name" FROM "pg_constraint" "cnst" INNER JOIN "pg_class" "t" ON "t"."oid" = "cnst"."conrelid" INNER JOIN "pg_namespace" "ns" ON "ns"."oid" = "cnst"."connamespace" LEFT JOIN "pg_attribute" "a" ON "a"."attrelid" = "cnst"."conrelid" AND "a"."attnum" = ANY ("cnst"."conkey") WHERE "t"."relkind" IN ('r', 'p') AND (("ns"."nspname" = 'public' AND "t"."relname" = 'course_teachers') OR ("ns"."nspname" = 'public' AND "t"."relname" = 'classrooms') OR ("ns"."nspname" = 'public' AND "t"."relname" = 'schedules') OR ("ns"."nspname" = 'public' AND "t"."relname" = 'audit_logs') OR ("ns"."nspname" = 'public' AND "t"."relname" = 'course_prerequisites') OR ("ns"."nspname" = 'public' AND "t"."relname" = 'courses') OR ("ns"."nspname" = 'public' AND "t"."relname" = 'grades') OR ("ns"."nspname" = 'public' AND "t"."relname" = 'enrollments') OR ("ns"."nspname" = 'public' AND "t"."relname" = 'faculties') OR ("ns"."nspname" = 'public' AND "t"."relname" = 'departments') OR ("ns"."nspname" = 'public' AND "t"."relname" = 'students') OR ("ns"."nspname" = 'public' AND "t"."relname" = 'users') OR ("ns"."nspname" = 'public' AND "t"."relname" = 'academic_terms') OR ("ns"."nspname" = 'public' AND "t"."relname" = 'teacher_profiles') OR ("ns"."nspname" = 'public' AND "t"."relname" = 'attendance'))

      at Function.logInfo (../src/platform/PlatformTools.ts:262:17)
          at async Promise.all (index 1)

    console.log
      query: SELECT "ns"."nspname" AS "table_schema", "t"."relname" AS "table_name", "i"."relname" AS "constraint_name", "a"."attname" AS "column_name", CASE "ix"."indisunique" WHEN 't' THEN 'TRUE' ELSE'FALSE' END AS "is_unique", pg_get_expr("ix"."indpred", "ix"."indrelid") AS "condition", "types"."typname" AS "type_name", "am"."amname" AS "index_type" FROM "pg_class" "t" INNER JOIN "pg_index" "ix" ON "ix"."indrelid" = "t"."oid" INNER JOIN "pg_attribute" "a" ON "a"."attrelid" = "t"."oid"  AND "a"."attnum" = ANY ("ix"."indkey") INNER JOIN "pg_namespace" "ns" ON "ns"."oid" = "t"."relnamespace" INNER JOIN "pg_class" "i" ON "i"."oid" = "ix"."indexrelid" INNER JOIN "pg_type" "types" ON "types"."oid" = "a"."atttypid" INNER JOIN "pg_am" "am" ON "i"."relam" = "am"."oid" LEFT JOIN "pg_constraint" "cnst" ON "cnst"."conname" = "i"."relname" WHERE "t"."relkind" IN ('r', 'p') AND "cnst"."contype" IS NULL AND (("ns"."nspname" = 'public' AND "t"."relname" = 'course_teachers') OR ("ns"."nspname" = 'public' AND "t"."relname" = 'classrooms') OR ("ns"."nspname" = 'public' AND "t"."relname" = 'schedules') OR ("ns"."nspname" = 'public' AND "t"."relname" = 'audit_logs') OR ("ns"."nspname" = 'public' AND "t"."relname" = 'course_prerequisites') OR ("ns"."nspname" = 'public' AND "t"."relname" = 'courses') OR ("ns"."nspname" = 'public' AND "t"."relname" = 'grades') OR ("ns"."nspname" = 'public' AND "t"."relname" = 'enrollments') OR ("ns"."nspname" = 'public' AND "t"."relname" = 'faculties') OR ("ns"."nspname" = 'public' AND "t"."relname" = 'departments') OR ("ns"."nspname" = 'public' AND "t"."relname" = 'students') OR ("ns"."nspname" = 'public' AND "t"."relname" = 'users') OR ("ns"."nspname" = 'public' AND "t"."relname" = 'academic_terms') OR ("ns"."nspname" = 'public' AND "t"."relname" = 'teacher_profiles') OR ("ns"."nspname" = 'public' AND "t"."relname" = 'attendance'))

      at Function.logInfo (../src/platform/PlatformTools.ts:262:17)
          at async Promise.all (index 2)

    console.log
      query: SELECT "con"."conname" AS "constraint_name", "con"."nspname" AS "table_schema", "con"."relname" AS "table_name", "att2"."attname" AS "column_name", "ns"."nspname" AS "referenced_table_schema", "cl"."relname" AS "referenced_table_name", "att"."attname" AS "referenced_column_name", "con"."confdeltype" AS "on_delete", "con"."confupdtype" AS "on_update", "con"."condeferrable" AS "deferrable", "con"."condeferred" AS "deferred" FROM ( SELECT UNNEST ("con1"."conkey") AS "parent", UNNEST ("con1"."confkey") AS "child", "con1"."confrelid", "con1"."conrelid", "con1"."conname", "con1"."contype", "ns"."nspname", "cl"."relname", "con1"."condeferrable", CASE WHEN "con1"."condeferred" THEN 'INITIALLY DEFERRED' ELSE 'INITIALLY IMMEDIATE' END as condeferred, CASE "con1"."confdeltype" WHEN 'a' THEN 'NO ACTION' WHEN 'r' THEN 'RESTRICT' WHEN 'c' THEN 'CASCADE' WHEN 'n' THEN 'SET NULL' WHEN 'd' THEN 'SET DEFAULT' END as "confdeltype", CASE "con1"."confupdtype" WHEN 'a' THEN 'NO ACTION' WHEN 'r' THEN 'RESTRICT' WHEN 'c' THEN 'CASCADE' WHEN 'n' THEN 'SET NULL' WHEN 'd' THEN 'SET DEFAULT' END as "confupdtype" FROM "pg_class" "cl" INNER JOIN "pg_namespace" "ns" ON "cl"."relnamespace" = "ns"."oid" INNER JOIN "pg_constraint" "con1" ON "con1"."conrelid" = "cl"."oid" WHERE "con1"."contype" = 'f' AND (("ns"."nspname" = 'public' AND "cl"."relname" = 'course_teachers') OR ("ns"."nspname" = 'public' AND "cl"."relname" = 'classrooms') OR ("ns"."nspname" = 'public' AND "cl"."relname" = 'schedules') OR ("ns"."nspname" = 'public' AND "cl"."relname" = 'audit_logs') OR ("ns"."nspname" = 'public' AND "cl"."relname" = 'course_prerequisites') OR ("ns"."nspname" = 'public' AND "cl"."relname" = 'courses') OR ("ns"."nspname" = 'public' AND "cl"."relname" = 'grades') OR ("ns"."nspname" = 'public' AND "cl"."relname" = 'enrollments') OR ("ns"."nspname" = 'public' AND "cl"."relname" = 'faculties') OR ("ns"."nspname" = 'public' AND "cl"."relname" = 'departments') OR ("ns"."nspname" = 'public' AND "cl"."relname" = 'students') OR ("ns"."nspname" = 'public' AND "cl"."relname" = 'users') OR ("ns"."nspname" = 'public' AND "cl"."relname" = 'academic_terms') OR ("ns"."nspname" = 'public' AND "cl"."relname" = 'teacher_profiles') OR ("ns"."nspname" = 'public' AND "cl"."relname" = 'attendance')) ) "con" INNER JOIN "pg_attribute" "att" ON "att"."attrelid" = "con"."confrelid" AND "att"."attnum" = "con"."child" INNER JOIN "pg_class" "cl" ON "cl"."oid" = "con"."confrelid"  AND "cl"."relispartition" = 'f'INNER JOIN "pg_namespace" "ns" ON "cl"."relnamespace" = "ns"."oid" INNER JOIN "pg_attribute" "att2" ON "att2"."attrelid" = "con"."conrelid" AND "att2"."attnum" = "con"."parent"

      at Function.logInfo (../src/platform/PlatformTools.ts:262:17)
          at async Promise.all (index 3)

    console.log
      query: SELECT "udt_schema", "udt_name" FROM "information_schema"."columns" WHERE "table_schema" = 'public' AND "table_name" = 'classrooms' AND "column_name"='type'

      at Function.logInfo (../src/platform/PlatformTools.ts:262:17)
          at async Promise.all (index 4)
          at async Promise.all (index 1)

    console.log
      query: SELECT "udt_schema", "udt_name" FROM "information_schema"."columns" WHERE "table_schema" = 'public' AND "table_name" = 'enrollments' AND "column_name"='status'

      at Function.logInfo (../src/platform/PlatformTools.ts:262:17)
          at async Promise.all (index 4)
          at async Promise.all (index 7)

    console.log
      query: SELECT "udt_schema", "udt_name" FROM "information_schema"."columns" WHERE "table_schema" = 'public' AND "table_name" = 'students' AND "column_name"='gender'

      at Function.logInfo (../src/platform/PlatformTools.ts:262:17)
          at async Promise.all (index 4)
          at async Promise.all (index 10)

    console.log
      query: SELECT "udt_schema", "udt_name" FROM "information_schema"."columns" WHERE "table_schema" = 'public' AND "table_name" = 'users' AND "column_name"='role'

      at Function.logInfo (../src/platform/PlatformTools.ts:262:17)
          at async Promise.all (index 4)
          at async Promise.all (index 11)

    console.log
      query: SELECT "udt_schema", "udt_name" FROM "information_schema"."columns" WHERE "table_schema" = 'public' AND "table_name" = 'teacher_profiles' AND "column_name"='rank'

      at Function.logInfo (../src/platform/PlatformTools.ts:262:17)
          at async Promise.all (index 2)
          at async Promise.all (index 13)

    console.log
      query: SELECT "udt_schema", "udt_name" FROM "information_schema"."columns" WHERE "table_schema" = 'public' AND "table_name" = 'attendance' AND "column_name"='status'

      at Function.logInfo (../src/platform/PlatformTools.ts:262:17)
          at async Promise.all (index 4)
          at async Promise.all (index 14)

    console.log
      query: SELECT "e"."enumlabel" AS "value" FROM "pg_enum" "e" INNER JOIN "pg_type" "t" ON "t"."oid" = "e"."enumtypid" INNER JOIN "pg_namespace" "n" ON "n"."oid" = "t"."typnamespace" WHERE "n"."nspname" = 'public' AND "t"."typname" = 'classrooms_type_enum'

      at Function.logInfo (../src/platform/PlatformTools.ts:262:17)
          at async Promise.all (index 4)
          at async Promise.all (index 1)

    console.log
      query: SELECT "e"."enumlabel" AS "value" FROM "pg_enum" "e" INNER JOIN "pg_type" "t" ON "t"."oid" = "e"."enumtypid" INNER JOIN "pg_namespace" "n" ON "n"."oid" = "t"."typnamespace" WHERE "n"."nspname" = 'public' AND "t"."typname" = 'enrollments_status_enum'

      at Function.logInfo (../src/platform/PlatformTools.ts:262:17)
          at async Promise.all (index 4)
          at async Promise.all (index 7)

    console.log
      query: SELECT "e"."enumlabel" AS "value" FROM "pg_enum" "e" INNER JOIN "pg_type" "t" ON "t"."oid" = "e"."enumtypid" INNER JOIN "pg_namespace" "n" ON "n"."oid" = "t"."typnamespace" WHERE "n"."nspname" = 'public' AND "t"."typname" = 'students_gender_enum'

      at Function.logInfo (../src/platform/PlatformTools.ts:262:17)
          at async Promise.all (index 4)
          at async Promise.all (index 10)

    console.log
      query: SELECT "e"."enumlabel" AS "value" FROM "pg_enum" "e" INNER JOIN "pg_type" "t" ON "t"."oid" = "e"."enumtypid" INNER JOIN "pg_namespace" "n" ON "n"."oid" = "t"."typnamespace" WHERE "n"."nspname" = 'public' AND "t"."typname" = 'users_role_enum'

      at Function.logInfo (../src/platform/PlatformTools.ts:262:17)
          at async Promise.all (index 4)
          at async Promise.all (index 11)

    console.log
      query: SELECT "e"."enumlabel" AS "value" FROM "pg_enum" "e" INNER JOIN "pg_type" "t" ON "t"."oid" = "e"."enumtypid" INNER JOIN "pg_namespace" "n" ON "n"."oid" = "t"."typnamespace" WHERE "n"."nspname" = 'public' AND "t"."typname" = 'teacher_profiles_rank_enum'

      at Function.logInfo (../src/platform/PlatformTools.ts:262:17)
          at async Promise.all (index 2)
          at async Promise.all (index 13)

    console.log
      query: SELECT "e"."enumlabel" AS "value" FROM "pg_enum" "e" INNER JOIN "pg_type" "t" ON "t"."oid" = "e"."enumtypid" INNER JOIN "pg_namespace" "n" ON "n"."oid" = "t"."typnamespace" WHERE "n"."nspname" = 'public' AND "t"."typname" = 'attendance_status_enum'

      at Function.logInfo (../src/platform/PlatformTools.ts:262:17)
          at async Promise.all (index 4)
          at async Promise.all (index 14)

    console.log
      query: SELECT * FROM "information_schema"."tables" WHERE "table_schema" = 'public' AND "table_name" = 'typeorm_metadata'

      at Function.logInfo (../src/platform/PlatformTools.ts:262:17)

    console.log
      query: ALTER TABLE "grades" ALTER COLUMN "weightage" SET DEFAULT '100.00'

      at Function.logInfo (../src/platform/PlatformTools.ts:262:17)

    console.log
      query: ALTER TABLE "enrollments" ALTER COLUMN "attendance_percentage" SET DEFAULT '100.00'

      at Function.logInfo (../src/platform/PlatformTools.ts:262:17)

    console.log
      query: ALTER TABLE "grades" ALTER COLUMN "weightage" SET DEFAULT '100.00'

      at Function.logInfo (../src/platform/PlatformTools.ts:262:17)

    console.log
      query: ALTER TABLE "enrollments" ALTER COLUMN "attendance_percentage" SET DEFAULT '100.00'

      at Function.logInfo (../src/platform/PlatformTools.ts:262:17)

    console.log
      query: COMMIT

      at Function.logInfo (../src/platform/PlatformTools.ts:262:17)

    console.log
      query: START TRANSACTION

      at Function.logInfo (../src/platform/PlatformTools.ts:262:17)

    console.log
      query: INSERT INTO "users"("email", "username", "password_hash", "role", "first_name", "last_name", "is_active", "refresh_token", "email_verified", "email_verification_token", "password_reset_token", "password_reset_expires", "failed_login_attempts", "locked_until", "last_failed_login", "created_at", "updated_at", "deleted_at") VALUES ($1, $2, $3, $4, $5, $6, $7, DEFAULT, $8, DEFAULT, DEFAULT, DEFAULT, DEFAULT, DEFAULT, DEFAULT, DEFAULT, DEFAULT, DEFAULT) RETURNING "id", "role", "is_active", "email_verified", "failed_login_attempts", "created_at", "updated_at", "deleted_at" -- PARAMETERS: ["teachers_e2e_admin_1769682189652@test.com","teachers_e2e_admin_1769682189652","$2b$10$EzfAbqk75l0gG4FSbDzsuuXXTCNQBHUXRhpr1OnRWhExHMCA99vrS","admin","Testadmin","User",true,true]

      at Function.logInfo (../src/platform/PlatformTools.ts:262:17)

    console.log
      query: COMMIT

      at Function.logInfo (../src/platform/PlatformTools.ts:262:17)

    console.log
      query: SELECT "User"."id" AS "User_id", "User"."email" AS "User_email", "User"."username" AS "User_username", "User"."password_hash" AS "User_password_hash", "User"."role" AS "User_role", "User"."first_name" AS "User_first_name", "User"."last_name" AS "User_last_name", "User"."is_active" AS "User_is_active", "User"."refresh_token" AS "User_refresh_token", "User"."email_verified" AS "User_email_verified", "User"."email_verification_token" AS "User_email_verification_token", "User"."password_reset_token" AS "User_password_reset_token", "User"."password_reset_expires" AS "User_password_reset_expires", "User"."failed_login_attempts" AS "User_failed_login_attempts", "User"."locked_until" AS "User_locked_until", "User"."last_failed_login" AS "User_last_failed_login", "User"."created_at" AS "User_created_at", "User"."updated_at" AS "User_updated_at", "User"."deleted_at" AS "User_deleted_at" FROM "users" "User" WHERE ( (("User"."email" = $1)) ) AND ( "User"."deleted_at" IS NULL ) LIMIT 1 -- PARAMETERS: ["teachers_e2e_admin_1769682189652@test.com"]

      at Function.logInfo (../src/platform/PlatformTools.ts:262:17)

    console.log
      query: UPDATE "users" SET "refresh_token" = $1, "updated_at" = CURRENT_TIMESTAMP WHERE "id" IN ($2) -- PARAMETERS: ["$2b$10$PkJa2dQ9xCSUm8mgRdxze.gVK8CQiDJg2wOuJpbXJhlouhw.SYzR.",1972]

      at Function.logInfo (../src/platform/PlatformTools.ts:262:17)

    console.log
      query: START TRANSACTION

      at Function.logInfo (../src/platform/PlatformTools.ts:262:17)

    console.log
      query: INSERT INTO "users"("email", "username", "password_hash", "role", "first_name", "last_name", "is_active", "refresh_token", "email_verified", "email_verification_token", "password_reset_token", "password_reset_expires", "failed_login_attempts", "locked_until", "last_failed_login", "created_at", "updated_at", "deleted_at") VALUES ($1, $2, $3, $4, $5, $6, $7, DEFAULT, $8, DEFAULT, DEFAULT, DEFAULT, DEFAULT, DEFAULT, DEFAULT, DEFAULT, DEFAULT, DEFAULT) RETURNING "id", "role", "is_active", "email_verified", "failed_login_attempts", "created_at", "updated_at", "deleted_at" -- PARAMETERS: ["teachers_e2e_teacher_1769682190553@test.com","teachers_e2e_teacher_1769682190553","$2b$10$IzB7kLnuk3I6z8rptEsJt.DN9pY7Wd5OUsZC3TocyTlxK6aJSN6Wu","teacher","Testteacher","User",true,true]

      at Function.logInfo (../src/platform/PlatformTools.ts:262:17)

    console.log
      query: COMMIT

      at Function.logInfo (../src/platform/PlatformTools.ts:262:17)

    console.log
      query: SELECT "User"."id" AS "User_id", "User"."email" AS "User_email", "User"."username" AS "User_username", "User"."password_hash" AS "User_password_hash", "User"."role" AS "User_role", "User"."first_name" AS "User_first_name", "User"."last_name" AS "User_last_name", "User"."is_active" AS "User_is_active", "User"."refresh_token" AS "User_refresh_token", "User"."email_verified" AS "User_email_verified", "User"."email_verification_token" AS "User_email_verification_token", "User"."password_reset_token" AS "User_password_reset_token", "User"."password_reset_expires" AS "User_password_reset_expires", "User"."failed_login_attempts" AS "User_failed_login_attempts", "User"."locked_until" AS "User_locked_until", "User"."last_failed_login" AS "User_last_failed_login", "User"."created_at" AS "User_created_at", "User"."updated_at" AS "User_updated_at", "User"."deleted_at" AS "User_deleted_at" FROM "users" "User" WHERE ( (("User"."email" = $1)) ) AND ( "User"."deleted_at" IS NULL ) LIMIT 1 -- PARAMETERS: ["teachers_e2e_teacher_1769682190553@test.com"]

      at Function.logInfo (../src/platform/PlatformTools.ts:262:17)

    console.log
      query: UPDATE "users" SET "refresh_token" = $1, "updated_at" = CURRENT_TIMESTAMP WHERE "id" IN ($2) -- PARAMETERS: ["$2b$10$fi6yZFc1U3XyylDKcuqFMORzMvN1iIl.vj9hRoi7X7Aa9EtooyP5e",1973]

      at Function.logInfo (../src/platform/PlatformTools.ts:262:17)

    console.log
      query: START TRANSACTION

      at Function.logInfo (../src/platform/PlatformTools.ts:262:17)

    console.log
      query: INSERT INTO "users"("email", "username", "password_hash", "role", "first_name", "last_name", "is_active", "refresh_token", "email_verified", "email_verification_token", "password_reset_token", "password_reset_expires", "failed_login_attempts", "locked_until", "last_failed_login", "created_at", "updated_at", "deleted_at") VALUES ($1, $2, $3, $4, $5, $6, $7, DEFAULT, $8, DEFAULT, DEFAULT, DEFAULT, DEFAULT, DEFAULT, DEFAULT, DEFAULT, DEFAULT, DEFAULT) RETURNING "id", "role", "is_active", "email_verified", "failed_login_attempts", "created_at", "updated_at", "deleted_at" -- PARAMETERS: ["teachers_e2e_student_1769682191179@test.com","teachers_e2e_student_1769682191179","$2b$10$Qq4uHDfWaO8VUM6PTAPZ3uFPusBowUKEKFzlBWkJS3IjtIBvha7F6","student","Teststudent","User",true,true]

      at Function.logInfo (../src/platform/PlatformTools.ts:262:17)

    console.log
      query: COMMIT

      at Function.logInfo (../src/platform/PlatformTools.ts:262:17)

    console.log
      query: SELECT "User"."id" AS "User_id", "User"."email" AS "User_email", "User"."username" AS "User_username", "User"."password_hash" AS "User_password_hash", "User"."role" AS "User_role", "User"."first_name" AS "User_first_name", "User"."last_name" AS "User_last_name", "User"."is_active" AS "User_is_active", "User"."refresh_token" AS "User_refresh_token", "User"."email_verified" AS "User_email_verified", "User"."email_verification_token" AS "User_email_verification_token", "User"."password_reset_token" AS "User_password_reset_token", "User"."password_reset_expires" AS "User_password_reset_expires", "User"."failed_login_attempts" AS "User_failed_login_attempts", "User"."locked_until" AS "User_locked_until", "User"."last_failed_login" AS "User_last_failed_login", "User"."created_at" AS "User_created_at", "User"."updated_at" AS "User_updated_at", "User"."deleted_at" AS "User_deleted_at" FROM "users" "User" WHERE ( (("User"."email" = $1)) ) AND ( "User"."deleted_at" IS NULL ) LIMIT 1 -- PARAMETERS: ["teachers_e2e_student_1769682191179@test.com"]

      at Function.logInfo (../src/platform/PlatformTools.ts:262:17)

    console.log
      query: UPDATE "users" SET "refresh_token" = $1, "updated_at" = CURRENT_TIMESTAMP WHERE "id" IN ($2) -- PARAMETERS: ["$2b$10$9JOMVmYOrWmB9jAhxIQkmuUjqDXPYPenJX/jyMfGRskrxvNzSg7.W",1974]

      at Function.logInfo (../src/platform/PlatformTools.ts:262:17)

    console.log
      query: START TRANSACTION

      at Function.logInfo (../src/platform/PlatformTools.ts:262:17)

    console.log
      query: INSERT INTO "users"("email", "username", "password_hash", "role", "first_name", "last_name", "is_active", "refresh_token", "email_verified", "email_verification_token", "password_reset_token", "password_reset_expires", "failed_login_attempts", "locked_until", "last_failed_login", "created_at", "updated_at", "deleted_at") VALUES ($1, $2, $3, $4, $5, $6, $7, DEFAULT, $8, DEFAULT, DEFAULT, DEFAULT, DEFAULT, DEFAULT, DEFAULT, DEFAULT, DEFAULT, DEFAULT) RETURNING "id", "role", "is_active", "email_verified", "failed_login_attempts", "created_at", "updated_at", "deleted_at" -- PARAMETERS: ["teachers_e2e_newteacher_teacher_1769682191873@test.com","teachers_e2e_newteacher_teacher_1769682191873","$2b$10$nfy928YsY3LQ9IeTxs9jp.ebLZAWvuGiZuqH.3b8zLmzBw3MgWRmG","teacher","Testteacher","User",true,true]

      at Function.logInfo (../src/platform/PlatformTools.ts:262:17)

    console.log
      query: COMMIT

      at Function.logInfo (../src/platform/PlatformTools.ts:262:17)

    console.log
      query: SELECT "User"."id" AS "User_id", "User"."email" AS "User_email", "User"."username" AS "User_username", "User"."password_hash" AS "User_password_hash", "User"."role" AS "User_role", "User"."first_name" AS "User_first_name", "User"."last_name" AS "User_last_name", "User"."is_active" AS "User_is_active", "User"."refresh_token" AS "User_refresh_token", "User"."email_verified" AS "User_email_verified", "User"."email_verification_token" AS "User_email_verification_token", "User"."password_reset_token" AS "User_password_reset_token", "User"."password_reset_expires" AS "User_password_reset_expires", "User"."failed_login_attempts" AS "User_failed_login_attempts", "User"."locked_until" AS "User_locked_until", "User"."last_failed_login" AS "User_last_failed_login", "User"."created_at" AS "User_created_at", "User"."updated_at" AS "User_updated_at", "User"."deleted_at" AS "User_deleted_at" FROM "users" "User" WHERE ( (("User"."id" = $1)) ) AND ( "User"."deleted_at" IS NULL ) LIMIT 1 -- PARAMETERS: [1977]

      at Function.logInfo (../src/platform/PlatformTools.ts:262:17)

    console.log
      query: SELECT "TeacherProfile"."id" AS "TeacherProfile_id", "TeacherProfile"."user_id" AS "TeacherProfile_user_id", "TeacherProfile"."employee_id" AS "TeacherProfile_employee_id", "TeacherProfile"."rank" AS "TeacherProfile_rank", "TeacherProfile"."specialization" AS "TeacherProfile_specialization", "TeacherProfile"."office_location" AS "TeacherProfile_office_location", "TeacherProfile"."office_hours" AS "TeacherProfile_office_hours", "TeacherProfile"."phone" AS "TeacherProfile_phone", "TeacherProfile"."bio" AS "TeacherProfile_bio", "TeacherProfile"."hire_date" AS "TeacherProfile_hire_date", "TeacherProfile"."is_active" AS "TeacherProfile_is_active", "TeacherProfile"."created_at" AS "TeacherProfile_created_at", "TeacherProfile"."updated_at" AS "TeacherProfile_updated_at", "TeacherProfile"."deleted_at" AS "TeacherProfile_deleted_at" FROM "teacher_profiles" "TeacherProfile" WHERE ( (("TeacherProfile"."user_id" = $1)) ) AND ( "TeacherProfile"."deleted_at" IS NULL ) LIMIT 1 -- PARAMETERS: [1977]

      at Function.logInfo (../src/platform/PlatformTools.ts:262:17)

    console.log
      query: SELECT "TeacherProfile"."id" AS "TeacherProfile_id", "TeacherProfile"."user_id" AS "TeacherProfile_user_id", "TeacherProfile"."employee_id" AS "TeacherProfile_employee_id", "TeacherProfile"."rank" AS "TeacherProfile_rank", "TeacherProfile"."specialization" AS "TeacherProfile_specialization", "TeacherProfile"."office_location" AS "TeacherProfile_office_location", "TeacherProfile"."office_hours" AS "TeacherProfile_office_hours", "TeacherProfile"."phone" AS "TeacherProfile_phone", "TeacherProfile"."bio" AS "TeacherProfile_bio", "TeacherProfile"."hire_date" AS "TeacherProfile_hire_date", "TeacherProfile"."is_active" AS "TeacherProfile_is_active", "TeacherProfile"."created_at" AS "TeacherProfile_created_at", "TeacherProfile"."updated_at" AS "TeacherProfile_updated_at", "TeacherProfile"."deleted_at" AS "TeacherProfile_deleted_at" FROM "teacher_profiles" "TeacherProfile" WHERE ( (("TeacherProfile"."employee_id" = $1)) ) AND ( "TeacherProfile"."deleted_at" IS NULL ) LIMIT 1 -- PARAMETERS: ["EMP192095"]

      at Function.logInfo (../src/platform/PlatformTools.ts:262:17)

    console.log
      query: START TRANSACTION

      at Function.logInfo (../src/platform/PlatformTools.ts:262:17)

    console.log
      query: INSERT INTO "teacher_profiles"("user_id", "employee_id", "rank", "specialization", "office_location", "office_hours", "phone", "bio", "hire_date", "is_active", "created_at", "updated_at", "deleted_at") VALUES ($1, $2, $3, $4, $5, $6, $7, $8, $9, DEFAULT, DEFAULT, DEFAULT, DEFAULT) RETURNING "id", "rank", "is_active", "created_at", "updated_at", "deleted_at" -- PARAMETERS: [1977,"EMP192095","assistant_professor","Computer Science","Room 101","Mon-Fri 9-11 AM","03001234567","Test teacher bio","2020-01-15"]

      at Function.logInfo (../src/platform/PlatformTools.ts:262:17)

    console.log
      query: COMMIT

      at Function.logInfo (../src/platform/PlatformTools.ts:262:17)

    console.log
      query: START TRANSACTION

      at Function.logInfo (../src/platform/PlatformTools.ts:262:17)

    console.log
      query: INSERT INTO "users"("email", "username", "password_hash", "role", "first_name", "last_name", "is_active", "refresh_token", "email_verified", "email_verification_token", "password_reset_token", "password_reset_expires", "failed_login_attempts", "locked_until", "last_failed_login", "created_at", "updated_at", "deleted_at") VALUES ($1, $2, $3, $4, $5, $6, $7, DEFAULT, $8, DEFAULT, DEFAULT, DEFAULT, DEFAULT, DEFAULT, DEFAULT, DEFAULT, DEFAULT, DEFAULT) RETURNING "id", "role", "is_active", "email_verified", "failed_login_attempts", "created_at", "updated_at", "deleted_at" -- PARAMETERS: ["teachers_e2e_emp1_teacher_1769682192348@test.com","teachers_e2e_emp1_teacher_1769682192348","$2b$10$2pEcTbk5GvxvK/PIhebxeOmsqCgfy.9sAHav8T4tXtwx40Wofv2aq","teacher","Testteacher","User",true,true]

      at Function.logInfo (../src/platform/PlatformTools.ts:262:17)

    console.log
      query: COMMIT

      at Function.logInfo (../src/platform/PlatformTools.ts:262:17)

    console.log
      query: START TRANSACTION

      at Function.logInfo (../src/platform/PlatformTools.ts:262:17)

    console.log
      query: INSERT INTO "users"("email", "username", "password_hash", "role", "first_name", "last_name", "is_active", "refresh_token", "email_verified", "email_verification_token", "password_reset_token", "password_reset_expires", "failed_login_attempts", "locked_until", "last_failed_login", "created_at", "updated_at", "deleted_at") VALUES ($1, $2, $3, $4, $5, $6, $7, DEFAULT, $8, DEFAULT, DEFAULT, DEFAULT, DEFAULT, DEFAULT, DEFAULT, DEFAULT, DEFAULT, DEFAULT) RETURNING "id", "role", "is_active", "email_verified", "failed_login_attempts", "created_at", "updated_at", "deleted_at" -- PARAMETERS: ["teachers_e2e_emp2_teacher_1769682192568@test.com","teachers_e2e_emp2_teacher_1769682192568","$2b$10$G1Mv77nN9cYKe0ftIlw1r.wLKI/DGxuHiPGbLPP5A.ARhBVBxS2Ha","teacher","Testteacher","User",true,true]

      at Function.logInfo (../src/platform/PlatformTools.ts:262:17)

    console.log
      query: COMMIT

      at Function.logInfo (../src/platform/PlatformTools.ts:262:17)

    console.log
      query: SELECT "User"."id" AS "User_id", "User"."email" AS "User_email", "User"."username" AS "User_username", "User"."password_hash" AS "User_password_hash", "User"."role" AS "User_role", "User"."first_name" AS "User_first_name", "User"."last_name" AS "User_last_name", "User"."is_active" AS "User_is_active", "User"."refresh_token" AS "User_refresh_token", "User"."email_verified" AS "User_email_verified", "User"."email_verification_token" AS "User_email_verification_token", "User"."password_reset_token" AS "User_password_reset_token", "User"."password_reset_expires" AS "User_password_reset_expires", "User"."failed_login_attempts" AS "User_failed_login_attempts", "User"."locked_until" AS "User_locked_until", "User"."last_failed_login" AS "User_last_failed_login", "User"."created_at" AS "User_created_at", "User"."updated_at" AS "User_updated_at", "User"."deleted_at" AS "User_deleted_at" FROM "users" "User" WHERE ( (("User"."id" = $1)) ) AND ( "User"."deleted_at" IS NULL ) LIMIT 1 -- PARAMETERS: [1978]

      at Function.logInfo (../src/platform/PlatformTools.ts:262:17)

    console.log
      query: SELECT "TeacherProfile"."id" AS "TeacherProfile_id", "TeacherProfile"."user_id" AS "TeacherProfile_user_id", "TeacherProfile"."employee_id" AS "TeacherProfile_employee_id", "TeacherProfile"."rank" AS "TeacherProfile_rank", "TeacherProfile"."specialization" AS "TeacherProfile_specialization", "TeacherProfile"."office_location" AS "TeacherProfile_office_location", "TeacherProfile"."office_hours" AS "TeacherProfile_office_hours", "TeacherProfile"."phone" AS "TeacherProfile_phone", "TeacherProfile"."bio" AS "TeacherProfile_bio", "TeacherProfile"."hire_date" AS "TeacherProfile_hire_date", "TeacherProfile"."is_active" AS "TeacherProfile_is_active", "TeacherProfile"."created_at" AS "TeacherProfile_created_at", "TeacherProfile"."updated_at" AS "TeacherProfile_updated_at", "TeacherProfile"."deleted_at" AS "TeacherProfile_deleted_at" FROM "teacher_profiles" "TeacherProfile" WHERE ( (("TeacherProfile"."user_id" = $1)) ) AND ( "TeacherProfile"."deleted_at" IS NULL ) LIMIT 1 -- PARAMETERS: [1978]

      at Function.logInfo (../src/platform/PlatformTools.ts:262:17)

    console.log
      query: SELECT "TeacherProfile"."id" AS "TeacherProfile_id", "TeacherProfile"."user_id" AS "TeacherProfile_user_id", "TeacherProfile"."employee_id" AS "TeacherProfile_employee_id", "TeacherProfile"."rank" AS "TeacherProfile_rank", "TeacherProfile"."specialization" AS "TeacherProfile_specialization", "TeacherProfile"."office_location" AS "TeacherProfile_office_location", "TeacherProfile"."office_hours" AS "TeacherProfile_office_hours", "TeacherProfile"."phone" AS "TeacherProfile_phone", "TeacherProfile"."bio" AS "TeacherProfile_bio", "TeacherProfile"."hire_date" AS "TeacherProfile_hire_date", "TeacherProfile"."is_active" AS "TeacherProfile_is_active", "TeacherProfile"."created_at" AS "TeacherProfile_created_at", "TeacherProfile"."updated_at" AS "TeacherProfile_updated_at", "TeacherProfile"."deleted_at" AS "TeacherProfile_deleted_at" FROM "teacher_profiles" "TeacherProfile" WHERE ( (("TeacherProfile"."employee_id" = $1)) ) AND ( "TeacherProfile"."deleted_at" IS NULL ) LIMIT 1 -- PARAMETERS: ["EMP192754"]

      at Function.logInfo (../src/platform/PlatformTools.ts:262:17)

    console.log
      query: START TRANSACTION

      at Function.logInfo (../src/platform/PlatformTools.ts:262:17)

    console.log
      query: INSERT INTO "teacher_profiles"("user_id", "employee_id", "rank", "specialization", "office_location", "office_hours", "phone", "bio", "hire_date", "is_active", "created_at", "updated_at", "deleted_at") VALUES ($1, $2, $3, $4, $5, $6, $7, $8, $9, DEFAULT, DEFAULT, DEFAULT, DEFAULT) RETURNING "id", "rank", "is_active", "created_at", "updated_at", "deleted_at" -- PARAMETERS: [1978,"EMP192754","lecturer",null,null,null,null,null,null]

      at Function.logInfo (../src/platform/PlatformTools.ts:262:17)

    console.log
      query: COMMIT

      at Function.logInfo (../src/platform/PlatformTools.ts:262:17)

    console.log
      query: SELECT "User"."id" AS "User_id", "User"."email" AS "User_email", "User"."username" AS "User_username", "User"."password_hash" AS "User_password_hash", "User"."role" AS "User_role", "User"."first_name" AS "User_first_name", "User"."last_name" AS "User_last_name", "User"."is_active" AS "User_is_active", "User"."refresh_token" AS "User_refresh_token", "User"."email_verified" AS "User_email_verified", "User"."email_verification_token" AS "User_email_verification_token", "User"."password_reset_token" AS "User_password_reset_token", "User"."password_reset_expires" AS "User_password_reset_expires", "User"."failed_login_attempts" AS "User_failed_login_attempts", "User"."locked_until" AS "User_locked_until", "User"."last_failed_login" AS "User_last_failed_login", "User"."created_at" AS "User_created_at", "User"."updated_at" AS "User_updated_at", "User"."deleted_at" AS "User_deleted_at" FROM "users" "User" WHERE ( (("User"."id" = $1)) ) AND ( "User"."deleted_at" IS NULL ) LIMIT 1 -- PARAMETERS: [1979]

      at Function.logInfo (../src/platform/PlatformTools.ts:262:17)

    console.log
      query: SELECT "TeacherProfile"."id" AS "TeacherProfile_id", "TeacherProfile"."user_id" AS "TeacherProfile_user_id", "TeacherProfile"."employee_id" AS "TeacherProfile_employee_id", "TeacherProfile"."rank" AS "TeacherProfile_rank", "TeacherProfile"."specialization" AS "TeacherProfile_specialization", "TeacherProfile"."office_location" AS "TeacherProfile_office_location", "TeacherProfile"."office_hours" AS "TeacherProfile_office_hours", "TeacherProfile"."phone" AS "TeacherProfile_phone", "TeacherProfile"."bio" AS "TeacherProfile_bio", "TeacherProfile"."hire_date" AS "TeacherProfile_hire_date", "TeacherProfile"."is_active" AS "TeacherProfile_is_active", "TeacherProfile"."created_at" AS "TeacherProfile_created_at", "TeacherProfile"."updated_at" AS "TeacherProfile_updated_at", "TeacherProfile"."deleted_at" AS "TeacherProfile_deleted_at" FROM "teacher_profiles" "TeacherProfile" WHERE ( (("TeacherProfile"."user_id" = $1)) ) AND ( "TeacherProfile"."deleted_at" IS NULL ) LIMIT 1 -- PARAMETERS: [1979]

      at Function.logInfo (../src/platform/PlatformTools.ts:262:17)

    console.log
      query: SELECT "TeacherProfile"."id" AS "TeacherProfile_id", "TeacherProfile"."user_id" AS "TeacherProfile_user_id", "TeacherProfile"."employee_id" AS "TeacherProfile_employee_id", "TeacherProfile"."rank" AS "TeacherProfile_rank", "TeacherProfile"."specialization" AS "TeacherProfile_specialization", "TeacherProfile"."office_location" AS "TeacherProfile_office_location", "TeacherProfile"."office_hours" AS "TeacherProfile_office_hours", "TeacherProfile"."phone" AS "TeacherProfile_phone", "TeacherProfile"."bio" AS "TeacherProfile_bio", "TeacherProfile"."hire_date" AS "TeacherProfile_hire_date", "TeacherProfile"."is_active" AS "TeacherProfile_is_active", "TeacherProfile"."created_at" AS "TeacherProfile_created_at", "TeacherProfile"."updated_at" AS "TeacherProfile_updated_at", "TeacherProfile"."deleted_at" AS "TeacherProfile_deleted_at" FROM "teacher_profiles" "TeacherProfile" WHERE ( (("TeacherProfile"."employee_id" = $1)) ) AND ( "TeacherProfile"."deleted_at" IS NULL ) LIMIT 1 -- PARAMETERS: ["EMP192754"]

      at Function.logInfo (../src/platform/PlatformTools.ts:262:17)

    console.log
      query: START TRANSACTION

      at Function.logInfo (../src/platform/PlatformTools.ts:262:17)

    console.log
      query: INSERT INTO "users"("email", "username", "password_hash", "role", "first_name", "last_name", "is_active", "refresh_token", "email_verified", "email_verification_token", "password_reset_token", "password_reset_expires", "failed_login_attempts", "locked_until", "last_failed_login", "created_at", "updated_at", "deleted_at") VALUES ($1, $2, $3, $4, $5, $6, $7, DEFAULT, $8, DEFAULT, DEFAULT, DEFAULT, DEFAULT, DEFAULT, DEFAULT, DEFAULT, DEFAULT, DEFAULT) RETURNING "id", "role", "is_active", "email_verified", "failed_login_attempts", "created_at", "updated_at", "deleted_at" -- PARAMETERS: ["teachers_e2e_unauth_teacher_1769682192829@test.com","teachers_e2e_unauth_teacher_1769682192829","$2b$10$6C6nmvEp45fNRKL6bkZx7uqXj60WKhBxi7n2Gd5KobPMWrteufmae","teacher","Testteacher","User",true,true]

      at Function.logInfo (../src/platform/PlatformTools.ts:262:17)

    console.log
      query: COMMIT

      at Function.logInfo (../src/platform/PlatformTools.ts:262:17)

    console.log
      query: START TRANSACTION

      at Function.logInfo (../src/platform/PlatformTools.ts:262:17)

    console.log
      query: INSERT INTO "users"("email", "username", "password_hash", "role", "first_name", "last_name", "is_active", "refresh_token", "email_verified", "email_verification_token", "password_reset_token", "password_reset_expires", "failed_login_attempts", "locked_until", "last_failed_login", "created_at", "updated_at", "deleted_at") VALUES ($1, $2, $3, $4, $5, $6, $7, DEFAULT, $8, DEFAULT, DEFAULT, DEFAULT, DEFAULT, DEFAULT, DEFAULT, DEFAULT, DEFAULT, DEFAULT) RETURNING "id", "role", "is_active", "email_verified", "failed_login_attempts", "created_at", "updated_at", "deleted_at" -- PARAMETERS: ["teachers_e2e_wrongrole_student_1769682193025@test.com","teachers_e2e_wrongrole_student_1769682193025","$2b$10$.vJeG5tv0VwVURaJ0jzIi.Ls0jgCU2jtXIEpOn/ovVerI9OyKpCN6","student","Teststudent","User",true,true]

      at Function.logInfo (../src/platform/PlatformTools.ts:262:17)

    console.log
      query: COMMIT

      at Function.logInfo (../src/platform/PlatformTools.ts:262:17)

    console.log
      query: SELECT "User"."id" AS "User_id", "User"."email" AS "User_email", "User"."username" AS "User_username", "User"."password_hash" AS "User_password_hash", "User"."role" AS "User_role", "User"."first_name" AS "User_first_name", "User"."last_name" AS "User_last_name", "User"."is_active" AS "User_is_active", "User"."refresh_token" AS "User_refresh_token", "User"."email_verified" AS "User_email_verified", "User"."email_verification_token" AS "User_email_verification_token", "User"."password_reset_token" AS "User_password_reset_token", "User"."password_reset_expires" AS "User_password_reset_expires", "User"."failed_login_attempts" AS "User_failed_login_attempts", "User"."locked_until" AS "User_locked_until", "User"."last_failed_login" AS "User_last_failed_login", "User"."created_at" AS "User_created_at", "User"."updated_at" AS "User_updated_at", "User"."deleted_at" AS "User_deleted_at" FROM "users" "User" WHERE ( (("User"."id" = $1)) ) AND ( "User"."deleted_at" IS NULL ) LIMIT 1 -- PARAMETERS: [1981]

      at Function.logInfo (../src/platform/PlatformTools.ts:262:17)

    console.log
      query: START TRANSACTION

      at Function.logInfo (../src/platform/PlatformTools.ts:262:17)

    console.log
      query: INSERT INTO "users"("email", "username", "password_hash", "role", "first_name", "last_name", "is_active", "refresh_token", "email_verified", "email_verification_token", "password_reset_token", "password_reset_expires", "failed_login_attempts", "locked_until", "last_failed_login", "created_at", "updated_at", "deleted_at") VALUES ($1, $2, $3, $4, $5, $6, $7, DEFAULT, $8, DEFAULT, DEFAULT, DEFAULT, DEFAULT, DEFAULT, DEFAULT, DEFAULT, DEFAULT, DEFAULT) RETURNING "id", "role", "is_active", "email_verified", "failed_login_attempts", "created_at", "updated_at", "deleted_at" -- PARAMETERS: ["teachers_e2e_list1_teacher_1769682193342@test.com","teachers_e2e_list1_teacher_1769682193342","$2b$10$/gE27yGnnbeTbUuA1fLiku2ZQOG9kmqfW6Siyxl9fEGHDo3X4q7Ia","teacher","Testteacher","User",true,true]

      at Function.logInfo (../src/platform/PlatformTools.ts:262:17)

    console.log
      query: COMMIT

      at Function.logInfo (../src/platform/PlatformTools.ts:262:17)

    console.log
      query: START TRANSACTION

      at Function.logInfo (../src/platform/PlatformTools.ts:262:17)

    console.log
      query: INSERT INTO "users"("email", "username", "password_hash", "role", "first_name", "last_name", "is_active", "refresh_token", "email_verified", "email_verification_token", "password_reset_token", "password_reset_expires", "failed_login_attempts", "locked_until", "last_failed_login", "created_at", "updated_at", "deleted_at") VALUES ($1, $2, $3, $4, $5, $6, $7, DEFAULT, $8, DEFAULT, DEFAULT, DEFAULT, DEFAULT, DEFAULT, DEFAULT, DEFAULT, DEFAULT, DEFAULT) RETURNING "id", "role", "is_active", "email_verified", "failed_login_attempts", "created_at", "updated_at", "deleted_at" -- PARAMETERS: ["teachers_e2e_list2_teacher_1769682193627@test.com","teachers_e2e_list2_teacher_1769682193627","$2b$10$wYYMsaEdRoS8DlZyfC/16OJ4zf85nCC01Q.QJ57iMjb3ixWP0bhWK","teacher","Testteacher","User",true,true]

      at Function.logInfo (../src/platform/PlatformTools.ts:262:17)

    console.log
      query: COMMIT

      at Function.logInfo (../src/platform/PlatformTools.ts:262:17)

    console.log
      query: START TRANSACTION

      at Function.logInfo (../src/platform/PlatformTools.ts:262:17)

    console.log
      query: INSERT INTO "teacher_profiles"("user_id", "employee_id", "rank", "specialization", "office_location", "office_hours", "phone", "bio", "hire_date", "is_active", "created_at", "updated_at", "deleted_at") VALUES ($1, $2, $3, $4, $5, $6, $7, $8, $9, $10, DEFAULT, DEFAULT, DEFAULT) RETURNING "id", "rank", "is_active", "created_at", "updated_at", "deleted_at" -- PARAMETERS: [1982,"EMP193813","assistant_professor","teachers_e2e Computer Science","Room 101","Mon-Fri 9-11 AM","03001111111","teachers_e2e Test teacher bio","2020-01-01",true]

      at Function.logInfo (../src/platform/PlatformTools.ts:262:17)

    console.log
      query: COMMIT

      at Function.logInfo (../src/platform/PlatformTools.ts:262:17)

    console.log
      query: START TRANSACTION

      at Function.logInfo (../src/platform/PlatformTools.ts:262:17)

    console.log
      query: INSERT INTO "teacher_profiles"("user_id", "employee_id", "rank", "specialization", "office_location", "office_hours", "phone", "bio", "hire_date", "is_active", "created_at", "updated_at", "deleted_at") VALUES ($1, $2, $3, $4, $5, $6, $7, $8, $9, $10, DEFAULT, DEFAULT, DEFAULT) RETURNING "id", "rank", "is_active", "created_at", "updated_at", "deleted_at" -- PARAMETERS: [1983,"EMP193823","assistant_professor","teachers_e2e Computer Science","Room 101","Mon-Fri 9-11 AM","03001111111","teachers_e2e Test teacher bio","2020-01-01",true]

      at Function.logInfo (../src/platform/PlatformTools.ts:262:17)

    console.log
      query: COMMIT

      at Function.logInfo (../src/platform/PlatformTools.ts:262:17)

    console.log
      query: SELECT DISTINCT "distinctAlias"."TeacherProfile_id" AS "ids_TeacherProfile_id", "distinctAlias"."TeacherProfile_id" FROM (SELECT "TeacherProfile"."id" AS "TeacherProfile_id", "TeacherProfile"."user_id" AS "TeacherProfile_user_id", "TeacherProfile"."employee_id" AS "TeacherProfile_employee_id", "TeacherProfile"."rank" AS "TeacherProfile_rank", "TeacherProfile"."specialization" AS "TeacherProfile_specialization", "TeacherProfile"."office_location" AS "TeacherProfile_office_location", "TeacherProfile"."office_hours" AS "TeacherProfile_office_hours", "TeacherProfile"."phone" AS "TeacherProfile_phone", "TeacherProfile"."bio" AS "TeacherProfile_bio", "TeacherProfile"."hire_date" AS "TeacherProfile_hire_date", "TeacherProfile"."is_active" AS "TeacherProfile_is_active", "TeacherProfile"."created_at" AS "TeacherProfile_created_at", "TeacherProfile"."updated_at" AS "TeacherProfile_updated_at", "TeacherProfile"."deleted_at" AS "TeacherProfile_deleted_at", "TeacherProfile__TeacherProfile_user"."id" AS "TeacherProfile__TeacherProfile_user_id", "TeacherProfile__TeacherProfile_user"."email" AS "TeacherProfile__TeacherProfile_user_email", "TeacherProfile__TeacherProfile_user"."username" AS "TeacherProfile__TeacherProfile_user_username", "TeacherProfile__TeacherProfile_user"."password_hash" AS "TeacherProfile__TeacherProfile_user_password_hash", "TeacherProfile__TeacherProfile_user"."role" AS "TeacherProfile__TeacherProfile_user_role", "TeacherProfile__TeacherProfile_user"."first_name" AS "TeacherProfile__TeacherProfile_user_first_name", "TeacherProfile__TeacherProfile_user"."last_name" AS "TeacherProfile__TeacherProfile_user_last_name", "TeacherProfile__TeacherProfile_user"."is_active" AS "TeacherProfile__TeacherProfile_user_is_active", "TeacherProfile__TeacherProfile_user"."refresh_token" AS "TeacherProfile__TeacherProfile_user_refresh_token", "TeacherProfile__TeacherProfile_user"."email_verified" AS "TeacherProfile__TeacherProfile_user_email_verified", "TeacherProfile__TeacherProfile_user"."email_verification_token" AS "TeacherProfile__TeacherProfile_user_email_verification_token", "TeacherProfile__TeacherProfile_user"."password_reset_token" AS "TeacherProfile__TeacherProfile_user_password_reset_token", "TeacherProfile__TeacherProfile_user"."password_reset_expires" AS "TeacherProfile__TeacherProfile_user_password_reset_expires", "TeacherProfile__TeacherProfile_user"."failed_login_attempts" AS "TeacherProfile__TeacherProfile_user_failed_login_attempts", "TeacherProfile__TeacherProfile_user"."locked_until" AS "TeacherProfile__TeacherProfile_user_locked_until", "TeacherProfile__TeacherProfile_user"."last_failed_login" AS "TeacherProfile__TeacherProfile_user_last_failed_login", "TeacherProfile__TeacherProfile_user"."created_at" AS "TeacherProfile__TeacherProfile_user_created_at", "TeacherProfile__TeacherProfile_user"."updated_at" AS "TeacherProfile__TeacherProfile_user_updated_at", "TeacherProfile__TeacherProfile_user"."deleted_at" AS "TeacherProfile__TeacherProfile_user_deleted_at" FROM "teacher_profiles" "TeacherProfile" LEFT JOIN "users" "TeacherProfile__TeacherProfile_user" ON "TeacherProfile__TeacherProfile_user"."id"="TeacherProfile"."user_id" AND ("TeacherProfile__TeacherProfile_user"."deleted_at" IS NULL) WHERE "TeacherProfile"."deleted_at" IS NULL) "distinctAlias" ORDER BY "distinctAlias"."TeacherProfile_id" DESC, "TeacherProfile_id" ASC LIMIT 10 OFFSET 0

      at Function.logInfo (../src/platform/PlatformTools.ts:262:17)

    console.log
      query: SELECT "TeacherProfile"."id" AS "TeacherProfile_id", "TeacherProfile"."user_id" AS "TeacherProfile_user_id", "TeacherProfile"."employee_id" AS "TeacherProfile_employee_id", "TeacherProfile"."rank" AS "TeacherProfile_rank", "TeacherProfile"."specialization" AS "TeacherProfile_specialization", "TeacherProfile"."office_location" AS "TeacherProfile_office_location", "TeacherProfile"."office_hours" AS "TeacherProfile_office_hours", "TeacherProfile"."phone" AS "TeacherProfile_phone", "TeacherProfile"."bio" AS "TeacherProfile_bio", "TeacherProfile"."hire_date" AS "TeacherProfile_hire_date", "TeacherProfile"."is_active" AS "TeacherProfile_is_active", "TeacherProfile"."created_at" AS "TeacherProfile_created_at", "TeacherProfile"."updated_at" AS "TeacherProfile_updated_at", "TeacherProfile"."deleted_at" AS "TeacherProfile_deleted_at", "TeacherProfile__TeacherProfile_user"."id" AS "TeacherProfile__TeacherProfile_user_id", "TeacherProfile__TeacherProfile_user"."email" AS "TeacherProfile__TeacherProfile_user_email", "TeacherProfile__TeacherProfile_user"."username" AS "TeacherProfile__TeacherProfile_user_username", "TeacherProfile__TeacherProfile_user"."password_hash" AS "TeacherProfile__TeacherProfile_user_password_hash", "TeacherProfile__TeacherProfile_user"."role" AS "TeacherProfile__TeacherProfile_user_role", "TeacherProfile__TeacherProfile_user"."first_name" AS "TeacherProfile__TeacherProfile_user_first_name", "TeacherProfile__TeacherProfile_user"."last_name" AS "TeacherProfile__TeacherProfile_user_last_name", "TeacherProfile__TeacherProfile_user"."is_active" AS "TeacherProfile__TeacherProfile_user_is_active", "TeacherProfile__TeacherProfile_user"."refresh_token" AS "TeacherProfile__TeacherProfile_user_refresh_token", "TeacherProfile__TeacherProfile_user"."email_verified" AS "TeacherProfile__TeacherProfile_user_email_verified", "TeacherProfile__TeacherProfile_user"."email_verification_token" AS "TeacherProfile__TeacherProfile_user_email_verification_token", "TeacherProfile__TeacherProfile_user"."password_reset_token" AS "TeacherProfile__TeacherProfile_user_password_reset_token", "TeacherProfile__TeacherProfile_user"."password_reset_expires" AS "TeacherProfile__TeacherProfile_user_password_reset_expires", "TeacherProfile__TeacherProfile_user"."failed_login_attempts" AS "TeacherProfile__TeacherProfile_user_failed_login_attempts", "TeacherProfile__TeacherProfile_user"."locked_until" AS "TeacherProfile__TeacherProfile_user_locked_until", "TeacherProfile__TeacherProfile_user"."last_failed_login" AS "TeacherProfile__TeacherProfile_user_last_failed_login", "TeacherProfile__TeacherProfile_user"."created_at" AS "TeacherProfile__TeacherProfile_user_created_at", "TeacherProfile__TeacherProfile_user"."updated_at" AS "TeacherProfile__TeacherProfile_user_updated_at", "TeacherProfile__TeacherProfile_user"."deleted_at" AS "TeacherProfile__TeacherProfile_user_deleted_at" FROM "teacher_profiles" "TeacherProfile" LEFT JOIN "users" "TeacherProfile__TeacherProfile_user" ON "TeacherProfile__TeacherProfile_user"."id"="TeacherProfile"."user_id" AND ("TeacherProfile__TeacherProfile_user"."deleted_at" IS NULL) WHERE ( "TeacherProfile"."deleted_at" IS NULL ) AND ( "TeacherProfile"."id" IN (247, 246, 245, 244) ) ORDER BY "TeacherProfile"."id" DESC

      at Function.logInfo (../src/platform/PlatformTools.ts:262:17)

    console.log
      query: SELECT DISTINCT "distinctAlias"."TeacherProfile_id" AS "ids_TeacherProfile_id", "distinctAlias"."TeacherProfile_id" FROM (SELECT "TeacherProfile"."id" AS "TeacherProfile_id", "TeacherProfile"."user_id" AS "TeacherProfile_user_id", "TeacherProfile"."employee_id" AS "TeacherProfile_employee_id", "TeacherProfile"."rank" AS "TeacherProfile_rank", "TeacherProfile"."specialization" AS "TeacherProfile_specialization", "TeacherProfile"."office_location" AS "TeacherProfile_office_location", "TeacherProfile"."office_hours" AS "TeacherProfile_office_hours", "TeacherProfile"."phone" AS "TeacherProfile_phone", "TeacherProfile"."bio" AS "TeacherProfile_bio", "TeacherProfile"."hire_date" AS "TeacherProfile_hire_date", "TeacherProfile"."is_active" AS "TeacherProfile_is_active", "TeacherProfile"."created_at" AS "TeacherProfile_created_at", "TeacherProfile"."updated_at" AS "TeacherProfile_updated_at", "TeacherProfile"."deleted_at" AS "TeacherProfile_deleted_at", "TeacherProfile__TeacherProfile_user"."id" AS "TeacherProfile__TeacherProfile_user_id", "TeacherProfile__TeacherProfile_user"."email" AS "TeacherProfile__TeacherProfile_user_email", "TeacherProfile__TeacherProfile_user"."username" AS "TeacherProfile__TeacherProfile_user_username", "TeacherProfile__TeacherProfile_user"."password_hash" AS "TeacherProfile__TeacherProfile_user_password_hash", "TeacherProfile__TeacherProfile_user"."role" AS "TeacherProfile__TeacherProfile_user_role", "TeacherProfile__TeacherProfile_user"."first_name" AS "TeacherProfile__TeacherProfile_user_first_name", "TeacherProfile__TeacherProfile_user"."last_name" AS "TeacherProfile__TeacherProfile_user_last_name", "TeacherProfile__TeacherProfile_user"."is_active" AS "TeacherProfile__TeacherProfile_user_is_active", "TeacherProfile__TeacherProfile_user"."refresh_token" AS "TeacherProfile__TeacherProfile_user_refresh_token", "TeacherProfile__TeacherProfile_user"."email_verified" AS "TeacherProfile__TeacherProfile_user_email_verified", "TeacherProfile__TeacherProfile_user"."email_verification_token" AS "TeacherProfile__TeacherProfile_user_email_verification_token", "TeacherProfile__TeacherProfile_user"."password_reset_token" AS "TeacherProfile__TeacherProfile_user_password_reset_token", "TeacherProfile__TeacherProfile_user"."password_reset_expires" AS "TeacherProfile__TeacherProfile_user_password_reset_expires", "TeacherProfile__TeacherProfile_user"."failed_login_attempts" AS "TeacherProfile__TeacherProfile_user_failed_login_attempts", "TeacherProfile__TeacherProfile_user"."locked_until" AS "TeacherProfile__TeacherProfile_user_locked_until", "TeacherProfile__TeacherProfile_user"."last_failed_login" AS "TeacherProfile__TeacherProfile_user_last_failed_login", "TeacherProfile__TeacherProfile_user"."created_at" AS "TeacherProfile__TeacherProfile_user_created_at", "TeacherProfile__TeacherProfile_user"."updated_at" AS "TeacherProfile__TeacherProfile_user_updated_at", "TeacherProfile__TeacherProfile_user"."deleted_at" AS "TeacherProfile__TeacherProfile_user_deleted_at" FROM "teacher_profiles" "TeacherProfile" LEFT JOIN "users" "TeacherProfile__TeacherProfile_user" ON "TeacherProfile__TeacherProfile_user"."id"="TeacherProfile"."user_id" AND ("TeacherProfile__TeacherProfile_user"."deleted_at" IS NULL) WHERE "TeacherProfile"."deleted_at" IS NULL) "distinctAlias" ORDER BY "distinctAlias"."TeacherProfile_id" DESC, "TeacherProfile_id" ASC LIMIT 10 OFFSET 0

      at Function.logInfo (../src/platform/PlatformTools.ts:262:17)

    console.log
      query: SELECT "TeacherProfile"."id" AS "TeacherProfile_id", "TeacherProfile"."user_id" AS "TeacherProfile_user_id", "TeacherProfile"."employee_id" AS "TeacherProfile_employee_id", "TeacherProfile"."rank" AS "TeacherProfile_rank", "TeacherProfile"."specialization" AS "TeacherProfile_specialization", "TeacherProfile"."office_location" AS "TeacherProfile_office_location", "TeacherProfile"."office_hours" AS "TeacherProfile_office_hours", "TeacherProfile"."phone" AS "TeacherProfile_phone", "TeacherProfile"."bio" AS "TeacherProfile_bio", "TeacherProfile"."hire_date" AS "TeacherProfile_hire_date", "TeacherProfile"."is_active" AS "TeacherProfile_is_active", "TeacherProfile"."created_at" AS "TeacherProfile_created_at", "TeacherProfile"."updated_at" AS "TeacherProfile_updated_at", "TeacherProfile"."deleted_at" AS "TeacherProfile_deleted_at", "TeacherProfile__TeacherProfile_user"."id" AS "TeacherProfile__TeacherProfile_user_id", "TeacherProfile__TeacherProfile_user"."email" AS "TeacherProfile__TeacherProfile_user_email", "TeacherProfile__TeacherProfile_user"."username" AS "TeacherProfile__TeacherProfile_user_username", "TeacherProfile__TeacherProfile_user"."password_hash" AS "TeacherProfile__TeacherProfile_user_password_hash", "TeacherProfile__TeacherProfile_user"."role" AS "TeacherProfile__TeacherProfile_user_role", "TeacherProfile__TeacherProfile_user"."first_name" AS "TeacherProfile__TeacherProfile_user_first_name", "TeacherProfile__TeacherProfile_user"."last_name" AS "TeacherProfile__TeacherProfile_user_last_name", "TeacherProfile__TeacherProfile_user"."is_active" AS "TeacherProfile__TeacherProfile_user_is_active", "TeacherProfile__TeacherProfile_user"."refresh_token" AS "TeacherProfile__TeacherProfile_user_refresh_token", "TeacherProfile__TeacherProfile_user"."email_verified" AS "TeacherProfile__TeacherProfile_user_email_verified", "TeacherProfile__TeacherProfile_user"."email_verification_token" AS "TeacherProfile__TeacherProfile_user_email_verification_token", "TeacherProfile__TeacherProfile_user"."password_reset_token" AS "TeacherProfile__TeacherProfile_user_password_reset_token", "TeacherProfile__TeacherProfile_user"."password_reset_expires" AS "TeacherProfile__TeacherProfile_user_password_reset_expires", "TeacherProfile__TeacherProfile_user"."failed_login_attempts" AS "TeacherProfile__TeacherProfile_user_failed_login_attempts", "TeacherProfile__TeacherProfile_user"."locked_until" AS "TeacherProfile__TeacherProfile_user_locked_until", "TeacherProfile__TeacherProfile_user"."last_failed_login" AS "TeacherProfile__TeacherProfile_user_last_failed_login", "TeacherProfile__TeacherProfile_user"."created_at" AS "TeacherProfile__TeacherProfile_user_created_at", "TeacherProfile__TeacherProfile_user"."updated_at" AS "TeacherProfile__TeacherProfile_user_updated_at", "TeacherProfile__TeacherProfile_user"."deleted_at" AS "TeacherProfile__TeacherProfile_user_deleted_at" FROM "teacher_profiles" "TeacherProfile" LEFT JOIN "users" "TeacherProfile__TeacherProfile_user" ON "TeacherProfile__TeacherProfile_user"."id"="TeacherProfile"."user_id" AND ("TeacherProfile__TeacherProfile_user"."deleted_at" IS NULL) WHERE ( "TeacherProfile"."deleted_at" IS NULL ) AND ( "TeacherProfile"."id" IN (247, 246, 245, 244) ) ORDER BY "TeacherProfile"."id" DESC

      at Function.logInfo (../src/platform/PlatformTools.ts:262:17)

    console.log
      query: START TRANSACTION

      at Function.logInfo (../src/platform/PlatformTools.ts:262:17)

    console.log
      query: INSERT INTO "users"("email", "username", "password_hash", "role", "first_name", "last_name", "is_active", "refresh_token", "email_verified", "email_verification_token", "password_reset_token", "password_reset_expires", "failed_login_attempts", "locked_until", "last_failed_login", "created_at", "updated_at", "deleted_at") VALUES ($1, $2, $3, $4, $5, $6, $7, DEFAULT, $8, DEFAULT, DEFAULT, DEFAULT, DEFAULT, DEFAULT, DEFAULT, DEFAULT, DEFAULT, DEFAULT) RETURNING "id", "role", "is_active", "email_verified", "failed_login_attempts", "created_at", "updated_at", "deleted_at" -- PARAMETERS: ["teachers_e2e_getone_teacher_1769682193933@test.com","teachers_e2e_getone_teacher_1769682193933","$2b$10$XT5fw9rJhtwAEhrWYY9kpuEHCNVAldv2qxnvEoLGGFI864qGg9/D.","teacher","Testteacher","User",true,true]

      at Function.logInfo (../src/platform/PlatformTools.ts:262:17)

    console.log
      query: COMMIT

      at Function.logInfo (../src/platform/PlatformTools.ts:262:17)

    console.log
      query: START TRANSACTION

      at Function.logInfo (../src/platform/PlatformTools.ts:262:17)

    console.log
      query: INSERT INTO "teacher_profiles"("user_id", "employee_id", "rank", "specialization", "office_location", "office_hours", "phone", "bio", "hire_date", "is_active", "created_at", "updated_at", "deleted_at") VALUES ($1, $2, $3, $4, $5, $6, $7, $8, $9, $10, DEFAULT, DEFAULT, DEFAULT) RETURNING "id", "rank", "is_active", "created_at", "updated_at", "deleted_at" -- PARAMETERS: [1984,"EMP194177","assistant_professor","teachers_e2e Computer Science","Room 101","Mon-Fri 9-11 AM","03001111111","teachers_e2e Test teacher bio","2020-01-01",true]

      at Function.logInfo (../src/platform/PlatformTools.ts:262:17)

    console.log
      query: COMMIT

      at Function.logInfo (../src/platform/PlatformTools.ts:262:17)

    console.log
      query: SELECT DISTINCT "distinctAlias"."TeacherProfile_id" AS "ids_TeacherProfile_id" FROM (SELECT "TeacherProfile"."id" AS "TeacherProfile_id", "TeacherProfile"."user_id" AS "TeacherProfile_user_id", "TeacherProfile"."employee_id" AS "TeacherProfile_employee_id", "TeacherProfile"."rank" AS "TeacherProfile_rank", "TeacherProfile"."specialization" AS "TeacherProfile_specialization", "TeacherProfile"."office_location" AS "TeacherProfile_office_location", "TeacherProfile"."office_hours" AS "TeacherProfile_office_hours", "TeacherProfile"."phone" AS "TeacherProfile_phone", "TeacherProfile"."bio" AS "TeacherProfile_bio", "TeacherProfile"."hire_date" AS "TeacherProfile_hire_date", "TeacherProfile"."is_active" AS "TeacherProfile_is_active", "TeacherProfile"."created_at" AS "TeacherProfile_created_at", "TeacherProfile"."updated_at" AS "TeacherProfile_updated_at", "TeacherProfile"."deleted_at" AS "TeacherProfile_deleted_at", "TeacherProfile__TeacherProfile_user"."id" AS "TeacherProfile__TeacherProfile_user_id", "TeacherProfile__TeacherProfile_user"."email" AS "TeacherProfile__TeacherProfile_user_email", "TeacherProfile__TeacherProfile_user"."username" AS "TeacherProfile__TeacherProfile_user_username", "TeacherProfile__TeacherProfile_user"."password_hash" AS "TeacherProfile__TeacherProfile_user_password_hash", "TeacherProfile__TeacherProfile_user"."role" AS "TeacherProfile__TeacherProfile_user_role", "TeacherProfile__TeacherProfile_user"."first_name" AS "TeacherProfile__TeacherProfile_user_first_name", "TeacherProfile__TeacherProfile_user"."last_name" AS "TeacherProfile__TeacherProfile_user_last_name", "TeacherProfile__TeacherProfile_user"."is_active" AS "TeacherProfile__TeacherProfile_user_is_active", "TeacherProfile__TeacherProfile_user"."refresh_token" AS "TeacherProfile__TeacherProfile_user_refresh_token", "TeacherProfile__TeacherProfile_user"."email_verified" AS "TeacherProfile__TeacherProfile_user_email_verified", "TeacherProfile__TeacherProfile_user"."email_verification_token" AS "TeacherProfile__TeacherProfile_user_email_verification_token", "TeacherProfile__TeacherProfile_user"."password_reset_token" AS "TeacherProfile__TeacherProfile_user_password_reset_token", "TeacherProfile__TeacherProfile_user"."password_reset_expires" AS "TeacherProfile__TeacherProfile_user_password_reset_expires", "TeacherProfile__TeacherProfile_user"."failed_login_attempts" AS "TeacherProfile__TeacherProfile_user_failed_login_attempts", "TeacherProfile__TeacherProfile_user"."locked_until" AS "TeacherProfile__TeacherProfile_user_locked_until", "TeacherProfile__TeacherProfile_user"."last_failed_login" AS "TeacherProfile__TeacherProfile_user_last_failed_login", "TeacherProfile__TeacherProfile_user"."created_at" AS "TeacherProfile__TeacherProfile_user_created_at", "TeacherProfile__TeacherProfile_user"."updated_at" AS "TeacherProfile__TeacherProfile_user_updated_at", "TeacherProfile__TeacherProfile_user"."deleted_at" AS "TeacherProfile__TeacherProfile_user_deleted_at", "6305ca8e648f75bfb54988f030d9f758d15c26e3"."id" AS "6305ca8e648f75bfb54988f030d9f758d15c26e3_id", "6305ca8e648f75bfb54988f030d9f758d15c26e3"."course_code" AS "6305ca8e648f75bfb54988f030d9f758d15c26e3_course_code", "6305ca8e648f75bfb54988f030d9f758d15c26e3"."course_name" AS "6305ca8e648f75bfb54988f030d9f758d15c26e3_course_name", "6305ca8e648f75bfb54988f030d9f758d15c26e3"."description" AS "6305ca8e648f75bfb54988f030d9f758d15c26e3_description", "6305ca8e648f75bfb54988f030d9f758d15c26e3"."credits" AS "6305ca8e648f75bfb54988f030d9f758d15c26e3_credits", "6305ca8e648f75bfb54988f030d9f758d15c26e3"."department_id" AS "6305ca8e648f75bfb54988f030d9f758d15c26e3_department_id", "6305ca8e648f75bfb54988f030d9f758d15c26e3"."semester" AS "6305ca8e648f75bfb54988f030d9f758d15c26e3_semester", "6305ca8e648f75bfb54988f030d9f758d15c26e3"."max_students" AS "6305ca8e648f75bfb54988f030d9f758d15c26e3_max_students", "6305ca8e648f75bfb54988f030d9f758d15c26e3"."is_active" AS "6305ca8e648f75bfb54988f030d9f758d15c26e3_is_active", "6305ca8e648f75bfb54988f030d9f758d15c26e3"."created_by" AS "6305ca8e648f75bfb54988f030d9f758d15c26e3_created_by", "6305ca8e648f75bfb54988f030d9f758d15c26e3"."created_at" AS "6305ca8e648f75bfb54988f030d9f758d15c26e3_created_at", "6305ca8e648f75bfb54988f030d9f758d15c26e3"."updated_at" AS "6305ca8e648f75bfb54988f030d9f758d15c26e3_updated_at", "6305ca8e648f75bfb54988f030d9f758d15c26e3"."deleted_at" AS "6305ca8e648f75bfb54988f030d9f758d15c26e3_deleted_at" FROM "teacher_profiles" "TeacherProfile" LEFT JOIN "users" "TeacherProfile__TeacherProfile_user" ON "TeacherProfile__TeacherProfile_user"."id"="TeacherProfile"."user_id" AND ("TeacherProfile__TeacherProfile_user"."deleted_at" IS NULL)  LEFT JOIN "course_teachers" "e7f8696d3533b3b188dc3dd85aa704a64c7e298c" ON "e7f8696d3533b3b188dc3dd85aa704a64c7e298c"."teacher_id"="TeacherProfile__TeacherProfile_user"."id" LEFT JOIN "courses" "6305ca8e648f75bfb54988f030d9f758d15c26e3" ON "6305ca8e648f75bfb54988f030d9f758d15c26e3"."id"="e7f8696d3533b3b188dc3dd85aa704a64c7e298c"."course_id" AND ("6305ca8e648f75bfb54988f030d9f758d15c26e3"."deleted_at" IS NULL) WHERE ( (("TeacherProfile"."id" = $1)) ) AND ( "TeacherProfile"."deleted_at" IS NULL )) "distinctAlias" ORDER BY "TeacherProfile_id" ASC LIMIT 1 -- PARAMETERS: [248]

      at Function.logInfo (../src/platform/PlatformTools.ts:262:17)

    console.log
      query: SELECT "TeacherProfile"."id" AS "TeacherProfile_id", "TeacherProfile"."user_id" AS "TeacherProfile_user_id", "TeacherProfile"."employee_id" AS "TeacherProfile_employee_id", "TeacherProfile"."rank" AS "TeacherProfile_rank", "TeacherProfile"."specialization" AS "TeacherProfile_specialization", "TeacherProfile"."office_location" AS "TeacherProfile_office_location", "TeacherProfile"."office_hours" AS "TeacherProfile_office_hours", "TeacherProfile"."phone" AS "TeacherProfile_phone", "TeacherProfile"."bio" AS "TeacherProfile_bio", "TeacherProfile"."hire_date" AS "TeacherProfile_hire_date", "TeacherProfile"."is_active" AS "TeacherProfile_is_active", "TeacherProfile"."created_at" AS "TeacherProfile_created_at", "TeacherProfile"."updated_at" AS "TeacherProfile_updated_at", "TeacherProfile"."deleted_at" AS "TeacherProfile_deleted_at", "TeacherProfile__TeacherProfile_user"."id" AS "TeacherProfile__TeacherProfile_user_id", "TeacherProfile__TeacherProfile_user"."email" AS "TeacherProfile__TeacherProfile_user_email", "TeacherProfile__TeacherProfile_user"."username" AS "TeacherProfile__TeacherProfile_user_username", "TeacherProfile__TeacherProfile_user"."password_hash" AS "TeacherProfile__TeacherProfile_user_password_hash", "TeacherProfile__TeacherProfile_user"."role" AS "TeacherProfile__TeacherProfile_user_role", "TeacherProfile__TeacherProfile_user"."first_name" AS "TeacherProfile__TeacherProfile_user_first_name", "TeacherProfile__TeacherProfile_user"."last_name" AS "TeacherProfile__TeacherProfile_user_last_name", "TeacherProfile__TeacherProfile_user"."is_active" AS "TeacherProfile__TeacherProfile_user_is_active", "TeacherProfile__TeacherProfile_user"."refresh_token" AS "TeacherProfile__TeacherProfile_user_refresh_token", "TeacherProfile__TeacherProfile_user"."email_verified" AS "TeacherProfile__TeacherProfile_user_email_verified", "TeacherProfile__TeacherProfile_user"."email_verification_token" AS "TeacherProfile__TeacherProfile_user_email_verification_token", "TeacherProfile__TeacherProfile_user"."password_reset_token" AS "TeacherProfile__TeacherProfile_user_password_reset_token", "TeacherProfile__TeacherProfile_user"."password_reset_expires" AS "TeacherProfile__TeacherProfile_user_password_reset_expires", "TeacherProfile__TeacherProfile_user"."failed_login_attempts" AS "TeacherProfile__TeacherProfile_user_failed_login_attempts", "TeacherProfile__TeacherProfile_user"."locked_until" AS "TeacherProfile__TeacherProfile_user_locked_until", "TeacherProfile__TeacherProfile_user"."last_failed_login" AS "TeacherProfile__TeacherProfile_user_last_failed_login", "TeacherProfile__TeacherProfile_user"."created_at" AS "TeacherProfile__TeacherProfile_user_created_at", "TeacherProfile__TeacherProfile_user"."updated_at" AS "TeacherProfile__TeacherProfile_user_updated_at", "TeacherProfile__TeacherProfile_user"."deleted_at" AS "TeacherProfile__TeacherProfile_user_deleted_at", "6305ca8e648f75bfb54988f030d9f758d15c26e3"."id" AS "6305ca8e648f75bfb54988f030d9f758d15c26e3_id", "6305ca8e648f75bfb54988f030d9f758d15c26e3"."course_code" AS "6305ca8e648f75bfb54988f030d9f758d15c26e3_course_code", "6305ca8e648f75bfb54988f030d9f758d15c26e3"."course_name" AS "6305ca8e648f75bfb54988f030d9f758d15c26e3_course_name", "6305ca8e648f75bfb54988f030d9f758d15c26e3"."description" AS "6305ca8e648f75bfb54988f030d9f758d15c26e3_description", "6305ca8e648f75bfb54988f030d9f758d15c26e3"."credits" AS "6305ca8e648f75bfb54988f030d9f758d15c26e3_credits", "6305ca8e648f75bfb54988f030d9f758d15c26e3"."department_id" AS "6305ca8e648f75bfb54988f030d9f758d15c26e3_department_id", "6305ca8e648f75bfb54988f030d9f758d15c26e3"."semester" AS "6305ca8e648f75bfb54988f030d9f758d15c26e3_semester", "6305ca8e648f75bfb54988f030d9f758d15c26e3"."max_students" AS "6305ca8e648f75bfb54988f030d9f758d15c26e3_max_students", "6305ca8e648f75bfb54988f030d9f758d15c26e3"."is_active" AS "6305ca8e648f75bfb54988f030d9f758d15c26e3_is_active", "6305ca8e648f75bfb54988f030d9f758d15c26e3"."created_by" AS "6305ca8e648f75bfb54988f030d9f758d15c26e3_created_by", "6305ca8e648f75bfb54988f030d9f758d15c26e3"."created_at" AS "6305ca8e648f75bfb54988f030d9f758d15c26e3_created_at", "6305ca8e648f75bfb54988f030d9f758d15c26e3"."updated_at" AS "6305ca8e648f75bfb54988f030d9f758d15c26e3_updated_at", "6305ca8e648f75bfb54988f030d9f758d15c26e3"."deleted_at" AS "6305ca8e648f75bfb54988f030d9f758d15c26e3_deleted_at" FROM "teacher_profiles" "TeacherProfile" LEFT JOIN "users" "TeacherProfile__TeacherProfile_user" ON "TeacherProfile__TeacherProfile_user"."id"="TeacherProfile"."user_id" AND ("TeacherProfile__TeacherProfile_user"."deleted_at" IS NULL)  LEFT JOIN "course_teachers" "e7f8696d3533b3b188dc3dd85aa704a64c7e298c" ON "e7f8696d3533b3b188dc3dd85aa704a64c7e298c"."teacher_id"="TeacherProfile__TeacherProfile_user"."id" LEFT JOIN "courses" "6305ca8e648f75bfb54988f030d9f758d15c26e3" ON "6305ca8e648f75bfb54988f030d9f758d15c26e3"."id"="e7f8696d3533b3b188dc3dd85aa704a64c7e298c"."course_id" AND ("6305ca8e648f75bfb54988f030d9f758d15c26e3"."deleted_at" IS NULL) WHERE ( (("TeacherProfile"."id" = $1)) ) AND ( "TeacherProfile"."deleted_at" IS NULL ) AND ( "TeacherProfile"."id" IN (248) ) -- PARAMETERS: [248]

      at Function.logInfo (../src/platform/PlatformTools.ts:262:17)

    console.log
      query: SELECT DISTINCT "distinctAlias"."TeacherProfile_id" AS "ids_TeacherProfile_id" FROM (SELECT "TeacherProfile"."id" AS "TeacherProfile_id", "TeacherProfile"."user_id" AS "TeacherProfile_user_id", "TeacherProfile"."employee_id" AS "TeacherProfile_employee_id", "TeacherProfile"."rank" AS "TeacherProfile_rank", "TeacherProfile"."specialization" AS "TeacherProfile_specialization", "TeacherProfile"."office_location" AS "TeacherProfile_office_location", "TeacherProfile"."office_hours" AS "TeacherProfile_office_hours", "TeacherProfile"."phone" AS "TeacherProfile_phone", "TeacherProfile"."bio" AS "TeacherProfile_bio", "TeacherProfile"."hire_date" AS "TeacherProfile_hire_date", "TeacherProfile"."is_active" AS "TeacherProfile_is_active", "TeacherProfile"."created_at" AS "TeacherProfile_created_at", "TeacherProfile"."updated_at" AS "TeacherProfile_updated_at", "TeacherProfile"."deleted_at" AS "TeacherProfile_deleted_at", "TeacherProfile__TeacherProfile_user"."id" AS "TeacherProfile__TeacherProfile_user_id", "TeacherProfile__TeacherProfile_user"."email" AS "TeacherProfile__TeacherProfile_user_email", "TeacherProfile__TeacherProfile_user"."username" AS "TeacherProfile__TeacherProfile_user_username", "TeacherProfile__TeacherProfile_user"."password_hash" AS "TeacherProfile__TeacherProfile_user_password_hash", "TeacherProfile__TeacherProfile_user"."role" AS "TeacherProfile__TeacherProfile_user_role", "TeacherProfile__TeacherProfile_user"."first_name" AS "TeacherProfile__TeacherProfile_user_first_name", "TeacherProfile__TeacherProfile_user"."last_name" AS "TeacherProfile__TeacherProfile_user_last_name", "TeacherProfile__TeacherProfile_user"."is_active" AS "TeacherProfile__TeacherProfile_user_is_active", "TeacherProfile__TeacherProfile_user"."refresh_token" AS "TeacherProfile__TeacherProfile_user_refresh_token", "TeacherProfile__TeacherProfile_user"."email_verified" AS "TeacherProfile__TeacherProfile_user_email_verified", "TeacherProfile__TeacherProfile_user"."email_verification_token" AS "TeacherProfile__TeacherProfile_user_email_verification_token", "TeacherProfile__TeacherProfile_user"."password_reset_token" AS "TeacherProfile__TeacherProfile_user_password_reset_token", "TeacherProfile__TeacherProfile_user"."password_reset_expires" AS "TeacherProfile__TeacherProfile_user_password_reset_expires", "TeacherProfile__TeacherProfile_user"."failed_login_attempts" AS "TeacherProfile__TeacherProfile_user_failed_login_attempts", "TeacherProfile__TeacherProfile_user"."locked_until" AS "TeacherProfile__TeacherProfile_user_locked_until", "TeacherProfile__TeacherProfile_user"."last_failed_login" AS "TeacherProfile__TeacherProfile_user_last_failed_login", "TeacherProfile__TeacherProfile_user"."created_at" AS "TeacherProfile__TeacherProfile_user_created_at", "TeacherProfile__TeacherProfile_user"."updated_at" AS "TeacherProfile__TeacherProfile_user_updated_at", "TeacherProfile__TeacherProfile_user"."deleted_at" AS "TeacherProfile__TeacherProfile_user_deleted_at", "6305ca8e648f75bfb54988f030d9f758d15c26e3"."id" AS "6305ca8e648f75bfb54988f030d9f758d15c26e3_id", "6305ca8e648f75bfb54988f030d9f758d15c26e3"."course_code" AS "6305ca8e648f75bfb54988f030d9f758d15c26e3_course_code", "6305ca8e648f75bfb54988f030d9f758d15c26e3"."course_name" AS "6305ca8e648f75bfb54988f030d9f758d15c26e3_course_name", "6305ca8e648f75bfb54988f030d9f758d15c26e3"."description" AS "6305ca8e648f75bfb54988f030d9f758d15c26e3_description", "6305ca8e648f75bfb54988f030d9f758d15c26e3"."credits" AS "6305ca8e648f75bfb54988f030d9f758d15c26e3_credits", "6305ca8e648f75bfb54988f030d9f758d15c26e3"."department_id" AS "6305ca8e648f75bfb54988f030d9f758d15c26e3_department_id", "6305ca8e648f75bfb54988f030d9f758d15c26e3"."semester" AS "6305ca8e648f75bfb54988f030d9f758d15c26e3_semester", "6305ca8e648f75bfb54988f030d9f758d15c26e3"."max_students" AS "6305ca8e648f75bfb54988f030d9f758d15c26e3_max_students", "6305ca8e648f75bfb54988f030d9f758d15c26e3"."is_active" AS "6305ca8e648f75bfb54988f030d9f758d15c26e3_is_active", "6305ca8e648f75bfb54988f030d9f758d15c26e3"."created_by" AS "6305ca8e648f75bfb54988f030d9f758d15c26e3_created_by", "6305ca8e648f75bfb54988f030d9f758d15c26e3"."created_at" AS "6305ca8e648f75bfb54988f030d9f758d15c26e3_created_at", "6305ca8e648f75bfb54988f030d9f758d15c26e3"."updated_at" AS "6305ca8e648f75bfb54988f030d9f758d15c26e3_updated_at", "6305ca8e648f75bfb54988f030d9f758d15c26e3"."deleted_at" AS "6305ca8e648f75bfb54988f030d9f758d15c26e3_deleted_at" FROM "teacher_profiles" "TeacherProfile" LEFT JOIN "users" "TeacherProfile__TeacherProfile_user" ON "TeacherProfile__TeacherProfile_user"."id"="TeacherProfile"."user_id" AND ("TeacherProfile__TeacherProfile_user"."deleted_at" IS NULL)  LEFT JOIN "course_teachers" "e7f8696d3533b3b188dc3dd85aa704a64c7e298c" ON "e7f8696d3533b3b188dc3dd85aa704a64c7e298c"."teacher_id"="TeacherProfile__TeacherProfile_user"."id" LEFT JOIN "courses" "6305ca8e648f75bfb54988f030d9f758d15c26e3" ON "6305ca8e648f75bfb54988f030d9f758d15c26e3"."id"="e7f8696d3533b3b188dc3dd85aa704a64c7e298c"."course_id" AND ("6305ca8e648f75bfb54988f030d9f758d15c26e3"."deleted_at" IS NULL) WHERE ( (("TeacherProfile"."id" = $1)) ) AND ( "TeacherProfile"."deleted_at" IS NULL )) "distinctAlias" ORDER BY "TeacherProfile_id" ASC LIMIT 1 -- PARAMETERS: [999999]

      at Function.logInfo (../src/platform/PlatformTools.ts:262:17)

    console.log
      query: START TRANSACTION

      at Function.logInfo (../src/platform/PlatformTools.ts:262:17)

    console.log
      query: INSERT INTO "users"("email", "username", "password_hash", "role", "first_name", "last_name", "is_active", "refresh_token", "email_verified", "email_verification_token", "password_reset_token", "password_reset_expires", "failed_login_attempts", "locked_until", "last_failed_login", "created_at", "updated_at", "deleted_at") VALUES ($1, $2, $3, $4, $5, $6, $7, DEFAULT, $8, DEFAULT, DEFAULT, DEFAULT, DEFAULT, DEFAULT, DEFAULT, DEFAULT, DEFAULT, DEFAULT) RETURNING "id", "role", "is_active", "email_verified", "failed_login_attempts", "created_at", "updated_at", "deleted_at" -- PARAMETERS: ["teachers_e2e_byuser_teacher_1769682194252@test.com","teachers_e2e_byuser_teacher_1769682194252","$2b$10$z7ATgZg4214zpkQlas7oI.ovA0PNkVeepJJAaGJFRIAyeeV9i9CQu","teacher","Testteacher","User",true,true]

      at Function.logInfo (../src/platform/PlatformTools.ts:262:17)

    console.log
      query: COMMIT

      at Function.logInfo (../src/platform/PlatformTools.ts:262:17)

    console.log
      query: START TRANSACTION

      at Function.logInfo (../src/platform/PlatformTools.ts:262:17)

    console.log
      query: INSERT INTO "teacher_profiles"("user_id", "employee_id", "rank", "specialization", "office_location", "office_hours", "phone", "bio", "hire_date", "is_active", "created_at", "updated_at", "deleted_at") VALUES ($1, $2, $3, $4, $5, $6, $7, $8, $9, $10, DEFAULT, DEFAULT, DEFAULT) RETURNING "id", "rank", "is_active", "created_at", "updated_at", "deleted_at" -- PARAMETERS: [1985,"EMP194567","assistant_professor","teachers_e2e Computer Science","Room 101","Mon-Fri 9-11 AM","03001111111","teachers_e2e Test teacher bio","2020-01-01",true]

      at Function.logInfo (../src/platform/PlatformTools.ts:262:17)

    console.log
      query: COMMIT

      at Function.logInfo (../src/platform/PlatformTools.ts:262:17)

    console.log
      query: SELECT DISTINCT "distinctAlias"."TeacherProfile_id" AS "ids_TeacherProfile_id" FROM (SELECT "TeacherProfile"."id" AS "TeacherProfile_id", "TeacherProfile"."user_id" AS "TeacherProfile_user_id", "TeacherProfile"."employee_id" AS "TeacherProfile_employee_id", "TeacherProfile"."rank" AS "TeacherProfile_rank", "TeacherProfile"."specialization" AS "TeacherProfile_specialization", "TeacherProfile"."office_location" AS "TeacherProfile_office_location", "TeacherProfile"."office_hours" AS "TeacherProfile_office_hours", "TeacherProfile"."phone" AS "TeacherProfile_phone", "TeacherProfile"."bio" AS "TeacherProfile_bio", "TeacherProfile"."hire_date" AS "TeacherProfile_hire_date", "TeacherProfile"."is_active" AS "TeacherProfile_is_active", "TeacherProfile"."created_at" AS "TeacherProfile_created_at", "TeacherProfile"."updated_at" AS "TeacherProfile_updated_at", "TeacherProfile"."deleted_at" AS "TeacherProfile_deleted_at", "TeacherProfile__TeacherProfile_user"."id" AS "TeacherProfile__TeacherProfile_user_id", "TeacherProfile__TeacherProfile_user"."email" AS "TeacherProfile__TeacherProfile_user_email", "TeacherProfile__TeacherProfile_user"."username" AS "TeacherProfile__TeacherProfile_user_username", "TeacherProfile__TeacherProfile_user"."password_hash" AS "TeacherProfile__TeacherProfile_user_password_hash", "TeacherProfile__TeacherProfile_user"."role" AS "TeacherProfile__TeacherProfile_user_role", "TeacherProfile__TeacherProfile_user"."first_name" AS "TeacherProfile__TeacherProfile_user_first_name", "TeacherProfile__TeacherProfile_user"."last_name" AS "TeacherProfile__TeacherProfile_user_last_name", "TeacherProfile__TeacherProfile_user"."is_active" AS "TeacherProfile__TeacherProfile_user_is_active", "TeacherProfile__TeacherProfile_user"."refresh_token" AS "TeacherProfile__TeacherProfile_user_refresh_token", "TeacherProfile__TeacherProfile_user"."email_verified" AS "TeacherProfile__TeacherProfile_user_email_verified", "TeacherProfile__TeacherProfile_user"."email_verification_token" AS "TeacherProfile__TeacherProfile_user_email_verification_token", "TeacherProfile__TeacherProfile_user"."password_reset_token" AS "TeacherProfile__TeacherProfile_user_password_reset_token", "TeacherProfile__TeacherProfile_user"."password_reset_expires" AS "TeacherProfile__TeacherProfile_user_password_reset_expires", "TeacherProfile__TeacherProfile_user"."failed_login_attempts" AS "TeacherProfile__TeacherProfile_user_failed_login_attempts", "TeacherProfile__TeacherProfile_user"."locked_until" AS "TeacherProfile__TeacherProfile_user_locked_until", "TeacherProfile__TeacherProfile_user"."last_failed_login" AS "TeacherProfile__TeacherProfile_user_last_failed_login", "TeacherProfile__TeacherProfile_user"."created_at" AS "TeacherProfile__TeacherProfile_user_created_at", "TeacherProfile__TeacherProfile_user"."updated_at" AS "TeacherProfile__TeacherProfile_user_updated_at", "TeacherProfile__TeacherProfile_user"."deleted_at" AS "TeacherProfile__TeacherProfile_user_deleted_at", "6305ca8e648f75bfb54988f030d9f758d15c26e3"."id" AS "6305ca8e648f75bfb54988f030d9f758d15c26e3_id", "6305ca8e648f75bfb54988f030d9f758d15c26e3"."course_code" AS "6305ca8e648f75bfb54988f030d9f758d15c26e3_course_code", "6305ca8e648f75bfb54988f030d9f758d15c26e3"."course_name" AS "6305ca8e648f75bfb54988f030d9f758d15c26e3_course_name", "6305ca8e648f75bfb54988f030d9f758d15c26e3"."description" AS "6305ca8e648f75bfb54988f030d9f758d15c26e3_description", "6305ca8e648f75bfb54988f030d9f758d15c26e3"."credits" AS "6305ca8e648f75bfb54988f030d9f758d15c26e3_credits", "6305ca8e648f75bfb54988f030d9f758d15c26e3"."department_id" AS "6305ca8e648f75bfb54988f030d9f758d15c26e3_department_id", "6305ca8e648f75bfb54988f030d9f758d15c26e3"."semester" AS "6305ca8e648f75bfb54988f030d9f758d15c26e3_semester", "6305ca8e648f75bfb54988f030d9f758d15c26e3"."max_students" AS "6305ca8e648f75bfb54988f030d9f758d15c26e3_max_students", "6305ca8e648f75bfb54988f030d9f758d15c26e3"."is_active" AS "6305ca8e648f75bfb54988f030d9f758d15c26e3_is_active", "6305ca8e648f75bfb54988f030d9f758d15c26e3"."created_by" AS "6305ca8e648f75bfb54988f030d9f758d15c26e3_created_by", "6305ca8e648f75bfb54988f030d9f758d15c26e3"."created_at" AS "6305ca8e648f75bfb54988f030d9f758d15c26e3_created_at", "6305ca8e648f75bfb54988f030d9f758d15c26e3"."updated_at" AS "6305ca8e648f75bfb54988f030d9f758d15c26e3_updated_at", "6305ca8e648f75bfb54988f030d9f758d15c26e3"."deleted_at" AS "6305ca8e648f75bfb54988f030d9f758d15c26e3_deleted_at" FROM "teacher_profiles" "TeacherProfile" LEFT JOIN "users" "TeacherProfile__TeacherProfile_user" ON "TeacherProfile__TeacherProfile_user"."id"="TeacherProfile"."user_id" AND ("TeacherProfile__TeacherProfile_user"."deleted_at" IS NULL)  LEFT JOIN "course_teachers" "e7f8696d3533b3b188dc3dd85aa704a64c7e298c" ON "e7f8696d3533b3b188dc3dd85aa704a64c7e298c"."teacher_id"="TeacherProfile__TeacherProfile_user"."id" LEFT JOIN "courses" "6305ca8e648f75bfb54988f030d9f758d15c26e3" ON "6305ca8e648f75bfb54988f030d9f758d15c26e3"."id"="e7f8696d3533b3b188dc3dd85aa704a64c7e298c"."course_id" AND ("6305ca8e648f75bfb54988f030d9f758d15c26e3"."deleted_at" IS NULL) WHERE ( (("TeacherProfile"."user_id" = $1)) ) AND ( "TeacherProfile"."deleted_at" IS NULL )) "distinctAlias" ORDER BY "TeacherProfile_id" ASC LIMIT 1 -- PARAMETERS: [1985]

      at Function.logInfo (../src/platform/PlatformTools.ts:262:17)

    console.log
      query: SELECT "TeacherProfile"."id" AS "TeacherProfile_id", "TeacherProfile"."user_id" AS "TeacherProfile_user_id", "TeacherProfile"."employee_id" AS "TeacherProfile_employee_id", "TeacherProfile"."rank" AS "TeacherProfile_rank", "TeacherProfile"."specialization" AS "TeacherProfile_specialization", "TeacherProfile"."office_location" AS "TeacherProfile_office_location", "TeacherProfile"."office_hours" AS "TeacherProfile_office_hours", "TeacherProfile"."phone" AS "TeacherProfile_phone", "TeacherProfile"."bio" AS "TeacherProfile_bio", "TeacherProfile"."hire_date" AS "TeacherProfile_hire_date", "TeacherProfile"."is_active" AS "TeacherProfile_is_active", "TeacherProfile"."created_at" AS "TeacherProfile_created_at", "TeacherProfile"."updated_at" AS "TeacherProfile_updated_at", "TeacherProfile"."deleted_at" AS "TeacherProfile_deleted_at", "TeacherProfile__TeacherProfile_user"."id" AS "TeacherProfile__TeacherProfile_user_id", "TeacherProfile__TeacherProfile_user"."email" AS "TeacherProfile__TeacherProfile_user_email", "TeacherProfile__TeacherProfile_user"."username" AS "TeacherProfile__TeacherProfile_user_username", "TeacherProfile__TeacherProfile_user"."password_hash" AS "TeacherProfile__TeacherProfile_user_password_hash", "TeacherProfile__TeacherProfile_user"."role" AS "TeacherProfile__TeacherProfile_user_role", "TeacherProfile__TeacherProfile_user"."first_name" AS "TeacherProfile__TeacherProfile_user_first_name", "TeacherProfile__TeacherProfile_user"."last_name" AS "TeacherProfile__TeacherProfile_user_last_name", "TeacherProfile__TeacherProfile_user"."is_active" AS "TeacherProfile__TeacherProfile_user_is_active", "TeacherProfile__TeacherProfile_user"."refresh_token" AS "TeacherProfile__TeacherProfile_user_refresh_token", "TeacherProfile__TeacherProfile_user"."email_verified" AS "TeacherProfile__TeacherProfile_user_email_verified", "TeacherProfile__TeacherProfile_user"."email_verification_token" AS "TeacherProfile__TeacherProfile_user_email_verification_token", "TeacherProfile__TeacherProfile_user"."password_reset_token" AS "TeacherProfile__TeacherProfile_user_password_reset_token", "TeacherProfile__TeacherProfile_user"."password_reset_expires" AS "TeacherProfile__TeacherProfile_user_password_reset_expires", "TeacherProfile__TeacherProfile_user"."failed_login_attempts" AS "TeacherProfile__TeacherProfile_user_failed_login_attempts", "TeacherProfile__TeacherProfile_user"."locked_until" AS "TeacherProfile__TeacherProfile_user_locked_until", "TeacherProfile__TeacherProfile_user"."last_failed_login" AS "TeacherProfile__TeacherProfile_user_last_failed_login", "TeacherProfile__TeacherProfile_user"."created_at" AS "TeacherProfile__TeacherProfile_user_created_at", "TeacherProfile__TeacherProfile_user"."updated_at" AS "TeacherProfile__TeacherProfile_user_updated_at", "TeacherProfile__TeacherProfile_user"."deleted_at" AS "TeacherProfile__TeacherProfile_user_deleted_at", "6305ca8e648f75bfb54988f030d9f758d15c26e3"."id" AS "6305ca8e648f75bfb54988f030d9f758d15c26e3_id", "6305ca8e648f75bfb54988f030d9f758d15c26e3"."course_code" AS "6305ca8e648f75bfb54988f030d9f758d15c26e3_course_code", "6305ca8e648f75bfb54988f030d9f758d15c26e3"."course_name" AS "6305ca8e648f75bfb54988f030d9f758d15c26e3_course_name", "6305ca8e648f75bfb54988f030d9f758d15c26e3"."description" AS "6305ca8e648f75bfb54988f030d9f758d15c26e3_description", "6305ca8e648f75bfb54988f030d9f758d15c26e3"."credits" AS "6305ca8e648f75bfb54988f030d9f758d15c26e3_credits", "6305ca8e648f75bfb54988f030d9f758d15c26e3"."department_id" AS "6305ca8e648f75bfb54988f030d9f758d15c26e3_department_id", "6305ca8e648f75bfb54988f030d9f758d15c26e3"."semester" AS "6305ca8e648f75bfb54988f030d9f758d15c26e3_semester", "6305ca8e648f75bfb54988f030d9f758d15c26e3"."max_students" AS "6305ca8e648f75bfb54988f030d9f758d15c26e3_max_students", "6305ca8e648f75bfb54988f030d9f758d15c26e3"."is_active" AS "6305ca8e648f75bfb54988f030d9f758d15c26e3_is_active", "6305ca8e648f75bfb54988f030d9f758d15c26e3"."created_by" AS "6305ca8e648f75bfb54988f030d9f758d15c26e3_created_by", "6305ca8e648f75bfb54988f030d9f758d15c26e3"."created_at" AS "6305ca8e648f75bfb54988f030d9f758d15c26e3_created_at", "6305ca8e648f75bfb54988f030d9f758d15c26e3"."updated_at" AS "6305ca8e648f75bfb54988f030d9f758d15c26e3_updated_at", "6305ca8e648f75bfb54988f030d9f758d15c26e3"."deleted_at" AS "6305ca8e648f75bfb54988f030d9f758d15c26e3_deleted_at" FROM "teacher_profiles" "TeacherProfile" LEFT JOIN "users" "TeacherProfile__TeacherProfile_user" ON "TeacherProfile__TeacherProfile_user"."id"="TeacherProfile"."user_id" AND ("TeacherProfile__TeacherProfile_user"."deleted_at" IS NULL)  LEFT JOIN "course_teachers" "e7f8696d3533b3b188dc3dd85aa704a64c7e298c" ON "e7f8696d3533b3b188dc3dd85aa704a64c7e298c"."teacher_id"="TeacherProfile__TeacherProfile_user"."id" LEFT JOIN "courses" "6305ca8e648f75bfb54988f030d9f758d15c26e3" ON "6305ca8e648f75bfb54988f030d9f758d15c26e3"."id"="e7f8696d3533b3b188dc3dd85aa704a64c7e298c"."course_id" AND ("6305ca8e648f75bfb54988f030d9f758d15c26e3"."deleted_at" IS NULL) WHERE ( (("TeacherProfile"."user_id" = $1)) ) AND ( "TeacherProfile"."deleted_at" IS NULL ) AND ( "TeacherProfile"."id" IN (249) ) -- PARAMETERS: [1985]

      at Function.logInfo (../src/platform/PlatformTools.ts:262:17)

    console.log
      query: START TRANSACTION

      at Function.logInfo (../src/platform/PlatformTools.ts:262:17)

    console.log
      query: INSERT INTO "users"("email", "username", "password_hash", "role", "first_name", "last_name", "is_active", "refresh_token", "email_verified", "email_verification_token", "password_reset_token", "password_reset_expires", "failed_login_attempts", "locked_until", "last_failed_login", "created_at", "updated_at", "deleted_at") VALUES ($1, $2, $3, $4, $5, $6, $7, DEFAULT, $8, DEFAULT, DEFAULT, DEFAULT, DEFAULT, DEFAULT, DEFAULT, DEFAULT, DEFAULT, DEFAULT) RETURNING "id", "role", "is_active", "email_verified", "failed_login_attempts", "created_at", "updated_at", "deleted_at" -- PARAMETERS: ["teachers_e2e_noprofile_teacher_1769682194610@test.com","teachers_e2e_noprofile_teacher_1769682194610","$2b$10$H3FxXP6KqbTUI0UYKkAY4O.SSxwn.lbCUq3mXSpuW7AjokNqnOBmK","teacher","Testteacher","User",true,true]

      at Function.logInfo (../src/platform/PlatformTools.ts:262:17)

    console.log
      query: COMMIT

      at Function.logInfo (../src/platform/PlatformTools.ts:262:17)

    console.log
      query: SELECT DISTINCT "distinctAlias"."TeacherProfile_id" AS "ids_TeacherProfile_id" FROM (SELECT "TeacherProfile"."id" AS "TeacherProfile_id", "TeacherProfile"."user_id" AS "TeacherProfile_user_id", "TeacherProfile"."employee_id" AS "TeacherProfile_employee_id", "TeacherProfile"."rank" AS "TeacherProfile_rank", "TeacherProfile"."specialization" AS "TeacherProfile_specialization", "TeacherProfile"."office_location" AS "TeacherProfile_office_location", "TeacherProfile"."office_hours" AS "TeacherProfile_office_hours", "TeacherProfile"."phone" AS "TeacherProfile_phone", "TeacherProfile"."bio" AS "TeacherProfile_bio", "TeacherProfile"."hire_date" AS "TeacherProfile_hire_date", "TeacherProfile"."is_active" AS "TeacherProfile_is_active", "TeacherProfile"."created_at" AS "TeacherProfile_created_at", "TeacherProfile"."updated_at" AS "TeacherProfile_updated_at", "TeacherProfile"."deleted_at" AS "TeacherProfile_deleted_at", "TeacherProfile__TeacherProfile_user"."id" AS "TeacherProfile__TeacherProfile_user_id", "TeacherProfile__TeacherProfile_user"."email" AS "TeacherProfile__TeacherProfile_user_email", "TeacherProfile__TeacherProfile_user"."username" AS "TeacherProfile__TeacherProfile_user_username", "TeacherProfile__TeacherProfile_user"."password_hash" AS "TeacherProfile__TeacherProfile_user_password_hash", "TeacherProfile__TeacherProfile_user"."role" AS "TeacherProfile__TeacherProfile_user_role", "TeacherProfile__TeacherProfile_user"."first_name" AS "TeacherProfile__TeacherProfile_user_first_name", "TeacherProfile__TeacherProfile_user"."last_name" AS "TeacherProfile__TeacherProfile_user_last_name", "TeacherProfile__TeacherProfile_user"."is_active" AS "TeacherProfile__TeacherProfile_user_is_active", "TeacherProfile__TeacherProfile_user"."refresh_token" AS "TeacherProfile__TeacherProfile_user_refresh_token", "TeacherProfile__TeacherProfile_user"."email_verified" AS "TeacherProfile__TeacherProfile_user_email_verified", "TeacherProfile__TeacherProfile_user"."email_verification_token" AS "TeacherProfile__TeacherProfile_user_email_verification_token", "TeacherProfile__TeacherProfile_user"."password_reset_token" AS "TeacherProfile__TeacherProfile_user_password_reset_token", "TeacherProfile__TeacherProfile_user"."password_reset_expires" AS "TeacherProfile__TeacherProfile_user_password_reset_expires", "TeacherProfile__TeacherProfile_user"."failed_login_attempts" AS "TeacherProfile__TeacherProfile_user_failed_login_attempts", "TeacherProfile__TeacherProfile_user"."locked_until" AS "TeacherProfile__TeacherProfile_user_locked_until", "TeacherProfile__TeacherProfile_user"."last_failed_login" AS "TeacherProfile__TeacherProfile_user_last_failed_login", "TeacherProfile__TeacherProfile_user"."created_at" AS "TeacherProfile__TeacherProfile_user_created_at", "TeacherProfile__TeacherProfile_user"."updated_at" AS "TeacherProfile__TeacherProfile_user_updated_at", "TeacherProfile__TeacherProfile_user"."deleted_at" AS "TeacherProfile__TeacherProfile_user_deleted_at", "6305ca8e648f75bfb54988f030d9f758d15c26e3"."id" AS "6305ca8e648f75bfb54988f030d9f758d15c26e3_id", "6305ca8e648f75bfb54988f030d9f758d15c26e3"."course_code" AS "6305ca8e648f75bfb54988f030d9f758d15c26e3_course_code", "6305ca8e648f75bfb54988f030d9f758d15c26e3"."course_name" AS "6305ca8e648f75bfb54988f030d9f758d15c26e3_course_name", "6305ca8e648f75bfb54988f030d9f758d15c26e3"."description" AS "6305ca8e648f75bfb54988f030d9f758d15c26e3_description", "6305ca8e648f75bfb54988f030d9f758d15c26e3"."credits" AS "6305ca8e648f75bfb54988f030d9f758d15c26e3_credits", "6305ca8e648f75bfb54988f030d9f758d15c26e3"."department_id" AS "6305ca8e648f75bfb54988f030d9f758d15c26e3_department_id", "6305ca8e648f75bfb54988f030d9f758d15c26e3"."semester" AS "6305ca8e648f75bfb54988f030d9f758d15c26e3_semester", "6305ca8e648f75bfb54988f030d9f758d15c26e3"."max_students" AS "6305ca8e648f75bfb54988f030d9f758d15c26e3_max_students", "6305ca8e648f75bfb54988f030d9f758d15c26e3"."is_active" AS "6305ca8e648f75bfb54988f030d9f758d15c26e3_is_active", "6305ca8e648f75bfb54988f030d9f758d15c26e3"."created_by" AS "6305ca8e648f75bfb54988f030d9f758d15c26e3_created_by", "6305ca8e648f75bfb54988f030d9f758d15c26e3"."created_at" AS "6305ca8e648f75bfb54988f030d9f758d15c26e3_created_at", "6305ca8e648f75bfb54988f030d9f758d15c26e3"."updated_at" AS "6305ca8e648f75bfb54988f030d9f758d15c26e3_updated_at", "6305ca8e648f75bfb54988f030d9f758d15c26e3"."deleted_at" AS "6305ca8e648f75bfb54988f030d9f758d15c26e3_deleted_at" FROM "teacher_profiles" "TeacherProfile" LEFT JOIN "users" "TeacherProfile__TeacherProfile_user" ON "TeacherProfile__TeacherProfile_user"."id"="TeacherProfile"."user_id" AND ("TeacherProfile__TeacherProfile_user"."deleted_at" IS NULL)  LEFT JOIN "course_teachers" "e7f8696d3533b3b188dc3dd85aa704a64c7e298c" ON "e7f8696d3533b3b188dc3dd85aa704a64c7e298c"."teacher_id"="TeacherProfile__TeacherProfile_user"."id" LEFT JOIN "courses" "6305ca8e648f75bfb54988f030d9f758d15c26e3" ON "6305ca8e648f75bfb54988f030d9f758d15c26e3"."id"="e7f8696d3533b3b188dc3dd85aa704a64c7e298c"."course_id" AND ("6305ca8e648f75bfb54988f030d9f758d15c26e3"."deleted_at" IS NULL) WHERE ( (("TeacherProfile"."user_id" = $1)) ) AND ( "TeacherProfile"."deleted_at" IS NULL )) "distinctAlias" ORDER BY "TeacherProfile_id" ASC LIMIT 1 -- PARAMETERS: [1986]

      at Function.logInfo (../src/platform/PlatformTools.ts:262:17)

    console.log
      query: START TRANSACTION

      at Function.logInfo (../src/platform/PlatformTools.ts:262:17)

    console.log
      query: INSERT INTO "users"("email", "username", "password_hash", "role", "first_name", "last_name", "is_active", "refresh_token", "email_verified", "email_verification_token", "password_reset_token", "password_reset_expires", "failed_login_attempts", "locked_until", "last_failed_login", "created_at", "updated_at", "deleted_at") VALUES ($1, $2, $3, $4, $5, $6, $7, DEFAULT, $8, DEFAULT, DEFAULT, DEFAULT, DEFAULT, DEFAULT, DEFAULT, DEFAULT, DEFAULT, DEFAULT) RETURNING "id", "role", "is_active", "email_verified", "failed_login_attempts", "created_at", "updated_at", "deleted_at" -- PARAMETERS: ["teachers_e2e_update_teacher_1769682194981@test.com","teachers_e2e_update_teacher_1769682194981","$2b$10$ahXYHQmjNMEZIfceiYVPn.Q.XfkUyEHsBTXJT0SorOaQHf2hhY8x.","teacher","Testteacher","User",true,true]

      at Function.logInfo (../src/platform/PlatformTools.ts:262:17)

    console.log
      query: COMMIT

      at Function.logInfo (../src/platform/PlatformTools.ts:262:17)

    console.log
      query: START TRANSACTION

      at Function.logInfo (../src/platform/PlatformTools.ts:262:17)

    console.log
      query: INSERT INTO "teacher_profiles"("user_id", "employee_id", "rank", "specialization", "office_location", "office_hours", "phone", "bio", "hire_date", "is_active", "created_at", "updated_at", "deleted_at") VALUES ($1, $2, $3, $4, $5, $6, $7, $8, $9, $10, DEFAULT, DEFAULT, DEFAULT) RETURNING "id", "rank", "is_active", "created_at", "updated_at", "deleted_at" -- PARAMETERS: [1987,"EMP195156","assistant_professor","teachers_e2e Computer Science","Room 101","Mon-Fri 9-11 AM","03001111111","teachers_e2e Test teacher bio","2020-01-01",true]

      at Function.logInfo (../src/platform/PlatformTools.ts:262:17)

    console.log
      query: COMMIT

      at Function.logInfo (../src/platform/PlatformTools.ts:262:17)

    console.log
      query: SELECT "TeacherProfile"."id" AS "TeacherProfile_id", "TeacherProfile"."user_id" AS "TeacherProfile_user_id", "TeacherProfile"."employee_id" AS "TeacherProfile_employee_id", "TeacherProfile"."rank" AS "TeacherProfile_rank", "TeacherProfile"."specialization" AS "TeacherProfile_specialization", "TeacherProfile"."office_location" AS "TeacherProfile_office_location", "TeacherProfile"."office_hours" AS "TeacherProfile_office_hours", "TeacherProfile"."phone" AS "TeacherProfile_phone", "TeacherProfile"."bio" AS "TeacherProfile_bio", "TeacherProfile"."hire_date" AS "TeacherProfile_hire_date", "TeacherProfile"."is_active" AS "TeacherProfile_is_active", "TeacherProfile"."created_at" AS "TeacherProfile_created_at", "TeacherProfile"."updated_at" AS "TeacherProfile_updated_at", "TeacherProfile"."deleted_at" AS "TeacherProfile_deleted_at" FROM "teacher_profiles" "TeacherProfile" WHERE ( (("TeacherProfile"."id" = $1)) ) AND ( "TeacherProfile"."deleted_at" IS NULL ) LIMIT 1 -- PARAMETERS: [250]

      at Function.logInfo (../src/platform/PlatformTools.ts:262:17)

    console.log
      query: SELECT "TeacherProfile"."id" AS "TeacherProfile_id", "TeacherProfile"."user_id" AS "TeacherProfile_user_id", "TeacherProfile"."employee_id" AS "TeacherProfile_employee_id", "TeacherProfile"."rank" AS "TeacherProfile_rank", "TeacherProfile"."specialization" AS "TeacherProfile_specialization", "TeacherProfile"."office_location" AS "TeacherProfile_office_location", "TeacherProfile"."office_hours" AS "TeacherProfile_office_hours", "TeacherProfile"."phone" AS "TeacherProfile_phone", "TeacherProfile"."bio" AS "TeacherProfile_bio", "TeacherProfile"."hire_date" AS "TeacherProfile_hire_date", "TeacherProfile"."is_active" AS "TeacherProfile_is_active", "TeacherProfile"."created_at" AS "TeacherProfile_created_at", "TeacherProfile"."updated_at" AS "TeacherProfile_updated_at", "TeacherProfile"."deleted_at" AS "TeacherProfile_deleted_at" FROM "teacher_profiles" "TeacherProfile" WHERE "TeacherProfile"."id" IN ($1) -- PARAMETERS: [250]

      at Function.logInfo (../src/platform/PlatformTools.ts:262:17)
          at async Promise.all (index 0)
          at async Promise.all (index 0)

    console.log
      query: START TRANSACTION

      at Function.logInfo (../src/platform/PlatformTools.ts:262:17)

    console.log
      query: UPDATE "teacher_profiles" SET "rank" = $1, "specialization" = $2, "office_location" = $3, "updated_at" = CURRENT_TIMESTAMP WHERE "id" IN ($4) RETURNING "updated_at" -- PARAMETERS: ["associate_professor","Data Science","Room 202",250]

      at Function.logInfo (../src/platform/PlatformTools.ts:262:17)
          at async Promise.all (index 0)

    console.log
      query: COMMIT

      at Function.logInfo (../src/platform/PlatformTools.ts:262:17)

    console.log
      query: START TRANSACTION

      at Function.logInfo (../src/platform/PlatformTools.ts:262:17)

    console.log
      query: INSERT INTO "users"("email", "username", "password_hash", "role", "first_name", "last_name", "is_active", "refresh_token", "email_verified", "email_verification_token", "password_reset_token", "password_reset_expires", "failed_login_attempts", "locked_until", "last_failed_login", "created_at", "updated_at", "deleted_at") VALUES ($1, $2, $3, $4, $5, $6, $7, DEFAULT, $8, DEFAULT, DEFAULT, DEFAULT, DEFAULT, DEFAULT, DEFAULT, DEFAULT, DEFAULT, DEFAULT) RETURNING "id", "role", "is_active", "email_verified", "failed_login_attempts", "created_at", "updated_at", "deleted_at" -- PARAMETERS: ["teachers_e2e_delete_teacher_1769682195217@test.com","teachers_e2e_delete_teacher_1769682195217","$2b$10$C4W0bVev.kY.BqFGOWwjUOtqjCmb8x1V4i31Euj.VyBK0ocw7ql4q","teacher","Testteacher","User",true,true]

      at Function.logInfo (../src/platform/PlatformTools.ts:262:17)

    console.log
      query: COMMIT

      at Function.logInfo (../src/platform/PlatformTools.ts:262:17)

    console.log
      query: START TRANSACTION

      at Function.logInfo (../src/platform/PlatformTools.ts:262:17)

    console.log
      query: INSERT INTO "teacher_profiles"("user_id", "employee_id", "rank", "specialization", "office_location", "office_hours", "phone", "bio", "hire_date", "is_active", "created_at", "updated_at", "deleted_at") VALUES ($1, $2, $3, $4, $5, $6, $7, $8, $9, $10, DEFAULT, DEFAULT, DEFAULT) RETURNING "id", "rank", "is_active", "created_at", "updated_at", "deleted_at" -- PARAMETERS: [1988,"EMP195402","assistant_professor","teachers_e2e Computer Science","Room 101","Mon-Fri 9-11 AM","03001111111","teachers_e2e Test teacher bio","2020-01-01",true]

      at Function.logInfo (../src/platform/PlatformTools.ts:262:17)

    console.log
      query: COMMIT

      at Function.logInfo (../src/platform/PlatformTools.ts:262:17)

    console.log
      query: SELECT "TeacherProfile"."id" AS "TeacherProfile_id", "TeacherProfile"."user_id" AS "TeacherProfile_user_id", "TeacherProfile"."employee_id" AS "TeacherProfile_employee_id", "TeacherProfile"."rank" AS "TeacherProfile_rank", "TeacherProfile"."specialization" AS "TeacherProfile_specialization", "TeacherProfile"."office_location" AS "TeacherProfile_office_location", "TeacherProfile"."office_hours" AS "TeacherProfile_office_hours", "TeacherProfile"."phone" AS "TeacherProfile_phone", "TeacherProfile"."bio" AS "TeacherProfile_bio", "TeacherProfile"."hire_date" AS "TeacherProfile_hire_date", "TeacherProfile"."is_active" AS "TeacherProfile_is_active", "TeacherProfile"."created_at" AS "TeacherProfile_created_at", "TeacherProfile"."updated_at" AS "TeacherProfile_updated_at", "TeacherProfile"."deleted_at" AS "TeacherProfile_deleted_at" FROM "teacher_profiles" "TeacherProfile" WHERE ( (("TeacherProfile"."id" = $1)) ) AND ( "TeacherProfile"."deleted_at" IS NULL ) LIMIT 1 -- PARAMETERS: [251]

      at Function.logInfo (../src/platform/PlatformTools.ts:262:17)

    console.log
      query: SELECT "TeacherProfile"."id" AS "TeacherProfile_id", "TeacherProfile"."user_id" AS "TeacherProfile_user_id", "TeacherProfile"."employee_id" AS "TeacherProfile_employee_id", "TeacherProfile"."rank" AS "TeacherProfile_rank", "TeacherProfile"."specialization" AS "TeacherProfile_specialization", "TeacherProfile"."office_location" AS "TeacherProfile_office_location", "TeacherProfile"."office_hours" AS "TeacherProfile_office_hours", "TeacherProfile"."phone" AS "TeacherProfile_phone", "TeacherProfile"."bio" AS "TeacherProfile_bio", "TeacherProfile"."hire_date" AS "TeacherProfile_hire_date", "TeacherProfile"."is_active" AS "TeacherProfile_is_active", "TeacherProfile"."created_at" AS "TeacherProfile_created_at", "TeacherProfile"."updated_at" AS "TeacherProfile_updated_at", "TeacherProfile"."deleted_at" AS "TeacherProfile_deleted_at" FROM "teacher_profiles" "TeacherProfile" WHERE "TeacherProfile"."id" IN ($1) -- PARAMETERS: [251]

      at Function.logInfo (../src/platform/PlatformTools.ts:262:17)
          at async Promise.all (index 0)
          at async Promise.all (index 0)

    console.log
      query: START TRANSACTION

      at Function.logInfo (../src/platform/PlatformTools.ts:262:17)

    console.log
      query: UPDATE "teacher_profiles" SET "deleted_at" = CURRENT_TIMESTAMP, "updated_at" = CURRENT_TIMESTAMP WHERE "id" IN ($1) RETURNING "updated_at", "deleted_at" -- PARAMETERS: [251]

      at Function.logInfo (../src/platform/PlatformTools.ts:262:17)
          at async Promise.all (index 0)

    console.log
      query: COMMIT

      at Function.logInfo (../src/platform/PlatformTools.ts:262:17)

    console.log
      query: SELECT DISTINCT "distinctAlias"."TeacherProfile_id" AS "ids_TeacherProfile_id" FROM (SELECT "TeacherProfile"."id" AS "TeacherProfile_id", "TeacherProfile"."user_id" AS "TeacherProfile_user_id", "TeacherProfile"."employee_id" AS "TeacherProfile_employee_id", "TeacherProfile"."rank" AS "TeacherProfile_rank", "TeacherProfile"."specialization" AS "TeacherProfile_specialization", "TeacherProfile"."office_location" AS "TeacherProfile_office_location", "TeacherProfile"."office_hours" AS "TeacherProfile_office_hours", "TeacherProfile"."phone" AS "TeacherProfile_phone", "TeacherProfile"."bio" AS "TeacherProfile_bio", "TeacherProfile"."hire_date" AS "TeacherProfile_hire_date", "TeacherProfile"."is_active" AS "TeacherProfile_is_active", "TeacherProfile"."created_at" AS "TeacherProfile_created_at", "TeacherProfile"."updated_at" AS "TeacherProfile_updated_at", "TeacherProfile"."deleted_at" AS "TeacherProfile_deleted_at", "TeacherProfile__TeacherProfile_user"."id" AS "TeacherProfile__TeacherProfile_user_id", "TeacherProfile__TeacherProfile_user"."email" AS "TeacherProfile__TeacherProfile_user_email", "TeacherProfile__TeacherProfile_user"."username" AS "TeacherProfile__TeacherProfile_user_username", "TeacherProfile__TeacherProfile_user"."password_hash" AS "TeacherProfile__TeacherProfile_user_password_hash", "TeacherProfile__TeacherProfile_user"."role" AS "TeacherProfile__TeacherProfile_user_role", "TeacherProfile__TeacherProfile_user"."first_name" AS "TeacherProfile__TeacherProfile_user_first_name", "TeacherProfile__TeacherProfile_user"."last_name" AS "TeacherProfile__TeacherProfile_user_last_name", "TeacherProfile__TeacherProfile_user"."is_active" AS "TeacherProfile__TeacherProfile_user_is_active", "TeacherProfile__TeacherProfile_user"."refresh_token" AS "TeacherProfile__TeacherProfile_user_refresh_token", "TeacherProfile__TeacherProfile_user"."email_verified" AS "TeacherProfile__TeacherProfile_user_email_verified", "TeacherProfile__TeacherProfile_user"."email_verification_token" AS "TeacherProfile__TeacherProfile_user_email_verification_token", "TeacherProfile__TeacherProfile_user"."password_reset_token" AS "TeacherProfile__TeacherProfile_user_password_reset_token", "TeacherProfile__TeacherProfile_user"."password_reset_expires" AS "TeacherProfile__TeacherProfile_user_password_reset_expires", "TeacherProfile__TeacherProfile_user"."failed_login_attempts" AS "TeacherProfile__TeacherProfile_user_failed_login_attempts", "TeacherProfile__TeacherProfile_user"."locked_until" AS "TeacherProfile__TeacherProfile_user_locked_until", "TeacherProfile__TeacherProfile_user"."last_failed_login" AS "TeacherProfile__TeacherProfile_user_last_failed_login", "TeacherProfile__TeacherProfile_user"."created_at" AS "TeacherProfile__TeacherProfile_user_created_at", "TeacherProfile__TeacherProfile_user"."updated_at" AS "TeacherProfile__TeacherProfile_user_updated_at", "TeacherProfile__TeacherProfile_user"."deleted_at" AS "TeacherProfile__TeacherProfile_user_deleted_at", "6305ca8e648f75bfb54988f030d9f758d15c26e3"."id" AS "6305ca8e648f75bfb54988f030d9f758d15c26e3_id", "6305ca8e648f75bfb54988f030d9f758d15c26e3"."course_code" AS "6305ca8e648f75bfb54988f030d9f758d15c26e3_course_code", "6305ca8e648f75bfb54988f030d9f758d15c26e3"."course_name" AS "6305ca8e648f75bfb54988f030d9f758d15c26e3_course_name", "6305ca8e648f75bfb54988f030d9f758d15c26e3"."description" AS "6305ca8e648f75bfb54988f030d9f758d15c26e3_description", "6305ca8e648f75bfb54988f030d9f758d15c26e3"."credits" AS "6305ca8e648f75bfb54988f030d9f758d15c26e3_credits", "6305ca8e648f75bfb54988f030d9f758d15c26e3"."department_id" AS "6305ca8e648f75bfb54988f030d9f758d15c26e3_department_id", "6305ca8e648f75bfb54988f030d9f758d15c26e3"."semester" AS "6305ca8e648f75bfb54988f030d9f758d15c26e3_semester", "6305ca8e648f75bfb54988f030d9f758d15c26e3"."max_students" AS "6305ca8e648f75bfb54988f030d9f758d15c26e3_max_students", "6305ca8e648f75bfb54988f030d9f758d15c26e3"."is_active" AS "6305ca8e648f75bfb54988f030d9f758d15c26e3_is_active", "6305ca8e648f75bfb54988f030d9f758d15c26e3"."created_by" AS "6305ca8e648f75bfb54988f030d9f758d15c26e3_created_by", "6305ca8e648f75bfb54988f030d9f758d15c26e3"."created_at" AS "6305ca8e648f75bfb54988f030d9f758d15c26e3_created_at", "6305ca8e648f75bfb54988f030d9f758d15c26e3"."updated_at" AS "6305ca8e648f75bfb54988f030d9f758d15c26e3_updated_at", "6305ca8e648f75bfb54988f030d9f758d15c26e3"."deleted_at" AS "6305ca8e648f75bfb54988f030d9f758d15c26e3_deleted_at" FROM "teacher_profiles" "TeacherProfile" LEFT JOIN "users" "TeacherProfile__TeacherProfile_user" ON "TeacherProfile__TeacherProfile_user"."id"="TeacherProfile"."user_id" AND ("TeacherProfile__TeacherProfile_user"."deleted_at" IS NULL)  LEFT JOIN "course_teachers" "e7f8696d3533b3b188dc3dd85aa704a64c7e298c" ON "e7f8696d3533b3b188dc3dd85aa704a64c7e298c"."teacher_id"="TeacherProfile__TeacherProfile_user"."id" LEFT JOIN "courses" "6305ca8e648f75bfb54988f030d9f758d15c26e3" ON "6305ca8e648f75bfb54988f030d9f758d15c26e3"."id"="e7f8696d3533b3b188dc3dd85aa704a64c7e298c"."course_id" AND ("6305ca8e648f75bfb54988f030d9f758d15c26e3"."deleted_at" IS NULL) WHERE ( (("TeacherProfile"."id" = $1)) ) AND ( "TeacherProfile"."deleted_at" IS NULL )) "distinctAlias" ORDER BY "TeacherProfile_id" ASC LIMIT 1 -- PARAMETERS: [251]

      at Function.logInfo (../src/platform/PlatformTools.ts:262:17)

    console.log
      query: START TRANSACTION

      at Function.logInfo (../src/platform/PlatformTools.ts:262:17)

    console.log
      query: INSERT INTO "users"("email", "username", "password_hash", "role", "first_name", "last_name", "is_active", "refresh_token", "email_verified", "email_verification_token", "password_reset_token", "password_reset_expires", "failed_login_attempts", "locked_until", "last_failed_login", "created_at", "updated_at", "deleted_at") VALUES ($1, $2, $3, $4, $5, $6, $7, DEFAULT, $8, DEFAULT, DEFAULT, DEFAULT, DEFAULT, DEFAULT, DEFAULT, DEFAULT, DEFAULT, DEFAULT) RETURNING "id", "role", "is_active", "email_verified", "failed_login_attempts", "created_at", "updated_at", "deleted_at" -- PARAMETERS: ["teachers_e2e_nodelete_teacher_1769682195469@test.com","teachers_e2e_nodelete_teacher_1769682195469","$2b$10$1PZJtnwfOEGMv2rMlZRvruac2SlEOA0RCe5Aaj/qHE2VraA1NYgaO","teacher","Testteacher","User",true,true]

      at Function.logInfo (../src/platform/PlatformTools.ts:262:17)

    console.log
      query: COMMIT

      at Function.logInfo (../src/platform/PlatformTools.ts:262:17)

    console.log
      query: START TRANSACTION

      at Function.logInfo (../src/platform/PlatformTools.ts:262:17)

    console.log
      query: INSERT INTO "teacher_profiles"("user_id", "employee_id", "rank", "specialization", "office_location", "office_hours", "phone", "bio", "hire_date", "is_active", "created_at", "updated_at", "deleted_at") VALUES ($1, $2, $3, $4, $5, $6, $7, $8, $9, $10, DEFAULT, DEFAULT, DEFAULT) RETURNING "id", "rank", "is_active", "created_at", "updated_at", "deleted_at" -- PARAMETERS: [1989,"EMP195636","assistant_professor","teachers_e2e Computer Science","Room 101","Mon-Fri 9-11 AM","03001111111","teachers_e2e Test teacher bio","2020-01-01",true]

      at Function.logInfo (../src/platform/PlatformTools.ts:262:17)

    console.log
      query: COMMIT

      at Function.logInfo (../src/platform/PlatformTools.ts:262:17)

    console.log
      query: DELETE FROM "users" WHERE "email" LIKE $1 -- PARAMETERS: ["teachers_e2e_%@test.com"]

      at Function.logInfo (../src/platform/PlatformTools.ts:262:17)

[Nest] 6540  - 01/29/2026, 3:23:22 PM   ERROR [Testing] Health Check has failed! {"database":{"status":"up"},"memory_rss":{"status":"up"},"storage":{"status":"up"},"memory_heap":{"status":"down","message":"Used heap exceeded the set threshold"}}
PASS test/health.e2e-spec.ts (10.558 s)
  ΓùÅ Console

    console.log
      query: SELECT version()

      at Function.logInfo (../src/platform/PlatformTools.ts:262:17)

    console.log
      query: SELECT * FROM current_schema()

      at Function.logInfo (../src/platform/PlatformTools.ts:262:17)

    console.log
      query: START TRANSACTION

      at Function.logInfo (../src/platform/PlatformTools.ts:262:17)

    console.log
      query: SELECT * FROM current_schema()

      at Function.logInfo (../src/platform/PlatformTools.ts:262:17)

    console.log
      query: SELECT * FROM current_database()

      at Function.logInfo (../src/platform/PlatformTools.ts:262:17)

    console.log
      query: SELECT "table_schema", "table_name", obj_description(('"' || "table_schema" || '"."' || "table_name" || '"')::regclass, 'pg_class') AS table_comment FROM "information_schema"."tables" WHERE ("table_schema" = 'public' AND "table_name" = 'grades') OR ("table_schema" = 'public' AND "table_name" = 'attendance') OR ("table_schema" = 'public' AND "table_name" = 'faculties') OR ("table_schema" = 'public' AND "table_name" = 'departments') OR ("table_schema" = 'public' AND "table_name" = 'courses') OR ("table_schema" = 'public' AND "table_name" = 'enrollments') OR ("table_schema" = 'public' AND "table_name" = 'students') OR ("table_schema" = 'public' AND "table_name" = 'users') OR ("table_schema" = 'public' AND "table_name" = 'academic_terms') OR ("table_schema" = 'public' AND "table_name" = 'classrooms') OR ("table_schema" = 'public' AND "table_name" = 'schedules') OR ("table_schema" = 'public' AND "table_name" = 'audit_logs') OR ("table_schema" = 'public' AND "table_name" = 'teacher_profiles') OR ("table_schema" = 'public' AND "table_name" = 'grades') OR ("table_schema" = 'public' AND "table_name" = 'attendance') OR ("table_schema" = 'public' AND "table_name" = 'faculties') OR ("table_schema" = 'public' AND "table_name" = 'departments') OR ("table_schema" = 'public' AND "table_name" = 'courses') OR ("table_schema" = 'public' AND "table_name" = 'enrollments') OR ("table_schema" = 'public' AND "table_name" = 'students') OR ("table_schema" = 'public' AND "table_name" = 'users') OR ("table_schema" = 'public' AND "table_name" = 'teacher_profiles') OR ("table_schema" = 'public' AND "table_name" = 'classrooms') OR ("table_schema" = 'public' AND "table_name" = 'schedules') OR ("table_schema" = 'public' AND "table_name" = 'audit_logs') OR ("table_schema" = 'public' AND "table_name" = 'academic_terms') OR ("table_schema" = 'public' AND "table_name" = 'course_teachers') OR ("table_schema" = 'public' AND "table_name" = 'course_prerequisites') OR ("table_schema" = 'public' AND "table_name" = 'course_teachers') OR ("table_schema" = 'public' AND "table_name" = 'course_prerequisites')

      at Function.logInfo (../src/platform/PlatformTools.ts:262:17)

    console.log
      query: SELECT TRUE FROM information_schema.columns WHERE table_name = 'pg_class' and column_name = 'relispartition'

      at Function.logInfo (../src/platform/PlatformTools.ts:262:17)

    console.log
      query: SELECT columns.*, pg_catalog.col_description(('"' || table_catalog || '"."' || table_schema || '"."' || table_name || '"')::regclass::oid, ordinal_position) AS description, ('"' || "udt_schema" || '"."' || "udt_name" || '"')::"regtype"::text AS "regtype", pg_catalog.format_type("col_attr"."atttypid", "col_attr"."atttypmod") AS "format_type" FROM "information_schema"."columns" LEFT JOIN "pg_catalog"."pg_attribute" AS "col_attr" ON "col_attr"."attname" = "columns"."column_name" AND "col_attr"."attrelid" = ( SELECT "cls"."oid" FROM "pg_catalog"."pg_class" AS "cls" LEFT JOIN "pg_catalog"."pg_namespace" AS "ns" ON "ns"."oid" = "cls"."relnamespace" WHERE "cls"."relname" = "columns"."table_name" AND "ns"."nspname" = "columns"."table_schema" ) WHERE ("table_schema" = 'public' AND "table_name" = 'course_teachers') OR ("table_schema" = 'public' AND "table_name" = 'classrooms') OR ("table_schema" = 'public' AND "table_name" = 'schedules') OR ("table_schema" = 'public' AND "table_name" = 'audit_logs') OR ("table_schema" = 'public' AND "table_name" = 'course_prerequisites') OR ("table_schema" = 'public' AND "table_name" = 'courses') OR ("table_schema" = 'public' AND "table_name" = 'grades') OR ("table_schema" = 'public' AND "table_name" = 'enrollments') OR ("table_schema" = 'public' AND "table_name" = 'faculties') OR ("table_schema" = 'public' AND "table_name" = 'departments') OR ("table_schema" = 'public' AND "table_name" = 'students') OR ("table_schema" = 'public' AND "table_name" = 'users') OR ("table_schema" = 'public' AND "table_name" = 'academic_terms') OR ("table_schema" = 'public' AND "table_name" = 'teacher_profiles') OR ("table_schema" = 'public' AND "table_name" = 'attendance')

      at Function.logInfo (../src/platform/PlatformTools.ts:262:17)
          at async Promise.all (index 0)

    console.log
      query: SELECT "ns"."nspname" AS "table_schema", "t"."relname" AS "table_name", "cnst"."conname" AS "constraint_name", pg_get_constraintdef("cnst"."oid") AS "expression", CASE "cnst"."contype" WHEN 'p' THEN 'PRIMARY' WHEN 'u' THEN 'UNIQUE' WHEN 'c' THEN 'CHECK' WHEN 'x' THEN 'EXCLUDE' END AS "constraint_type", "a"."attname" AS "column_name" FROM "pg_constraint" "cnst" INNER JOIN "pg_class" "t" ON "t"."oid" = "cnst"."conrelid" INNER JOIN "pg_namespace" "ns" ON "ns"."oid" = "cnst"."connamespace" LEFT JOIN "pg_attribute" "a" ON "a"."attrelid" = "cnst"."conrelid" AND "a"."attnum" = ANY ("cnst"."conkey") WHERE "t"."relkind" IN ('r', 'p') AND (("ns"."nspname" = 'public' AND "t"."relname" = 'course_teachers') OR ("ns"."nspname" = 'public' AND "t"."relname" = 'classrooms') OR ("ns"."nspname" = 'public' AND "t"."relname" = 'schedules') OR ("ns"."nspname" = 'public' AND "t"."relname" = 'audit_logs') OR ("ns"."nspname" = 'public' AND "t"."relname" = 'course_prerequisites') OR ("ns"."nspname" = 'public' AND "t"."relname" = 'courses') OR ("ns"."nspname" = 'public' AND "t"."relname" = 'grades') OR ("ns"."nspname" = 'public' AND "t"."relname" = 'enrollments') OR ("ns"."nspname" = 'public' AND "t"."relname" = 'faculties') OR ("ns"."nspname" = 'public' AND "t"."relname" = 'departments') OR ("ns"."nspname" = 'public' AND "t"."relname" = 'students') OR ("ns"."nspname" = 'public' AND "t"."relname" = 'users') OR ("ns"."nspname" = 'public' AND "t"."relname" = 'academic_terms') OR ("ns"."nspname" = 'public' AND "t"."relname" = 'teacher_profiles') OR ("ns"."nspname" = 'public' AND "t"."relname" = 'attendance'))

      at Function.logInfo (../src/platform/PlatformTools.ts:262:17)
          at async Promise.all (index 1)

    console.log
      query: SELECT "ns"."nspname" AS "table_schema", "t"."relname" AS "table_name", "i"."relname" AS "constraint_name", "a"."attname" AS "column_name", CASE "ix"."indisunique" WHEN 't' THEN 'TRUE' ELSE'FALSE' END AS "is_unique", pg_get_expr("ix"."indpred", "ix"."indrelid") AS "condition", "types"."typname" AS "type_name", "am"."amname" AS "index_type" FROM "pg_class" "t" INNER JOIN "pg_index" "ix" ON "ix"."indrelid" = "t"."oid" INNER JOIN "pg_attribute" "a" ON "a"."attrelid" = "t"."oid"  AND "a"."attnum" = ANY ("ix"."indkey") INNER JOIN "pg_namespace" "ns" ON "ns"."oid" = "t"."relnamespace" INNER JOIN "pg_class" "i" ON "i"."oid" = "ix"."indexrelid" INNER JOIN "pg_type" "types" ON "types"."oid" = "a"."atttypid" INNER JOIN "pg_am" "am" ON "i"."relam" = "am"."oid" LEFT JOIN "pg_constraint" "cnst" ON "cnst"."conname" = "i"."relname" WHERE "t"."relkind" IN ('r', 'p') AND "cnst"."contype" IS NULL AND (("ns"."nspname" = 'public' AND "t"."relname" = 'course_teachers') OR ("ns"."nspname" = 'public' AND "t"."relname" = 'classrooms') OR ("ns"."nspname" = 'public' AND "t"."relname" = 'schedules') OR ("ns"."nspname" = 'public' AND "t"."relname" = 'audit_logs') OR ("ns"."nspname" = 'public' AND "t"."relname" = 'course_prerequisites') OR ("ns"."nspname" = 'public' AND "t"."relname" = 'courses') OR ("ns"."nspname" = 'public' AND "t"."relname" = 'grades') OR ("ns"."nspname" = 'public' AND "t"."relname" = 'enrollments') OR ("ns"."nspname" = 'public' AND "t"."relname" = 'faculties') OR ("ns"."nspname" = 'public' AND "t"."relname" = 'departments') OR ("ns"."nspname" = 'public' AND "t"."relname" = 'students') OR ("ns"."nspname" = 'public' AND "t"."relname" = 'users') OR ("ns"."nspname" = 'public' AND "t"."relname" = 'academic_terms') OR ("ns"."nspname" = 'public' AND "t"."relname" = 'teacher_profiles') OR ("ns"."nspname" = 'public' AND "t"."relname" = 'attendance'))

      at Function.logInfo (../src/platform/PlatformTools.ts:262:17)
          at async Promise.all (index 2)

    console.log
      query: SELECT "con"."conname" AS "constraint_name", "con"."nspname" AS "table_schema", "con"."relname" AS "table_name", "att2"."attname" AS "column_name", "ns"."nspname" AS "referenced_table_schema", "cl"."relname" AS "referenced_table_name", "att"."attname" AS "referenced_column_name", "con"."confdeltype" AS "on_delete", "con"."confupdtype" AS "on_update", "con"."condeferrable" AS "deferrable", "con"."condeferred" AS "deferred" FROM ( SELECT UNNEST ("con1"."conkey") AS "parent", UNNEST ("con1"."confkey") AS "child", "con1"."confrelid", "con1"."conrelid", "con1"."conname", "con1"."contype", "ns"."nspname", "cl"."relname", "con1"."condeferrable", CASE WHEN "con1"."condeferred" THEN 'INITIALLY DEFERRED' ELSE 'INITIALLY IMMEDIATE' END as condeferred, CASE "con1"."confdeltype" WHEN 'a' THEN 'NO ACTION' WHEN 'r' THEN 'RESTRICT' WHEN 'c' THEN 'CASCADE' WHEN 'n' THEN 'SET NULL' WHEN 'd' THEN 'SET DEFAULT' END as "confdeltype", CASE "con1"."confupdtype" WHEN 'a' THEN 'NO ACTION' WHEN 'r' THEN 'RESTRICT' WHEN 'c' THEN 'CASCADE' WHEN 'n' THEN 'SET NULL' WHEN 'd' THEN 'SET DEFAULT' END as "confupdtype" FROM "pg_class" "cl" INNER JOIN "pg_namespace" "ns" ON "cl"."relnamespace" = "ns"."oid" INNER JOIN "pg_constraint" "con1" ON "con1"."conrelid" = "cl"."oid" WHERE "con1"."contype" = 'f' AND (("ns"."nspname" = 'public' AND "cl"."relname" = 'course_teachers') OR ("ns"."nspname" = 'public' AND "cl"."relname" = 'classrooms') OR ("ns"."nspname" = 'public' AND "cl"."relname" = 'schedules') OR ("ns"."nspname" = 'public' AND "cl"."relname" = 'audit_logs') OR ("ns"."nspname" = 'public' AND "cl"."relname" = 'course_prerequisites') OR ("ns"."nspname" = 'public' AND "cl"."relname" = 'courses') OR ("ns"."nspname" = 'public' AND "cl"."relname" = 'grades') OR ("ns"."nspname" = 'public' AND "cl"."relname" = 'enrollments') OR ("ns"."nspname" = 'public' AND "cl"."relname" = 'faculties') OR ("ns"."nspname" = 'public' AND "cl"."relname" = 'departments') OR ("ns"."nspname" = 'public' AND "cl"."relname" = 'students') OR ("ns"."nspname" = 'public' AND "cl"."relname" = 'users') OR ("ns"."nspname" = 'public' AND "cl"."relname" = 'academic_terms') OR ("ns"."nspname" = 'public' AND "cl"."relname" = 'teacher_profiles') OR ("ns"."nspname" = 'public' AND "cl"."relname" = 'attendance')) ) "con" INNER JOIN "pg_attribute" "att" ON "att"."attrelid" = "con"."confrelid" AND "att"."attnum" = "con"."child" INNER JOIN "pg_class" "cl" ON "cl"."oid" = "con"."confrelid"  AND "cl"."relispartition" = 'f'INNER JOIN "pg_namespace" "ns" ON "cl"."relnamespace" = "ns"."oid" INNER JOIN "pg_attribute" "att2" ON "att2"."attrelid" = "con"."conrelid" AND "att2"."attnum" = "con"."parent"

      at Function.logInfo (../src/platform/PlatformTools.ts:262:17)
          at async Promise.all (index 3)

    console.log
      query: SELECT "udt_schema", "udt_name" FROM "information_schema"."columns" WHERE "table_schema" = 'public' AND "table_name" = 'classrooms' AND "column_name"='type'

      at Function.logInfo (../src/platform/PlatformTools.ts:262:17)
          at async Promise.all (index 4)
          at async Promise.all (index 1)

    console.log
      query: SELECT "udt_schema", "udt_name" FROM "information_schema"."columns" WHERE "table_schema" = 'public' AND "table_name" = 'enrollments' AND "column_name"='status'

      at Function.logInfo (../src/platform/PlatformTools.ts:262:17)
          at async Promise.all (index 4)
          at async Promise.all (index 7)

    console.log
      query: SELECT "udt_schema", "udt_name" FROM "information_schema"."columns" WHERE "table_schema" = 'public' AND "table_name" = 'students' AND "column_name"='gender'

      at Function.logInfo (../src/platform/PlatformTools.ts:262:17)
          at async Promise.all (index 4)
          at async Promise.all (index 10)

    console.log
      query: SELECT "udt_schema", "udt_name" FROM "information_schema"."columns" WHERE "table_schema" = 'public' AND "table_name" = 'users' AND "column_name"='role'

      at Function.logInfo (../src/platform/PlatformTools.ts:262:17)
          at async Promise.all (index 4)
          at async Promise.all (index 11)

    console.log
      query: SELECT "udt_schema", "udt_name" FROM "information_schema"."columns" WHERE "table_schema" = 'public' AND "table_name" = 'teacher_profiles' AND "column_name"='rank'

      at Function.logInfo (../src/platform/PlatformTools.ts:262:17)
          at async Promise.all (index 2)
          at async Promise.all (index 13)

    console.log
      query: SELECT "udt_schema", "udt_name" FROM "information_schema"."columns" WHERE "table_schema" = 'public' AND "table_name" = 'attendance' AND "column_name"='status'

      at Function.logInfo (../src/platform/PlatformTools.ts:262:17)
          at async Promise.all (index 4)
          at async Promise.all (index 14)

    console.log
      query: SELECT "e"."enumlabel" AS "value" FROM "pg_enum" "e" INNER JOIN "pg_type" "t" ON "t"."oid" = "e"."enumtypid" INNER JOIN "pg_namespace" "n" ON "n"."oid" = "t"."typnamespace" WHERE "n"."nspname" = 'public' AND "t"."typname" = 'classrooms_type_enum'

      at Function.logInfo (../src/platform/PlatformTools.ts:262:17)
          at async Promise.all (index 4)
          at async Promise.all (index 1)

    console.log
      query: SELECT "e"."enumlabel" AS "value" FROM "pg_enum" "e" INNER JOIN "pg_type" "t" ON "t"."oid" = "e"."enumtypid" INNER JOIN "pg_namespace" "n" ON "n"."oid" = "t"."typnamespace" WHERE "n"."nspname" = 'public' AND "t"."typname" = 'enrollments_status_enum'

      at Function.logInfo (../src/platform/PlatformTools.ts:262:17)
          at async Promise.all (index 4)
          at async Promise.all (index 7)

    console.log
      query: SELECT "e"."enumlabel" AS "value" FROM "pg_enum" "e" INNER JOIN "pg_type" "t" ON "t"."oid" = "e"."enumtypid" INNER JOIN "pg_namespace" "n" ON "n"."oid" = "t"."typnamespace" WHERE "n"."nspname" = 'public' AND "t"."typname" = 'students_gender_enum'

      at Function.logInfo (../src/platform/PlatformTools.ts:262:17)
          at async Promise.all (index 4)
          at async Promise.all (index 10)

    console.log
      query: SELECT "e"."enumlabel" AS "value" FROM "pg_enum" "e" INNER JOIN "pg_type" "t" ON "t"."oid" = "e"."enumtypid" INNER JOIN "pg_namespace" "n" ON "n"."oid" = "t"."typnamespace" WHERE "n"."nspname" = 'public' AND "t"."typname" = 'users_role_enum'

      at Function.logInfo (../src/platform/PlatformTools.ts:262:17)
          at async Promise.all (index 4)
          at async Promise.all (index 11)

    console.log
      query: SELECT "e"."enumlabel" AS "value" FROM "pg_enum" "e" INNER JOIN "pg_type" "t" ON "t"."oid" = "e"."enumtypid" INNER JOIN "pg_namespace" "n" ON "n"."oid" = "t"."typnamespace" WHERE "n"."nspname" = 'public' AND "t"."typname" = 'teacher_profiles_rank_enum'

      at Function.logInfo (../src/platform/PlatformTools.ts:262:17)
          at async Promise.all (index 2)
          at async Promise.all (index 13)

    console.log
      query: SELECT "e"."enumlabel" AS "value" FROM "pg_enum" "e" INNER JOIN "pg_type" "t" ON "t"."oid" = "e"."enumtypid" INNER JOIN "pg_namespace" "n" ON "n"."oid" = "t"."typnamespace" WHERE "n"."nspname" = 'public' AND "t"."typname" = 'attendance_status_enum'

      at Function.logInfo (../src/platform/PlatformTools.ts:262:17)
          at async Promise.all (index 4)
          at async Promise.all (index 14)

    console.log
      query: SELECT * FROM "information_schema"."tables" WHERE "table_schema" = 'public' AND "table_name" = 'typeorm_metadata'

      at Function.logInfo (../src/platform/PlatformTools.ts:262:17)

    console.log
      query: ALTER TABLE "grades" ALTER COLUMN "weightage" SET DEFAULT '100.00'

      at Function.logInfo (../src/platform/PlatformTools.ts:262:17)

    console.log
      query: ALTER TABLE "enrollments" ALTER COLUMN "attendance_percentage" SET DEFAULT '100.00'

      at Function.logInfo (../src/platform/PlatformTools.ts:262:17)

    console.log
      query: ALTER TABLE "grades" ALTER COLUMN "weightage" SET DEFAULT '100.00'

      at Function.logInfo (../src/platform/PlatformTools.ts:262:17)

    console.log
      query: ALTER TABLE "enrollments" ALTER COLUMN "attendance_percentage" SET DEFAULT '100.00'

      at Function.logInfo (../src/platform/PlatformTools.ts:262:17)

    console.log
      query: COMMIT

      at Function.logInfo (../src/platform/PlatformTools.ts:262:17)

    console.log
      query: SELECT 1

      at Function.logInfo (../src/platform/PlatformTools.ts:262:17)

    console.log
      query: SELECT 1

      at Function.logInfo (../src/platform/PlatformTools.ts:262:17)

[Nest] 12380  - 01/29/2026, 3:23:24 PM   ERROR [MailService] Failed to send email to e2etest@example.com
[Nest] 12380  - 01/29/2026, 3:23:24 PM   ERROR [MailService] Error: Invalid login: 535 Authentication failed
    at SMTPConnection._formatError (F:\work\students-management\backend\node_modules\nodemailer\lib\smtp-connection\index.js:809:19)
    at SMTPConnection._actionAUTHComplete (F:\work\students-management\backend\node_modules\nodemailer\lib\smtp-connection\index.js:1617:34)
    at SMTPConnection.<anonymous> (F:\work\students-management\backend\node_modules\nodemailer\lib\smtp-connection\index.js:556:26)
    at SMTPConnection._processResponse (F:\work\students-management\backend\node_modules\nodemailer\lib\smtp-connection\index.js:993:20)
    at SMTPConnection._onData (F:\work\students-management\backend\node_modules\nodemailer\lib\smtp-connection\index.js:774:14)
    at TLSSocket.SMTPConnection._onSocketData (F:\work\students-management\backend\node_modules\nodemailer\lib\smtp-connection\index.js:195:44)
    at TLSSocket.emit (node:events:519:28)
    at addChunk (node:internal/streams/readable:559:12)
    at readableAddChunkPushByteMode (node:internal/streams/readable:510:3)
    at TLSSocket.Readable.push (node:internal/streams/readable:390:5)
    at TLSWrap.onStreamRead (node:internal/stream_base_commons:191:23)
    at TLSWrap.callbackTrampoline (node:internal/async_hooks:130:17) {
  code: 'EAUTH',
  response: '535 Authentication failed',
  responseCode: 535,
  command: 'AUTH PLAIN'
}
PASS test/auth.e2e-spec.ts (12.792 s)
  ΓùÅ Console

    console.log
      query: SELECT version()

      at Function.logInfo (../src/platform/PlatformTools.ts:262:17)

    console.log
      query: SELECT * FROM current_schema()

      at Function.logInfo (../src/platform/PlatformTools.ts:262:17)

    console.log
      query: START TRANSACTION

      at Function.logInfo (../src/platform/PlatformTools.ts:262:17)

    console.log
      query: SELECT * FROM current_schema()

      at Function.logInfo (../src/platform/PlatformTools.ts:262:17)

    console.log
      query: SELECT * FROM current_database()

      at Function.logInfo (../src/platform/PlatformTools.ts:262:17)

    console.log
      query: SELECT "table_schema", "table_name", obj_description(('"' || "table_schema" || '"."' || "table_name" || '"')::regclass, 'pg_class') AS table_comment FROM "information_schema"."tables" WHERE ("table_schema" = 'public' AND "table_name" = 'grades') OR ("table_schema" = 'public' AND "table_name" = 'attendance') OR ("table_schema" = 'public' AND "table_name" = 'faculties') OR ("table_schema" = 'public' AND "table_name" = 'departments') OR ("table_schema" = 'public' AND "table_name" = 'courses') OR ("table_schema" = 'public' AND "table_name" = 'enrollments') OR ("table_schema" = 'public' AND "table_name" = 'students') OR ("table_schema" = 'public' AND "table_name" = 'users') OR ("table_schema" = 'public' AND "table_name" = 'academic_terms') OR ("table_schema" = 'public' AND "table_name" = 'classrooms') OR ("table_schema" = 'public' AND "table_name" = 'schedules') OR ("table_schema" = 'public' AND "table_name" = 'audit_logs') OR ("table_schema" = 'public' AND "table_name" = 'teacher_profiles') OR ("table_schema" = 'public' AND "table_name" = 'grades') OR ("table_schema" = 'public' AND "table_name" = 'attendance') OR ("table_schema" = 'public' AND "table_name" = 'faculties') OR ("table_schema" = 'public' AND "table_name" = 'departments') OR ("table_schema" = 'public' AND "table_name" = 'courses') OR ("table_schema" = 'public' AND "table_name" = 'enrollments') OR ("table_schema" = 'public' AND "table_name" = 'students') OR ("table_schema" = 'public' AND "table_name" = 'users') OR ("table_schema" = 'public' AND "table_name" = 'teacher_profiles') OR ("table_schema" = 'public' AND "table_name" = 'classrooms') OR ("table_schema" = 'public' AND "table_name" = 'schedules') OR ("table_schema" = 'public' AND "table_name" = 'audit_logs') OR ("table_schema" = 'public' AND "table_name" = 'academic_terms') OR ("table_schema" = 'public' AND "table_name" = 'course_teachers') OR ("table_schema" = 'public' AND "table_name" = 'course_prerequisites') OR ("table_schema" = 'public' AND "table_name" = 'course_teachers') OR ("table_schema" = 'public' AND "table_name" = 'course_prerequisites')

      at Function.logInfo (../src/platform/PlatformTools.ts:262:17)

    console.log
      query: SELECT TRUE FROM information_schema.columns WHERE table_name = 'pg_class' and column_name = 'relispartition'

      at Function.logInfo (../src/platform/PlatformTools.ts:262:17)

    console.log
      query: SELECT columns.*, pg_catalog.col_description(('"' || table_catalog || '"."' || table_schema || '"."' || table_name || '"')::regclass::oid, ordinal_position) AS description, ('"' || "udt_schema" || '"."' || "udt_name" || '"')::"regtype"::text AS "regtype", pg_catalog.format_type("col_attr"."atttypid", "col_attr"."atttypmod") AS "format_type" FROM "information_schema"."columns" LEFT JOIN "pg_catalog"."pg_attribute" AS "col_attr" ON "col_attr"."attname" = "columns"."column_name" AND "col_attr"."attrelid" = ( SELECT "cls"."oid" FROM "pg_catalog"."pg_class" AS "cls" LEFT JOIN "pg_catalog"."pg_namespace" AS "ns" ON "ns"."oid" = "cls"."relnamespace" WHERE "cls"."relname" = "columns"."table_name" AND "ns"."nspname" = "columns"."table_schema" ) WHERE ("table_schema" = 'public' AND "table_name" = 'course_teachers') OR ("table_schema" = 'public' AND "table_name" = 'classrooms') OR ("table_schema" = 'public' AND "table_name" = 'schedules') OR ("table_schema" = 'public' AND "table_name" = 'audit_logs') OR ("table_schema" = 'public' AND "table_name" = 'course_prerequisites') OR ("table_schema" = 'public' AND "table_name" = 'courses') OR ("table_schema" = 'public' AND "table_name" = 'grades') OR ("table_schema" = 'public' AND "table_name" = 'enrollments') OR ("table_schema" = 'public' AND "table_name" = 'faculties') OR ("table_schema" = 'public' AND "table_name" = 'departments') OR ("table_schema" = 'public' AND "table_name" = 'students') OR ("table_schema" = 'public' AND "table_name" = 'users') OR ("table_schema" = 'public' AND "table_name" = 'academic_terms') OR ("table_schema" = 'public' AND "table_name" = 'teacher_profiles') OR ("table_schema" = 'public' AND "table_name" = 'attendance')

      at Function.logInfo (../src/platform/PlatformTools.ts:262:17)
          at async Promise.all (index 0)

    console.log
      query: SELECT "ns"."nspname" AS "table_schema", "t"."relname" AS "table_name", "cnst"."conname" AS "constraint_name", pg_get_constraintdef("cnst"."oid") AS "expression", CASE "cnst"."contype" WHEN 'p' THEN 'PRIMARY' WHEN 'u' THEN 'UNIQUE' WHEN 'c' THEN 'CHECK' WHEN 'x' THEN 'EXCLUDE' END AS "constraint_type", "a"."attname" AS "column_name" FROM "pg_constraint" "cnst" INNER JOIN "pg_class" "t" ON "t"."oid" = "cnst"."conrelid" INNER JOIN "pg_namespace" "ns" ON "ns"."oid" = "cnst"."connamespace" LEFT JOIN "pg_attribute" "a" ON "a"."attrelid" = "cnst"."conrelid" AND "a"."attnum" = ANY ("cnst"."conkey") WHERE "t"."relkind" IN ('r', 'p') AND (("ns"."nspname" = 'public' AND "t"."relname" = 'course_teachers') OR ("ns"."nspname" = 'public' AND "t"."relname" = 'classrooms') OR ("ns"."nspname" = 'public' AND "t"."relname" = 'schedules') OR ("ns"."nspname" = 'public' AND "t"."relname" = 'audit_logs') OR ("ns"."nspname" = 'public' AND "t"."relname" = 'course_prerequisites') OR ("ns"."nspname" = 'public' AND "t"."relname" = 'courses') OR ("ns"."nspname" = 'public' AND "t"."relname" = 'grades') OR ("ns"."nspname" = 'public' AND "t"."relname" = 'enrollments') OR ("ns"."nspname" = 'public' AND "t"."relname" = 'faculties') OR ("ns"."nspname" = 'public' AND "t"."relname" = 'departments') OR ("ns"."nspname" = 'public' AND "t"."relname" = 'students') OR ("ns"."nspname" = 'public' AND "t"."relname" = 'users') OR ("ns"."nspname" = 'public' AND "t"."relname" = 'academic_terms') OR ("ns"."nspname" = 'public' AND "t"."relname" = 'teacher_profiles') OR ("ns"."nspname" = 'public' AND "t"."relname" = 'attendance'))

      at Function.logInfo (../src/platform/PlatformTools.ts:262:17)
          at async Promise.all (index 1)

    console.log
      query: SELECT "ns"."nspname" AS "table_schema", "t"."relname" AS "table_name", "i"."relname" AS "constraint_name", "a"."attname" AS "column_name", CASE "ix"."indisunique" WHEN 't' THEN 'TRUE' ELSE'FALSE' END AS "is_unique", pg_get_expr("ix"."indpred", "ix"."indrelid") AS "condition", "types"."typname" AS "type_name", "am"."amname" AS "index_type" FROM "pg_class" "t" INNER JOIN "pg_index" "ix" ON "ix"."indrelid" = "t"."oid" INNER JOIN "pg_attribute" "a" ON "a"."attrelid" = "t"."oid"  AND "a"."attnum" = ANY ("ix"."indkey") INNER JOIN "pg_namespace" "ns" ON "ns"."oid" = "t"."relnamespace" INNER JOIN "pg_class" "i" ON "i"."oid" = "ix"."indexrelid" INNER JOIN "pg_type" "types" ON "types"."oid" = "a"."atttypid" INNER JOIN "pg_am" "am" ON "i"."relam" = "am"."oid" LEFT JOIN "pg_constraint" "cnst" ON "cnst"."conname" = "i"."relname" WHERE "t"."relkind" IN ('r', 'p') AND "cnst"."contype" IS NULL AND (("ns"."nspname" = 'public' AND "t"."relname" = 'course_teachers') OR ("ns"."nspname" = 'public' AND "t"."relname" = 'classrooms') OR ("ns"."nspname" = 'public' AND "t"."relname" = 'schedules') OR ("ns"."nspname" = 'public' AND "t"."relname" = 'audit_logs') OR ("ns"."nspname" = 'public' AND "t"."relname" = 'course_prerequisites') OR ("ns"."nspname" = 'public' AND "t"."relname" = 'courses') OR ("ns"."nspname" = 'public' AND "t"."relname" = 'grades') OR ("ns"."nspname" = 'public' AND "t"."relname" = 'enrollments') OR ("ns"."nspname" = 'public' AND "t"."relname" = 'faculties') OR ("ns"."nspname" = 'public' AND "t"."relname" = 'departments') OR ("ns"."nspname" = 'public' AND "t"."relname" = 'students') OR ("ns"."nspname" = 'public' AND "t"."relname" = 'users') OR ("ns"."nspname" = 'public' AND "t"."relname" = 'academic_terms') OR ("ns"."nspname" = 'public' AND "t"."relname" = 'teacher_profiles') OR ("ns"."nspname" = 'public' AND "t"."relname" = 'attendance'))

      at Function.logInfo (../src/platform/PlatformTools.ts:262:17)
          at async Promise.all (index 2)

    console.log
      query: SELECT "con"."conname" AS "constraint_name", "con"."nspname" AS "table_schema", "con"."relname" AS "table_name", "att2"."attname" AS "column_name", "ns"."nspname" AS "referenced_table_schema", "cl"."relname" AS "referenced_table_name", "att"."attname" AS "referenced_column_name", "con"."confdeltype" AS "on_delete", "con"."confupdtype" AS "on_update", "con"."condeferrable" AS "deferrable", "con"."condeferred" AS "deferred" FROM ( SELECT UNNEST ("con1"."conkey") AS "parent", UNNEST ("con1"."confkey") AS "child", "con1"."confrelid", "con1"."conrelid", "con1"."conname", "con1"."contype", "ns"."nspname", "cl"."relname", "con1"."condeferrable", CASE WHEN "con1"."condeferred" THEN 'INITIALLY DEFERRED' ELSE 'INITIALLY IMMEDIATE' END as condeferred, CASE "con1"."confdeltype" WHEN 'a' THEN 'NO ACTION' WHEN 'r' THEN 'RESTRICT' WHEN 'c' THEN 'CASCADE' WHEN 'n' THEN 'SET NULL' WHEN 'd' THEN 'SET DEFAULT' END as "confdeltype", CASE "con1"."confupdtype" WHEN 'a' THEN 'NO ACTION' WHEN 'r' THEN 'RESTRICT' WHEN 'c' THEN 'CASCADE' WHEN 'n' THEN 'SET NULL' WHEN 'd' THEN 'SET DEFAULT' END as "confupdtype" FROM "pg_class" "cl" INNER JOIN "pg_namespace" "ns" ON "cl"."relnamespace" = "ns"."oid" INNER JOIN "pg_constraint" "con1" ON "con1"."conrelid" = "cl"."oid" WHERE "con1"."contype" = 'f' AND (("ns"."nspname" = 'public' AND "cl"."relname" = 'course_teachers') OR ("ns"."nspname" = 'public' AND "cl"."relname" = 'classrooms') OR ("ns"."nspname" = 'public' AND "cl"."relname" = 'schedules') OR ("ns"."nspname" = 'public' AND "cl"."relname" = 'audit_logs') OR ("ns"."nspname" = 'public' AND "cl"."relname" = 'course_prerequisites') OR ("ns"."nspname" = 'public' AND "cl"."relname" = 'courses') OR ("ns"."nspname" = 'public' AND "cl"."relname" = 'grades') OR ("ns"."nspname" = 'public' AND "cl"."relname" = 'enrollments') OR ("ns"."nspname" = 'public' AND "cl"."relname" = 'faculties') OR ("ns"."nspname" = 'public' AND "cl"."relname" = 'departments') OR ("ns"."nspname" = 'public' AND "cl"."relname" = 'students') OR ("ns"."nspname" = 'public' AND "cl"."relname" = 'users') OR ("ns"."nspname" = 'public' AND "cl"."relname" = 'academic_terms') OR ("ns"."nspname" = 'public' AND "cl"."relname" = 'teacher_profiles') OR ("ns"."nspname" = 'public' AND "cl"."relname" = 'attendance')) ) "con" INNER JOIN "pg_attribute" "att" ON "att"."attrelid" = "con"."confrelid" AND "att"."attnum" = "con"."child" INNER JOIN "pg_class" "cl" ON "cl"."oid" = "con"."confrelid"  AND "cl"."relispartition" = 'f'INNER JOIN "pg_namespace" "ns" ON "cl"."relnamespace" = "ns"."oid" INNER JOIN "pg_attribute" "att2" ON "att2"."attrelid" = "con"."conrelid" AND "att2"."attnum" = "con"."parent"

      at Function.logInfo (../src/platform/PlatformTools.ts:262:17)
          at async Promise.all (index 3)

    console.log
      query: SELECT "udt_schema", "udt_name" FROM "information_schema"."columns" WHERE "table_schema" = 'public' AND "table_name" = 'classrooms' AND "column_name"='type'

      at Function.logInfo (../src/platform/PlatformTools.ts:262:17)
          at async Promise.all (index 4)
          at async Promise.all (index 1)

    console.log
      query: SELECT "udt_schema", "udt_name" FROM "information_schema"."columns" WHERE "table_schema" = 'public' AND "table_name" = 'enrollments' AND "column_name"='status'

      at Function.logInfo (../src/platform/PlatformTools.ts:262:17)
          at async Promise.all (index 4)
          at async Promise.all (index 7)

    console.log
      query: SELECT "udt_schema", "udt_name" FROM "information_schema"."columns" WHERE "table_schema" = 'public' AND "table_name" = 'students' AND "column_name"='gender'

      at Function.logInfo (../src/platform/PlatformTools.ts:262:17)
          at async Promise.all (index 4)
          at async Promise.all (index 10)

    console.log
      query: SELECT "udt_schema", "udt_name" FROM "information_schema"."columns" WHERE "table_schema" = 'public' AND "table_name" = 'users' AND "column_name"='role'

      at Function.logInfo (../src/platform/PlatformTools.ts:262:17)
          at async Promise.all (index 4)
          at async Promise.all (index 11)

    console.log
      query: SELECT "udt_schema", "udt_name" FROM "information_schema"."columns" WHERE "table_schema" = 'public' AND "table_name" = 'teacher_profiles' AND "column_name"='rank'

      at Function.logInfo (../src/platform/PlatformTools.ts:262:17)
          at async Promise.all (index 2)
          at async Promise.all (index 13)

    console.log
      query: SELECT "udt_schema", "udt_name" FROM "information_schema"."columns" WHERE "table_schema" = 'public' AND "table_name" = 'attendance' AND "column_name"='status'

      at Function.logInfo (../src/platform/PlatformTools.ts:262:17)
          at async Promise.all (index 4)
          at async Promise.all (index 14)

    console.log
      query: SELECT "e"."enumlabel" AS "value" FROM "pg_enum" "e" INNER JOIN "pg_type" "t" ON "t"."oid" = "e"."enumtypid" INNER JOIN "pg_namespace" "n" ON "n"."oid" = "t"."typnamespace" WHERE "n"."nspname" = 'public' AND "t"."typname" = 'classrooms_type_enum'

      at Function.logInfo (../src/platform/PlatformTools.ts:262:17)
          at async Promise.all (index 4)
          at async Promise.all (index 1)

    console.log
      query: SELECT "e"."enumlabel" AS "value" FROM "pg_enum" "e" INNER JOIN "pg_type" "t" ON "t"."oid" = "e"."enumtypid" INNER JOIN "pg_namespace" "n" ON "n"."oid" = "t"."typnamespace" WHERE "n"."nspname" = 'public' AND "t"."typname" = 'enrollments_status_enum'

      at Function.logInfo (../src/platform/PlatformTools.ts:262:17)
          at async Promise.all (index 4)
          at async Promise.all (index 7)

    console.log
      query: SELECT "e"."enumlabel" AS "value" FROM "pg_enum" "e" INNER JOIN "pg_type" "t" ON "t"."oid" = "e"."enumtypid" INNER JOIN "pg_namespace" "n" ON "n"."oid" = "t"."typnamespace" WHERE "n"."nspname" = 'public' AND "t"."typname" = 'students_gender_enum'

      at Function.logInfo (../src/platform/PlatformTools.ts:262:17)
          at async Promise.all (index 4)
          at async Promise.all (index 10)

    console.log
      query: SELECT "e"."enumlabel" AS "value" FROM "pg_enum" "e" INNER JOIN "pg_type" "t" ON "t"."oid" = "e"."enumtypid" INNER JOIN "pg_namespace" "n" ON "n"."oid" = "t"."typnamespace" WHERE "n"."nspname" = 'public' AND "t"."typname" = 'users_role_enum'

      at Function.logInfo (../src/platform/PlatformTools.ts:262:17)
          at async Promise.all (index 4)
          at async Promise.all (index 11)

    console.log
      query: SELECT "e"."enumlabel" AS "value" FROM "pg_enum" "e" INNER JOIN "pg_type" "t" ON "t"."oid" = "e"."enumtypid" INNER JOIN "pg_namespace" "n" ON "n"."oid" = "t"."typnamespace" WHERE "n"."nspname" = 'public' AND "t"."typname" = 'teacher_profiles_rank_enum'

      at Function.logInfo (../src/platform/PlatformTools.ts:262:17)
          at async Promise.all (index 2)
          at async Promise.all (index 13)

    console.log
      query: SELECT "e"."enumlabel" AS "value" FROM "pg_enum" "e" INNER JOIN "pg_type" "t" ON "t"."oid" = "e"."enumtypid" INNER JOIN "pg_namespace" "n" ON "n"."oid" = "t"."typnamespace" WHERE "n"."nspname" = 'public' AND "t"."typname" = 'attendance_status_enum'

      at Function.logInfo (../src/platform/PlatformTools.ts:262:17)
          at async Promise.all (index 4)
          at async Promise.all (index 14)

    console.log
      query: SELECT * FROM "information_schema"."tables" WHERE "table_schema" = 'public' AND "table_name" = 'typeorm_metadata'

      at Function.logInfo (../src/platform/PlatformTools.ts:262:17)

    console.log
      query: ALTER TABLE "grades" ALTER COLUMN "weightage" SET DEFAULT '100.00'

      at Function.logInfo (../src/platform/PlatformTools.ts:262:17)

    console.log
      query: ALTER TABLE "enrollments" ALTER COLUMN "attendance_percentage" SET DEFAULT '100.00'

      at Function.logInfo (../src/platform/PlatformTools.ts:262:17)

    console.log
      query: ALTER TABLE "grades" ALTER COLUMN "weightage" SET DEFAULT '100.00'

      at Function.logInfo (../src/platform/PlatformTools.ts:262:17)

    console.log
      query: ALTER TABLE "enrollments" ALTER COLUMN "attendance_percentage" SET DEFAULT '100.00'

      at Function.logInfo (../src/platform/PlatformTools.ts:262:17)

    console.log
      query: COMMIT

      at Function.logInfo (../src/platform/PlatformTools.ts:262:17)

    console.log
      query: DELETE FROM users WHERE email = $1 -- PARAMETERS: ["e2etest@example.com"]

      at Function.logInfo (../src/platform/PlatformTools.ts:262:17)

    console.log
      query: SELECT "User"."id" AS "User_id", "User"."email" AS "User_email", "User"."username" AS "User_username", "User"."password_hash" AS "User_password_hash", "User"."role" AS "User_role", "User"."first_name" AS "User_first_name", "User"."last_name" AS "User_last_name", "User"."is_active" AS "User_is_active", "User"."refresh_token" AS "User_refresh_token", "User"."email_verified" AS "User_email_verified", "User"."email_verification_token" AS "User_email_verification_token", "User"."password_reset_token" AS "User_password_reset_token", "User"."password_reset_expires" AS "User_password_reset_expires", "User"."failed_login_attempts" AS "User_failed_login_attempts", "User"."locked_until" AS "User_locked_until", "User"."last_failed_login" AS "User_last_failed_login", "User"."created_at" AS "User_created_at", "User"."updated_at" AS "User_updated_at", "User"."deleted_at" AS "User_deleted_at" FROM "users" "User" WHERE ( (((("User"."email" = $1))) OR ((("User"."username" = $2)))) ) AND ( "User"."deleted_at" IS NULL ) LIMIT 1 -- PARAMETERS: ["e2etest@example.com","e2etestuser"]

      at Function.logInfo (../src/platform/PlatformTools.ts:262:17)

    console.log
      query: START TRANSACTION

      at Function.logInfo (../src/platform/PlatformTools.ts:262:17)

    console.log
      query: INSERT INTO "users"("email", "username", "password_hash", "role", "first_name", "last_name", "is_active", "refresh_token", "email_verified", "email_verification_token", "password_reset_token", "password_reset_expires", "failed_login_attempts", "locked_until", "last_failed_login", "created_at", "updated_at", "deleted_at") VALUES ($1, $2, $3, $4, $5, $6, $7, DEFAULT, DEFAULT, DEFAULT, DEFAULT, DEFAULT, DEFAULT, DEFAULT, DEFAULT, DEFAULT, DEFAULT, DEFAULT) RETURNING "id", "role", "is_active", "email_verified", "failed_login_attempts", "created_at", "updated_at", "deleted_at" -- PARAMETERS: ["e2etest@example.com","e2etestuser","$2b$10$X2/jTMqmqj58D5mOLFFUiuUw34c4gQbJksqaOYGh7MX/358Gqhm2y","student","E2E","Test",true]

      at Function.logInfo (../src/platform/PlatformTools.ts:262:17)

    console.log
      query: COMMIT

      at Function.logInfo (../src/platform/PlatformTools.ts:262:17)

    console.log
      query: UPDATE "users" SET "refresh_token" = $1, "updated_at" = CURRENT_TIMESTAMP WHERE "id" IN ($2) -- PARAMETERS: ["$2b$10$qa2OArL62mU4tuDblDFv..PShoFlJL1GWCJXy/WIo7WK2tRVcN8tW",1990]

      at Function.logInfo (../src/platform/PlatformTools.ts:262:17)

    console.log
      query: SELECT "User"."id" AS "User_id", "User"."email" AS "User_email", "User"."username" AS "User_username", "User"."password_hash" AS "User_password_hash", "User"."role" AS "User_role", "User"."first_name" AS "User_first_name", "User"."last_name" AS "User_last_name", "User"."is_active" AS "User_is_active", "User"."refresh_token" AS "User_refresh_token", "User"."email_verified" AS "User_email_verified", "User"."email_verification_token" AS "User_email_verification_token", "User"."password_reset_token" AS "User_password_reset_token", "User"."password_reset_expires" AS "User_password_reset_expires", "User"."failed_login_attempts" AS "User_failed_login_attempts", "User"."locked_until" AS "User_locked_until", "User"."last_failed_login" AS "User_last_failed_login", "User"."created_at" AS "User_created_at", "User"."updated_at" AS "User_updated_at", "User"."deleted_at" AS "User_deleted_at" FROM "users" "User" WHERE ( (((("User"."email" = $1))) OR ((("User"."username" = $2)))) ) AND ( "User"."deleted_at" IS NULL ) LIMIT 1 -- PARAMETERS: ["e2etest@example.com","e2etestuser"]

      at Function.logInfo (../src/platform/PlatformTools.ts:262:17)

    console.log
      query: SELECT "User"."id" AS "User_id", "User"."email" AS "User_email", "User"."username" AS "User_username", "User"."password_hash" AS "User_password_hash", "User"."role" AS "User_role", "User"."first_name" AS "User_first_name", "User"."last_name" AS "User_last_name", "User"."is_active" AS "User_is_active", "User"."refresh_token" AS "User_refresh_token", "User"."email_verified" AS "User_email_verified", "User"."email_verification_token" AS "User_email_verification_token", "User"."password_reset_token" AS "User_password_reset_token", "User"."password_reset_expires" AS "User_password_reset_expires", "User"."failed_login_attempts" AS "User_failed_login_attempts", "User"."locked_until" AS "User_locked_until", "User"."last_failed_login" AS "User_last_failed_login", "User"."created_at" AS "User_created_at", "User"."updated_at" AS "User_updated_at", "User"."deleted_at" AS "User_deleted_at" FROM "users" "User" WHERE ( (("User"."email" = $1)) ) AND ( "User"."deleted_at" IS NULL ) LIMIT 1 -- PARAMETERS: ["e2etest@example.com"]

      at Function.logInfo (../src/platform/PlatformTools.ts:262:17)

    console.log
      query: UPDATE "users" SET "refresh_token" = $1, "updated_at" = CURRENT_TIMESTAMP WHERE "id" IN ($2) -- PARAMETERS: ["$2b$10$S3SV1QouieyKFZZpa7jLoeQrSDFnif6OQloaKJp2/l5ktadYUM50i",1990]

      at Function.logInfo (../src/platform/PlatformTools.ts:262:17)

    console.log
      query: SELECT "User"."id" AS "User_id", "User"."email" AS "User_email", "User"."username" AS "User_username", "User"."password_hash" AS "User_password_hash", "User"."role" AS "User_role", "User"."first_name" AS "User_first_name", "User"."last_name" AS "User_last_name", "User"."is_active" AS "User_is_active", "User"."refresh_token" AS "User_refresh_token", "User"."email_verified" AS "User_email_verified", "User"."email_verification_token" AS "User_email_verification_token", "User"."password_reset_token" AS "User_password_reset_token", "User"."password_reset_expires" AS "User_password_reset_expires", "User"."failed_login_attempts" AS "User_failed_login_attempts", "User"."locked_until" AS "User_locked_until", "User"."last_failed_login" AS "User_last_failed_login", "User"."created_at" AS "User_created_at", "User"."updated_at" AS "User_updated_at", "User"."deleted_at" AS "User_deleted_at" FROM "users" "User" WHERE ( (("User"."email" = $1)) ) AND ( "User"."deleted_at" IS NULL ) LIMIT 1 -- PARAMETERS: ["e2etest@example.com"]

      at Function.logInfo (../src/platform/PlatformTools.ts:262:17)

    console.log
      query: UPDATE "users" SET "failed_login_attempts" = $1, "last_failed_login" = $2, "updated_at" = CURRENT_TIMESTAMP WHERE "id" IN ($3) -- PARAMETERS: [1,"2026-01-29T10:23:21.893Z",1990]

      at Function.logInfo (../src/platform/PlatformTools.ts:262:17)

    console.log
      query: SELECT "User"."id" AS "User_id", "User"."email" AS "User_email", "User"."username" AS "User_username", "User"."password_hash" AS "User_password_hash", "User"."role" AS "User_role", "User"."first_name" AS "User_first_name", "User"."last_name" AS "User_last_name", "User"."is_active" AS "User_is_active", "User"."refresh_token" AS "User_refresh_token", "User"."email_verified" AS "User_email_verified", "User"."email_verification_token" AS "User_email_verification_token", "User"."password_reset_token" AS "User_password_reset_token", "User"."password_reset_expires" AS "User_password_reset_expires", "User"."failed_login_attempts" AS "User_failed_login_attempts", "User"."locked_until" AS "User_locked_until", "User"."last_failed_login" AS "User_last_failed_login", "User"."created_at" AS "User_created_at", "User"."updated_at" AS "User_updated_at", "User"."deleted_at" AS "User_deleted_at" FROM "users" "User" WHERE ( (("User"."email" = $1)) ) AND ( "User"."deleted_at" IS NULL ) LIMIT 1 -- PARAMETERS: ["nonexistent@example.com"]

      at Function.logInfo (../src/platform/PlatformTools.ts:262:17)

    console.log
      query: SELECT DISTINCT "distinctAlias"."User_id" AS "ids_User_id" FROM (SELECT "User"."id" AS "User_id", "User"."email" AS "User_email", "User"."username" AS "User_username", "User"."password_hash" AS "User_password_hash", "User"."role" AS "User_role", "User"."first_name" AS "User_first_name", "User"."last_name" AS "User_last_name", "User"."is_active" AS "User_is_active", "User"."refresh_token" AS "User_refresh_token", "User"."email_verified" AS "User_email_verified", "User"."email_verification_token" AS "User_email_verification_token", "User"."password_reset_token" AS "User_password_reset_token", "User"."password_reset_expires" AS "User_password_reset_expires", "User"."failed_login_attempts" AS "User_failed_login_attempts", "User"."locked_until" AS "User_locked_until", "User"."last_failed_login" AS "User_last_failed_login", "User"."created_at" AS "User_created_at", "User"."updated_at" AS "User_updated_at", "User"."deleted_at" AS "User_deleted_at", "User__User_studentProfile"."id" AS "User__User_studentProfile_id", "User__User_studentProfile"."user_id" AS "User__User_studentProfile_user_id", "User__User_studentProfile"."student_id" AS "User__User_studentProfile_student_id", "User__User_studentProfile"."date_of_birth" AS "User__User_studentProfile_date_of_birth", "User__User_studentProfile"."gender" AS "User__User_studentProfile_gender", "User__User_studentProfile"."address" AS "User__User_studentProfile_address", "User__User_studentProfile"."phone" AS "User__User_studentProfile_phone", "User__User_studentProfile"."emergency_contact" AS "User__User_studentProfile_emergency_contact", "User__User_studentProfile"."enrollment_date" AS "User__User_studentProfile_enrollment_date", "User__User_studentProfile"."department_id" AS "User__User_studentProfile_department_id", "User__User_studentProfile"."semester" AS "User__User_studentProfile_semester", "User__User_studentProfile"."created_at" AS "User__User_studentProfile_created_at", "User__User_studentProfile"."updated_at" AS "User__User_studentProfile_updated_at", "User__User_studentProfile"."deleted_at" AS "User__User_studentProfile_deleted_at" FROM "users" "User" LEFT JOIN "students" "User__User_studentProfile" ON "User__User_studentProfile"."user_id"="User"."id" AND ("User__User_studentProfile"."deleted_at" IS NULL) WHERE ( (("User"."id" = $1)) ) AND ( "User"."deleted_at" IS NULL )) "distinctAlias" ORDER BY "User_id" ASC LIMIT 1 -- PARAMETERS: [1990]

      at Function.logInfo (../src/platform/PlatformTools.ts:262:17)

    console.log
      query: SELECT "User"."id" AS "User_id", "User"."email" AS "User_email", "User"."username" AS "User_username", "User"."password_hash" AS "User_password_hash", "User"."role" AS "User_role", "User"."first_name" AS "User_first_name", "User"."last_name" AS "User_last_name", "User"."is_active" AS "User_is_active", "User"."refresh_token" AS "User_refresh_token", "User"."email_verified" AS "User_email_verified", "User"."email_verification_token" AS "User_email_verification_token", "User"."password_reset_token" AS "User_password_reset_token", "User"."password_reset_expires" AS "User_password_reset_expires", "User"."failed_login_attempts" AS "User_failed_login_attempts", "User"."locked_until" AS "User_locked_until", "User"."last_failed_login" AS "User_last_failed_login", "User"."created_at" AS "User_created_at", "User"."updated_at" AS "User_updated_at", "User"."deleted_at" AS "User_deleted_at", "User__User_studentProfile"."id" AS "User__User_studentProfile_id", "User__User_studentProfile"."user_id" AS "User__User_studentProfile_user_id", "User__User_studentProfile"."student_id" AS "User__User_studentProfile_student_id", "User__User_studentProfile"."date_of_birth" AS "User__User_studentProfile_date_of_birth", "User__User_studentProfile"."gender" AS "User__User_studentProfile_gender", "User__User_studentProfile"."address" AS "User__User_studentProfile_address", "User__User_studentProfile"."phone" AS "User__User_studentProfile_phone", "User__User_studentProfile"."emergency_contact" AS "User__User_studentProfile_emergency_contact", "User__User_studentProfile"."enrollment_date" AS "User__User_studentProfile_enrollment_date", "User__User_studentProfile"."department_id" AS "User__User_studentProfile_department_id", "User__User_studentProfile"."semester" AS "User__User_studentProfile_semester", "User__User_studentProfile"."created_at" AS "User__User_studentProfile_created_at", "User__User_studentProfile"."updated_at" AS "User__User_studentProfile_updated_at", "User__User_studentProfile"."deleted_at" AS "User__User_studentProfile_deleted_at" FROM "users" "User" LEFT JOIN "students" "User__User_studentProfile" ON "User__User_studentProfile"."user_id"="User"."id" AND ("User__User_studentProfile"."deleted_at" IS NULL) WHERE ( (("User"."id" = $1)) ) AND ( "User"."deleted_at" IS NULL ) AND ( "User"."id" IN (1990) ) -- PARAMETERS: [1990]

      at Function.logInfo (../src/platform/PlatformTools.ts:262:17)

    console.log
      query: SELECT "User"."id" AS "User_id", "User"."email" AS "User_email", "User"."username" AS "User_username", "User"."password_hash" AS "User_password_hash", "User"."role" AS "User_role", "User"."first_name" AS "User_first_name", "User"."last_name" AS "User_last_name", "User"."is_active" AS "User_is_active", "User"."refresh_token" AS "User_refresh_token", "User"."email_verified" AS "User_email_verified", "User"."email_verification_token" AS "User_email_verification_token", "User"."password_reset_token" AS "User_password_reset_token", "User"."password_reset_expires" AS "User_password_reset_expires", "User"."failed_login_attempts" AS "User_failed_login_attempts", "User"."locked_until" AS "User_locked_until", "User"."last_failed_login" AS "User_last_failed_login", "User"."created_at" AS "User_created_at", "User"."updated_at" AS "User_updated_at", "User"."deleted_at" AS "User_deleted_at" FROM "users" "User" WHERE ( (("User"."id" = $1)) ) AND ( "User"."deleted_at" IS NULL ) LIMIT 1 -- PARAMETERS: [1990]

      at Function.logInfo (../src/platform/PlatformTools.ts:262:17)

    console.log
      query: UPDATE "users" SET "refresh_token" = $1, "updated_at" = CURRENT_TIMESTAMP WHERE "id" IN ($2) -- PARAMETERS: ["$2b$10$tR4Me/RmZRqqKAFNcwxkNurYhji8H488tj8FS3eof3WZ22n5Dd0Ai",1990]

      at Function.logInfo (../src/platform/PlatformTools.ts:262:17)

    console.log
      query: SELECT "User"."id" AS "User_id", "User"."email" AS "User_email", "User"."username" AS "User_username", "User"."password_hash" AS "User_password_hash", "User"."role" AS "User_role", "User"."first_name" AS "User_first_name", "User"."last_name" AS "User_last_name", "User"."is_active" AS "User_is_active", "User"."refresh_token" AS "User_refresh_token", "User"."email_verified" AS "User_email_verified", "User"."email_verification_token" AS "User_email_verification_token", "User"."password_reset_token" AS "User_password_reset_token", "User"."password_reset_expires" AS "User_password_reset_expires", "User"."failed_login_attempts" AS "User_failed_login_attempts", "User"."locked_until" AS "User_locked_until", "User"."last_failed_login" AS "User_last_failed_login", "User"."created_at" AS "User_created_at", "User"."updated_at" AS "User_updated_at", "User"."deleted_at" AS "User_deleted_at" FROM "users" "User" WHERE ( (("User"."id" = $1)) ) AND ( "User"."deleted_at" IS NULL ) LIMIT 1 -- PARAMETERS: [1990]

      at Function.logInfo (../src/platform/PlatformTools.ts:262:17)

    console.log
      query: SELECT "User"."id" AS "User_id", "User"."email" AS "User_email", "User"."username" AS "User_username", "User"."password_hash" AS "User_password_hash", "User"."role" AS "User_role", "User"."first_name" AS "User_first_name", "User"."last_name" AS "User_last_name", "User"."is_active" AS "User_is_active", "User"."refresh_token" AS "User_refresh_token", "User"."email_verified" AS "User_email_verified", "User"."email_verification_token" AS "User_email_verification_token", "User"."password_reset_token" AS "User_password_reset_token", "User"."password_reset_expires" AS "User_password_reset_expires", "User"."failed_login_attempts" AS "User_failed_login_attempts", "User"."locked_until" AS "User_locked_until", "User"."last_failed_login" AS "User_last_failed_login", "User"."created_at" AS "User_created_at", "User"."updated_at" AS "User_updated_at", "User"."deleted_at" AS "User_deleted_at" FROM "users" "User" WHERE ( (("User"."email" = $1)) ) AND ( "User"."deleted_at" IS NULL ) LIMIT 1 -- PARAMETERS: ["e2etest@example.com"]

      at Function.logInfo (../src/platform/PlatformTools.ts:262:17)

    console.log
      query: UPDATE "users" SET "password_reset_token" = $1, "password_reset_expires" = $2, "updated_at" = CURRENT_TIMESTAMP WHERE "id" IN ($3) -- PARAMETERS: ["$2b$10$URiSW8M.g6mlCtsy67ma2.z4m9qUVJtEObomcL3k7ybZBSbzk9rde","2026-01-29T11:23:22.776Z",1990]

      at Function.logInfo (../src/platform/PlatformTools.ts:262:17)

    console.log
      query: SELECT "User"."id" AS "User_id", "User"."email" AS "User_email", "User"."username" AS "User_username", "User"."password_hash" AS "User_password_hash", "User"."role" AS "User_role", "User"."first_name" AS "User_first_name", "User"."last_name" AS "User_last_name", "User"."is_active" AS "User_is_active", "User"."refresh_token" AS "User_refresh_token", "User"."email_verified" AS "User_email_verified", "User"."email_verification_token" AS "User_email_verification_token", "User"."password_reset_token" AS "User_password_reset_token", "User"."password_reset_expires" AS "User_password_reset_expires", "User"."failed_login_attempts" AS "User_failed_login_attempts", "User"."locked_until" AS "User_locked_until", "User"."last_failed_login" AS "User_last_failed_login", "User"."created_at" AS "User_created_at", "User"."updated_at" AS "User_updated_at", "User"."deleted_at" AS "User_deleted_at" FROM "users" "User" WHERE ( (("User"."email" = $1)) ) AND ( "User"."deleted_at" IS NULL ) LIMIT 1 -- PARAMETERS: ["nonexistent@example.com"]

      at Function.logInfo (../src/platform/PlatformTools.ts:262:17)

    console.log
      query: DELETE FROM users WHERE id = $1 -- PARAMETERS: [1990]

      at Function.logInfo (../src/platform/PlatformTools.ts:262:17)

PASS test/faculties.e2e-spec.ts (9.639 s)
  ΓùÅ Console

    console.log
      query: SELECT version()

      at Function.logInfo (../src/platform/PlatformTools.ts:262:17)

    console.log
      query: SELECT * FROM current_schema()

      at Function.logInfo (../src/platform/PlatformTools.ts:262:17)

    console.log
      query: START TRANSACTION

      at Function.logInfo (../src/platform/PlatformTools.ts:262:17)

    console.log
      query: SELECT * FROM current_schema()

      at Function.logInfo (../src/platform/PlatformTools.ts:262:17)

    console.log
      query: SELECT * FROM current_database()

      at Function.logInfo (../src/platform/PlatformTools.ts:262:17)

    console.log
      query: SELECT "table_schema", "table_name", obj_description(('"' || "table_schema" || '"."' || "table_name" || '"')::regclass, 'pg_class') AS table_comment FROM "information_schema"."tables" WHERE ("table_schema" = 'public' AND "table_name" = 'grades') OR ("table_schema" = 'public' AND "table_name" = 'attendance') OR ("table_schema" = 'public' AND "table_name" = 'faculties') OR ("table_schema" = 'public' AND "table_name" = 'departments') OR ("table_schema" = 'public' AND "table_name" = 'courses') OR ("table_schema" = 'public' AND "table_name" = 'enrollments') OR ("table_schema" = 'public' AND "table_name" = 'students') OR ("table_schema" = 'public' AND "table_name" = 'users') OR ("table_schema" = 'public' AND "table_name" = 'academic_terms') OR ("table_schema" = 'public' AND "table_name" = 'classrooms') OR ("table_schema" = 'public' AND "table_name" = 'schedules') OR ("table_schema" = 'public' AND "table_name" = 'audit_logs') OR ("table_schema" = 'public' AND "table_name" = 'teacher_profiles') OR ("table_schema" = 'public' AND "table_name" = 'grades') OR ("table_schema" = 'public' AND "table_name" = 'attendance') OR ("table_schema" = 'public' AND "table_name" = 'faculties') OR ("table_schema" = 'public' AND "table_name" = 'departments') OR ("table_schema" = 'public' AND "table_name" = 'courses') OR ("table_schema" = 'public' AND "table_name" = 'enrollments') OR ("table_schema" = 'public' AND "table_name" = 'students') OR ("table_schema" = 'public' AND "table_name" = 'users') OR ("table_schema" = 'public' AND "table_name" = 'teacher_profiles') OR ("table_schema" = 'public' AND "table_name" = 'classrooms') OR ("table_schema" = 'public' AND "table_name" = 'schedules') OR ("table_schema" = 'public' AND "table_name" = 'audit_logs') OR ("table_schema" = 'public' AND "table_name" = 'academic_terms') OR ("table_schema" = 'public' AND "table_name" = 'course_teachers') OR ("table_schema" = 'public' AND "table_name" = 'course_prerequisites') OR ("table_schema" = 'public' AND "table_name" = 'course_teachers') OR ("table_schema" = 'public' AND "table_name" = 'course_prerequisites')

      at Function.logInfo (../src/platform/PlatformTools.ts:262:17)

    console.log
      query: SELECT TRUE FROM information_schema.columns WHERE table_name = 'pg_class' and column_name = 'relispartition'

      at Function.logInfo (../src/platform/PlatformTools.ts:262:17)

    console.log
      query: SELECT columns.*, pg_catalog.col_description(('"' || table_catalog || '"."' || table_schema || '"."' || table_name || '"')::regclass::oid, ordinal_position) AS description, ('"' || "udt_schema" || '"."' || "udt_name" || '"')::"regtype"::text AS "regtype", pg_catalog.format_type("col_attr"."atttypid", "col_attr"."atttypmod") AS "format_type" FROM "information_schema"."columns" LEFT JOIN "pg_catalog"."pg_attribute" AS "col_attr" ON "col_attr"."attname" = "columns"."column_name" AND "col_attr"."attrelid" = ( SELECT "cls"."oid" FROM "pg_catalog"."pg_class" AS "cls" LEFT JOIN "pg_catalog"."pg_namespace" AS "ns" ON "ns"."oid" = "cls"."relnamespace" WHERE "cls"."relname" = "columns"."table_name" AND "ns"."nspname" = "columns"."table_schema" ) WHERE ("table_schema" = 'public' AND "table_name" = 'course_teachers') OR ("table_schema" = 'public' AND "table_name" = 'classrooms') OR ("table_schema" = 'public' AND "table_name" = 'schedules') OR ("table_schema" = 'public' AND "table_name" = 'audit_logs') OR ("table_schema" = 'public' AND "table_name" = 'course_prerequisites') OR ("table_schema" = 'public' AND "table_name" = 'courses') OR ("table_schema" = 'public' AND "table_name" = 'grades') OR ("table_schema" = 'public' AND "table_name" = 'enrollments') OR ("table_schema" = 'public' AND "table_name" = 'faculties') OR ("table_schema" = 'public' AND "table_name" = 'departments') OR ("table_schema" = 'public' AND "table_name" = 'students') OR ("table_schema" = 'public' AND "table_name" = 'users') OR ("table_schema" = 'public' AND "table_name" = 'academic_terms') OR ("table_schema" = 'public' AND "table_name" = 'teacher_profiles') OR ("table_schema" = 'public' AND "table_name" = 'attendance')

      at Function.logInfo (../src/platform/PlatformTools.ts:262:17)
          at async Promise.all (index 0)

    console.log
      query: SELECT "ns"."nspname" AS "table_schema", "t"."relname" AS "table_name", "cnst"."conname" AS "constraint_name", pg_get_constraintdef("cnst"."oid") AS "expression", CASE "cnst"."contype" WHEN 'p' THEN 'PRIMARY' WHEN 'u' THEN 'UNIQUE' WHEN 'c' THEN 'CHECK' WHEN 'x' THEN 'EXCLUDE' END AS "constraint_type", "a"."attname" AS "column_name" FROM "pg_constraint" "cnst" INNER JOIN "pg_class" "t" ON "t"."oid" = "cnst"."conrelid" INNER JOIN "pg_namespace" "ns" ON "ns"."oid" = "cnst"."connamespace" LEFT JOIN "pg_attribute" "a" ON "a"."attrelid" = "cnst"."conrelid" AND "a"."attnum" = ANY ("cnst"."conkey") WHERE "t"."relkind" IN ('r', 'p') AND (("ns"."nspname" = 'public' AND "t"."relname" = 'course_teachers') OR ("ns"."nspname" = 'public' AND "t"."relname" = 'classrooms') OR ("ns"."nspname" = 'public' AND "t"."relname" = 'schedules') OR ("ns"."nspname" = 'public' AND "t"."relname" = 'audit_logs') OR ("ns"."nspname" = 'public' AND "t"."relname" = 'course_prerequisites') OR ("ns"."nspname" = 'public' AND "t"."relname" = 'courses') OR ("ns"."nspname" = 'public' AND "t"."relname" = 'grades') OR ("ns"."nspname" = 'public' AND "t"."relname" = 'enrollments') OR ("ns"."nspname" = 'public' AND "t"."relname" = 'faculties') OR ("ns"."nspname" = 'public' AND "t"."relname" = 'departments') OR ("ns"."nspname" = 'public' AND "t"."relname" = 'students') OR ("ns"."nspname" = 'public' AND "t"."relname" = 'users') OR ("ns"."nspname" = 'public' AND "t"."relname" = 'academic_terms') OR ("ns"."nspname" = 'public' AND "t"."relname" = 'teacher_profiles') OR ("ns"."nspname" = 'public' AND "t"."relname" = 'attendance'))

      at Function.logInfo (../src/platform/PlatformTools.ts:262:17)
          at async Promise.all (index 1)

    console.log
      query: SELECT "ns"."nspname" AS "table_schema", "t"."relname" AS "table_name", "i"."relname" AS "constraint_name", "a"."attname" AS "column_name", CASE "ix"."indisunique" WHEN 't' THEN 'TRUE' ELSE'FALSE' END AS "is_unique", pg_get_expr("ix"."indpred", "ix"."indrelid") AS "condition", "types"."typname" AS "type_name", "am"."amname" AS "index_type" FROM "pg_class" "t" INNER JOIN "pg_index" "ix" ON "ix"."indrelid" = "t"."oid" INNER JOIN "pg_attribute" "a" ON "a"."attrelid" = "t"."oid"  AND "a"."attnum" = ANY ("ix"."indkey") INNER JOIN "pg_namespace" "ns" ON "ns"."oid" = "t"."relnamespace" INNER JOIN "pg_class" "i" ON "i"."oid" = "ix"."indexrelid" INNER JOIN "pg_type" "types" ON "types"."oid" = "a"."atttypid" INNER JOIN "pg_am" "am" ON "i"."relam" = "am"."oid" LEFT JOIN "pg_constraint" "cnst" ON "cnst"."conname" = "i"."relname" WHERE "t"."relkind" IN ('r', 'p') AND "cnst"."contype" IS NULL AND (("ns"."nspname" = 'public' AND "t"."relname" = 'course_teachers') OR ("ns"."nspname" = 'public' AND "t"."relname" = 'classrooms') OR ("ns"."nspname" = 'public' AND "t"."relname" = 'schedules') OR ("ns"."nspname" = 'public' AND "t"."relname" = 'audit_logs') OR ("ns"."nspname" = 'public' AND "t"."relname" = 'course_prerequisites') OR ("ns"."nspname" = 'public' AND "t"."relname" = 'courses') OR ("ns"."nspname" = 'public' AND "t"."relname" = 'grades') OR ("ns"."nspname" = 'public' AND "t"."relname" = 'enrollments') OR ("ns"."nspname" = 'public' AND "t"."relname" = 'faculties') OR ("ns"."nspname" = 'public' AND "t"."relname" = 'departments') OR ("ns"."nspname" = 'public' AND "t"."relname" = 'students') OR ("ns"."nspname" = 'public' AND "t"."relname" = 'users') OR ("ns"."nspname" = 'public' AND "t"."relname" = 'academic_terms') OR ("ns"."nspname" = 'public' AND "t"."relname" = 'teacher_profiles') OR ("ns"."nspname" = 'public' AND "t"."relname" = 'attendance'))

      at Function.logInfo (../src/platform/PlatformTools.ts:262:17)
          at async Promise.all (index 2)

    console.log
      query: SELECT "con"."conname" AS "constraint_name", "con"."nspname" AS "table_schema", "con"."relname" AS "table_name", "att2"."attname" AS "column_name", "ns"."nspname" AS "referenced_table_schema", "cl"."relname" AS "referenced_table_name", "att"."attname" AS "referenced_column_name", "con"."confdeltype" AS "on_delete", "con"."confupdtype" AS "on_update", "con"."condeferrable" AS "deferrable", "con"."condeferred" AS "deferred" FROM ( SELECT UNNEST ("con1"."conkey") AS "parent", UNNEST ("con1"."confkey") AS "child", "con1"."confrelid", "con1"."conrelid", "con1"."conname", "con1"."contype", "ns"."nspname", "cl"."relname", "con1"."condeferrable", CASE WHEN "con1"."condeferred" THEN 'INITIALLY DEFERRED' ELSE 'INITIALLY IMMEDIATE' END as condeferred, CASE "con1"."confdeltype" WHEN 'a' THEN 'NO ACTION' WHEN 'r' THEN 'RESTRICT' WHEN 'c' THEN 'CASCADE' WHEN 'n' THEN 'SET NULL' WHEN 'd' THEN 'SET DEFAULT' END as "confdeltype", CASE "con1"."confupdtype" WHEN 'a' THEN 'NO ACTION' WHEN 'r' THEN 'RESTRICT' WHEN 'c' THEN 'CASCADE' WHEN 'n' THEN 'SET NULL' WHEN 'd' THEN 'SET DEFAULT' END as "confupdtype" FROM "pg_class" "cl" INNER JOIN "pg_namespace" "ns" ON "cl"."relnamespace" = "ns"."oid" INNER JOIN "pg_constraint" "con1" ON "con1"."conrelid" = "cl"."oid" WHERE "con1"."contype" = 'f' AND (("ns"."nspname" = 'public' AND "cl"."relname" = 'course_teachers') OR ("ns"."nspname" = 'public' AND "cl"."relname" = 'classrooms') OR ("ns"."nspname" = 'public' AND "cl"."relname" = 'schedules') OR ("ns"."nspname" = 'public' AND "cl"."relname" = 'audit_logs') OR ("ns"."nspname" = 'public' AND "cl"."relname" = 'course_prerequisites') OR ("ns"."nspname" = 'public' AND "cl"."relname" = 'courses') OR ("ns"."nspname" = 'public' AND "cl"."relname" = 'grades') OR ("ns"."nspname" = 'public' AND "cl"."relname" = 'enrollments') OR ("ns"."nspname" = 'public' AND "cl"."relname" = 'faculties') OR ("ns"."nspname" = 'public' AND "cl"."relname" = 'departments') OR ("ns"."nspname" = 'public' AND "cl"."relname" = 'students') OR ("ns"."nspname" = 'public' AND "cl"."relname" = 'users') OR ("ns"."nspname" = 'public' AND "cl"."relname" = 'academic_terms') OR ("ns"."nspname" = 'public' AND "cl"."relname" = 'teacher_profiles') OR ("ns"."nspname" = 'public' AND "cl"."relname" = 'attendance')) ) "con" INNER JOIN "pg_attribute" "att" ON "att"."attrelid" = "con"."confrelid" AND "att"."attnum" = "con"."child" INNER JOIN "pg_class" "cl" ON "cl"."oid" = "con"."confrelid"  AND "cl"."relispartition" = 'f'INNER JOIN "pg_namespace" "ns" ON "cl"."relnamespace" = "ns"."oid" INNER JOIN "pg_attribute" "att2" ON "att2"."attrelid" = "con"."conrelid" AND "att2"."attnum" = "con"."parent"

      at Function.logInfo (../src/platform/PlatformTools.ts:262:17)
          at async Promise.all (index 3)

    console.log
      query: SELECT "udt_schema", "udt_name" FROM "information_schema"."columns" WHERE "table_schema" = 'public' AND "table_name" = 'classrooms' AND "column_name"='type'

      at Function.logInfo (../src/platform/PlatformTools.ts:262:17)
          at async Promise.all (index 4)
          at async Promise.all (index 1)

    console.log
      query: SELECT "udt_schema", "udt_name" FROM "information_schema"."columns" WHERE "table_schema" = 'public' AND "table_name" = 'enrollments' AND "column_name"='status'

      at Function.logInfo (../src/platform/PlatformTools.ts:262:17)
          at async Promise.all (index 4)
          at async Promise.all (index 7)

    console.log
      query: SELECT "udt_schema", "udt_name" FROM "information_schema"."columns" WHERE "table_schema" = 'public' AND "table_name" = 'students' AND "column_name"='gender'

      at Function.logInfo (../src/platform/PlatformTools.ts:262:17)
          at async Promise.all (index 4)
          at async Promise.all (index 10)

    console.log
      query: SELECT "udt_schema", "udt_name" FROM "information_schema"."columns" WHERE "table_schema" = 'public' AND "table_name" = 'users' AND "column_name"='role'

      at Function.logInfo (../src/platform/PlatformTools.ts:262:17)
          at async Promise.all (index 4)
          at async Promise.all (index 11)

    console.log
      query: SELECT "udt_schema", "udt_name" FROM "information_schema"."columns" WHERE "table_schema" = 'public' AND "table_name" = 'teacher_profiles' AND "column_name"='rank'

      at Function.logInfo (../src/platform/PlatformTools.ts:262:17)
          at async Promise.all (index 2)
          at async Promise.all (index 13)

    console.log
      query: SELECT "udt_schema", "udt_name" FROM "information_schema"."columns" WHERE "table_schema" = 'public' AND "table_name" = 'attendance' AND "column_name"='status'

      at Function.logInfo (../src/platform/PlatformTools.ts:262:17)
          at async Promise.all (index 4)
          at async Promise.all (index 14)

    console.log
      query: SELECT "e"."enumlabel" AS "value" FROM "pg_enum" "e" INNER JOIN "pg_type" "t" ON "t"."oid" = "e"."enumtypid" INNER JOIN "pg_namespace" "n" ON "n"."oid" = "t"."typnamespace" WHERE "n"."nspname" = 'public' AND "t"."typname" = 'classrooms_type_enum'

      at Function.logInfo (../src/platform/PlatformTools.ts:262:17)
          at async Promise.all (index 4)
          at async Promise.all (index 1)

    console.log
      query: SELECT "e"."enumlabel" AS "value" FROM "pg_enum" "e" INNER JOIN "pg_type" "t" ON "t"."oid" = "e"."enumtypid" INNER JOIN "pg_namespace" "n" ON "n"."oid" = "t"."typnamespace" WHERE "n"."nspname" = 'public' AND "t"."typname" = 'enrollments_status_enum'

      at Function.logInfo (../src/platform/PlatformTools.ts:262:17)
          at async Promise.all (index 4)
          at async Promise.all (index 7)

    console.log
      query: SELECT "e"."enumlabel" AS "value" FROM "pg_enum" "e" INNER JOIN "pg_type" "t" ON "t"."oid" = "e"."enumtypid" INNER JOIN "pg_namespace" "n" ON "n"."oid" = "t"."typnamespace" WHERE "n"."nspname" = 'public' AND "t"."typname" = 'students_gender_enum'

      at Function.logInfo (../src/platform/PlatformTools.ts:262:17)
          at async Promise.all (index 4)
          at async Promise.all (index 10)

    console.log
      query: SELECT "e"."enumlabel" AS "value" FROM "pg_enum" "e" INNER JOIN "pg_type" "t" ON "t"."oid" = "e"."enumtypid" INNER JOIN "pg_namespace" "n" ON "n"."oid" = "t"."typnamespace" WHERE "n"."nspname" = 'public' AND "t"."typname" = 'users_role_enum'

      at Function.logInfo (../src/platform/PlatformTools.ts:262:17)
          at async Promise.all (index 4)
          at async Promise.all (index 11)

    console.log
      query: SELECT "e"."enumlabel" AS "value" FROM "pg_enum" "e" INNER JOIN "pg_type" "t" ON "t"."oid" = "e"."enumtypid" INNER JOIN "pg_namespace" "n" ON "n"."oid" = "t"."typnamespace" WHERE "n"."nspname" = 'public' AND "t"."typname" = 'teacher_profiles_rank_enum'

      at Function.logInfo (../src/platform/PlatformTools.ts:262:17)
          at async Promise.all (index 2)
          at async Promise.all (index 13)

    console.log
      query: SELECT "e"."enumlabel" AS "value" FROM "pg_enum" "e" INNER JOIN "pg_type" "t" ON "t"."oid" = "e"."enumtypid" INNER JOIN "pg_namespace" "n" ON "n"."oid" = "t"."typnamespace" WHERE "n"."nspname" = 'public' AND "t"."typname" = 'attendance_status_enum'

      at Function.logInfo (../src/platform/PlatformTools.ts:262:17)
          at async Promise.all (index 4)
          at async Promise.all (index 14)

    console.log
      query: SELECT * FROM "information_schema"."tables" WHERE "table_schema" = 'public' AND "table_name" = 'typeorm_metadata'

      at Function.logInfo (../src/platform/PlatformTools.ts:262:17)

    console.log
      query: ALTER TABLE "grades" ALTER COLUMN "weightage" SET DEFAULT '100.00'

      at Function.logInfo (../src/platform/PlatformTools.ts:262:17)

    console.log
      query: ALTER TABLE "enrollments" ALTER COLUMN "attendance_percentage" SET DEFAULT '100.00'

      at Function.logInfo (../src/platform/PlatformTools.ts:262:17)

    console.log
      query: ALTER TABLE "grades" ALTER COLUMN "weightage" SET DEFAULT '100.00'

      at Function.logInfo (../src/platform/PlatformTools.ts:262:17)

    console.log
      query: ALTER TABLE "enrollments" ALTER COLUMN "attendance_percentage" SET DEFAULT '100.00'

      at Function.logInfo (../src/platform/PlatformTools.ts:262:17)

    console.log
      query: COMMIT

      at Function.logInfo (../src/platform/PlatformTools.ts:262:17)

    console.log
      query: START TRANSACTION

      at Function.logInfo (../src/platform/PlatformTools.ts:262:17)

    console.log
      query: INSERT INTO "users"("email", "username", "password_hash", "role", "first_name", "last_name", "is_active", "refresh_token", "email_verified", "email_verification_token", "password_reset_token", "password_reset_expires", "failed_login_attempts", "locked_until", "last_failed_login", "created_at", "updated_at", "deleted_at") VALUES ($1, $2, $3, $4, $5, $6, $7, DEFAULT, $8, DEFAULT, DEFAULT, DEFAULT, DEFAULT, DEFAULT, DEFAULT, DEFAULT, DEFAULT, DEFAULT) RETURNING "id", "role", "is_active", "email_verified", "failed_login_attempts", "created_at", "updated_at", "deleted_at" -- PARAMETERS: ["faculties_e2e_admin_1769682203317@test.com","faculties_e2e_admin_1769682203317","$2b$10$G1xQCoDCFn3Pa0YEIx3NCuuJLsn.x9tK5RwCZ06LN92oHUEGqPrWO","admin","Testadmin","User",true,true]

      at Function.logInfo (../src/platform/PlatformTools.ts:262:17)

    console.log
      query: COMMIT

      at Function.logInfo (../src/platform/PlatformTools.ts:262:17)

    console.log
      query: SELECT "User"."id" AS "User_id", "User"."email" AS "User_email", "User"."username" AS "User_username", "User"."password_hash" AS "User_password_hash", "User"."role" AS "User_role", "User"."first_name" AS "User_first_name", "User"."last_name" AS "User_last_name", "User"."is_active" AS "User_is_active", "User"."refresh_token" AS "User_refresh_token", "User"."email_verified" AS "User_email_verified", "User"."email_verification_token" AS "User_email_verification_token", "User"."password_reset_token" AS "User_password_reset_token", "User"."password_reset_expires" AS "User_password_reset_expires", "User"."failed_login_attempts" AS "User_failed_login_attempts", "User"."locked_until" AS "User_locked_until", "User"."last_failed_login" AS "User_last_failed_login", "User"."created_at" AS "User_created_at", "User"."updated_at" AS "User_updated_at", "User"."deleted_at" AS "User_deleted_at" FROM "users" "User" WHERE ( (("User"."email" = $1)) ) AND ( "User"."deleted_at" IS NULL ) LIMIT 1 -- PARAMETERS: ["faculties_e2e_admin_1769682203317@test.com"]

      at Function.logInfo (../src/platform/PlatformTools.ts:262:17)

    console.log
      query: UPDATE "users" SET "refresh_token" = $1, "updated_at" = CURRENT_TIMESTAMP WHERE "id" IN ($2) -- PARAMETERS: ["$2b$10$AcP0XI7M6J7rfoSJgryN.uAWO8Xexe4QPA0GJQO/buwsBwoonb2YG",1991]

      at Function.logInfo (../src/platform/PlatformTools.ts:262:17)

    console.log
      query: START TRANSACTION

      at Function.logInfo (../src/platform/PlatformTools.ts:262:17)

    console.log
      query: INSERT INTO "users"("email", "username", "password_hash", "role", "first_name", "last_name", "is_active", "refresh_token", "email_verified", "email_verification_token", "password_reset_token", "password_reset_expires", "failed_login_attempts", "locked_until", "last_failed_login", "created_at", "updated_at", "deleted_at") VALUES ($1, $2, $3, $4, $5, $6, $7, DEFAULT, $8, DEFAULT, DEFAULT, DEFAULT, DEFAULT, DEFAULT, DEFAULT, DEFAULT, DEFAULT, DEFAULT) RETURNING "id", "role", "is_active", "email_verified", "failed_login_attempts", "created_at", "updated_at", "deleted_at" -- PARAMETERS: ["faculties_e2e_teacher_1769682203956@test.com","faculties_e2e_teacher_1769682203956","$2b$10$503FhmeKeYL7IGKoXgsA1uRL7VeUSsodmbmdqXBqAXb5TmUKmojIm","teacher","Testteacher","User",true,true]

      at Function.logInfo (../src/platform/PlatformTools.ts:262:17)

    console.log
      query: COMMIT

      at Function.logInfo (../src/platform/PlatformTools.ts:262:17)

    console.log
      query: SELECT "User"."id" AS "User_id", "User"."email" AS "User_email", "User"."username" AS "User_username", "User"."password_hash" AS "User_password_hash", "User"."role" AS "User_role", "User"."first_name" AS "User_first_name", "User"."last_name" AS "User_last_name", "User"."is_active" AS "User_is_active", "User"."refresh_token" AS "User_refresh_token", "User"."email_verified" AS "User_email_verified", "User"."email_verification_token" AS "User_email_verification_token", "User"."password_reset_token" AS "User_password_reset_token", "User"."password_reset_expires" AS "User_password_reset_expires", "User"."failed_login_attempts" AS "User_failed_login_attempts", "User"."locked_until" AS "User_locked_until", "User"."last_failed_login" AS "User_last_failed_login", "User"."created_at" AS "User_created_at", "User"."updated_at" AS "User_updated_at", "User"."deleted_at" AS "User_deleted_at" FROM "users" "User" WHERE ( (("User"."email" = $1)) ) AND ( "User"."deleted_at" IS NULL ) LIMIT 1 -- PARAMETERS: ["faculties_e2e_teacher_1769682203956@test.com"]

      at Function.logInfo (../src/platform/PlatformTools.ts:262:17)

    console.log
      query: UPDATE "users" SET "refresh_token" = $1, "updated_at" = CURRENT_TIMESTAMP WHERE "id" IN ($2) -- PARAMETERS: ["$2b$10$m5F4Dp.upsKElGog3APKieWOlS5YgQ2mj.I8bGXq88HQC13ytoO3a",1992]

      at Function.logInfo (../src/platform/PlatformTools.ts:262:17)

    console.log
      query: START TRANSACTION

      at Function.logInfo (../src/platform/PlatformTools.ts:262:17)

    console.log
      query: INSERT INTO "users"("email", "username", "password_hash", "role", "first_name", "last_name", "is_active", "refresh_token", "email_verified", "email_verification_token", "password_reset_token", "password_reset_expires", "failed_login_attempts", "locked_until", "last_failed_login", "created_at", "updated_at", "deleted_at") VALUES ($1, $2, $3, $4, $5, $6, $7, DEFAULT, $8, DEFAULT, DEFAULT, DEFAULT, DEFAULT, DEFAULT, DEFAULT, DEFAULT, DEFAULT, DEFAULT) RETURNING "id", "role", "is_active", "email_verified", "failed_login_attempts", "created_at", "updated_at", "deleted_at" -- PARAMETERS: ["faculties_e2e_student_1769682204462@test.com","faculties_e2e_student_1769682204462","$2b$10$.waFqk0dqU8rfZ/rR6DTwuBjrBt1Df7zW2F2PnrRbkyYlC2fwWyP6","student","Teststudent","User",true,true]

      at Function.logInfo (../src/platform/PlatformTools.ts:262:17)

    console.log
      query: COMMIT

      at Function.logInfo (../src/platform/PlatformTools.ts:262:17)

    console.log
      query: SELECT "User"."id" AS "User_id", "User"."email" AS "User_email", "User"."username" AS "User_username", "User"."password_hash" AS "User_password_hash", "User"."role" AS "User_role", "User"."first_name" AS "User_first_name", "User"."last_name" AS "User_last_name", "User"."is_active" AS "User_is_active", "User"."refresh_token" AS "User_refresh_token", "User"."email_verified" AS "User_email_verified", "User"."email_verification_token" AS "User_email_verification_token", "User"."password_reset_token" AS "User_password_reset_token", "User"."password_reset_expires" AS "User_password_reset_expires", "User"."failed_login_attempts" AS "User_failed_login_attempts", "User"."locked_until" AS "User_locked_until", "User"."last_failed_login" AS "User_last_failed_login", "User"."created_at" AS "User_created_at", "User"."updated_at" AS "User_updated_at", "User"."deleted_at" AS "User_deleted_at" FROM "users" "User" WHERE ( (("User"."email" = $1)) ) AND ( "User"."deleted_at" IS NULL ) LIMIT 1 -- PARAMETERS: ["faculties_e2e_student_1769682204462@test.com"]

      at Function.logInfo (../src/platform/PlatformTools.ts:262:17)

    console.log
      query: UPDATE "users" SET "refresh_token" = $1, "updated_at" = CURRENT_TIMESTAMP WHERE "id" IN ($2) -- PARAMETERS: ["$2b$10$I1kWhHFOcttEEV.9UPzW3uSjZh5E6b5DtflvIRhsUaNcVue.Vzy1u",1993]

      at Function.logInfo (../src/platform/PlatformTools.ts:262:17)

    console.log
      query: SELECT "Faculty"."id" AS "Faculty_id", "Faculty"."name" AS "Faculty_name", "Faculty"."code" AS "Faculty_code", "Faculty"."created_at" AS "Faculty_created_at", "Faculty"."updated_at" AS "Faculty_updated_at", "Faculty"."deleted_at" AS "Faculty_deleted_at", "Faculty"."deanId" AS "Faculty_deanId" FROM "faculties" "Faculty" WHERE ( (("Faculty"."name" = $1)) ) AND ( "Faculty"."deleted_at" IS NULL ) LIMIT 1 -- PARAMETERS: ["faculties_e2e Faculty 1769682204890"]

      at Function.logInfo (../src/platform/PlatformTools.ts:262:17)

    console.log
      query: SELECT "Faculty"."id" AS "Faculty_id", "Faculty"."name" AS "Faculty_name", "Faculty"."code" AS "Faculty_code", "Faculty"."created_at" AS "Faculty_created_at", "Faculty"."updated_at" AS "Faculty_updated_at", "Faculty"."deleted_at" AS "Faculty_deleted_at", "Faculty"."deanId" AS "Faculty_deanId" FROM "faculties" "Faculty" WHERE ( (("Faculty"."code" = $1)) ) AND ( "Faculty"."deleted_at" IS NULL ) LIMIT 1 -- PARAMETERS: ["FA4890"]

      at Function.logInfo (../src/platform/PlatformTools.ts:262:17)

    console.log
      query: START TRANSACTION

      at Function.logInfo (../src/platform/PlatformTools.ts:262:17)

    console.log
      query: INSERT INTO "faculties"("name", "code", "created_at", "updated_at", "deleted_at", "deanId") VALUES ($1, $2, DEFAULT, DEFAULT, DEFAULT, DEFAULT) RETURNING "id", "created_at", "updated_at", "deleted_at" -- PARAMETERS: ["faculties_e2e Faculty 1769682204890","FA4890"]

      at Function.logInfo (../src/platform/PlatformTools.ts:262:17)

    console.log
      query: COMMIT

      at Function.logInfo (../src/platform/PlatformTools.ts:262:17)

    console.log
      query: SELECT "Faculty"."id" AS "Faculty_id", "Faculty"."name" AS "Faculty_name", "Faculty"."code" AS "Faculty_code", "Faculty"."created_at" AS "Faculty_created_at", "Faculty"."updated_at" AS "Faculty_updated_at", "Faculty"."deleted_at" AS "Faculty_deleted_at", "Faculty"."deanId" AS "Faculty_deanId" FROM "faculties" "Faculty" WHERE ( (("Faculty"."name" = $1)) ) AND ( "Faculty"."deleted_at" IS NULL ) LIMIT 1 -- PARAMETERS: ["faculties_e2e Duplicate Faculty 1769682204936"]

      at Function.logInfo (../src/platform/PlatformTools.ts:262:17)

    console.log
      query: SELECT "Faculty"."id" AS "Faculty_id", "Faculty"."name" AS "Faculty_name", "Faculty"."code" AS "Faculty_code", "Faculty"."created_at" AS "Faculty_created_at", "Faculty"."updated_at" AS "Faculty_updated_at", "Faculty"."deleted_at" AS "Faculty_deleted_at", "Faculty"."deanId" AS "Faculty_deanId" FROM "faculties" "Faculty" WHERE ( (("Faculty"."code" = $1)) ) AND ( "Faculty"."deleted_at" IS NULL ) LIMIT 1 -- PARAMETERS: ["FAD936"]

      at Function.logInfo (../src/platform/PlatformTools.ts:262:17)

    console.log
      query: START TRANSACTION

      at Function.logInfo (../src/platform/PlatformTools.ts:262:17)

    console.log
      query: INSERT INTO "faculties"("name", "code", "created_at", "updated_at", "deleted_at", "deanId") VALUES ($1, $2, DEFAULT, DEFAULT, DEFAULT, DEFAULT) RETURNING "id", "created_at", "updated_at", "deleted_at" -- PARAMETERS: ["faculties_e2e Duplicate Faculty 1769682204936","FAD936"]

      at Function.logInfo (../src/platform/PlatformTools.ts:262:17)

    console.log
      query: COMMIT

      at Function.logInfo (../src/platform/PlatformTools.ts:262:17)

    console.log
      query: SELECT "Faculty"."id" AS "Faculty_id", "Faculty"."name" AS "Faculty_name", "Faculty"."code" AS "Faculty_code", "Faculty"."created_at" AS "Faculty_created_at", "Faculty"."updated_at" AS "Faculty_updated_at", "Faculty"."deleted_at" AS "Faculty_deleted_at", "Faculty"."deanId" AS "Faculty_deanId" FROM "faculties" "Faculty" WHERE ( (("Faculty"."name" = $1)) ) AND ( "Faculty"."deleted_at" IS NULL ) LIMIT 1 -- PARAMETERS: ["faculties_e2e Duplicate Faculty 1769682204936"]

      at Function.logInfo (../src/platform/PlatformTools.ts:262:17)

    console.log
      query: SELECT "Faculty"."id" AS "Faculty_id", "Faculty"."name" AS "Faculty_name", "Faculty"."code" AS "Faculty_code", "Faculty"."created_at" AS "Faculty_created_at", "Faculty"."updated_at" AS "Faculty_updated_at", "Faculty"."deleted_at" AS "Faculty_deleted_at", "Faculty"."deanId" AS "Faculty_deanId" FROM "faculties" "Faculty" WHERE ( (("Faculty"."name" = $1)) ) AND ( "Faculty"."deleted_at" IS NULL ) LIMIT 1 -- PARAMETERS: ["faculties_e2e First Faculty 1769682204993"]

      at Function.logInfo (../src/platform/PlatformTools.ts:262:17)

    console.log
      query: SELECT "Faculty"."id" AS "Faculty_id", "Faculty"."name" AS "Faculty_name", "Faculty"."code" AS "Faculty_code", "Faculty"."created_at" AS "Faculty_created_at", "Faculty"."updated_at" AS "Faculty_updated_at", "Faculty"."deleted_at" AS "Faculty_deleted_at", "Faculty"."deanId" AS "Faculty_deanId" FROM "faculties" "Faculty" WHERE ( (("Faculty"."code" = $1)) ) AND ( "Faculty"."deleted_at" IS NULL ) LIMIT 1 -- PARAMETERS: ["FAF993"]

      at Function.logInfo (../src/platform/PlatformTools.ts:262:17)

    console.log
      query: START TRANSACTION

      at Function.logInfo (../src/platform/PlatformTools.ts:262:17)

    console.log
      query: INSERT INTO "faculties"("name", "code", "created_at", "updated_at", "deleted_at", "deanId") VALUES ($1, $2, DEFAULT, DEFAULT, DEFAULT, DEFAULT) RETURNING "id", "created_at", "updated_at", "deleted_at" -- PARAMETERS: ["faculties_e2e First Faculty 1769682204993","FAF993"]

      at Function.logInfo (../src/platform/PlatformTools.ts:262:17)

    console.log
      query: COMMIT

      at Function.logInfo (../src/platform/PlatformTools.ts:262:17)

    console.log
      query: SELECT "Faculty"."id" AS "Faculty_id", "Faculty"."name" AS "Faculty_name", "Faculty"."code" AS "Faculty_code", "Faculty"."created_at" AS "Faculty_created_at", "Faculty"."updated_at" AS "Faculty_updated_at", "Faculty"."deleted_at" AS "Faculty_deleted_at", "Faculty"."deanId" AS "Faculty_deanId" FROM "faculties" "Faculty" WHERE ( (("Faculty"."name" = $1)) ) AND ( "Faculty"."deleted_at" IS NULL ) LIMIT 1 -- PARAMETERS: ["faculties_e2e Second Faculty 1769682204993"]

      at Function.logInfo (../src/platform/PlatformTools.ts:262:17)

    console.log
      query: SELECT "Faculty"."id" AS "Faculty_id", "Faculty"."name" AS "Faculty_name", "Faculty"."code" AS "Faculty_code", "Faculty"."created_at" AS "Faculty_created_at", "Faculty"."updated_at" AS "Faculty_updated_at", "Faculty"."deleted_at" AS "Faculty_deleted_at", "Faculty"."deanId" AS "Faculty_deanId" FROM "faculties" "Faculty" WHERE ( (("Faculty"."code" = $1)) ) AND ( "Faculty"."deleted_at" IS NULL ) LIMIT 1 -- PARAMETERS: ["FAF993"]

      at Function.logInfo (../src/platform/PlatformTools.ts:262:17)

    console.log
      query: START TRANSACTION

      at Function.logInfo (../src/platform/PlatformTools.ts:262:17)

    console.log
      query: INSERT INTO "faculties"("name", "code", "created_at", "updated_at", "deleted_at", "deanId") VALUES ($1, $2, DEFAULT, DEFAULT, DEFAULT, DEFAULT) RETURNING "id", "created_at", "updated_at", "deleted_at" -- PARAMETERS: ["faculties_e2e Faculty 1769682205076","FA5076"]

      at Function.logInfo (../src/platform/PlatformTools.ts:262:17)

    console.log
      query: COMMIT

      at Function.logInfo (../src/platform/PlatformTools.ts:262:17)

    console.log
      query: START TRANSACTION

      at Function.logInfo (../src/platform/PlatformTools.ts:262:17)

    console.log
      query: INSERT INTO "faculties"("name", "code", "created_at", "updated_at", "deleted_at", "deanId") VALUES ($1, $2, DEFAULT, DEFAULT, DEFAULT, DEFAULT) RETURNING "id", "created_at", "updated_at", "deleted_at" -- PARAMETERS: ["faculties_e2e Faculty 1769682205085","FA5085"]

      at Function.logInfo (../src/platform/PlatformTools.ts:262:17)

    console.log
      query: COMMIT

      at Function.logInfo (../src/platform/PlatformTools.ts:262:17)

    console.log
      query: SELECT DISTINCT "distinctAlias"."Faculty_id" AS "ids_Faculty_id", "distinctAlias"."Faculty_id" FROM (SELECT "Faculty"."id" AS "Faculty_id", "Faculty"."name" AS "Faculty_name", "Faculty"."code" AS "Faculty_code", "Faculty"."created_at" AS "Faculty_created_at", "Faculty"."updated_at" AS "Faculty_updated_at", "Faculty"."deleted_at" AS "Faculty_deleted_at", "Faculty"."deanId" AS "Faculty_deanId", "Faculty__Faculty_dean"."id" AS "Faculty__Faculty_dean_id", "Faculty__Faculty_dean"."email" AS "Faculty__Faculty_dean_email", "Faculty__Faculty_dean"."username" AS "Faculty__Faculty_dean_username", "Faculty__Faculty_dean"."password_hash" AS "Faculty__Faculty_dean_password_hash", "Faculty__Faculty_dean"."role" AS "Faculty__Faculty_dean_role", "Faculty__Faculty_dean"."first_name" AS "Faculty__Faculty_dean_first_name", "Faculty__Faculty_dean"."last_name" AS "Faculty__Faculty_dean_last_name", "Faculty__Faculty_dean"."is_active" AS "Faculty__Faculty_dean_is_active", "Faculty__Faculty_dean"."refresh_token" AS "Faculty__Faculty_dean_refresh_token", "Faculty__Faculty_dean"."email_verified" AS "Faculty__Faculty_dean_email_verified", "Faculty__Faculty_dean"."email_verification_token" AS "Faculty__Faculty_dean_email_verification_token", "Faculty__Faculty_dean"."password_reset_token" AS "Faculty__Faculty_dean_password_reset_token", "Faculty__Faculty_dean"."password_reset_expires" AS "Faculty__Faculty_dean_password_reset_expires", "Faculty__Faculty_dean"."failed_login_attempts" AS "Faculty__Faculty_dean_failed_login_attempts", "Faculty__Faculty_dean"."locked_until" AS "Faculty__Faculty_dean_locked_until", "Faculty__Faculty_dean"."last_failed_login" AS "Faculty__Faculty_dean_last_failed_login", "Faculty__Faculty_dean"."created_at" AS "Faculty__Faculty_dean_created_at", "Faculty__Faculty_dean"."updated_at" AS "Faculty__Faculty_dean_updated_at", "Faculty__Faculty_dean"."deleted_at" AS "Faculty__Faculty_dean_deleted_at", "Faculty__Faculty_departments"."id" AS "Faculty__Faculty_departments_id", "Faculty__Faculty_departments"."name" AS "Faculty__Faculty_departments_name", "Faculty__Faculty_departments"."code" AS "Faculty__Faculty_departments_code", "Faculty__Faculty_departments"."created_at" AS "Faculty__Faculty_departments_created_at", "Faculty__Faculty_departments"."updated_at" AS "Faculty__Faculty_departments_updated_at", "Faculty__Faculty_departments"."deleted_at" AS "Faculty__Faculty_departments_deleted_at", "Faculty__Faculty_departments"."facultyId" AS "Faculty__Faculty_departments_facultyId" FROM "faculties" "Faculty" LEFT JOIN "users" "Faculty__Faculty_dean" ON "Faculty__Faculty_dean"."id"="Faculty"."deanId" AND ("Faculty__Faculty_dean"."deleted_at" IS NULL)  LEFT JOIN "departments" "Faculty__Faculty_departments" ON "Faculty__Faculty_departments"."facultyId"="Faculty"."id" AND ("Faculty__Faculty_departments"."deleted_at" IS NULL) WHERE "Faculty"."deleted_at" IS NULL) "distinctAlias" ORDER BY "distinctAlias"."Faculty_id" DESC, "Faculty_id" ASC LIMIT 10 OFFSET 0

      at Function.logInfo (../src/platform/PlatformTools.ts:262:17)

    console.log
      query: SELECT "Faculty"."id" AS "Faculty_id", "Faculty"."name" AS "Faculty_name", "Faculty"."code" AS "Faculty_code", "Faculty"."created_at" AS "Faculty_created_at", "Faculty"."updated_at" AS "Faculty_updated_at", "Faculty"."deleted_at" AS "Faculty_deleted_at", "Faculty"."deanId" AS "Faculty_deanId", "Faculty__Faculty_dean"."id" AS "Faculty__Faculty_dean_id", "Faculty__Faculty_dean"."email" AS "Faculty__Faculty_dean_email", "Faculty__Faculty_dean"."username" AS "Faculty__Faculty_dean_username", "Faculty__Faculty_dean"."password_hash" AS "Faculty__Faculty_dean_password_hash", "Faculty__Faculty_dean"."role" AS "Faculty__Faculty_dean_role", "Faculty__Faculty_dean"."first_name" AS "Faculty__Faculty_dean_first_name", "Faculty__Faculty_dean"."last_name" AS "Faculty__Faculty_dean_last_name", "Faculty__Faculty_dean"."is_active" AS "Faculty__Faculty_dean_is_active", "Faculty__Faculty_dean"."refresh_token" AS "Faculty__Faculty_dean_refresh_token", "Faculty__Faculty_dean"."email_verified" AS "Faculty__Faculty_dean_email_verified", "Faculty__Faculty_dean"."email_verification_token" AS "Faculty__Faculty_dean_email_verification_token", "Faculty__Faculty_dean"."password_reset_token" AS "Faculty__Faculty_dean_password_reset_token", "Faculty__Faculty_dean"."password_reset_expires" AS "Faculty__Faculty_dean_password_reset_expires", "Faculty__Faculty_dean"."failed_login_attempts" AS "Faculty__Faculty_dean_failed_login_attempts", "Faculty__Faculty_dean"."locked_until" AS "Faculty__Faculty_dean_locked_until", "Faculty__Faculty_dean"."last_failed_login" AS "Faculty__Faculty_dean_last_failed_login", "Faculty__Faculty_dean"."created_at" AS "Faculty__Faculty_dean_created_at", "Faculty__Faculty_dean"."updated_at" AS "Faculty__Faculty_dean_updated_at", "Faculty__Faculty_dean"."deleted_at" AS "Faculty__Faculty_dean_deleted_at", "Faculty__Faculty_departments"."id" AS "Faculty__Faculty_departments_id", "Faculty__Faculty_departments"."name" AS "Faculty__Faculty_departments_name", "Faculty__Faculty_departments"."code" AS "Faculty__Faculty_departments_code", "Faculty__Faculty_departments"."created_at" AS "Faculty__Faculty_departments_created_at", "Faculty__Faculty_departments"."updated_at" AS "Faculty__Faculty_departments_updated_at", "Faculty__Faculty_departments"."deleted_at" AS "Faculty__Faculty_departments_deleted_at", "Faculty__Faculty_departments"."facultyId" AS "Faculty__Faculty_departments_facultyId" FROM "faculties" "Faculty" LEFT JOIN "users" "Faculty__Faculty_dean" ON "Faculty__Faculty_dean"."id"="Faculty"."deanId" AND ("Faculty__Faculty_dean"."deleted_at" IS NULL)  LEFT JOIN "departments" "Faculty__Faculty_departments" ON "Faculty__Faculty_departments"."facultyId"="Faculty"."id" AND ("Faculty__Faculty_departments"."deleted_at" IS NULL) WHERE ( "Faculty"."deleted_at" IS NULL ) AND ( "Faculty"."id" IN (272, 271, 270, 269, 268) ) ORDER BY "Faculty"."id" DESC

      at Function.logInfo (../src/platform/PlatformTools.ts:262:17)

    console.log
      query: SELECT DISTINCT "distinctAlias"."Faculty_id" AS "ids_Faculty_id", "distinctAlias"."Faculty_id" FROM (SELECT "Faculty"."id" AS "Faculty_id", "Faculty"."name" AS "Faculty_name", "Faculty"."code" AS "Faculty_code", "Faculty"."created_at" AS "Faculty_created_at", "Faculty"."updated_at" AS "Faculty_updated_at", "Faculty"."deleted_at" AS "Faculty_deleted_at", "Faculty"."deanId" AS "Faculty_deanId", "Faculty__Faculty_dean"."id" AS "Faculty__Faculty_dean_id", "Faculty__Faculty_dean"."email" AS "Faculty__Faculty_dean_email", "Faculty__Faculty_dean"."username" AS "Faculty__Faculty_dean_username", "Faculty__Faculty_dean"."password_hash" AS "Faculty__Faculty_dean_password_hash", "Faculty__Faculty_dean"."role" AS "Faculty__Faculty_dean_role", "Faculty__Faculty_dean"."first_name" AS "Faculty__Faculty_dean_first_name", "Faculty__Faculty_dean"."last_name" AS "Faculty__Faculty_dean_last_name", "Faculty__Faculty_dean"."is_active" AS "Faculty__Faculty_dean_is_active", "Faculty__Faculty_dean"."refresh_token" AS "Faculty__Faculty_dean_refresh_token", "Faculty__Faculty_dean"."email_verified" AS "Faculty__Faculty_dean_email_verified", "Faculty__Faculty_dean"."email_verification_token" AS "Faculty__Faculty_dean_email_verification_token", "Faculty__Faculty_dean"."password_reset_token" AS "Faculty__Faculty_dean_password_reset_token", "Faculty__Faculty_dean"."password_reset_expires" AS "Faculty__Faculty_dean_password_reset_expires", "Faculty__Faculty_dean"."failed_login_attempts" AS "Faculty__Faculty_dean_failed_login_attempts", "Faculty__Faculty_dean"."locked_until" AS "Faculty__Faculty_dean_locked_until", "Faculty__Faculty_dean"."last_failed_login" AS "Faculty__Faculty_dean_last_failed_login", "Faculty__Faculty_dean"."created_at" AS "Faculty__Faculty_dean_created_at", "Faculty__Faculty_dean"."updated_at" AS "Faculty__Faculty_dean_updated_at", "Faculty__Faculty_dean"."deleted_at" AS "Faculty__Faculty_dean_deleted_at", "Faculty__Faculty_departments"."id" AS "Faculty__Faculty_departments_id", "Faculty__Faculty_departments"."name" AS "Faculty__Faculty_departments_name", "Faculty__Faculty_departments"."code" AS "Faculty__Faculty_departments_code", "Faculty__Faculty_departments"."created_at" AS "Faculty__Faculty_departments_created_at", "Faculty__Faculty_departments"."updated_at" AS "Faculty__Faculty_departments_updated_at", "Faculty__Faculty_departments"."deleted_at" AS "Faculty__Faculty_departments_deleted_at", "Faculty__Faculty_departments"."facultyId" AS "Faculty__Faculty_departments_facultyId" FROM "faculties" "Faculty" LEFT JOIN "users" "Faculty__Faculty_dean" ON "Faculty__Faculty_dean"."id"="Faculty"."deanId" AND ("Faculty__Faculty_dean"."deleted_at" IS NULL)  LEFT JOIN "departments" "Faculty__Faculty_departments" ON "Faculty__Faculty_departments"."facultyId"="Faculty"."id" AND ("Faculty__Faculty_departments"."deleted_at" IS NULL) WHERE "Faculty"."deleted_at" IS NULL) "distinctAlias" ORDER BY "distinctAlias"."Faculty_id" DESC, "Faculty_id" ASC LIMIT 10 OFFSET 0

      at Function.logInfo (../src/platform/PlatformTools.ts:262:17)

    console.log
      query: SELECT "Faculty"."id" AS "Faculty_id", "Faculty"."name" AS "Faculty_name", "Faculty"."code" AS "Faculty_code", "Faculty"."created_at" AS "Faculty_created_at", "Faculty"."updated_at" AS "Faculty_updated_at", "Faculty"."deleted_at" AS "Faculty_deleted_at", "Faculty"."deanId" AS "Faculty_deanId", "Faculty__Faculty_dean"."id" AS "Faculty__Faculty_dean_id", "Faculty__Faculty_dean"."email" AS "Faculty__Faculty_dean_email", "Faculty__Faculty_dean"."username" AS "Faculty__Faculty_dean_username", "Faculty__Faculty_dean"."password_hash" AS "Faculty__Faculty_dean_password_hash", "Faculty__Faculty_dean"."role" AS "Faculty__Faculty_dean_role", "Faculty__Faculty_dean"."first_name" AS "Faculty__Faculty_dean_first_name", "Faculty__Faculty_dean"."last_name" AS "Faculty__Faculty_dean_last_name", "Faculty__Faculty_dean"."is_active" AS "Faculty__Faculty_dean_is_active", "Faculty__Faculty_dean"."refresh_token" AS "Faculty__Faculty_dean_refresh_token", "Faculty__Faculty_dean"."email_verified" AS "Faculty__Faculty_dean_email_verified", "Faculty__Faculty_dean"."email_verification_token" AS "Faculty__Faculty_dean_email_verification_token", "Faculty__Faculty_dean"."password_reset_token" AS "Faculty__Faculty_dean_password_reset_token", "Faculty__Faculty_dean"."password_reset_expires" AS "Faculty__Faculty_dean_password_reset_expires", "Faculty__Faculty_dean"."failed_login_attempts" AS "Faculty__Faculty_dean_failed_login_attempts", "Faculty__Faculty_dean"."locked_until" AS "Faculty__Faculty_dean_locked_until", "Faculty__Faculty_dean"."last_failed_login" AS "Faculty__Faculty_dean_last_failed_login", "Faculty__Faculty_dean"."created_at" AS "Faculty__Faculty_dean_created_at", "Faculty__Faculty_dean"."updated_at" AS "Faculty__Faculty_dean_updated_at", "Faculty__Faculty_dean"."deleted_at" AS "Faculty__Faculty_dean_deleted_at", "Faculty__Faculty_departments"."id" AS "Faculty__Faculty_departments_id", "Faculty__Faculty_departments"."name" AS "Faculty__Faculty_departments_name", "Faculty__Faculty_departments"."code" AS "Faculty__Faculty_departments_code", "Faculty__Faculty_departments"."created_at" AS "Faculty__Faculty_departments_created_at", "Faculty__Faculty_departments"."updated_at" AS "Faculty__Faculty_departments_updated_at", "Faculty__Faculty_departments"."deleted_at" AS "Faculty__Faculty_departments_deleted_at", "Faculty__Faculty_departments"."facultyId" AS "Faculty__Faculty_departments_facultyId" FROM "faculties" "Faculty" LEFT JOIN "users" "Faculty__Faculty_dean" ON "Faculty__Faculty_dean"."id"="Faculty"."deanId" AND ("Faculty__Faculty_dean"."deleted_at" IS NULL)  LEFT JOIN "departments" "Faculty__Faculty_departments" ON "Faculty__Faculty_departments"."facultyId"="Faculty"."id" AND ("Faculty__Faculty_departments"."deleted_at" IS NULL) WHERE ( "Faculty"."deleted_at" IS NULL ) AND ( "Faculty"."id" IN (272, 271, 270, 269, 268) ) ORDER BY "Faculty"."id" DESC

      at Function.logInfo (../src/platform/PlatformTools.ts:262:17)

    console.log
      query: SELECT DISTINCT "distinctAlias"."Faculty_id" AS "ids_Faculty_id", "distinctAlias"."Faculty_id" FROM (SELECT "Faculty"."id" AS "Faculty_id", "Faculty"."name" AS "Faculty_name", "Faculty"."code" AS "Faculty_code", "Faculty"."created_at" AS "Faculty_created_at", "Faculty"."updated_at" AS "Faculty_updated_at", "Faculty"."deleted_at" AS "Faculty_deleted_at", "Faculty"."deanId" AS "Faculty_deanId", "Faculty__Faculty_dean"."id" AS "Faculty__Faculty_dean_id", "Faculty__Faculty_dean"."email" AS "Faculty__Faculty_dean_email", "Faculty__Faculty_dean"."username" AS "Faculty__Faculty_dean_username", "Faculty__Faculty_dean"."password_hash" AS "Faculty__Faculty_dean_password_hash", "Faculty__Faculty_dean"."role" AS "Faculty__Faculty_dean_role", "Faculty__Faculty_dean"."first_name" AS "Faculty__Faculty_dean_first_name", "Faculty__Faculty_dean"."last_name" AS "Faculty__Faculty_dean_last_name", "Faculty__Faculty_dean"."is_active" AS "Faculty__Faculty_dean_is_active", "Faculty__Faculty_dean"."refresh_token" AS "Faculty__Faculty_dean_refresh_token", "Faculty__Faculty_dean"."email_verified" AS "Faculty__Faculty_dean_email_verified", "Faculty__Faculty_dean"."email_verification_token" AS "Faculty__Faculty_dean_email_verification_token", "Faculty__Faculty_dean"."password_reset_token" AS "Faculty__Faculty_dean_password_reset_token", "Faculty__Faculty_dean"."password_reset_expires" AS "Faculty__Faculty_dean_password_reset_expires", "Faculty__Faculty_dean"."failed_login_attempts" AS "Faculty__Faculty_dean_failed_login_attempts", "Faculty__Faculty_dean"."locked_until" AS "Faculty__Faculty_dean_locked_until", "Faculty__Faculty_dean"."last_failed_login" AS "Faculty__Faculty_dean_last_failed_login", "Faculty__Faculty_dean"."created_at" AS "Faculty__Faculty_dean_created_at", "Faculty__Faculty_dean"."updated_at" AS "Faculty__Faculty_dean_updated_at", "Faculty__Faculty_dean"."deleted_at" AS "Faculty__Faculty_dean_deleted_at", "Faculty__Faculty_departments"."id" AS "Faculty__Faculty_departments_id", "Faculty__Faculty_departments"."name" AS "Faculty__Faculty_departments_name", "Faculty__Faculty_departments"."code" AS "Faculty__Faculty_departments_code", "Faculty__Faculty_departments"."created_at" AS "Faculty__Faculty_departments_created_at", "Faculty__Faculty_departments"."updated_at" AS "Faculty__Faculty_departments_updated_at", "Faculty__Faculty_departments"."deleted_at" AS "Faculty__Faculty_departments_deleted_at", "Faculty__Faculty_departments"."facultyId" AS "Faculty__Faculty_departments_facultyId" FROM "faculties" "Faculty" LEFT JOIN "users" "Faculty__Faculty_dean" ON "Faculty__Faculty_dean"."id"="Faculty"."deanId" AND ("Faculty__Faculty_dean"."deleted_at" IS NULL)  LEFT JOIN "departments" "Faculty__Faculty_departments" ON "Faculty__Faculty_departments"."facultyId"="Faculty"."id" AND ("Faculty__Faculty_departments"."deleted_at" IS NULL) WHERE "Faculty"."deleted_at" IS NULL) "distinctAlias" ORDER BY "distinctAlias"."Faculty_id" DESC, "Faculty_id" ASC LIMIT 10 OFFSET 0

      at Function.logInfo (../src/platform/PlatformTools.ts:262:17)

    console.log
      query: SELECT "Faculty"."id" AS "Faculty_id", "Faculty"."name" AS "Faculty_name", "Faculty"."code" AS "Faculty_code", "Faculty"."created_at" AS "Faculty_created_at", "Faculty"."updated_at" AS "Faculty_updated_at", "Faculty"."deleted_at" AS "Faculty_deleted_at", "Faculty"."deanId" AS "Faculty_deanId", "Faculty__Faculty_dean"."id" AS "Faculty__Faculty_dean_id", "Faculty__Faculty_dean"."email" AS "Faculty__Faculty_dean_email", "Faculty__Faculty_dean"."username" AS "Faculty__Faculty_dean_username", "Faculty__Faculty_dean"."password_hash" AS "Faculty__Faculty_dean_password_hash", "Faculty__Faculty_dean"."role" AS "Faculty__Faculty_dean_role", "Faculty__Faculty_dean"."first_name" AS "Faculty__Faculty_dean_first_name", "Faculty__Faculty_dean"."last_name" AS "Faculty__Faculty_dean_last_name", "Faculty__Faculty_dean"."is_active" AS "Faculty__Faculty_dean_is_active", "Faculty__Faculty_dean"."refresh_token" AS "Faculty__Faculty_dean_refresh_token", "Faculty__Faculty_dean"."email_verified" AS "Faculty__Faculty_dean_email_verified", "Faculty__Faculty_dean"."email_verification_token" AS "Faculty__Faculty_dean_email_verification_token", "Faculty__Faculty_dean"."password_reset_token" AS "Faculty__Faculty_dean_password_reset_token", "Faculty__Faculty_dean"."password_reset_expires" AS "Faculty__Faculty_dean_password_reset_expires", "Faculty__Faculty_dean"."failed_login_attempts" AS "Faculty__Faculty_dean_failed_login_attempts", "Faculty__Faculty_dean"."locked_until" AS "Faculty__Faculty_dean_locked_until", "Faculty__Faculty_dean"."last_failed_login" AS "Faculty__Faculty_dean_last_failed_login", "Faculty__Faculty_dean"."created_at" AS "Faculty__Faculty_dean_created_at", "Faculty__Faculty_dean"."updated_at" AS "Faculty__Faculty_dean_updated_at", "Faculty__Faculty_dean"."deleted_at" AS "Faculty__Faculty_dean_deleted_at", "Faculty__Faculty_departments"."id" AS "Faculty__Faculty_departments_id", "Faculty__Faculty_departments"."name" AS "Faculty__Faculty_departments_name", "Faculty__Faculty_departments"."code" AS "Faculty__Faculty_departments_code", "Faculty__Faculty_departments"."created_at" AS "Faculty__Faculty_departments_created_at", "Faculty__Faculty_departments"."updated_at" AS "Faculty__Faculty_departments_updated_at", "Faculty__Faculty_departments"."deleted_at" AS "Faculty__Faculty_departments_deleted_at", "Faculty__Faculty_departments"."facultyId" AS "Faculty__Faculty_departments_facultyId" FROM "faculties" "Faculty" LEFT JOIN "users" "Faculty__Faculty_dean" ON "Faculty__Faculty_dean"."id"="Faculty"."deanId" AND ("Faculty__Faculty_dean"."deleted_at" IS NULL)  LEFT JOIN "departments" "Faculty__Faculty_departments" ON "Faculty__Faculty_departments"."facultyId"="Faculty"."id" AND ("Faculty__Faculty_departments"."deleted_at" IS NULL) WHERE ( "Faculty"."deleted_at" IS NULL ) AND ( "Faculty"."id" IN (272, 271, 270, 269, 268) ) ORDER BY "Faculty"."id" DESC

      at Function.logInfo (../src/platform/PlatformTools.ts:262:17)

    console.log
      query: START TRANSACTION

      at Function.logInfo (../src/platform/PlatformTools.ts:262:17)

    console.log
      query: INSERT INTO "faculties"("name", "code", "created_at", "updated_at", "deleted_at", "deanId") VALUES ($1, $2, DEFAULT, DEFAULT, DEFAULT, DEFAULT) RETURNING "id", "created_at", "updated_at", "deleted_at" -- PARAMETERS: ["faculties_e2e Faculty 1769682205200","FA5200"]

      at Function.logInfo (../src/platform/PlatformTools.ts:262:17)

    console.log
      query: COMMIT

      at Function.logInfo (../src/platform/PlatformTools.ts:262:17)

    console.log
      query: SELECT DISTINCT "distinctAlias"."Faculty_id" AS "ids_Faculty_id" FROM (SELECT "Faculty"."id" AS "Faculty_id", "Faculty"."name" AS "Faculty_name", "Faculty"."code" AS "Faculty_code", "Faculty"."created_at" AS "Faculty_created_at", "Faculty"."updated_at" AS "Faculty_updated_at", "Faculty"."deleted_at" AS "Faculty_deleted_at", "Faculty"."deanId" AS "Faculty_deanId", "Faculty__Faculty_dean"."id" AS "Faculty__Faculty_dean_id", "Faculty__Faculty_dean"."email" AS "Faculty__Faculty_dean_email", "Faculty__Faculty_dean"."username" AS "Faculty__Faculty_dean_username", "Faculty__Faculty_dean"."password_hash" AS "Faculty__Faculty_dean_password_hash", "Faculty__Faculty_dean"."role" AS "Faculty__Faculty_dean_role", "Faculty__Faculty_dean"."first_name" AS "Faculty__Faculty_dean_first_name", "Faculty__Faculty_dean"."last_name" AS "Faculty__Faculty_dean_last_name", "Faculty__Faculty_dean"."is_active" AS "Faculty__Faculty_dean_is_active", "Faculty__Faculty_dean"."refresh_token" AS "Faculty__Faculty_dean_refresh_token", "Faculty__Faculty_dean"."email_verified" AS "Faculty__Faculty_dean_email_verified", "Faculty__Faculty_dean"."email_verification_token" AS "Faculty__Faculty_dean_email_verification_token", "Faculty__Faculty_dean"."password_reset_token" AS "Faculty__Faculty_dean_password_reset_token", "Faculty__Faculty_dean"."password_reset_expires" AS "Faculty__Faculty_dean_password_reset_expires", "Faculty__Faculty_dean"."failed_login_attempts" AS "Faculty__Faculty_dean_failed_login_attempts", "Faculty__Faculty_dean"."locked_until" AS "Faculty__Faculty_dean_locked_until", "Faculty__Faculty_dean"."last_failed_login" AS "Faculty__Faculty_dean_last_failed_login", "Faculty__Faculty_dean"."created_at" AS "Faculty__Faculty_dean_created_at", "Faculty__Faculty_dean"."updated_at" AS "Faculty__Faculty_dean_updated_at", "Faculty__Faculty_dean"."deleted_at" AS "Faculty__Faculty_dean_deleted_at", "Faculty__Faculty_departments"."id" AS "Faculty__Faculty_departments_id", "Faculty__Faculty_departments"."name" AS "Faculty__Faculty_departments_name", "Faculty__Faculty_departments"."code" AS "Faculty__Faculty_departments_code", "Faculty__Faculty_departments"."created_at" AS "Faculty__Faculty_departments_created_at", "Faculty__Faculty_departments"."updated_at" AS "Faculty__Faculty_departments_updated_at", "Faculty__Faculty_departments"."deleted_at" AS "Faculty__Faculty_departments_deleted_at", "Faculty__Faculty_departments"."facultyId" AS "Faculty__Faculty_departments_facultyId" FROM "faculties" "Faculty" LEFT JOIN "users" "Faculty__Faculty_dean" ON "Faculty__Faculty_dean"."id"="Faculty"."deanId" AND ("Faculty__Faculty_dean"."deleted_at" IS NULL)  LEFT JOIN "departments" "Faculty__Faculty_departments" ON "Faculty__Faculty_departments"."facultyId"="Faculty"."id" AND ("Faculty__Faculty_departments"."deleted_at" IS NULL) WHERE ( (("Faculty"."id" = $1)) ) AND ( "Faculty"."deleted_at" IS NULL )) "distinctAlias" ORDER BY "Faculty_id" ASC LIMIT 1 -- PARAMETERS: [273]

      at Function.logInfo (../src/platform/PlatformTools.ts:262:17)

    console.log
      query: SELECT "Faculty"."id" AS "Faculty_id", "Faculty"."name" AS "Faculty_name", "Faculty"."code" AS "Faculty_code", "Faculty"."created_at" AS "Faculty_created_at", "Faculty"."updated_at" AS "Faculty_updated_at", "Faculty"."deleted_at" AS "Faculty_deleted_at", "Faculty"."deanId" AS "Faculty_deanId", "Faculty__Faculty_dean"."id" AS "Faculty__Faculty_dean_id", "Faculty__Faculty_dean"."email" AS "Faculty__Faculty_dean_email", "Faculty__Faculty_dean"."username" AS "Faculty__Faculty_dean_username", "Faculty__Faculty_dean"."password_hash" AS "Faculty__Faculty_dean_password_hash", "Faculty__Faculty_dean"."role" AS "Faculty__Faculty_dean_role", "Faculty__Faculty_dean"."first_name" AS "Faculty__Faculty_dean_first_name", "Faculty__Faculty_dean"."last_name" AS "Faculty__Faculty_dean_last_name", "Faculty__Faculty_dean"."is_active" AS "Faculty__Faculty_dean_is_active", "Faculty__Faculty_dean"."refresh_token" AS "Faculty__Faculty_dean_refresh_token", "Faculty__Faculty_dean"."email_verified" AS "Faculty__Faculty_dean_email_verified", "Faculty__Faculty_dean"."email_verification_token" AS "Faculty__Faculty_dean_email_verification_token", "Faculty__Faculty_dean"."password_reset_token" AS "Faculty__Faculty_dean_password_reset_token", "Faculty__Faculty_dean"."password_reset_expires" AS "Faculty__Faculty_dean_password_reset_expires", "Faculty__Faculty_dean"."failed_login_attempts" AS "Faculty__Faculty_dean_failed_login_attempts", "Faculty__Faculty_dean"."locked_until" AS "Faculty__Faculty_dean_locked_until", "Faculty__Faculty_dean"."last_failed_login" AS "Faculty__Faculty_dean_last_failed_login", "Faculty__Faculty_dean"."created_at" AS "Faculty__Faculty_dean_created_at", "Faculty__Faculty_dean"."updated_at" AS "Faculty__Faculty_dean_updated_at", "Faculty__Faculty_dean"."deleted_at" AS "Faculty__Faculty_dean_deleted_at", "Faculty__Faculty_departments"."id" AS "Faculty__Faculty_departments_id", "Faculty__Faculty_departments"."name" AS "Faculty__Faculty_departments_name", "Faculty__Faculty_departments"."code" AS "Faculty__Faculty_departments_code", "Faculty__Faculty_departments"."created_at" AS "Faculty__Faculty_departments_created_at", "Faculty__Faculty_departments"."updated_at" AS "Faculty__Faculty_departments_updated_at", "Faculty__Faculty_departments"."deleted_at" AS "Faculty__Faculty_departments_deleted_at", "Faculty__Faculty_departments"."facultyId" AS "Faculty__Faculty_departments_facultyId" FROM "faculties" "Faculty" LEFT JOIN "users" "Faculty__Faculty_dean" ON "Faculty__Faculty_dean"."id"="Faculty"."deanId" AND ("Faculty__Faculty_dean"."deleted_at" IS NULL)  LEFT JOIN "departments" "Faculty__Faculty_departments" ON "Faculty__Faculty_departments"."facultyId"="Faculty"."id" AND ("Faculty__Faculty_departments"."deleted_at" IS NULL) WHERE ( (("Faculty"."id" = $1)) ) AND ( "Faculty"."deleted_at" IS NULL ) AND ( "Faculty"."id" IN (273) ) -- PARAMETERS: [273]

      at Function.logInfo (../src/platform/PlatformTools.ts:262:17)

    console.log
      query: SELECT DISTINCT "distinctAlias"."Faculty_id" AS "ids_Faculty_id" FROM (SELECT "Faculty"."id" AS "Faculty_id", "Faculty"."name" AS "Faculty_name", "Faculty"."code" AS "Faculty_code", "Faculty"."created_at" AS "Faculty_created_at", "Faculty"."updated_at" AS "Faculty_updated_at", "Faculty"."deleted_at" AS "Faculty_deleted_at", "Faculty"."deanId" AS "Faculty_deanId", "Faculty__Faculty_dean"."id" AS "Faculty__Faculty_dean_id", "Faculty__Faculty_dean"."email" AS "Faculty__Faculty_dean_email", "Faculty__Faculty_dean"."username" AS "Faculty__Faculty_dean_username", "Faculty__Faculty_dean"."password_hash" AS "Faculty__Faculty_dean_password_hash", "Faculty__Faculty_dean"."role" AS "Faculty__Faculty_dean_role", "Faculty__Faculty_dean"."first_name" AS "Faculty__Faculty_dean_first_name", "Faculty__Faculty_dean"."last_name" AS "Faculty__Faculty_dean_last_name", "Faculty__Faculty_dean"."is_active" AS "Faculty__Faculty_dean_is_active", "Faculty__Faculty_dean"."refresh_token" AS "Faculty__Faculty_dean_refresh_token", "Faculty__Faculty_dean"."email_verified" AS "Faculty__Faculty_dean_email_verified", "Faculty__Faculty_dean"."email_verification_token" AS "Faculty__Faculty_dean_email_verification_token", "Faculty__Faculty_dean"."password_reset_token" AS "Faculty__Faculty_dean_password_reset_token", "Faculty__Faculty_dean"."password_reset_expires" AS "Faculty__Faculty_dean_password_reset_expires", "Faculty__Faculty_dean"."failed_login_attempts" AS "Faculty__Faculty_dean_failed_login_attempts", "Faculty__Faculty_dean"."locked_until" AS "Faculty__Faculty_dean_locked_until", "Faculty__Faculty_dean"."last_failed_login" AS "Faculty__Faculty_dean_last_failed_login", "Faculty__Faculty_dean"."created_at" AS "Faculty__Faculty_dean_created_at", "Faculty__Faculty_dean"."updated_at" AS "Faculty__Faculty_dean_updated_at", "Faculty__Faculty_dean"."deleted_at" AS "Faculty__Faculty_dean_deleted_at", "Faculty__Faculty_departments"."id" AS "Faculty__Faculty_departments_id", "Faculty__Faculty_departments"."name" AS "Faculty__Faculty_departments_name", "Faculty__Faculty_departments"."code" AS "Faculty__Faculty_departments_code", "Faculty__Faculty_departments"."created_at" AS "Faculty__Faculty_departments_created_at", "Faculty__Faculty_departments"."updated_at" AS "Faculty__Faculty_departments_updated_at", "Faculty__Faculty_departments"."deleted_at" AS "Faculty__Faculty_departments_deleted_at", "Faculty__Faculty_departments"."facultyId" AS "Faculty__Faculty_departments_facultyId" FROM "faculties" "Faculty" LEFT JOIN "users" "Faculty__Faculty_dean" ON "Faculty__Faculty_dean"."id"="Faculty"."deanId" AND ("Faculty__Faculty_dean"."deleted_at" IS NULL)  LEFT JOIN "departments" "Faculty__Faculty_departments" ON "Faculty__Faculty_departments"."facultyId"="Faculty"."id" AND ("Faculty__Faculty_departments"."deleted_at" IS NULL) WHERE ( (("Faculty"."id" = $1)) ) AND ( "Faculty"."deleted_at" IS NULL )) "distinctAlias" ORDER BY "Faculty_id" ASC LIMIT 1 -- PARAMETERS: [999999]

      at Function.logInfo (../src/platform/PlatformTools.ts:262:17)

    console.log
      query: START TRANSACTION

      at Function.logInfo (../src/platform/PlatformTools.ts:262:17)

    console.log
      query: INSERT INTO "faculties"("name", "code", "created_at", "updated_at", "deleted_at", "deanId") VALUES ($1, $2, DEFAULT, DEFAULT, DEFAULT, DEFAULT) RETURNING "id", "created_at", "updated_at", "deleted_at" -- PARAMETERS: ["faculties_e2e Faculty 1769682205264","FA5264"]

      at Function.logInfo (../src/platform/PlatformTools.ts:262:17)

    console.log
      query: COMMIT

      at Function.logInfo (../src/platform/PlatformTools.ts:262:17)

    console.log
      query: SELECT "Faculty"."id" AS "Faculty_id", "Faculty"."name" AS "Faculty_name", "Faculty"."code" AS "Faculty_code", "Faculty"."created_at" AS "Faculty_created_at", "Faculty"."updated_at" AS "Faculty_updated_at", "Faculty"."deleted_at" AS "Faculty_deleted_at", "Faculty"."deanId" AS "Faculty_deanId" FROM "faculties" "Faculty" WHERE ( (("Faculty"."id" = $1)) ) AND ( "Faculty"."deleted_at" IS NULL ) LIMIT 1 -- PARAMETERS: [274]

      at Function.logInfo (../src/platform/PlatformTools.ts:262:17)

    console.log
      query: SELECT "Faculty"."id" AS "Faculty_id", "Faculty"."name" AS "Faculty_name", "Faculty"."code" AS "Faculty_code", "Faculty"."created_at" AS "Faculty_created_at", "Faculty"."updated_at" AS "Faculty_updated_at", "Faculty"."deleted_at" AS "Faculty_deleted_at", "Faculty"."deanId" AS "Faculty_deanId" FROM "faculties" "Faculty" WHERE ( (("Faculty"."name" = $1)) ) AND ( "Faculty"."deleted_at" IS NULL ) LIMIT 1 -- PARAMETERS: ["faculties_e2e Updated Faculty"]

      at Function.logInfo (../src/platform/PlatformTools.ts:262:17)

    console.log
      query: SELECT "Faculty"."id" AS "Faculty_id", "Faculty"."name" AS "Faculty_name", "Faculty"."code" AS "Faculty_code", "Faculty"."created_at" AS "Faculty_created_at", "Faculty"."updated_at" AS "Faculty_updated_at", "Faculty"."deleted_at" AS "Faculty_deleted_at", "Faculty"."deanId" AS "Faculty_deanId" FROM "faculties" "Faculty" WHERE "Faculty"."id" IN ($1) -- PARAMETERS: [274]

      at Function.logInfo (../src/platform/PlatformTools.ts:262:17)
          at async Promise.all (index 0)
          at async Promise.all (index 0)

    console.log
      query: START TRANSACTION

      at Function.logInfo (../src/platform/PlatformTools.ts:262:17)

    console.log
      query: UPDATE "faculties" SET "name" = $1, "updated_at" = CURRENT_TIMESTAMP WHERE "id" IN ($2) RETURNING "updated_at" -- PARAMETERS: ["faculties_e2e Updated Faculty",274]

      at Function.logInfo (../src/platform/PlatformTools.ts:262:17)
          at async Promise.all (index 0)

    console.log
      query: COMMIT

      at Function.logInfo (../src/platform/PlatformTools.ts:262:17)

    console.log
      query: START TRANSACTION

      at Function.logInfo (../src/platform/PlatformTools.ts:262:17)

    console.log
      query: INSERT INTO "faculties"("name", "code", "created_at", "updated_at", "deleted_at", "deanId") VALUES ($1, $2, DEFAULT, DEFAULT, DEFAULT, DEFAULT) RETURNING "id", "created_at", "updated_at", "deleted_at" -- PARAMETERS: ["faculties_e2e Faculty 1769682205323","FA5323"]

      at Function.logInfo (../src/platform/PlatformTools.ts:262:17)

    console.log
      query: COMMIT

      at Function.logInfo (../src/platform/PlatformTools.ts:262:17)

    console.log
      query: SELECT DISTINCT "distinctAlias"."Faculty_id" AS "ids_Faculty_id" FROM (SELECT "Faculty"."id" AS "Faculty_id", "Faculty"."name" AS "Faculty_name", "Faculty"."code" AS "Faculty_code", "Faculty"."created_at" AS "Faculty_created_at", "Faculty"."updated_at" AS "Faculty_updated_at", "Faculty"."deleted_at" AS "Faculty_deleted_at", "Faculty"."deanId" AS "Faculty_deanId", "Faculty__Faculty_departments"."id" AS "Faculty__Faculty_departments_id", "Faculty__Faculty_departments"."name" AS "Faculty__Faculty_departments_name", "Faculty__Faculty_departments"."code" AS "Faculty__Faculty_departments_code", "Faculty__Faculty_departments"."created_at" AS "Faculty__Faculty_departments_created_at", "Faculty__Faculty_departments"."updated_at" AS "Faculty__Faculty_departments_updated_at", "Faculty__Faculty_departments"."deleted_at" AS "Faculty__Faculty_departments_deleted_at", "Faculty__Faculty_departments"."facultyId" AS "Faculty__Faculty_departments_facultyId" FROM "faculties" "Faculty" LEFT JOIN "departments" "Faculty__Faculty_departments" ON "Faculty__Faculty_departments"."facultyId"="Faculty"."id" AND ("Faculty__Faculty_departments"."deleted_at" IS NULL) WHERE ( (("Faculty"."id" = $1)) ) AND ( "Faculty"."deleted_at" IS NULL )) "distinctAlias" ORDER BY "Faculty_id" ASC LIMIT 1 -- PARAMETERS: [275]

      at Function.logInfo (../src/platform/PlatformTools.ts:262:17)

    console.log
      query: SELECT "Faculty"."id" AS "Faculty_id", "Faculty"."name" AS "Faculty_name", "Faculty"."code" AS "Faculty_code", "Faculty"."created_at" AS "Faculty_created_at", "Faculty"."updated_at" AS "Faculty_updated_at", "Faculty"."deleted_at" AS "Faculty_deleted_at", "Faculty"."deanId" AS "Faculty_deanId", "Faculty__Faculty_departments"."id" AS "Faculty__Faculty_departments_id", "Faculty__Faculty_departments"."name" AS "Faculty__Faculty_departments_name", "Faculty__Faculty_departments"."code" AS "Faculty__Faculty_departments_code", "Faculty__Faculty_departments"."created_at" AS "Faculty__Faculty_departments_created_at", "Faculty__Faculty_departments"."updated_at" AS "Faculty__Faculty_departments_updated_at", "Faculty__Faculty_departments"."deleted_at" AS "Faculty__Faculty_departments_deleted_at", "Faculty__Faculty_departments"."facultyId" AS "Faculty__Faculty_departments_facultyId" FROM "faculties" "Faculty" LEFT JOIN "departments" "Faculty__Faculty_departments" ON "Faculty__Faculty_departments"."facultyId"="Faculty"."id" AND ("Faculty__Faculty_departments"."deleted_at" IS NULL) WHERE ( (("Faculty"."id" = $1)) ) AND ( "Faculty"."deleted_at" IS NULL ) AND ( "Faculty"."id" IN (275) ) -- PARAMETERS: [275]

      at Function.logInfo (../src/platform/PlatformTools.ts:262:17)

    console.log
      query: SELECT "Faculty"."id" AS "Faculty_id", "Faculty"."name" AS "Faculty_name", "Faculty"."code" AS "Faculty_code", "Faculty"."created_at" AS "Faculty_created_at", "Faculty"."updated_at" AS "Faculty_updated_at", "Faculty"."deleted_at" AS "Faculty_deleted_at", "Faculty"."deanId" AS "Faculty_deanId" FROM "faculties" "Faculty" WHERE "Faculty"."id" IN ($1) -- PARAMETERS: [275]

      at Function.logInfo (../src/platform/PlatformTools.ts:262:17)
          at async Promise.all (index 0)
          at async Promise.all (index 0)

    console.log
      query: SELECT "departments"."id" AS "id", "departments"."facultyId" AS "facultyId" FROM "departments" "departments" WHERE ( (("departments"."facultyId" = $1)) ) AND ( "departments"."deleted_at" IS NULL ) -- PARAMETERS: [275]

      at Function.logInfo (../src/platform/PlatformTools.ts:262:17)
          at async Promise.all (index 0)

    console.log
      query: START TRANSACTION

      at Function.logInfo (../src/platform/PlatformTools.ts:262:17)

    console.log
      query: UPDATE "faculties" SET "deleted_at" = CURRENT_TIMESTAMP, "updated_at" = CURRENT_TIMESTAMP WHERE "id" IN ($1) RETURNING "updated_at", "deleted_at" -- PARAMETERS: [275]

      at Function.logInfo (../src/platform/PlatformTools.ts:262:17)
          at async Promise.all (index 0)

    console.log
      query: COMMIT

      at Function.logInfo (../src/platform/PlatformTools.ts:262:17)

    console.log
      query: SELECT DISTINCT "distinctAlias"."Faculty_id" AS "ids_Faculty_id" FROM (SELECT "Faculty"."id" AS "Faculty_id", "Faculty"."name" AS "Faculty_name", "Faculty"."code" AS "Faculty_code", "Faculty"."created_at" AS "Faculty_created_at", "Faculty"."updated_at" AS "Faculty_updated_at", "Faculty"."deleted_at" AS "Faculty_deleted_at", "Faculty"."deanId" AS "Faculty_deanId", "Faculty__Faculty_dean"."id" AS "Faculty__Faculty_dean_id", "Faculty__Faculty_dean"."email" AS "Faculty__Faculty_dean_email", "Faculty__Faculty_dean"."username" AS "Faculty__Faculty_dean_username", "Faculty__Faculty_dean"."password_hash" AS "Faculty__Faculty_dean_password_hash", "Faculty__Faculty_dean"."role" AS "Faculty__Faculty_dean_role", "Faculty__Faculty_dean"."first_name" AS "Faculty__Faculty_dean_first_name", "Faculty__Faculty_dean"."last_name" AS "Faculty__Faculty_dean_last_name", "Faculty__Faculty_dean"."is_active" AS "Faculty__Faculty_dean_is_active", "Faculty__Faculty_dean"."refresh_token" AS "Faculty__Faculty_dean_refresh_token", "Faculty__Faculty_dean"."email_verified" AS "Faculty__Faculty_dean_email_verified", "Faculty__Faculty_dean"."email_verification_token" AS "Faculty__Faculty_dean_email_verification_token", "Faculty__Faculty_dean"."password_reset_token" AS "Faculty__Faculty_dean_password_reset_token", "Faculty__Faculty_dean"."password_reset_expires" AS "Faculty__Faculty_dean_password_reset_expires", "Faculty__Faculty_dean"."failed_login_attempts" AS "Faculty__Faculty_dean_failed_login_attempts", "Faculty__Faculty_dean"."locked_until" AS "Faculty__Faculty_dean_locked_until", "Faculty__Faculty_dean"."last_failed_login" AS "Faculty__Faculty_dean_last_failed_login", "Faculty__Faculty_dean"."created_at" AS "Faculty__Faculty_dean_created_at", "Faculty__Faculty_dean"."updated_at" AS "Faculty__Faculty_dean_updated_at", "Faculty__Faculty_dean"."deleted_at" AS "Faculty__Faculty_dean_deleted_at", "Faculty__Faculty_departments"."id" AS "Faculty__Faculty_departments_id", "Faculty__Faculty_departments"."name" AS "Faculty__Faculty_departments_name", "Faculty__Faculty_departments"."code" AS "Faculty__Faculty_departments_code", "Faculty__Faculty_departments"."created_at" AS "Faculty__Faculty_departments_created_at", "Faculty__Faculty_departments"."updated_at" AS "Faculty__Faculty_departments_updated_at", "Faculty__Faculty_departments"."deleted_at" AS "Faculty__Faculty_departments_deleted_at", "Faculty__Faculty_departments"."facultyId" AS "Faculty__Faculty_departments_facultyId" FROM "faculties" "Faculty" LEFT JOIN "users" "Faculty__Faculty_dean" ON "Faculty__Faculty_dean"."id"="Faculty"."deanId" AND ("Faculty__Faculty_dean"."deleted_at" IS NULL)  LEFT JOIN "departments" "Faculty__Faculty_departments" ON "Faculty__Faculty_departments"."facultyId"="Faculty"."id" AND ("Faculty__Faculty_departments"."deleted_at" IS NULL) WHERE ( (("Faculty"."id" = $1)) ) AND ( "Faculty"."deleted_at" IS NULL )) "distinctAlias" ORDER BY "Faculty_id" ASC LIMIT 1 -- PARAMETERS: [275]

      at Function.logInfo (../src/platform/PlatformTools.ts:262:17)

    console.log
      query: START TRANSACTION

      at Function.logInfo (../src/platform/PlatformTools.ts:262:17)

    console.log
      query: INSERT INTO "faculties"("name", "code", "created_at", "updated_at", "deleted_at", "deanId") VALUES ($1, $2, DEFAULT, DEFAULT, DEFAULT, DEFAULT) RETURNING "id", "created_at", "updated_at", "deleted_at" -- PARAMETERS: ["faculties_e2e Faculty 1769682205392","FA5392"]

      at Function.logInfo (../src/platform/PlatformTools.ts:262:17)

    console.log
      query: COMMIT

      at Function.logInfo (../src/platform/PlatformTools.ts:262:17)

    console.log
      query: DELETE FROM "faculties" WHERE "code" LIKE $1 -- PARAMETERS: ["FA%"]

      at Function.logInfo (../src/platform/PlatformTools.ts:262:17)

    console.log
      query: DELETE FROM "users" WHERE "email" LIKE $1 -- PARAMETERS: ["faculties_e2e_%@test.com"]

      at Function.logInfo (../src/platform/PlatformTools.ts:262:17)

PASS test/audit.e2e-spec.ts (7.941 s)
  ΓùÅ Console

    console.log
      query: SELECT version()

      at Function.logInfo (../src/platform/PlatformTools.ts:262:17)

    console.log
      query: SELECT * FROM current_schema()

      at Function.logInfo (../src/platform/PlatformTools.ts:262:17)

    console.log
      query: START TRANSACTION

      at Function.logInfo (../src/platform/PlatformTools.ts:262:17)

    console.log
      query: SELECT * FROM current_schema()

      at Function.logInfo (../src/platform/PlatformTools.ts:262:17)

    console.log
      query: SELECT * FROM current_database()

      at Function.logInfo (../src/platform/PlatformTools.ts:262:17)

    console.log
      query: SELECT "table_schema", "table_name", obj_description(('"' || "table_schema" || '"."' || "table_name" || '"')::regclass, 'pg_class') AS table_comment FROM "information_schema"."tables" WHERE ("table_schema" = 'public' AND "table_name" = 'grades') OR ("table_schema" = 'public' AND "table_name" = 'attendance') OR ("table_schema" = 'public' AND "table_name" = 'faculties') OR ("table_schema" = 'public' AND "table_name" = 'departments') OR ("table_schema" = 'public' AND "table_name" = 'courses') OR ("table_schema" = 'public' AND "table_name" = 'enrollments') OR ("table_schema" = 'public' AND "table_name" = 'students') OR ("table_schema" = 'public' AND "table_name" = 'users') OR ("table_schema" = 'public' AND "table_name" = 'academic_terms') OR ("table_schema" = 'public' AND "table_name" = 'classrooms') OR ("table_schema" = 'public' AND "table_name" = 'schedules') OR ("table_schema" = 'public' AND "table_name" = 'audit_logs') OR ("table_schema" = 'public' AND "table_name" = 'teacher_profiles') OR ("table_schema" = 'public' AND "table_name" = 'grades') OR ("table_schema" = 'public' AND "table_name" = 'attendance') OR ("table_schema" = 'public' AND "table_name" = 'faculties') OR ("table_schema" = 'public' AND "table_name" = 'departments') OR ("table_schema" = 'public' AND "table_name" = 'courses') OR ("table_schema" = 'public' AND "table_name" = 'enrollments') OR ("table_schema" = 'public' AND "table_name" = 'students') OR ("table_schema" = 'public' AND "table_name" = 'users') OR ("table_schema" = 'public' AND "table_name" = 'teacher_profiles') OR ("table_schema" = 'public' AND "table_name" = 'classrooms') OR ("table_schema" = 'public' AND "table_name" = 'schedules') OR ("table_schema" = 'public' AND "table_name" = 'audit_logs') OR ("table_schema" = 'public' AND "table_name" = 'academic_terms') OR ("table_schema" = 'public' AND "table_name" = 'course_teachers') OR ("table_schema" = 'public' AND "table_name" = 'course_prerequisites') OR ("table_schema" = 'public' AND "table_name" = 'course_teachers') OR ("table_schema" = 'public' AND "table_name" = 'course_prerequisites')

      at Function.logInfo (../src/platform/PlatformTools.ts:262:17)

    console.log
      query: SELECT TRUE FROM information_schema.columns WHERE table_name = 'pg_class' and column_name = 'relispartition'

      at Function.logInfo (../src/platform/PlatformTools.ts:262:17)

    console.log
      query: SELECT columns.*, pg_catalog.col_description(('"' || table_catalog || '"."' || table_schema || '"."' || table_name || '"')::regclass::oid, ordinal_position) AS description, ('"' || "udt_schema" || '"."' || "udt_name" || '"')::"regtype"::text AS "regtype", pg_catalog.format_type("col_attr"."atttypid", "col_attr"."atttypmod") AS "format_type" FROM "information_schema"."columns" LEFT JOIN "pg_catalog"."pg_attribute" AS "col_attr" ON "col_attr"."attname" = "columns"."column_name" AND "col_attr"."attrelid" = ( SELECT "cls"."oid" FROM "pg_catalog"."pg_class" AS "cls" LEFT JOIN "pg_catalog"."pg_namespace" AS "ns" ON "ns"."oid" = "cls"."relnamespace" WHERE "cls"."relname" = "columns"."table_name" AND "ns"."nspname" = "columns"."table_schema" ) WHERE ("table_schema" = 'public' AND "table_name" = 'course_teachers') OR ("table_schema" = 'public' AND "table_name" = 'classrooms') OR ("table_schema" = 'public' AND "table_name" = 'schedules') OR ("table_schema" = 'public' AND "table_name" = 'audit_logs') OR ("table_schema" = 'public' AND "table_name" = 'course_prerequisites') OR ("table_schema" = 'public' AND "table_name" = 'courses') OR ("table_schema" = 'public' AND "table_name" = 'grades') OR ("table_schema" = 'public' AND "table_name" = 'enrollments') OR ("table_schema" = 'public' AND "table_name" = 'faculties') OR ("table_schema" = 'public' AND "table_name" = 'departments') OR ("table_schema" = 'public' AND "table_name" = 'students') OR ("table_schema" = 'public' AND "table_name" = 'users') OR ("table_schema" = 'public' AND "table_name" = 'academic_terms') OR ("table_schema" = 'public' AND "table_name" = 'teacher_profiles') OR ("table_schema" = 'public' AND "table_name" = 'attendance')

      at Function.logInfo (../src/platform/PlatformTools.ts:262:17)
          at async Promise.all (index 0)

    console.log
      query: SELECT "ns"."nspname" AS "table_schema", "t"."relname" AS "table_name", "cnst"."conname" AS "constraint_name", pg_get_constraintdef("cnst"."oid") AS "expression", CASE "cnst"."contype" WHEN 'p' THEN 'PRIMARY' WHEN 'u' THEN 'UNIQUE' WHEN 'c' THEN 'CHECK' WHEN 'x' THEN 'EXCLUDE' END AS "constraint_type", "a"."attname" AS "column_name" FROM "pg_constraint" "cnst" INNER JOIN "pg_class" "t" ON "t"."oid" = "cnst"."conrelid" INNER JOIN "pg_namespace" "ns" ON "ns"."oid" = "cnst"."connamespace" LEFT JOIN "pg_attribute" "a" ON "a"."attrelid" = "cnst"."conrelid" AND "a"."attnum" = ANY ("cnst"."conkey") WHERE "t"."relkind" IN ('r', 'p') AND (("ns"."nspname" = 'public' AND "t"."relname" = 'course_teachers') OR ("ns"."nspname" = 'public' AND "t"."relname" = 'classrooms') OR ("ns"."nspname" = 'public' AND "t"."relname" = 'schedules') OR ("ns"."nspname" = 'public' AND "t"."relname" = 'audit_logs') OR ("ns"."nspname" = 'public' AND "t"."relname" = 'course_prerequisites') OR ("ns"."nspname" = 'public' AND "t"."relname" = 'courses') OR ("ns"."nspname" = 'public' AND "t"."relname" = 'grades') OR ("ns"."nspname" = 'public' AND "t"."relname" = 'enrollments') OR ("ns"."nspname" = 'public' AND "t"."relname" = 'faculties') OR ("ns"."nspname" = 'public' AND "t"."relname" = 'departments') OR ("ns"."nspname" = 'public' AND "t"."relname" = 'students') OR ("ns"."nspname" = 'public' AND "t"."relname" = 'users') OR ("ns"."nspname" = 'public' AND "t"."relname" = 'academic_terms') OR ("ns"."nspname" = 'public' AND "t"."relname" = 'teacher_profiles') OR ("ns"."nspname" = 'public' AND "t"."relname" = 'attendance'))

      at Function.logInfo (../src/platform/PlatformTools.ts:262:17)
          at async Promise.all (index 1)

    console.log
      query: SELECT "ns"."nspname" AS "table_schema", "t"."relname" AS "table_name", "i"."relname" AS "constraint_name", "a"."attname" AS "column_name", CASE "ix"."indisunique" WHEN 't' THEN 'TRUE' ELSE'FALSE' END AS "is_unique", pg_get_expr("ix"."indpred", "ix"."indrelid") AS "condition", "types"."typname" AS "type_name", "am"."amname" AS "index_type" FROM "pg_class" "t" INNER JOIN "pg_index" "ix" ON "ix"."indrelid" = "t"."oid" INNER JOIN "pg_attribute" "a" ON "a"."attrelid" = "t"."oid"  AND "a"."attnum" = ANY ("ix"."indkey") INNER JOIN "pg_namespace" "ns" ON "ns"."oid" = "t"."relnamespace" INNER JOIN "pg_class" "i" ON "i"."oid" = "ix"."indexrelid" INNER JOIN "pg_type" "types" ON "types"."oid" = "a"."atttypid" INNER JOIN "pg_am" "am" ON "i"."relam" = "am"."oid" LEFT JOIN "pg_constraint" "cnst" ON "cnst"."conname" = "i"."relname" WHERE "t"."relkind" IN ('r', 'p') AND "cnst"."contype" IS NULL AND (("ns"."nspname" = 'public' AND "t"."relname" = 'course_teachers') OR ("ns"."nspname" = 'public' AND "t"."relname" = 'classrooms') OR ("ns"."nspname" = 'public' AND "t"."relname" = 'schedules') OR ("ns"."nspname" = 'public' AND "t"."relname" = 'audit_logs') OR ("ns"."nspname" = 'public' AND "t"."relname" = 'course_prerequisites') OR ("ns"."nspname" = 'public' AND "t"."relname" = 'courses') OR ("ns"."nspname" = 'public' AND "t"."relname" = 'grades') OR ("ns"."nspname" = 'public' AND "t"."relname" = 'enrollments') OR ("ns"."nspname" = 'public' AND "t"."relname" = 'faculties') OR ("ns"."nspname" = 'public' AND "t"."relname" = 'departments') OR ("ns"."nspname" = 'public' AND "t"."relname" = 'students') OR ("ns"."nspname" = 'public' AND "t"."relname" = 'users') OR ("ns"."nspname" = 'public' AND "t"."relname" = 'academic_terms') OR ("ns"."nspname" = 'public' AND "t"."relname" = 'teacher_profiles') OR ("ns"."nspname" = 'public' AND "t"."relname" = 'attendance'))

      at Function.logInfo (../src/platform/PlatformTools.ts:262:17)
          at async Promise.all (index 2)

    console.log
      query: SELECT "con"."conname" AS "constraint_name", "con"."nspname" AS "table_schema", "con"."relname" AS "table_name", "att2"."attname" AS "column_name", "ns"."nspname" AS "referenced_table_schema", "cl"."relname" AS "referenced_table_name", "att"."attname" AS "referenced_column_name", "con"."confdeltype" AS "on_delete", "con"."confupdtype" AS "on_update", "con"."condeferrable" AS "deferrable", "con"."condeferred" AS "deferred" FROM ( SELECT UNNEST ("con1"."conkey") AS "parent", UNNEST ("con1"."confkey") AS "child", "con1"."confrelid", "con1"."conrelid", "con1"."conname", "con1"."contype", "ns"."nspname", "cl"."relname", "con1"."condeferrable", CASE WHEN "con1"."condeferred" THEN 'INITIALLY DEFERRED' ELSE 'INITIALLY IMMEDIATE' END as condeferred, CASE "con1"."confdeltype" WHEN 'a' THEN 'NO ACTION' WHEN 'r' THEN 'RESTRICT' WHEN 'c' THEN 'CASCADE' WHEN 'n' THEN 'SET NULL' WHEN 'd' THEN 'SET DEFAULT' END as "confdeltype", CASE "con1"."confupdtype" WHEN 'a' THEN 'NO ACTION' WHEN 'r' THEN 'RESTRICT' WHEN 'c' THEN 'CASCADE' WHEN 'n' THEN 'SET NULL' WHEN 'd' THEN 'SET DEFAULT' END as "confupdtype" FROM "pg_class" "cl" INNER JOIN "pg_namespace" "ns" ON "cl"."relnamespace" = "ns"."oid" INNER JOIN "pg_constraint" "con1" ON "con1"."conrelid" = "cl"."oid" WHERE "con1"."contype" = 'f' AND (("ns"."nspname" = 'public' AND "cl"."relname" = 'course_teachers') OR ("ns"."nspname" = 'public' AND "cl"."relname" = 'classrooms') OR ("ns"."nspname" = 'public' AND "cl"."relname" = 'schedules') OR ("ns"."nspname" = 'public' AND "cl"."relname" = 'audit_logs') OR ("ns"."nspname" = 'public' AND "cl"."relname" = 'course_prerequisites') OR ("ns"."nspname" = 'public' AND "cl"."relname" = 'courses') OR ("ns"."nspname" = 'public' AND "cl"."relname" = 'grades') OR ("ns"."nspname" = 'public' AND "cl"."relname" = 'enrollments') OR ("ns"."nspname" = 'public' AND "cl"."relname" = 'faculties') OR ("ns"."nspname" = 'public' AND "cl"."relname" = 'departments') OR ("ns"."nspname" = 'public' AND "cl"."relname" = 'students') OR ("ns"."nspname" = 'public' AND "cl"."relname" = 'users') OR ("ns"."nspname" = 'public' AND "cl"."relname" = 'academic_terms') OR ("ns"."nspname" = 'public' AND "cl"."relname" = 'teacher_profiles') OR ("ns"."nspname" = 'public' AND "cl"."relname" = 'attendance')) ) "con" INNER JOIN "pg_attribute" "att" ON "att"."attrelid" = "con"."confrelid" AND "att"."attnum" = "con"."child" INNER JOIN "pg_class" "cl" ON "cl"."oid" = "con"."confrelid"  AND "cl"."relispartition" = 'f'INNER JOIN "pg_namespace" "ns" ON "cl"."relnamespace" = "ns"."oid" INNER JOIN "pg_attribute" "att2" ON "att2"."attrelid" = "con"."conrelid" AND "att2"."attnum" = "con"."parent"

      at Function.logInfo (../src/platform/PlatformTools.ts:262:17)
          at async Promise.all (index 3)

    console.log
      query: SELECT "udt_schema", "udt_name" FROM "information_schema"."columns" WHERE "table_schema" = 'public' AND "table_name" = 'classrooms' AND "column_name"='type'

      at Function.logInfo (../src/platform/PlatformTools.ts:262:17)
          at async Promise.all (index 4)
          at async Promise.all (index 1)

    console.log
      query: SELECT "udt_schema", "udt_name" FROM "information_schema"."columns" WHERE "table_schema" = 'public' AND "table_name" = 'enrollments' AND "column_name"='status'

      at Function.logInfo (../src/platform/PlatformTools.ts:262:17)
          at async Promise.all (index 4)
          at async Promise.all (index 7)

    console.log
      query: SELECT "udt_schema", "udt_name" FROM "information_schema"."columns" WHERE "table_schema" = 'public' AND "table_name" = 'students' AND "column_name"='gender'

      at Function.logInfo (../src/platform/PlatformTools.ts:262:17)
          at async Promise.all (index 4)
          at async Promise.all (index 10)

    console.log
      query: SELECT "udt_schema", "udt_name" FROM "information_schema"."columns" WHERE "table_schema" = 'public' AND "table_name" = 'users' AND "column_name"='role'

      at Function.logInfo (../src/platform/PlatformTools.ts:262:17)
          at async Promise.all (index 4)
          at async Promise.all (index 11)

    console.log
      query: SELECT "udt_schema", "udt_name" FROM "information_schema"."columns" WHERE "table_schema" = 'public' AND "table_name" = 'teacher_profiles' AND "column_name"='rank'

      at Function.logInfo (../src/platform/PlatformTools.ts:262:17)
          at async Promise.all (index 2)
          at async Promise.all (index 13)

    console.log
      query: SELECT "udt_schema", "udt_name" FROM "information_schema"."columns" WHERE "table_schema" = 'public' AND "table_name" = 'attendance' AND "column_name"='status'

      at Function.logInfo (../src/platform/PlatformTools.ts:262:17)
          at async Promise.all (index 4)
          at async Promise.all (index 14)

    console.log
      query: SELECT "e"."enumlabel" AS "value" FROM "pg_enum" "e" INNER JOIN "pg_type" "t" ON "t"."oid" = "e"."enumtypid" INNER JOIN "pg_namespace" "n" ON "n"."oid" = "t"."typnamespace" WHERE "n"."nspname" = 'public' AND "t"."typname" = 'classrooms_type_enum'

      at Function.logInfo (../src/platform/PlatformTools.ts:262:17)
          at async Promise.all (index 4)
          at async Promise.all (index 1)

    console.log
      query: SELECT "e"."enumlabel" AS "value" FROM "pg_enum" "e" INNER JOIN "pg_type" "t" ON "t"."oid" = "e"."enumtypid" INNER JOIN "pg_namespace" "n" ON "n"."oid" = "t"."typnamespace" WHERE "n"."nspname" = 'public' AND "t"."typname" = 'enrollments_status_enum'

      at Function.logInfo (../src/platform/PlatformTools.ts:262:17)
          at async Promise.all (index 4)
          at async Promise.all (index 7)

    console.log
      query: SELECT "e"."enumlabel" AS "value" FROM "pg_enum" "e" INNER JOIN "pg_type" "t" ON "t"."oid" = "e"."enumtypid" INNER JOIN "pg_namespace" "n" ON "n"."oid" = "t"."typnamespace" WHERE "n"."nspname" = 'public' AND "t"."typname" = 'students_gender_enum'

      at Function.logInfo (../src/platform/PlatformTools.ts:262:17)
          at async Promise.all (index 4)
          at async Promise.all (index 10)

    console.log
      query: SELECT "e"."enumlabel" AS "value" FROM "pg_enum" "e" INNER JOIN "pg_type" "t" ON "t"."oid" = "e"."enumtypid" INNER JOIN "pg_namespace" "n" ON "n"."oid" = "t"."typnamespace" WHERE "n"."nspname" = 'public' AND "t"."typname" = 'users_role_enum'

      at Function.logInfo (../src/platform/PlatformTools.ts:262:17)
          at async Promise.all (index 4)
          at async Promise.all (index 11)

    console.log
      query: SELECT "e"."enumlabel" AS "value" FROM "pg_enum" "e" INNER JOIN "pg_type" "t" ON "t"."oid" = "e"."enumtypid" INNER JOIN "pg_namespace" "n" ON "n"."oid" = "t"."typnamespace" WHERE "n"."nspname" = 'public' AND "t"."typname" = 'teacher_profiles_rank_enum'

      at Function.logInfo (../src/platform/PlatformTools.ts:262:17)
          at async Promise.all (index 2)
          at async Promise.all (index 13)

    console.log
      query: SELECT "e"."enumlabel" AS "value" FROM "pg_enum" "e" INNER JOIN "pg_type" "t" ON "t"."oid" = "e"."enumtypid" INNER JOIN "pg_namespace" "n" ON "n"."oid" = "t"."typnamespace" WHERE "n"."nspname" = 'public' AND "t"."typname" = 'attendance_status_enum'

      at Function.logInfo (../src/platform/PlatformTools.ts:262:17)
          at async Promise.all (index 4)
          at async Promise.all (index 14)

    console.log
      query: SELECT * FROM "information_schema"."tables" WHERE "table_schema" = 'public' AND "table_name" = 'typeorm_metadata'

      at Function.logInfo (../src/platform/PlatformTools.ts:262:17)

    console.log
      query: ALTER TABLE "grades" ALTER COLUMN "weightage" SET DEFAULT '100.00'

      at Function.logInfo (../src/platform/PlatformTools.ts:262:17)

    console.log
      query: ALTER TABLE "enrollments" ALTER COLUMN "attendance_percentage" SET DEFAULT '100.00'

      at Function.logInfo (../src/platform/PlatformTools.ts:262:17)

    console.log
      query: ALTER TABLE "grades" ALTER COLUMN "weightage" SET DEFAULT '100.00'

      at Function.logInfo (../src/platform/PlatformTools.ts:262:17)

    console.log
      query: ALTER TABLE "enrollments" ALTER COLUMN "attendance_percentage" SET DEFAULT '100.00'

      at Function.logInfo (../src/platform/PlatformTools.ts:262:17)

    console.log
      query: COMMIT

      at Function.logInfo (../src/platform/PlatformTools.ts:262:17)

    console.log
      query: START TRANSACTION

      at Function.logInfo (../src/platform/PlatformTools.ts:262:17)

    console.log
      query: INSERT INTO "users"("email", "username", "password_hash", "role", "first_name", "last_name", "is_active", "refresh_token", "email_verified", "email_verification_token", "password_reset_token", "password_reset_expires", "failed_login_attempts", "locked_until", "last_failed_login", "created_at", "updated_at", "deleted_at") VALUES ($1, $2, $3, $4, $5, $6, $7, DEFAULT, $8, DEFAULT, DEFAULT, DEFAULT, DEFAULT, DEFAULT, DEFAULT, DEFAULT, DEFAULT, DEFAULT) RETURNING "id", "role", "is_active", "email_verified", "failed_login_attempts", "created_at", "updated_at", "deleted_at" -- PARAMETERS: ["audit_e2e_admin_1769682208131@test.com","audit_e2e_admin_1769682208131","$2b$10$bMuVYgYtIQYmOli4GEOtbuzHCh8OaYXTL7XVwVCOHg.KdE80QG03a","admin","Testadmin","User",true,true]

      at Function.logInfo (../src/platform/PlatformTools.ts:262:17)

    console.log
      query: COMMIT

      at Function.logInfo (../src/platform/PlatformTools.ts:262:17)

    console.log
      query: SELECT "User"."id" AS "User_id", "User"."email" AS "User_email", "User"."username" AS "User_username", "User"."password_hash" AS "User_password_hash", "User"."role" AS "User_role", "User"."first_name" AS "User_first_name", "User"."last_name" AS "User_last_name", "User"."is_active" AS "User_is_active", "User"."refresh_token" AS "User_refresh_token", "User"."email_verified" AS "User_email_verified", "User"."email_verification_token" AS "User_email_verification_token", "User"."password_reset_token" AS "User_password_reset_token", "User"."password_reset_expires" AS "User_password_reset_expires", "User"."failed_login_attempts" AS "User_failed_login_attempts", "User"."locked_until" AS "User_locked_until", "User"."last_failed_login" AS "User_last_failed_login", "User"."created_at" AS "User_created_at", "User"."updated_at" AS "User_updated_at", "User"."deleted_at" AS "User_deleted_at" FROM "users" "User" WHERE ( (("User"."email" = $1)) ) AND ( "User"."deleted_at" IS NULL ) LIMIT 1 -- PARAMETERS: ["audit_e2e_admin_1769682208131@test.com"]

      at Function.logInfo (../src/platform/PlatformTools.ts:262:17)

    console.log
      query: UPDATE "users" SET "refresh_token" = $1, "updated_at" = CURRENT_TIMESTAMP WHERE "id" IN ($2) -- PARAMETERS: ["$2b$10$IpDh7URJxcKrqD8Dsi2Jkerm91Yh7DdezFzqPLPG6KnEKSkevUUTa",1994]

      at Function.logInfo (../src/platform/PlatformTools.ts:262:17)

    console.log
      query: START TRANSACTION

      at Function.logInfo (../src/platform/PlatformTools.ts:262:17)

    console.log
      query: INSERT INTO "users"("email", "username", "password_hash", "role", "first_name", "last_name", "is_active", "refresh_token", "email_verified", "email_verification_token", "password_reset_token", "password_reset_expires", "failed_login_attempts", "locked_until", "last_failed_login", "created_at", "updated_at", "deleted_at") VALUES ($1, $2, $3, $4, $5, $6, $7, DEFAULT, $8, DEFAULT, DEFAULT, DEFAULT, DEFAULT, DEFAULT, DEFAULT, DEFAULT, DEFAULT, DEFAULT) RETURNING "id", "role", "is_active", "email_verified", "failed_login_attempts", "created_at", "updated_at", "deleted_at" -- PARAMETERS: ["audit_e2e_teacher_1769682209170@test.com","audit_e2e_teacher_1769682209170","$2b$10$524o/.5ouZ10JRxNccFq3u0cQp1IoQZ6gTsWUNL/69LhL1JqivMny","teacher","Testteacher","User",true,true]

      at Function.logInfo (../src/platform/PlatformTools.ts:262:17)

    console.log
      query: COMMIT

      at Function.logInfo (../src/platform/PlatformTools.ts:262:17)

    console.log
      query: SELECT "User"."id" AS "User_id", "User"."email" AS "User_email", "User"."username" AS "User_username", "User"."password_hash" AS "User_password_hash", "User"."role" AS "User_role", "User"."first_name" AS "User_first_name", "User"."last_name" AS "User_last_name", "User"."is_active" AS "User_is_active", "User"."refresh_token" AS "User_refresh_token", "User"."email_verified" AS "User_email_verified", "User"."email_verification_token" AS "User_email_verification_token", "User"."password_reset_token" AS "User_password_reset_token", "User"."password_reset_expires" AS "User_password_reset_expires", "User"."failed_login_attempts" AS "User_failed_login_attempts", "User"."locked_until" AS "User_locked_until", "User"."last_failed_login" AS "User_last_failed_login", "User"."created_at" AS "User_created_at", "User"."updated_at" AS "User_updated_at", "User"."deleted_at" AS "User_deleted_at" FROM "users" "User" WHERE ( (("User"."email" = $1)) ) AND ( "User"."deleted_at" IS NULL ) LIMIT 1 -- PARAMETERS: ["audit_e2e_teacher_1769682209170@test.com"]

      at Function.logInfo (../src/platform/PlatformTools.ts:262:17)

    console.log
      query: UPDATE "users" SET "refresh_token" = $1, "updated_at" = CURRENT_TIMESTAMP WHERE "id" IN ($2) -- PARAMETERS: ["$2b$10$y0BM/xB7f0kJVOqYXRZGp.7Ctq0NSINpwionENBEOqBhGCWi/qNCK",1995]

      at Function.logInfo (../src/platform/PlatformTools.ts:262:17)

    console.log
      query: START TRANSACTION

      at Function.logInfo (../src/platform/PlatformTools.ts:262:17)

    console.log
      query: INSERT INTO "users"("email", "username", "password_hash", "role", "first_name", "last_name", "is_active", "refresh_token", "email_verified", "email_verification_token", "password_reset_token", "password_reset_expires", "failed_login_attempts", "locked_until", "last_failed_login", "created_at", "updated_at", "deleted_at") VALUES ($1, $2, $3, $4, $5, $6, $7, DEFAULT, $8, DEFAULT, DEFAULT, DEFAULT, DEFAULT, DEFAULT, DEFAULT, DEFAULT, DEFAULT, DEFAULT) RETURNING "id", "role", "is_active", "email_verified", "failed_login_attempts", "created_at", "updated_at", "deleted_at" -- PARAMETERS: ["audit_e2e_student_1769682209668@test.com","audit_e2e_student_1769682209668","$2b$10$YsnQ1TXWRwJVXguj0ldrLeN3.k3nhU1QypKFWCMfqk7Mv31GShyq2","student","Teststudent","User",true,true]

      at Function.logInfo (../src/platform/PlatformTools.ts:262:17)

    console.log
      query: COMMIT

      at Function.logInfo (../src/platform/PlatformTools.ts:262:17)

    console.log
      query: SELECT "User"."id" AS "User_id", "User"."email" AS "User_email", "User"."username" AS "User_username", "User"."password_hash" AS "User_password_hash", "User"."role" AS "User_role", "User"."first_name" AS "User_first_name", "User"."last_name" AS "User_last_name", "User"."is_active" AS "User_is_active", "User"."refresh_token" AS "User_refresh_token", "User"."email_verified" AS "User_email_verified", "User"."email_verification_token" AS "User_email_verification_token", "User"."password_reset_token" AS "User_password_reset_token", "User"."password_reset_expires" AS "User_password_reset_expires", "User"."failed_login_attempts" AS "User_failed_login_attempts", "User"."locked_until" AS "User_locked_until", "User"."last_failed_login" AS "User_last_failed_login", "User"."created_at" AS "User_created_at", "User"."updated_at" AS "User_updated_at", "User"."deleted_at" AS "User_deleted_at" FROM "users" "User" WHERE ( (("User"."email" = $1)) ) AND ( "User"."deleted_at" IS NULL ) LIMIT 1 -- PARAMETERS: ["audit_e2e_student_1769682209668@test.com"]

      at Function.logInfo (../src/platform/PlatformTools.ts:262:17)

    console.log
      query: UPDATE "users" SET "refresh_token" = $1, "updated_at" = CURRENT_TIMESTAMP WHERE "id" IN ($2) -- PARAMETERS: ["$2b$10$NP7XC.vYAizfTPYg0EP4B.W81hlsZAuT/2nTqiJXdKEKbn/mRVJKu",1996]

      at Function.logInfo (../src/platform/PlatformTools.ts:262:17)

    console.log
      query: START TRANSACTION

      at Function.logInfo (../src/platform/PlatformTools.ts:262:17)

    console.log
      query: INSERT INTO "audit_logs"("user_id", "action", "resource", "resource_id", "payload", "created_at") VALUES ($1, $2, $3, $4, $5, DEFAULT), ($6, $7, $8, $9, $10, DEFAULT), ($11, $12, $13, $14, $15, DEFAULT) RETURNING "id", "created_at" -- PARAMETERS: [1994,"CREATE","Student","1","{\"test\":\"data\"}",1994,"UPDATE","Course","1","{\"updated\":true}",1995,"CREATE","Grade","1","{\"score\":85}"]

      at Function.logInfo (../src/platform/PlatformTools.ts:262:17)

    console.log
      query: COMMIT

      at Function.logInfo (../src/platform/PlatformTools.ts:262:17)

    console.log
      query: SELECT DISTINCT "distinctAlias"."AuditLog_id" AS "ids_AuditLog_id", "distinctAlias"."AuditLog_created_at" FROM (SELECT "AuditLog"."id" AS "AuditLog_id", "AuditLog"."user_id" AS "AuditLog_user_id", "AuditLog"."action" AS "AuditLog_action", "AuditLog"."resource" AS "AuditLog_resource", "AuditLog"."resource_id" AS "AuditLog_resource_id", "AuditLog"."payload" AS "AuditLog_payload", "AuditLog"."created_at" AS "AuditLog_created_at", "AuditLog__AuditLog_user"."id" AS "AuditLog__AuditLog_user_id", "AuditLog__AuditLog_user"."email" AS "AuditLog__AuditLog_user_email", "AuditLog__AuditLog_user"."username" AS "AuditLog__AuditLog_user_username", "AuditLog__AuditLog_user"."password_hash" AS "AuditLog__AuditLog_user_password_hash", "AuditLog__AuditLog_user"."role" AS "AuditLog__AuditLog_user_role", "AuditLog__AuditLog_user"."first_name" AS "AuditLog__AuditLog_user_first_name", "AuditLog__AuditLog_user"."last_name" AS "AuditLog__AuditLog_user_last_name", "AuditLog__AuditLog_user"."is_active" AS "AuditLog__AuditLog_user_is_active", "AuditLog__AuditLog_user"."refresh_token" AS "AuditLog__AuditLog_user_refresh_token", "AuditLog__AuditLog_user"."email_verified" AS "AuditLog__AuditLog_user_email_verified", "AuditLog__AuditLog_user"."email_verification_token" AS "AuditLog__AuditLog_user_email_verification_token", "AuditLog__AuditLog_user"."password_reset_token" AS "AuditLog__AuditLog_user_password_reset_token", "AuditLog__AuditLog_user"."password_reset_expires" AS "AuditLog__AuditLog_user_password_reset_expires", "AuditLog__AuditLog_user"."failed_login_attempts" AS "AuditLog__AuditLog_user_failed_login_attempts", "AuditLog__AuditLog_user"."locked_until" AS "AuditLog__AuditLog_user_locked_until", "AuditLog__AuditLog_user"."last_failed_login" AS "AuditLog__AuditLog_user_last_failed_login", "AuditLog__AuditLog_user"."created_at" AS "AuditLog__AuditLog_user_created_at", "AuditLog__AuditLog_user"."updated_at" AS "AuditLog__AuditLog_user_updated_at", "AuditLog__AuditLog_user"."deleted_at" AS "AuditLog__AuditLog_user_deleted_at" FROM "audit_logs" "AuditLog" LEFT JOIN "users" "AuditLog__AuditLog_user" ON "AuditLog__AuditLog_user"."id"="AuditLog"."user_id" AND ("AuditLog__AuditLog_user"."deleted_at" IS NULL)) "distinctAlias" ORDER BY "distinctAlias"."AuditLog_created_at" DESC, "AuditLog_id" ASC LIMIT 10 OFFSET 0

      at Function.logInfo (../src/platform/PlatformTools.ts:262:17)

    console.log
      query: SELECT "AuditLog"."id" AS "AuditLog_id", "AuditLog"."user_id" AS "AuditLog_user_id", "AuditLog"."action" AS "AuditLog_action", "AuditLog"."resource" AS "AuditLog_resource", "AuditLog"."resource_id" AS "AuditLog_resource_id", "AuditLog"."payload" AS "AuditLog_payload", "AuditLog"."created_at" AS "AuditLog_created_at", "AuditLog__AuditLog_user"."id" AS "AuditLog__AuditLog_user_id", "AuditLog__AuditLog_user"."email" AS "AuditLog__AuditLog_user_email", "AuditLog__AuditLog_user"."username" AS "AuditLog__AuditLog_user_username", "AuditLog__AuditLog_user"."password_hash" AS "AuditLog__AuditLog_user_password_hash", "AuditLog__AuditLog_user"."role" AS "AuditLog__AuditLog_user_role", "AuditLog__AuditLog_user"."first_name" AS "AuditLog__AuditLog_user_first_name", "AuditLog__AuditLog_user"."last_name" AS "AuditLog__AuditLog_user_last_name", "AuditLog__AuditLog_user"."is_active" AS "AuditLog__AuditLog_user_is_active", "AuditLog__AuditLog_user"."refresh_token" AS "AuditLog__AuditLog_user_refresh_token", "AuditLog__AuditLog_user"."email_verified" AS "AuditLog__AuditLog_user_email_verified", "AuditLog__AuditLog_user"."email_verification_token" AS "AuditLog__AuditLog_user_email_verification_token", "AuditLog__AuditLog_user"."password_reset_token" AS "AuditLog__AuditLog_user_password_reset_token", "AuditLog__AuditLog_user"."password_reset_expires" AS "AuditLog__AuditLog_user_password_reset_expires", "AuditLog__AuditLog_user"."failed_login_attempts" AS "AuditLog__AuditLog_user_failed_login_attempts", "AuditLog__AuditLog_user"."locked_until" AS "AuditLog__AuditLog_user_locked_until", "AuditLog__AuditLog_user"."last_failed_login" AS "AuditLog__AuditLog_user_last_failed_login", "AuditLog__AuditLog_user"."created_at" AS "AuditLog__AuditLog_user_created_at", "AuditLog__AuditLog_user"."updated_at" AS "AuditLog__AuditLog_user_updated_at", "AuditLog__AuditLog_user"."deleted_at" AS "AuditLog__AuditLog_user_deleted_at" FROM "audit_logs" "AuditLog" LEFT JOIN "users" "AuditLog__AuditLog_user" ON "AuditLog__AuditLog_user"."id"="AuditLog"."user_id" AND ("AuditLog__AuditLog_user"."deleted_at" IS NULL) WHERE "AuditLog"."id" IN (163, 164, 165) ORDER BY "AuditLog"."created_at" DESC

      at Function.logInfo (../src/platform/PlatformTools.ts:262:17)

    console.log
      query: SELECT DISTINCT "distinctAlias"."AuditLog_id" AS "ids_AuditLog_id", "distinctAlias"."AuditLog_created_at" FROM (SELECT "AuditLog"."id" AS "AuditLog_id", "AuditLog"."user_id" AS "AuditLog_user_id", "AuditLog"."action" AS "AuditLog_action", "AuditLog"."resource" AS "AuditLog_resource", "AuditLog"."resource_id" AS "AuditLog_resource_id", "AuditLog"."payload" AS "AuditLog_payload", "AuditLog"."created_at" AS "AuditLog_created_at", "AuditLog__AuditLog_user"."id" AS "AuditLog__AuditLog_user_id", "AuditLog__AuditLog_user"."email" AS "AuditLog__AuditLog_user_email", "AuditLog__AuditLog_user"."username" AS "AuditLog__AuditLog_user_username", "AuditLog__AuditLog_user"."password_hash" AS "AuditLog__AuditLog_user_password_hash", "AuditLog__AuditLog_user"."role" AS "AuditLog__AuditLog_user_role", "AuditLog__AuditLog_user"."first_name" AS "AuditLog__AuditLog_user_first_name", "AuditLog__AuditLog_user"."last_name" AS "AuditLog__AuditLog_user_last_name", "AuditLog__AuditLog_user"."is_active" AS "AuditLog__AuditLog_user_is_active", "AuditLog__AuditLog_user"."refresh_token" AS "AuditLog__AuditLog_user_refresh_token", "AuditLog__AuditLog_user"."email_verified" AS "AuditLog__AuditLog_user_email_verified", "AuditLog__AuditLog_user"."email_verification_token" AS "AuditLog__AuditLog_user_email_verification_token", "AuditLog__AuditLog_user"."password_reset_token" AS "AuditLog__AuditLog_user_password_reset_token", "AuditLog__AuditLog_user"."password_reset_expires" AS "AuditLog__AuditLog_user_password_reset_expires", "AuditLog__AuditLog_user"."failed_login_attempts" AS "AuditLog__AuditLog_user_failed_login_attempts", "AuditLog__AuditLog_user"."locked_until" AS "AuditLog__AuditLog_user_locked_until", "AuditLog__AuditLog_user"."last_failed_login" AS "AuditLog__AuditLog_user_last_failed_login", "AuditLog__AuditLog_user"."created_at" AS "AuditLog__AuditLog_user_created_at", "AuditLog__AuditLog_user"."updated_at" AS "AuditLog__AuditLog_user_updated_at", "AuditLog__AuditLog_user"."deleted_at" AS "AuditLog__AuditLog_user_deleted_at" FROM "audit_logs" "AuditLog" LEFT JOIN "users" "AuditLog__AuditLog_user" ON "AuditLog__AuditLog_user"."id"="AuditLog"."user_id" AND ("AuditLog__AuditLog_user"."deleted_at" IS NULL) WHERE (("AuditLog"."user_id" = $1))) "distinctAlias" ORDER BY "distinctAlias"."AuditLog_created_at" DESC, "AuditLog_id" ASC LIMIT 10 OFFSET 0 -- PARAMETERS: [1994]

      at Function.logInfo (../src/platform/PlatformTools.ts:262:17)

    console.log
      query: SELECT "AuditLog"."id" AS "AuditLog_id", "AuditLog"."user_id" AS "AuditLog_user_id", "AuditLog"."action" AS "AuditLog_action", "AuditLog"."resource" AS "AuditLog_resource", "AuditLog"."resource_id" AS "AuditLog_resource_id", "AuditLog"."payload" AS "AuditLog_payload", "AuditLog"."created_at" AS "AuditLog_created_at", "AuditLog__AuditLog_user"."id" AS "AuditLog__AuditLog_user_id", "AuditLog__AuditLog_user"."email" AS "AuditLog__AuditLog_user_email", "AuditLog__AuditLog_user"."username" AS "AuditLog__AuditLog_user_username", "AuditLog__AuditLog_user"."password_hash" AS "AuditLog__AuditLog_user_password_hash", "AuditLog__AuditLog_user"."role" AS "AuditLog__AuditLog_user_role", "AuditLog__AuditLog_user"."first_name" AS "AuditLog__AuditLog_user_first_name", "AuditLog__AuditLog_user"."last_name" AS "AuditLog__AuditLog_user_last_name", "AuditLog__AuditLog_user"."is_active" AS "AuditLog__AuditLog_user_is_active", "AuditLog__AuditLog_user"."refresh_token" AS "AuditLog__AuditLog_user_refresh_token", "AuditLog__AuditLog_user"."email_verified" AS "AuditLog__AuditLog_user_email_verified", "AuditLog__AuditLog_user"."email_verification_token" AS "AuditLog__AuditLog_user_email_verification_token", "AuditLog__AuditLog_user"."password_reset_token" AS "AuditLog__AuditLog_user_password_reset_token", "AuditLog__AuditLog_user"."password_reset_expires" AS "AuditLog__AuditLog_user_password_reset_expires", "AuditLog__AuditLog_user"."failed_login_attempts" AS "AuditLog__AuditLog_user_failed_login_attempts", "AuditLog__AuditLog_user"."locked_until" AS "AuditLog__AuditLog_user_locked_until", "AuditLog__AuditLog_user"."last_failed_login" AS "AuditLog__AuditLog_user_last_failed_login", "AuditLog__AuditLog_user"."created_at" AS "AuditLog__AuditLog_user_created_at", "AuditLog__AuditLog_user"."updated_at" AS "AuditLog__AuditLog_user_updated_at", "AuditLog__AuditLog_user"."deleted_at" AS "AuditLog__AuditLog_user_deleted_at" FROM "audit_logs" "AuditLog" LEFT JOIN "users" "AuditLog__AuditLog_user" ON "AuditLog__AuditLog_user"."id"="AuditLog"."user_id" AND ("AuditLog__AuditLog_user"."deleted_at" IS NULL) WHERE ( (("AuditLog"."user_id" = $1)) ) AND ( "AuditLog"."id" IN (163, 164) ) ORDER BY "AuditLog"."created_at" DESC -- PARAMETERS: [1994]

      at Function.logInfo (../src/platform/PlatformTools.ts:262:17)

    console.log
      query: SELECT DISTINCT "distinctAlias"."AuditLog_id" AS "ids_AuditLog_id", "distinctAlias"."AuditLog_created_at" FROM (SELECT "AuditLog"."id" AS "AuditLog_id", "AuditLog"."user_id" AS "AuditLog_user_id", "AuditLog"."action" AS "AuditLog_action", "AuditLog"."resource" AS "AuditLog_resource", "AuditLog"."resource_id" AS "AuditLog_resource_id", "AuditLog"."payload" AS "AuditLog_payload", "AuditLog"."created_at" AS "AuditLog_created_at", "AuditLog__AuditLog_user"."id" AS "AuditLog__AuditLog_user_id", "AuditLog__AuditLog_user"."email" AS "AuditLog__AuditLog_user_email", "AuditLog__AuditLog_user"."username" AS "AuditLog__AuditLog_user_username", "AuditLog__AuditLog_user"."password_hash" AS "AuditLog__AuditLog_user_password_hash", "AuditLog__AuditLog_user"."role" AS "AuditLog__AuditLog_user_role", "AuditLog__AuditLog_user"."first_name" AS "AuditLog__AuditLog_user_first_name", "AuditLog__AuditLog_user"."last_name" AS "AuditLog__AuditLog_user_last_name", "AuditLog__AuditLog_user"."is_active" AS "AuditLog__AuditLog_user_is_active", "AuditLog__AuditLog_user"."refresh_token" AS "AuditLog__AuditLog_user_refresh_token", "AuditLog__AuditLog_user"."email_verified" AS "AuditLog__AuditLog_user_email_verified", "AuditLog__AuditLog_user"."email_verification_token" AS "AuditLog__AuditLog_user_email_verification_token", "AuditLog__AuditLog_user"."password_reset_token" AS "AuditLog__AuditLog_user_password_reset_token", "AuditLog__AuditLog_user"."password_reset_expires" AS "AuditLog__AuditLog_user_password_reset_expires", "AuditLog__AuditLog_user"."failed_login_attempts" AS "AuditLog__AuditLog_user_failed_login_attempts", "AuditLog__AuditLog_user"."locked_until" AS "AuditLog__AuditLog_user_locked_until", "AuditLog__AuditLog_user"."last_failed_login" AS "AuditLog__AuditLog_user_last_failed_login", "AuditLog__AuditLog_user"."created_at" AS "AuditLog__AuditLog_user_created_at", "AuditLog__AuditLog_user"."updated_at" AS "AuditLog__AuditLog_user_updated_at", "AuditLog__AuditLog_user"."deleted_at" AS "AuditLog__AuditLog_user_deleted_at" FROM "audit_logs" "AuditLog" LEFT JOIN "users" "AuditLog__AuditLog_user" ON "AuditLog__AuditLog_user"."id"="AuditLog"."user_id" AND ("AuditLog__AuditLog_user"."deleted_at" IS NULL) WHERE (("AuditLog"."action" = $1))) "distinctAlias" ORDER BY "distinctAlias"."AuditLog_created_at" DESC, "AuditLog_id" ASC LIMIT 10 OFFSET 0 -- PARAMETERS: ["CREATE"]

      at Function.logInfo (../src/platform/PlatformTools.ts:262:17)

    console.log
      query: SELECT "AuditLog"."id" AS "AuditLog_id", "AuditLog"."user_id" AS "AuditLog_user_id", "AuditLog"."action" AS "AuditLog_action", "AuditLog"."resource" AS "AuditLog_resource", "AuditLog"."resource_id" AS "AuditLog_resource_id", "AuditLog"."payload" AS "AuditLog_payload", "AuditLog"."created_at" AS "AuditLog_created_at", "AuditLog__AuditLog_user"."id" AS "AuditLog__AuditLog_user_id", "AuditLog__AuditLog_user"."email" AS "AuditLog__AuditLog_user_email", "AuditLog__AuditLog_user"."username" AS "AuditLog__AuditLog_user_username", "AuditLog__AuditLog_user"."password_hash" AS "AuditLog__AuditLog_user_password_hash", "AuditLog__AuditLog_user"."role" AS "AuditLog__AuditLog_user_role", "AuditLog__AuditLog_user"."first_name" AS "AuditLog__AuditLog_user_first_name", "AuditLog__AuditLog_user"."last_name" AS "AuditLog__AuditLog_user_last_name", "AuditLog__AuditLog_user"."is_active" AS "AuditLog__AuditLog_user_is_active", "AuditLog__AuditLog_user"."refresh_token" AS "AuditLog__AuditLog_user_refresh_token", "AuditLog__AuditLog_user"."email_verified" AS "AuditLog__AuditLog_user_email_verified", "AuditLog__AuditLog_user"."email_verification_token" AS "AuditLog__AuditLog_user_email_verification_token", "AuditLog__AuditLog_user"."password_reset_token" AS "AuditLog__AuditLog_user_password_reset_token", "AuditLog__AuditLog_user"."password_reset_expires" AS "AuditLog__AuditLog_user_password_reset_expires", "AuditLog__AuditLog_user"."failed_login_attempts" AS "AuditLog__AuditLog_user_failed_login_attempts", "AuditLog__AuditLog_user"."locked_until" AS "AuditLog__AuditLog_user_locked_until", "AuditLog__AuditLog_user"."last_failed_login" AS "AuditLog__AuditLog_user_last_failed_login", "AuditLog__AuditLog_user"."created_at" AS "AuditLog__AuditLog_user_created_at", "AuditLog__AuditLog_user"."updated_at" AS "AuditLog__AuditLog_user_updated_at", "AuditLog__AuditLog_user"."deleted_at" AS "AuditLog__AuditLog_user_deleted_at" FROM "audit_logs" "AuditLog" LEFT JOIN "users" "AuditLog__AuditLog_user" ON "AuditLog__AuditLog_user"."id"="AuditLog"."user_id" AND ("AuditLog__AuditLog_user"."deleted_at" IS NULL) WHERE ( (("AuditLog"."action" = $1)) ) AND ( "AuditLog"."id" IN (163, 165) ) ORDER BY "AuditLog"."created_at" DESC -- PARAMETERS: ["CREATE"]

      at Function.logInfo (../src/platform/PlatformTools.ts:262:17)

    console.log
      query: SELECT DISTINCT "distinctAlias"."AuditLog_id" AS "ids_AuditLog_id", "distinctAlias"."AuditLog_created_at" FROM (SELECT "AuditLog"."id" AS "AuditLog_id", "AuditLog"."user_id" AS "AuditLog_user_id", "AuditLog"."action" AS "AuditLog_action", "AuditLog"."resource" AS "AuditLog_resource", "AuditLog"."resource_id" AS "AuditLog_resource_id", "AuditLog"."payload" AS "AuditLog_payload", "AuditLog"."created_at" AS "AuditLog_created_at", "AuditLog__AuditLog_user"."id" AS "AuditLog__AuditLog_user_id", "AuditLog__AuditLog_user"."email" AS "AuditLog__AuditLog_user_email", "AuditLog__AuditLog_user"."username" AS "AuditLog__AuditLog_user_username", "AuditLog__AuditLog_user"."password_hash" AS "AuditLog__AuditLog_user_password_hash", "AuditLog__AuditLog_user"."role" AS "AuditLog__AuditLog_user_role", "AuditLog__AuditLog_user"."first_name" AS "AuditLog__AuditLog_user_first_name", "AuditLog__AuditLog_user"."last_name" AS "AuditLog__AuditLog_user_last_name", "AuditLog__AuditLog_user"."is_active" AS "AuditLog__AuditLog_user_is_active", "AuditLog__AuditLog_user"."refresh_token" AS "AuditLog__AuditLog_user_refresh_token", "AuditLog__AuditLog_user"."email_verified" AS "AuditLog__AuditLog_user_email_verified", "AuditLog__AuditLog_user"."email_verification_token" AS "AuditLog__AuditLog_user_email_verification_token", "AuditLog__AuditLog_user"."password_reset_token" AS "AuditLog__AuditLog_user_password_reset_token", "AuditLog__AuditLog_user"."password_reset_expires" AS "AuditLog__AuditLog_user_password_reset_expires", "AuditLog__AuditLog_user"."failed_login_attempts" AS "AuditLog__AuditLog_user_failed_login_attempts", "AuditLog__AuditLog_user"."locked_until" AS "AuditLog__AuditLog_user_locked_until", "AuditLog__AuditLog_user"."last_failed_login" AS "AuditLog__AuditLog_user_last_failed_login", "AuditLog__AuditLog_user"."created_at" AS "AuditLog__AuditLog_user_created_at", "AuditLog__AuditLog_user"."updated_at" AS "AuditLog__AuditLog_user_updated_at", "AuditLog__AuditLog_user"."deleted_at" AS "AuditLog__AuditLog_user_deleted_at" FROM "audit_logs" "AuditLog" LEFT JOIN "users" "AuditLog__AuditLog_user" ON "AuditLog__AuditLog_user"."id"="AuditLog"."user_id" AND ("AuditLog__AuditLog_user"."deleted_at" IS NULL) WHERE (("AuditLog"."resource" = $1))) "distinctAlias" ORDER BY "distinctAlias"."AuditLog_created_at" DESC, "AuditLog_id" ASC LIMIT 10 OFFSET 0 -- PARAMETERS: ["Student"]

      at Function.logInfo (../src/platform/PlatformTools.ts:262:17)

    console.log
      query: SELECT "AuditLog"."id" AS "AuditLog_id", "AuditLog"."user_id" AS "AuditLog_user_id", "AuditLog"."action" AS "AuditLog_action", "AuditLog"."resource" AS "AuditLog_resource", "AuditLog"."resource_id" AS "AuditLog_resource_id", "AuditLog"."payload" AS "AuditLog_payload", "AuditLog"."created_at" AS "AuditLog_created_at", "AuditLog__AuditLog_user"."id" AS "AuditLog__AuditLog_user_id", "AuditLog__AuditLog_user"."email" AS "AuditLog__AuditLog_user_email", "AuditLog__AuditLog_user"."username" AS "AuditLog__AuditLog_user_username", "AuditLog__AuditLog_user"."password_hash" AS "AuditLog__AuditLog_user_password_hash", "AuditLog__AuditLog_user"."role" AS "AuditLog__AuditLog_user_role", "AuditLog__AuditLog_user"."first_name" AS "AuditLog__AuditLog_user_first_name", "AuditLog__AuditLog_user"."last_name" AS "AuditLog__AuditLog_user_last_name", "AuditLog__AuditLog_user"."is_active" AS "AuditLog__AuditLog_user_is_active", "AuditLog__AuditLog_user"."refresh_token" AS "AuditLog__AuditLog_user_refresh_token", "AuditLog__AuditLog_user"."email_verified" AS "AuditLog__AuditLog_user_email_verified", "AuditLog__AuditLog_user"."email_verification_token" AS "AuditLog__AuditLog_user_email_verification_token", "AuditLog__AuditLog_user"."password_reset_token" AS "AuditLog__AuditLog_user_password_reset_token", "AuditLog__AuditLog_user"."password_reset_expires" AS "AuditLog__AuditLog_user_password_reset_expires", "AuditLog__AuditLog_user"."failed_login_attempts" AS "AuditLog__AuditLog_user_failed_login_attempts", "AuditLog__AuditLog_user"."locked_until" AS "AuditLog__AuditLog_user_locked_until", "AuditLog__AuditLog_user"."last_failed_login" AS "AuditLog__AuditLog_user_last_failed_login", "AuditLog__AuditLog_user"."created_at" AS "AuditLog__AuditLog_user_created_at", "AuditLog__AuditLog_user"."updated_at" AS "AuditLog__AuditLog_user_updated_at", "AuditLog__AuditLog_user"."deleted_at" AS "AuditLog__AuditLog_user_deleted_at" FROM "audit_logs" "AuditLog" LEFT JOIN "users" "AuditLog__AuditLog_user" ON "AuditLog__AuditLog_user"."id"="AuditLog"."user_id" AND ("AuditLog__AuditLog_user"."deleted_at" IS NULL) WHERE ( (("AuditLog"."resource" = $1)) ) AND ( "AuditLog"."id" IN (163) ) ORDER BY "AuditLog"."created_at" DESC -- PARAMETERS: ["Student"]

      at Function.logInfo (../src/platform/PlatformTools.ts:262:17)

    console.log
      query: SELECT DISTINCT "distinctAlias"."AuditLog_id" AS "ids_AuditLog_id", "distinctAlias"."AuditLog_created_at" FROM (SELECT "AuditLog"."id" AS "AuditLog_id", "AuditLog"."user_id" AS "AuditLog_user_id", "AuditLog"."action" AS "AuditLog_action", "AuditLog"."resource" AS "AuditLog_resource", "AuditLog"."resource_id" AS "AuditLog_resource_id", "AuditLog"."payload" AS "AuditLog_payload", "AuditLog"."created_at" AS "AuditLog_created_at", "AuditLog__AuditLog_user"."id" AS "AuditLog__AuditLog_user_id", "AuditLog__AuditLog_user"."email" AS "AuditLog__AuditLog_user_email", "AuditLog__AuditLog_user"."username" AS "AuditLog__AuditLog_user_username", "AuditLog__AuditLog_user"."password_hash" AS "AuditLog__AuditLog_user_password_hash", "AuditLog__AuditLog_user"."role" AS "AuditLog__AuditLog_user_role", "AuditLog__AuditLog_user"."first_name" AS "AuditLog__AuditLog_user_first_name", "AuditLog__AuditLog_user"."last_name" AS "AuditLog__AuditLog_user_last_name", "AuditLog__AuditLog_user"."is_active" AS "AuditLog__AuditLog_user_is_active", "AuditLog__AuditLog_user"."refresh_token" AS "AuditLog__AuditLog_user_refresh_token", "AuditLog__AuditLog_user"."email_verified" AS "AuditLog__AuditLog_user_email_verified", "AuditLog__AuditLog_user"."email_verification_token" AS "AuditLog__AuditLog_user_email_verification_token", "AuditLog__AuditLog_user"."password_reset_token" AS "AuditLog__AuditLog_user_password_reset_token", "AuditLog__AuditLog_user"."password_reset_expires" AS "AuditLog__AuditLog_user_password_reset_expires", "AuditLog__AuditLog_user"."failed_login_attempts" AS "AuditLog__AuditLog_user_failed_login_attempts", "AuditLog__AuditLog_user"."locked_until" AS "AuditLog__AuditLog_user_locked_until", "AuditLog__AuditLog_user"."last_failed_login" AS "AuditLog__AuditLog_user_last_failed_login", "AuditLog__AuditLog_user"."created_at" AS "AuditLog__AuditLog_user_created_at", "AuditLog__AuditLog_user"."updated_at" AS "AuditLog__AuditLog_user_updated_at", "AuditLog__AuditLog_user"."deleted_at" AS "AuditLog__AuditLog_user_deleted_at" FROM "audit_logs" "AuditLog" LEFT JOIN "users" "AuditLog__AuditLog_user" ON "AuditLog__AuditLog_user"."id"="AuditLog"."user_id" AND ("AuditLog__AuditLog_user"."deleted_at" IS NULL)) "distinctAlias" ORDER BY "distinctAlias"."AuditLog_created_at" DESC, "AuditLog_id" ASC LIMIT 2 OFFSET 0

      at Function.logInfo (../src/platform/PlatformTools.ts:262:17)

    console.log
      query: SELECT "AuditLog"."id" AS "AuditLog_id", "AuditLog"."user_id" AS "AuditLog_user_id", "AuditLog"."action" AS "AuditLog_action", "AuditLog"."resource" AS "AuditLog_resource", "AuditLog"."resource_id" AS "AuditLog_resource_id", "AuditLog"."payload" AS "AuditLog_payload", "AuditLog"."created_at" AS "AuditLog_created_at", "AuditLog__AuditLog_user"."id" AS "AuditLog__AuditLog_user_id", "AuditLog__AuditLog_user"."email" AS "AuditLog__AuditLog_user_email", "AuditLog__AuditLog_user"."username" AS "AuditLog__AuditLog_user_username", "AuditLog__AuditLog_user"."password_hash" AS "AuditLog__AuditLog_user_password_hash", "AuditLog__AuditLog_user"."role" AS "AuditLog__AuditLog_user_role", "AuditLog__AuditLog_user"."first_name" AS "AuditLog__AuditLog_user_first_name", "AuditLog__AuditLog_user"."last_name" AS "AuditLog__AuditLog_user_last_name", "AuditLog__AuditLog_user"."is_active" AS "AuditLog__AuditLog_user_is_active", "AuditLog__AuditLog_user"."refresh_token" AS "AuditLog__AuditLog_user_refresh_token", "AuditLog__AuditLog_user"."email_verified" AS "AuditLog__AuditLog_user_email_verified", "AuditLog__AuditLog_user"."email_verification_token" AS "AuditLog__AuditLog_user_email_verification_token", "AuditLog__AuditLog_user"."password_reset_token" AS "AuditLog__AuditLog_user_password_reset_token", "AuditLog__AuditLog_user"."password_reset_expires" AS "AuditLog__AuditLog_user_password_reset_expires", "AuditLog__AuditLog_user"."failed_login_attempts" AS "AuditLog__AuditLog_user_failed_login_attempts", "AuditLog__AuditLog_user"."locked_until" AS "AuditLog__AuditLog_user_locked_until", "AuditLog__AuditLog_user"."last_failed_login" AS "AuditLog__AuditLog_user_last_failed_login", "AuditLog__AuditLog_user"."created_at" AS "AuditLog__AuditLog_user_created_at", "AuditLog__AuditLog_user"."updated_at" AS "AuditLog__AuditLog_user_updated_at", "AuditLog__AuditLog_user"."deleted_at" AS "AuditLog__AuditLog_user_deleted_at" FROM "audit_logs" "AuditLog" LEFT JOIN "users" "AuditLog__AuditLog_user" ON "AuditLog__AuditLog_user"."id"="AuditLog"."user_id" AND ("AuditLog__AuditLog_user"."deleted_at" IS NULL) WHERE "AuditLog"."id" IN (163, 164) ORDER BY "AuditLog"."created_at" DESC

      at Function.logInfo (../src/platform/PlatformTools.ts:262:17)

    console.log
      query: SELECT COUNT(DISTINCT("AuditLog"."id")) AS "cnt" FROM "audit_logs" "AuditLog" LEFT JOIN "users" "AuditLog__AuditLog_user" ON "AuditLog__AuditLog_user"."id"="AuditLog"."user_id" AND ("AuditLog__AuditLog_user"."deleted_at" IS NULL)

      at Function.logInfo (../src/platform/PlatformTools.ts:262:17)

    console.log
      query: START TRANSACTION

      at Function.logInfo (../src/platform/PlatformTools.ts:262:17)

    console.log
      query: INSERT INTO "audit_logs"("user_id", "action", "resource", "resource_id", "payload", "created_at") VALUES ($1, $2, $3, $4, DEFAULT, DEFAULT) RETURNING "id", "created_at" -- PARAMETERS: [1994,"DELETE","TestResource","999"]

      at Function.logInfo (../src/platform/PlatformTools.ts:262:17)

    console.log
      query: COMMIT

      at Function.logInfo (../src/platform/PlatformTools.ts:262:17)

    console.log
      query: SELECT DISTINCT "distinctAlias"."AuditLog_id" AS "ids_AuditLog_id" FROM (SELECT "AuditLog"."id" AS "AuditLog_id", "AuditLog"."user_id" AS "AuditLog_user_id", "AuditLog"."action" AS "AuditLog_action", "AuditLog"."resource" AS "AuditLog_resource", "AuditLog"."resource_id" AS "AuditLog_resource_id", "AuditLog"."payload" AS "AuditLog_payload", "AuditLog"."created_at" AS "AuditLog_created_at", "AuditLog__AuditLog_user"."id" AS "AuditLog__AuditLog_user_id", "AuditLog__AuditLog_user"."email" AS "AuditLog__AuditLog_user_email", "AuditLog__AuditLog_user"."username" AS "AuditLog__AuditLog_user_username", "AuditLog__AuditLog_user"."password_hash" AS "AuditLog__AuditLog_user_password_hash", "AuditLog__AuditLog_user"."role" AS "AuditLog__AuditLog_user_role", "AuditLog__AuditLog_user"."first_name" AS "AuditLog__AuditLog_user_first_name", "AuditLog__AuditLog_user"."last_name" AS "AuditLog__AuditLog_user_last_name", "AuditLog__AuditLog_user"."is_active" AS "AuditLog__AuditLog_user_is_active", "AuditLog__AuditLog_user"."refresh_token" AS "AuditLog__AuditLog_user_refresh_token", "AuditLog__AuditLog_user"."email_verified" AS "AuditLog__AuditLog_user_email_verified", "AuditLog__AuditLog_user"."email_verification_token" AS "AuditLog__AuditLog_user_email_verification_token", "AuditLog__AuditLog_user"."password_reset_token" AS "AuditLog__AuditLog_user_password_reset_token", "AuditLog__AuditLog_user"."password_reset_expires" AS "AuditLog__AuditLog_user_password_reset_expires", "AuditLog__AuditLog_user"."failed_login_attempts" AS "AuditLog__AuditLog_user_failed_login_attempts", "AuditLog__AuditLog_user"."locked_until" AS "AuditLog__AuditLog_user_locked_until", "AuditLog__AuditLog_user"."last_failed_login" AS "AuditLog__AuditLog_user_last_failed_login", "AuditLog__AuditLog_user"."created_at" AS "AuditLog__AuditLog_user_created_at", "AuditLog__AuditLog_user"."updated_at" AS "AuditLog__AuditLog_user_updated_at", "AuditLog__AuditLog_user"."deleted_at" AS "AuditLog__AuditLog_user_deleted_at" FROM "audit_logs" "AuditLog" LEFT JOIN "users" "AuditLog__AuditLog_user" ON "AuditLog__AuditLog_user"."id"="AuditLog"."user_id" AND ("AuditLog__AuditLog_user"."deleted_at" IS NULL) WHERE (("AuditLog"."id" = $1))) "distinctAlias" ORDER BY "AuditLog_id" ASC LIMIT 1 -- PARAMETERS: [166]

      at Function.logInfo (../src/platform/PlatformTools.ts:262:17)

    console.log
      query: SELECT "AuditLog"."id" AS "AuditLog_id", "AuditLog"."user_id" AS "AuditLog_user_id", "AuditLog"."action" AS "AuditLog_action", "AuditLog"."resource" AS "AuditLog_resource", "AuditLog"."resource_id" AS "AuditLog_resource_id", "AuditLog"."payload" AS "AuditLog_payload", "AuditLog"."created_at" AS "AuditLog_created_at", "AuditLog__AuditLog_user"."id" AS "AuditLog__AuditLog_user_id", "AuditLog__AuditLog_user"."email" AS "AuditLog__AuditLog_user_email", "AuditLog__AuditLog_user"."username" AS "AuditLog__AuditLog_user_username", "AuditLog__AuditLog_user"."password_hash" AS "AuditLog__AuditLog_user_password_hash", "AuditLog__AuditLog_user"."role" AS "AuditLog__AuditLog_user_role", "AuditLog__AuditLog_user"."first_name" AS "AuditLog__AuditLog_user_first_name", "AuditLog__AuditLog_user"."last_name" AS "AuditLog__AuditLog_user_last_name", "AuditLog__AuditLog_user"."is_active" AS "AuditLog__AuditLog_user_is_active", "AuditLog__AuditLog_user"."refresh_token" AS "AuditLog__AuditLog_user_refresh_token", "AuditLog__AuditLog_user"."email_verified" AS "AuditLog__AuditLog_user_email_verified", "AuditLog__AuditLog_user"."email_verification_token" AS "AuditLog__AuditLog_user_email_verification_token", "AuditLog__AuditLog_user"."password_reset_token" AS "AuditLog__AuditLog_user_password_reset_token", "AuditLog__AuditLog_user"."password_reset_expires" AS "AuditLog__AuditLog_user_password_reset_expires", "AuditLog__AuditLog_user"."failed_login_attempts" AS "AuditLog__AuditLog_user_failed_login_attempts", "AuditLog__AuditLog_user"."locked_until" AS "AuditLog__AuditLog_user_locked_until", "AuditLog__AuditLog_user"."last_failed_login" AS "AuditLog__AuditLog_user_last_failed_login", "AuditLog__AuditLog_user"."created_at" AS "AuditLog__AuditLog_user_created_at", "AuditLog__AuditLog_user"."updated_at" AS "AuditLog__AuditLog_user_updated_at", "AuditLog__AuditLog_user"."deleted_at" AS "AuditLog__AuditLog_user_deleted_at" FROM "audit_logs" "AuditLog" LEFT JOIN "users" "AuditLog__AuditLog_user" ON "AuditLog__AuditLog_user"."id"="AuditLog"."user_id" AND ("AuditLog__AuditLog_user"."deleted_at" IS NULL) WHERE ( (("AuditLog"."id" = $1)) ) AND ( "AuditLog"."id" IN (166) ) -- PARAMETERS: [166]

      at Function.logInfo (../src/platform/PlatformTools.ts:262:17)

    console.log
      query: SELECT DISTINCT "distinctAlias"."AuditLog_id" AS "ids_AuditLog_id" FROM (SELECT "AuditLog"."id" AS "AuditLog_id", "AuditLog"."user_id" AS "AuditLog_user_id", "AuditLog"."action" AS "AuditLog_action", "AuditLog"."resource" AS "AuditLog_resource", "AuditLog"."resource_id" AS "AuditLog_resource_id", "AuditLog"."payload" AS "AuditLog_payload", "AuditLog"."created_at" AS "AuditLog_created_at", "AuditLog__AuditLog_user"."id" AS "AuditLog__AuditLog_user_id", "AuditLog__AuditLog_user"."email" AS "AuditLog__AuditLog_user_email", "AuditLog__AuditLog_user"."username" AS "AuditLog__AuditLog_user_username", "AuditLog__AuditLog_user"."password_hash" AS "AuditLog__AuditLog_user_password_hash", "AuditLog__AuditLog_user"."role" AS "AuditLog__AuditLog_user_role", "AuditLog__AuditLog_user"."first_name" AS "AuditLog__AuditLog_user_first_name", "AuditLog__AuditLog_user"."last_name" AS "AuditLog__AuditLog_user_last_name", "AuditLog__AuditLog_user"."is_active" AS "AuditLog__AuditLog_user_is_active", "AuditLog__AuditLog_user"."refresh_token" AS "AuditLog__AuditLog_user_refresh_token", "AuditLog__AuditLog_user"."email_verified" AS "AuditLog__AuditLog_user_email_verified", "AuditLog__AuditLog_user"."email_verification_token" AS "AuditLog__AuditLog_user_email_verification_token", "AuditLog__AuditLog_user"."password_reset_token" AS "AuditLog__AuditLog_user_password_reset_token", "AuditLog__AuditLog_user"."password_reset_expires" AS "AuditLog__AuditLog_user_password_reset_expires", "AuditLog__AuditLog_user"."failed_login_attempts" AS "AuditLog__AuditLog_user_failed_login_attempts", "AuditLog__AuditLog_user"."locked_until" AS "AuditLog__AuditLog_user_locked_until", "AuditLog__AuditLog_user"."last_failed_login" AS "AuditLog__AuditLog_user_last_failed_login", "AuditLog__AuditLog_user"."created_at" AS "AuditLog__AuditLog_user_created_at", "AuditLog__AuditLog_user"."updated_at" AS "AuditLog__AuditLog_user_updated_at", "AuditLog__AuditLog_user"."deleted_at" AS "AuditLog__AuditLog_user_deleted_at" FROM "audit_logs" "AuditLog" LEFT JOIN "users" "AuditLog__AuditLog_user" ON "AuditLog__AuditLog_user"."id"="AuditLog"."user_id" AND ("AuditLog__AuditLog_user"."deleted_at" IS NULL) WHERE (("AuditLog"."id" = $1))) "distinctAlias" ORDER BY "AuditLog_id" ASC LIMIT 1 -- PARAMETERS: [999999]

      at Function.logInfo (../src/platform/PlatformTools.ts:262:17)

    console.log
      query: START TRANSACTION

      at Function.logInfo (../src/platform/PlatformTools.ts:262:17)

    console.log
      query: INSERT INTO "audit_logs"("user_id", "action", "resource", "resource_id", "payload", "created_at") VALUES ($1, $2, $3, $4, DEFAULT, DEFAULT), ($5, $6, $7, $8, DEFAULT, DEFAULT) RETURNING "id", "created_at" -- PARAMETERS: [1994,"CREATE","SpecificResource","42",1994,"UPDATE","SpecificResource","42"]

      at Function.logInfo (../src/platform/PlatformTools.ts:262:17)

    console.log
      query: COMMIT

      at Function.logInfo (../src/platform/PlatformTools.ts:262:17)

    console.log
      query: SELECT "AuditLog"."id" AS "AuditLog_id", "AuditLog"."user_id" AS "AuditLog_user_id", "AuditLog"."action" AS "AuditLog_action", "AuditLog"."resource" AS "AuditLog_resource", "AuditLog"."resource_id" AS "AuditLog_resource_id", "AuditLog"."payload" AS "AuditLog_payload", "AuditLog"."created_at" AS "AuditLog_created_at", "AuditLog__AuditLog_user"."id" AS "AuditLog__AuditLog_user_id", "AuditLog__AuditLog_user"."email" AS "AuditLog__AuditLog_user_email", "AuditLog__AuditLog_user"."username" AS "AuditLog__AuditLog_user_username", "AuditLog__AuditLog_user"."password_hash" AS "AuditLog__AuditLog_user_password_hash", "AuditLog__AuditLog_user"."role" AS "AuditLog__AuditLog_user_role", "AuditLog__AuditLog_user"."first_name" AS "AuditLog__AuditLog_user_first_name", "AuditLog__AuditLog_user"."last_name" AS "AuditLog__AuditLog_user_last_name", "AuditLog__AuditLog_user"."is_active" AS "AuditLog__AuditLog_user_is_active", "AuditLog__AuditLog_user"."refresh_token" AS "AuditLog__AuditLog_user_refresh_token", "AuditLog__AuditLog_user"."email_verified" AS "AuditLog__AuditLog_user_email_verified", "AuditLog__AuditLog_user"."email_verification_token" AS "AuditLog__AuditLog_user_email_verification_token", "AuditLog__AuditLog_user"."password_reset_token" AS "AuditLog__AuditLog_user_password_reset_token", "AuditLog__AuditLog_user"."password_reset_expires" AS "AuditLog__AuditLog_user_password_reset_expires", "AuditLog__AuditLog_user"."failed_login_attempts" AS "AuditLog__AuditLog_user_failed_login_attempts", "AuditLog__AuditLog_user"."locked_until" AS "AuditLog__AuditLog_user_locked_until", "AuditLog__AuditLog_user"."last_failed_login" AS "AuditLog__AuditLog_user_last_failed_login", "AuditLog__AuditLog_user"."created_at" AS "AuditLog__AuditLog_user_created_at", "AuditLog__AuditLog_user"."updated_at" AS "AuditLog__AuditLog_user_updated_at", "AuditLog__AuditLog_user"."deleted_at" AS "AuditLog__AuditLog_user_deleted_at" FROM "audit_logs" "AuditLog" LEFT JOIN "users" "AuditLog__AuditLog_user" ON "AuditLog__AuditLog_user"."id"="AuditLog"."user_id" AND ("AuditLog__AuditLog_user"."deleted_at" IS NULL) WHERE (("AuditLog"."resource" = $1) AND ("AuditLog"."resource_id" = $2)) ORDER BY "AuditLog"."created_at" DESC -- PARAMETERS: ["SpecificResource","42"]

      at Function.logInfo (../src/platform/PlatformTools.ts:262:17)

    console.log
      query: SELECT "AuditLog"."id" AS "AuditLog_id", "AuditLog"."user_id" AS "AuditLog_user_id", "AuditLog"."action" AS "AuditLog_action", "AuditLog"."resource" AS "AuditLog_resource", "AuditLog"."resource_id" AS "AuditLog_resource_id", "AuditLog"."payload" AS "AuditLog_payload", "AuditLog"."created_at" AS "AuditLog_created_at" FROM "audit_logs" "AuditLog" WHERE (("AuditLog"."user_id" = $1)) ORDER BY "AuditLog"."created_at" DESC LIMIT 50 -- PARAMETERS: [1994]

      at Function.logInfo (../src/platform/PlatformTools.ts:262:17)

    console.log
      query: SELECT "AuditLog"."id" AS "AuditLog_id", "AuditLog"."user_id" AS "AuditLog_user_id", "AuditLog"."action" AS "AuditLog_action", "AuditLog"."resource" AS "AuditLog_resource", "AuditLog"."resource_id" AS "AuditLog_resource_id", "AuditLog"."payload" AS "AuditLog_payload", "AuditLog"."created_at" AS "AuditLog_created_at" FROM "audit_logs" "AuditLog" WHERE (("AuditLog"."user_id" = $1)) ORDER BY "AuditLog"."created_at" DESC LIMIT 50 -- PARAMETERS: [999999]

      at Function.logInfo (../src/platform/PlatformTools.ts:262:17)

    console.log
      query: DELETE FROM "audit_logs" WHERE "user_id" IN ($1, $2) -- PARAMETERS: [1994,1995]

      at Function.logInfo (../src/platform/PlatformTools.ts:262:17)

    console.log
      query: DELETE FROM "users" WHERE "email" LIKE $1 -- PARAMETERS: ["audit_e2e_%@test.com"]

      at Function.logInfo (../src/platform/PlatformTools.ts:262:17)

PASS test/enrollments.e2e-spec.ts (7.801 s)
  ΓùÅ Console

    console.log
      query: SELECT version()

      at Function.logInfo (../src/platform/PlatformTools.ts:262:17)

    console.log
      query: SELECT * FROM current_schema()

      at Function.logInfo (../src/platform/PlatformTools.ts:262:17)

    console.log
      query: START TRANSACTION

      at Function.logInfo (../src/platform/PlatformTools.ts:262:17)

    console.log
      query: SELECT * FROM current_schema()

      at Function.logInfo (../src/platform/PlatformTools.ts:262:17)

    console.log
      query: SELECT * FROM current_database()

      at Function.logInfo (../src/platform/PlatformTools.ts:262:17)

    console.log
      query: SELECT "table_schema", "table_name", obj_description(('"' || "table_schema" || '"."' || "table_name" || '"')::regclass, 'pg_class') AS table_comment FROM "information_schema"."tables" WHERE ("table_schema" = 'public' AND "table_name" = 'grades') OR ("table_schema" = 'public' AND "table_name" = 'attendance') OR ("table_schema" = 'public' AND "table_name" = 'faculties') OR ("table_schema" = 'public' AND "table_name" = 'departments') OR ("table_schema" = 'public' AND "table_name" = 'courses') OR ("table_schema" = 'public' AND "table_name" = 'enrollments') OR ("table_schema" = 'public' AND "table_name" = 'students') OR ("table_schema" = 'public' AND "table_name" = 'users') OR ("table_schema" = 'public' AND "table_name" = 'academic_terms') OR ("table_schema" = 'public' AND "table_name" = 'classrooms') OR ("table_schema" = 'public' AND "table_name" = 'schedules') OR ("table_schema" = 'public' AND "table_name" = 'audit_logs') OR ("table_schema" = 'public' AND "table_name" = 'teacher_profiles') OR ("table_schema" = 'public' AND "table_name" = 'grades') OR ("table_schema" = 'public' AND "table_name" = 'attendance') OR ("table_schema" = 'public' AND "table_name" = 'faculties') OR ("table_schema" = 'public' AND "table_name" = 'departments') OR ("table_schema" = 'public' AND "table_name" = 'courses') OR ("table_schema" = 'public' AND "table_name" = 'enrollments') OR ("table_schema" = 'public' AND "table_name" = 'students') OR ("table_schema" = 'public' AND "table_name" = 'users') OR ("table_schema" = 'public' AND "table_name" = 'teacher_profiles') OR ("table_schema" = 'public' AND "table_name" = 'classrooms') OR ("table_schema" = 'public' AND "table_name" = 'schedules') OR ("table_schema" = 'public' AND "table_name" = 'audit_logs') OR ("table_schema" = 'public' AND "table_name" = 'academic_terms') OR ("table_schema" = 'public' AND "table_name" = 'course_teachers') OR ("table_schema" = 'public' AND "table_name" = 'course_prerequisites') OR ("table_schema" = 'public' AND "table_name" = 'course_teachers') OR ("table_schema" = 'public' AND "table_name" = 'course_prerequisites')

      at Function.logInfo (../src/platform/PlatformTools.ts:262:17)

    console.log
      query: SELECT TRUE FROM information_schema.columns WHERE table_name = 'pg_class' and column_name = 'relispartition'

      at Function.logInfo (../src/platform/PlatformTools.ts:262:17)

    console.log
      query: SELECT columns.*, pg_catalog.col_description(('"' || table_catalog || '"."' || table_schema || '"."' || table_name || '"')::regclass::oid, ordinal_position) AS description, ('"' || "udt_schema" || '"."' || "udt_name" || '"')::"regtype"::text AS "regtype", pg_catalog.format_type("col_attr"."atttypid", "col_attr"."atttypmod") AS "format_type" FROM "information_schema"."columns" LEFT JOIN "pg_catalog"."pg_attribute" AS "col_attr" ON "col_attr"."attname" = "columns"."column_name" AND "col_attr"."attrelid" = ( SELECT "cls"."oid" FROM "pg_catalog"."pg_class" AS "cls" LEFT JOIN "pg_catalog"."pg_namespace" AS "ns" ON "ns"."oid" = "cls"."relnamespace" WHERE "cls"."relname" = "columns"."table_name" AND "ns"."nspname" = "columns"."table_schema" ) WHERE ("table_schema" = 'public' AND "table_name" = 'course_teachers') OR ("table_schema" = 'public' AND "table_name" = 'classrooms') OR ("table_schema" = 'public' AND "table_name" = 'schedules') OR ("table_schema" = 'public' AND "table_name" = 'audit_logs') OR ("table_schema" = 'public' AND "table_name" = 'course_prerequisites') OR ("table_schema" = 'public' AND "table_name" = 'courses') OR ("table_schema" = 'public' AND "table_name" = 'grades') OR ("table_schema" = 'public' AND "table_name" = 'enrollments') OR ("table_schema" = 'public' AND "table_name" = 'faculties') OR ("table_schema" = 'public' AND "table_name" = 'departments') OR ("table_schema" = 'public' AND "table_name" = 'students') OR ("table_schema" = 'public' AND "table_name" = 'users') OR ("table_schema" = 'public' AND "table_name" = 'academic_terms') OR ("table_schema" = 'public' AND "table_name" = 'teacher_profiles') OR ("table_schema" = 'public' AND "table_name" = 'attendance')

      at Function.logInfo (../src/platform/PlatformTools.ts:262:17)
          at async Promise.all (index 0)

    console.log
      query: SELECT "ns"."nspname" AS "table_schema", "t"."relname" AS "table_name", "cnst"."conname" AS "constraint_name", pg_get_constraintdef("cnst"."oid") AS "expression", CASE "cnst"."contype" WHEN 'p' THEN 'PRIMARY' WHEN 'u' THEN 'UNIQUE' WHEN 'c' THEN 'CHECK' WHEN 'x' THEN 'EXCLUDE' END AS "constraint_type", "a"."attname" AS "column_name" FROM "pg_constraint" "cnst" INNER JOIN "pg_class" "t" ON "t"."oid" = "cnst"."conrelid" INNER JOIN "pg_namespace" "ns" ON "ns"."oid" = "cnst"."connamespace" LEFT JOIN "pg_attribute" "a" ON "a"."attrelid" = "cnst"."conrelid" AND "a"."attnum" = ANY ("cnst"."conkey") WHERE "t"."relkind" IN ('r', 'p') AND (("ns"."nspname" = 'public' AND "t"."relname" = 'course_teachers') OR ("ns"."nspname" = 'public' AND "t"."relname" = 'classrooms') OR ("ns"."nspname" = 'public' AND "t"."relname" = 'schedules') OR ("ns"."nspname" = 'public' AND "t"."relname" = 'audit_logs') OR ("ns"."nspname" = 'public' AND "t"."relname" = 'course_prerequisites') OR ("ns"."nspname" = 'public' AND "t"."relname" = 'courses') OR ("ns"."nspname" = 'public' AND "t"."relname" = 'grades') OR ("ns"."nspname" = 'public' AND "t"."relname" = 'enrollments') OR ("ns"."nspname" = 'public' AND "t"."relname" = 'faculties') OR ("ns"."nspname" = 'public' AND "t"."relname" = 'departments') OR ("ns"."nspname" = 'public' AND "t"."relname" = 'students') OR ("ns"."nspname" = 'public' AND "t"."relname" = 'users') OR ("ns"."nspname" = 'public' AND "t"."relname" = 'academic_terms') OR ("ns"."nspname" = 'public' AND "t"."relname" = 'teacher_profiles') OR ("ns"."nspname" = 'public' AND "t"."relname" = 'attendance'))

      at Function.logInfo (../src/platform/PlatformTools.ts:262:17)
          at async Promise.all (index 1)

    console.log
      query: SELECT "ns"."nspname" AS "table_schema", "t"."relname" AS "table_name", "i"."relname" AS "constraint_name", "a"."attname" AS "column_name", CASE "ix"."indisunique" WHEN 't' THEN 'TRUE' ELSE'FALSE' END AS "is_unique", pg_get_expr("ix"."indpred", "ix"."indrelid") AS "condition", "types"."typname" AS "type_name", "am"."amname" AS "index_type" FROM "pg_class" "t" INNER JOIN "pg_index" "ix" ON "ix"."indrelid" = "t"."oid" INNER JOIN "pg_attribute" "a" ON "a"."attrelid" = "t"."oid"  AND "a"."attnum" = ANY ("ix"."indkey") INNER JOIN "pg_namespace" "ns" ON "ns"."oid" = "t"."relnamespace" INNER JOIN "pg_class" "i" ON "i"."oid" = "ix"."indexrelid" INNER JOIN "pg_type" "types" ON "types"."oid" = "a"."atttypid" INNER JOIN "pg_am" "am" ON "i"."relam" = "am"."oid" LEFT JOIN "pg_constraint" "cnst" ON "cnst"."conname" = "i"."relname" WHERE "t"."relkind" IN ('r', 'p') AND "cnst"."contype" IS NULL AND (("ns"."nspname" = 'public' AND "t"."relname" = 'course_teachers') OR ("ns"."nspname" = 'public' AND "t"."relname" = 'classrooms') OR ("ns"."nspname" = 'public' AND "t"."relname" = 'schedules') OR ("ns"."nspname" = 'public' AND "t"."relname" = 'audit_logs') OR ("ns"."nspname" = 'public' AND "t"."relname" = 'course_prerequisites') OR ("ns"."nspname" = 'public' AND "t"."relname" = 'courses') OR ("ns"."nspname" = 'public' AND "t"."relname" = 'grades') OR ("ns"."nspname" = 'public' AND "t"."relname" = 'enrollments') OR ("ns"."nspname" = 'public' AND "t"."relname" = 'faculties') OR ("ns"."nspname" = 'public' AND "t"."relname" = 'departments') OR ("ns"."nspname" = 'public' AND "t"."relname" = 'students') OR ("ns"."nspname" = 'public' AND "t"."relname" = 'users') OR ("ns"."nspname" = 'public' AND "t"."relname" = 'academic_terms') OR ("ns"."nspname" = 'public' AND "t"."relname" = 'teacher_profiles') OR ("ns"."nspname" = 'public' AND "t"."relname" = 'attendance'))

      at Function.logInfo (../src/platform/PlatformTools.ts:262:17)
          at async Promise.all (index 2)

    console.log
      query: SELECT "con"."conname" AS "constraint_name", "con"."nspname" AS "table_schema", "con"."relname" AS "table_name", "att2"."attname" AS "column_name", "ns"."nspname" AS "referenced_table_schema", "cl"."relname" AS "referenced_table_name", "att"."attname" AS "referenced_column_name", "con"."confdeltype" AS "on_delete", "con"."confupdtype" AS "on_update", "con"."condeferrable" AS "deferrable", "con"."condeferred" AS "deferred" FROM ( SELECT UNNEST ("con1"."conkey") AS "parent", UNNEST ("con1"."confkey") AS "child", "con1"."confrelid", "con1"."conrelid", "con1"."conname", "con1"."contype", "ns"."nspname", "cl"."relname", "con1"."condeferrable", CASE WHEN "con1"."condeferred" THEN 'INITIALLY DEFERRED' ELSE 'INITIALLY IMMEDIATE' END as condeferred, CASE "con1"."confdeltype" WHEN 'a' THEN 'NO ACTION' WHEN 'r' THEN 'RESTRICT' WHEN 'c' THEN 'CASCADE' WHEN 'n' THEN 'SET NULL' WHEN 'd' THEN 'SET DEFAULT' END as "confdeltype", CASE "con1"."confupdtype" WHEN 'a' THEN 'NO ACTION' WHEN 'r' THEN 'RESTRICT' WHEN 'c' THEN 'CASCADE' WHEN 'n' THEN 'SET NULL' WHEN 'd' THEN 'SET DEFAULT' END as "confupdtype" FROM "pg_class" "cl" INNER JOIN "pg_namespace" "ns" ON "cl"."relnamespace" = "ns"."oid" INNER JOIN "pg_constraint" "con1" ON "con1"."conrelid" = "cl"."oid" WHERE "con1"."contype" = 'f' AND (("ns"."nspname" = 'public' AND "cl"."relname" = 'course_teachers') OR ("ns"."nspname" = 'public' AND "cl"."relname" = 'classrooms') OR ("ns"."nspname" = 'public' AND "cl"."relname" = 'schedules') OR ("ns"."nspname" = 'public' AND "cl"."relname" = 'audit_logs') OR ("ns"."nspname" = 'public' AND "cl"."relname" = 'course_prerequisites') OR ("ns"."nspname" = 'public' AND "cl"."relname" = 'courses') OR ("ns"."nspname" = 'public' AND "cl"."relname" = 'grades') OR ("ns"."nspname" = 'public' AND "cl"."relname" = 'enrollments') OR ("ns"."nspname" = 'public' AND "cl"."relname" = 'faculties') OR ("ns"."nspname" = 'public' AND "cl"."relname" = 'departments') OR ("ns"."nspname" = 'public' AND "cl"."relname" = 'students') OR ("ns"."nspname" = 'public' AND "cl"."relname" = 'users') OR ("ns"."nspname" = 'public' AND "cl"."relname" = 'academic_terms') OR ("ns"."nspname" = 'public' AND "cl"."relname" = 'teacher_profiles') OR ("ns"."nspname" = 'public' AND "cl"."relname" = 'attendance')) ) "con" INNER JOIN "pg_attribute" "att" ON "att"."attrelid" = "con"."confrelid" AND "att"."attnum" = "con"."child" INNER JOIN "pg_class" "cl" ON "cl"."oid" = "con"."confrelid"  AND "cl"."relispartition" = 'f'INNER JOIN "pg_namespace" "ns" ON "cl"."relnamespace" = "ns"."oid" INNER JOIN "pg_attribute" "att2" ON "att2"."attrelid" = "con"."conrelid" AND "att2"."attnum" = "con"."parent"

      at Function.logInfo (../src/platform/PlatformTools.ts:262:17)
          at async Promise.all (index 3)

    console.log
      query: SELECT "udt_schema", "udt_name" FROM "information_schema"."columns" WHERE "table_schema" = 'public' AND "table_name" = 'classrooms' AND "column_name"='type'

      at Function.logInfo (../src/platform/PlatformTools.ts:262:17)
          at async Promise.all (index 4)
          at async Promise.all (index 1)

    console.log
      query: SELECT "udt_schema", "udt_name" FROM "information_schema"."columns" WHERE "table_schema" = 'public' AND "table_name" = 'enrollments' AND "column_name"='status'

      at Function.logInfo (../src/platform/PlatformTools.ts:262:17)
          at async Promise.all (index 4)
          at async Promise.all (index 7)

    console.log
      query: SELECT "udt_schema", "udt_name" FROM "information_schema"."columns" WHERE "table_schema" = 'public' AND "table_name" = 'students' AND "column_name"='gender'

      at Function.logInfo (../src/platform/PlatformTools.ts:262:17)
          at async Promise.all (index 4)
          at async Promise.all (index 10)

    console.log
      query: SELECT "udt_schema", "udt_name" FROM "information_schema"."columns" WHERE "table_schema" = 'public' AND "table_name" = 'users' AND "column_name"='role'

      at Function.logInfo (../src/platform/PlatformTools.ts:262:17)
          at async Promise.all (index 4)
          at async Promise.all (index 11)

    console.log
      query: SELECT "udt_schema", "udt_name" FROM "information_schema"."columns" WHERE "table_schema" = 'public' AND "table_name" = 'teacher_profiles' AND "column_name"='rank'

      at Function.logInfo (../src/platform/PlatformTools.ts:262:17)
          at async Promise.all (index 2)
          at async Promise.all (index 13)

    console.log
      query: SELECT "udt_schema", "udt_name" FROM "information_schema"."columns" WHERE "table_schema" = 'public' AND "table_name" = 'attendance' AND "column_name"='status'

      at Function.logInfo (../src/platform/PlatformTools.ts:262:17)
          at async Promise.all (index 4)
          at async Promise.all (index 14)

    console.log
      query: SELECT "e"."enumlabel" AS "value" FROM "pg_enum" "e" INNER JOIN "pg_type" "t" ON "t"."oid" = "e"."enumtypid" INNER JOIN "pg_namespace" "n" ON "n"."oid" = "t"."typnamespace" WHERE "n"."nspname" = 'public' AND "t"."typname" = 'classrooms_type_enum'

      at Function.logInfo (../src/platform/PlatformTools.ts:262:17)
          at async Promise.all (index 4)
          at async Promise.all (index 1)

    console.log
      query: SELECT "e"."enumlabel" AS "value" FROM "pg_enum" "e" INNER JOIN "pg_type" "t" ON "t"."oid" = "e"."enumtypid" INNER JOIN "pg_namespace" "n" ON "n"."oid" = "t"."typnamespace" WHERE "n"."nspname" = 'public' AND "t"."typname" = 'enrollments_status_enum'

      at Function.logInfo (../src/platform/PlatformTools.ts:262:17)
          at async Promise.all (index 4)
          at async Promise.all (index 7)

    console.log
      query: SELECT "e"."enumlabel" AS "value" FROM "pg_enum" "e" INNER JOIN "pg_type" "t" ON "t"."oid" = "e"."enumtypid" INNER JOIN "pg_namespace" "n" ON "n"."oid" = "t"."typnamespace" WHERE "n"."nspname" = 'public' AND "t"."typname" = 'students_gender_enum'

      at Function.logInfo (../src/platform/PlatformTools.ts:262:17)
          at async Promise.all (index 4)
          at async Promise.all (index 10)

    console.log
      query: SELECT "e"."enumlabel" AS "value" FROM "pg_enum" "e" INNER JOIN "pg_type" "t" ON "t"."oid" = "e"."enumtypid" INNER JOIN "pg_namespace" "n" ON "n"."oid" = "t"."typnamespace" WHERE "n"."nspname" = 'public' AND "t"."typname" = 'users_role_enum'

      at Function.logInfo (../src/platform/PlatformTools.ts:262:17)
          at async Promise.all (index 4)
          at async Promise.all (index 11)

    console.log
      query: SELECT "e"."enumlabel" AS "value" FROM "pg_enum" "e" INNER JOIN "pg_type" "t" ON "t"."oid" = "e"."enumtypid" INNER JOIN "pg_namespace" "n" ON "n"."oid" = "t"."typnamespace" WHERE "n"."nspname" = 'public' AND "t"."typname" = 'teacher_profiles_rank_enum'

      at Function.logInfo (../src/platform/PlatformTools.ts:262:17)
          at async Promise.all (index 2)
          at async Promise.all (index 13)

    console.log
      query: SELECT "e"."enumlabel" AS "value" FROM "pg_enum" "e" INNER JOIN "pg_type" "t" ON "t"."oid" = "e"."enumtypid" INNER JOIN "pg_namespace" "n" ON "n"."oid" = "t"."typnamespace" WHERE "n"."nspname" = 'public' AND "t"."typname" = 'attendance_status_enum'

      at Function.logInfo (../src/platform/PlatformTools.ts:262:17)
          at async Promise.all (index 4)
          at async Promise.all (index 14)

    console.log
      query: SELECT * FROM "information_schema"."tables" WHERE "table_schema" = 'public' AND "table_name" = 'typeorm_metadata'

      at Function.logInfo (../src/platform/PlatformTools.ts:262:17)

    console.log
      query: ALTER TABLE "grades" ALTER COLUMN "weightage" SET DEFAULT '100.00'

      at Function.logInfo (../src/platform/PlatformTools.ts:262:17)

    console.log
      query: ALTER TABLE "enrollments" ALTER COLUMN "attendance_percentage" SET DEFAULT '100.00'

      at Function.logInfo (../src/platform/PlatformTools.ts:262:17)

    console.log
      query: ALTER TABLE "grades" ALTER COLUMN "weightage" SET DEFAULT '100.00'

      at Function.logInfo (../src/platform/PlatformTools.ts:262:17)

    console.log
      query: ALTER TABLE "enrollments" ALTER COLUMN "attendance_percentage" SET DEFAULT '100.00'

      at Function.logInfo (../src/platform/PlatformTools.ts:262:17)

    console.log
      query: COMMIT

      at Function.logInfo (../src/platform/PlatformTools.ts:262:17)

    console.log
      query: INSERT INTO users (email, username, password_hash, role, is_active) 
             VALUES ($1, $2, $3, $4, true) RETURNING id -- PARAMETERS: ["e2e_enroll_admin@test.com","e2e_enroll_admin","$2b$10$rBGeBXsdM6F6wTdYR2bc..H7MlGTjdNahcKGiKzOQ4eYhBzghbmVy","admin"]

      at Function.logInfo (../src/platform/PlatformTools.ts:262:17)

    console.log
      query: INSERT INTO users (email, username, password_hash, role, is_active) 
             VALUES ($1, $2, $3, $4, true) -- PARAMETERS: ["e2e_enroll_teacher@test.com","e2e_enroll_teacher","$2b$10$rBGeBXsdM6F6wTdYR2bc..H7MlGTjdNahcKGiKzOQ4eYhBzghbmVy","teacher"]

      at Function.logInfo (../src/platform/PlatformTools.ts:262:17)

    console.log
      query: INSERT INTO users (email, username, password_hash, role, is_active) 
             VALUES ($1, $2, $3, $4, true) RETURNING id -- PARAMETERS: ["e2e_enroll_student@test.com","e2e_enroll_student","$2b$10$rBGeBXsdM6F6wTdYR2bc..H7MlGTjdNahcKGiKzOQ4eYhBzghbmVy","student"]

      at Function.logInfo (../src/platform/PlatformTools.ts:262:17)

    console.log
      query: INSERT INTO students (user_id, student_id, date_of_birth, enrollment_date) 
             VALUES ($1, $2, $3, $4) RETURNING id -- PARAMETERS: [2000,"STU-E2E-ENROLL","2000-01-01","2024-01-01"]

      at Function.logInfo (../src/platform/PlatformTools.ts:262:17)

    console.log
      query: INSERT INTO courses (course_code, course_name, credits) 
             VALUES ($1, $2, $3) RETURNING id -- PARAMETERS: ["E2EENRL101","E2E Enrollment Course",3]

      at Function.logInfo (../src/platform/PlatformTools.ts:262:17)

    console.log
      query: SELECT "User"."id" AS "User_id", "User"."email" AS "User_email", "User"."username" AS "User_username", "User"."password_hash" AS "User_password_hash", "User"."role" AS "User_role", "User"."first_name" AS "User_first_name", "User"."last_name" AS "User_last_name", "User"."is_active" AS "User_is_active", "User"."refresh_token" AS "User_refresh_token", "User"."email_verified" AS "User_email_verified", "User"."email_verification_token" AS "User_email_verification_token", "User"."password_reset_token" AS "User_password_reset_token", "User"."password_reset_expires" AS "User_password_reset_expires", "User"."failed_login_attempts" AS "User_failed_login_attempts", "User"."locked_until" AS "User_locked_until", "User"."last_failed_login" AS "User_last_failed_login", "User"."created_at" AS "User_created_at", "User"."updated_at" AS "User_updated_at", "User"."deleted_at" AS "User_deleted_at" FROM "users" "User" WHERE ( (("User"."email" = $1)) ) AND ( "User"."deleted_at" IS NULL ) LIMIT 1 -- PARAMETERS: ["e2e_enroll_admin@test.com"]

      at Function.logInfo (../src/platform/PlatformTools.ts:262:17)

    console.log
      query: UPDATE "users" SET "refresh_token" = $1, "updated_at" = CURRENT_TIMESTAMP WHERE "id" IN ($2) -- PARAMETERS: ["$2b$10$4A8VNV6bPXPDKKfweHGqjes1ATbYD0OqxGW8XRB5Qya6SrXAIcJ6m",1998]

      at Function.logInfo (../src/platform/PlatformTools.ts:262:17)

    console.log
      query: SELECT "User"."id" AS "User_id", "User"."email" AS "User_email", "User"."username" AS "User_username", "User"."password_hash" AS "User_password_hash", "User"."role" AS "User_role", "User"."first_name" AS "User_first_name", "User"."last_name" AS "User_last_name", "User"."is_active" AS "User_is_active", "User"."refresh_token" AS "User_refresh_token", "User"."email_verified" AS "User_email_verified", "User"."email_verification_token" AS "User_email_verification_token", "User"."password_reset_token" AS "User_password_reset_token", "User"."password_reset_expires" AS "User_password_reset_expires", "User"."failed_login_attempts" AS "User_failed_login_attempts", "User"."locked_until" AS "User_locked_until", "User"."last_failed_login" AS "User_last_failed_login", "User"."created_at" AS "User_created_at", "User"."updated_at" AS "User_updated_at", "User"."deleted_at" AS "User_deleted_at" FROM "users" "User" WHERE ( (("User"."email" = $1)) ) AND ( "User"."deleted_at" IS NULL ) LIMIT 1 -- PARAMETERS: ["e2e_enroll_teacher@test.com"]

      at Function.logInfo (../src/platform/PlatformTools.ts:262:17)

    console.log
      query: UPDATE "users" SET "refresh_token" = $1, "updated_at" = CURRENT_TIMESTAMP WHERE "id" IN ($2) -- PARAMETERS: ["$2b$10$ZXKbBU7He.WTjYh2fcoJruP38qdLIBnf0q9tiolX.0zvPv1V50JBK",1999]

      at Function.logInfo (../src/platform/PlatformTools.ts:262:17)

    console.log
      query: SELECT "User"."id" AS "User_id", "User"."email" AS "User_email", "User"."username" AS "User_username", "User"."password_hash" AS "User_password_hash", "User"."role" AS "User_role", "User"."first_name" AS "User_first_name", "User"."last_name" AS "User_last_name", "User"."is_active" AS "User_is_active", "User"."refresh_token" AS "User_refresh_token", "User"."email_verified" AS "User_email_verified", "User"."email_verification_token" AS "User_email_verification_token", "User"."password_reset_token" AS "User_password_reset_token", "User"."password_reset_expires" AS "User_password_reset_expires", "User"."failed_login_attempts" AS "User_failed_login_attempts", "User"."locked_until" AS "User_locked_until", "User"."last_failed_login" AS "User_last_failed_login", "User"."created_at" AS "User_created_at", "User"."updated_at" AS "User_updated_at", "User"."deleted_at" AS "User_deleted_at" FROM "users" "User" WHERE ( (("User"."email" = $1)) ) AND ( "User"."deleted_at" IS NULL ) LIMIT 1 -- PARAMETERS: ["e2e_enroll_student@test.com"]

      at Function.logInfo (../src/platform/PlatformTools.ts:262:17)

    console.log
      query: UPDATE "users" SET "refresh_token" = $1, "updated_at" = CURRENT_TIMESTAMP WHERE "id" IN ($2) -- PARAMETERS: ["$2b$10$kR7MnCfaPQGk4OEYs4pm5Oa6DF51URtab6uz9uYQhwrMMc2vqagLa",2000]

      at Function.logInfo (../src/platform/PlatformTools.ts:262:17)

    console.log
      query: SELECT "Student"."id" AS "Student_id", "Student"."user_id" AS "Student_user_id", "Student"."student_id" AS "Student_student_id", "Student"."date_of_birth" AS "Student_date_of_birth", "Student"."gender" AS "Student_gender", "Student"."address" AS "Student_address", "Student"."phone" AS "Student_phone", "Student"."emergency_contact" AS "Student_emergency_contact", "Student"."enrollment_date" AS "Student_enrollment_date", "Student"."department_id" AS "Student_department_id", "Student"."semester" AS "Student_semester", "Student"."created_at" AS "Student_created_at", "Student"."updated_at" AS "Student_updated_at", "Student"."deleted_at" AS "Student_deleted_at" FROM "students" "Student" WHERE ( (("Student"."id" = $1)) ) AND ( "Student"."deleted_at" IS NULL ) LIMIT 1 -- PARAMETERS: [165]

      at Function.logInfo (../src/platform/PlatformTools.ts:262:17)

    console.log
      query: SELECT "Course"."id" AS "Course_id", "Course"."course_code" AS "Course_course_code", "Course"."course_name" AS "Course_course_name", "Course"."description" AS "Course_description", "Course"."credits" AS "Course_credits", "Course"."department_id" AS "Course_department_id", "Course"."semester" AS "Course_semester", "Course"."max_students" AS "Course_max_students", "Course"."is_active" AS "Course_is_active", "Course"."created_by" AS "Course_created_by", "Course"."created_at" AS "Course_created_at", "Course"."updated_at" AS "Course_updated_at", "Course"."deleted_at" AS "Course_deleted_at" FROM "courses" "Course" WHERE ( (("Course"."id" = $1)) ) AND ( "Course"."deleted_at" IS NULL ) LIMIT 1 -- PARAMETERS: [450]

      at Function.logInfo (../src/platform/PlatformTools.ts:262:17)

    console.log
      query: SELECT "Enrollment"."id" AS "Enrollment_id", "Enrollment"."student_id" AS "Enrollment_student_id", "Enrollment"."course_id" AS "Enrollment_course_id", "Enrollment"."enrollment_date" AS "Enrollment_enrollment_date", "Enrollment"."status" AS "Enrollment_status", "Enrollment"."grade" AS "Enrollment_grade", "Enrollment"."grade_points" AS "Enrollment_grade_points", "Enrollment"."attendance_percentage" AS "Enrollment_attendance_percentage", "Enrollment"."created_at" AS "Enrollment_created_at" FROM "enrollments" "Enrollment" WHERE (("Enrollment"."student_id" = $1) AND ("Enrollment"."course_id" = $2)) LIMIT 1 -- PARAMETERS: [165,450]

      at Function.logInfo (../src/platform/PlatformTools.ts:262:17)

    console.log
      query: SELECT COUNT(1) AS "cnt" FROM "enrollments" "Enrollment" WHERE (("Enrollment"."course_id" = $1) AND ("Enrollment"."status" = $2)) -- PARAMETERS: [450,"active"]

      at Function.logInfo (../src/platform/PlatformTools.ts:262:17)

    console.log
      query: START TRANSACTION

      at Function.logInfo (../src/platform/PlatformTools.ts:262:17)

    console.log
      query: INSERT INTO "enrollments"("student_id", "course_id", "enrollment_date", "status", "grade", "grade_points", "attendance_percentage", "created_at") VALUES ($1, $2, $3, $4, DEFAULT, DEFAULT, DEFAULT, DEFAULT) RETURNING "id", "enrollment_date", "status", "attendance_percentage", "created_at" -- PARAMETERS: [165,450,"2026-01-29","active"]

      at Function.logInfo (../src/platform/PlatformTools.ts:262:17)

    console.log
      query: COMMIT

      at Function.logInfo (../src/platform/PlatformTools.ts:262:17)

    console.log
      query: SELECT "Student"."id" AS "Student_id", "Student"."user_id" AS "Student_user_id", "Student"."student_id" AS "Student_student_id", "Student"."date_of_birth" AS "Student_date_of_birth", "Student"."gender" AS "Student_gender", "Student"."address" AS "Student_address", "Student"."phone" AS "Student_phone", "Student"."emergency_contact" AS "Student_emergency_contact", "Student"."enrollment_date" AS "Student_enrollment_date", "Student"."department_id" AS "Student_department_id", "Student"."semester" AS "Student_semester", "Student"."created_at" AS "Student_created_at", "Student"."updated_at" AS "Student_updated_at", "Student"."deleted_at" AS "Student_deleted_at" FROM "students" "Student" WHERE ( (("Student"."id" = $1)) ) AND ( "Student"."deleted_at" IS NULL ) LIMIT 1 -- PARAMETERS: [165]

      at Function.logInfo (../src/platform/PlatformTools.ts:262:17)

    console.log
      query: SELECT "Course"."id" AS "Course_id", "Course"."course_code" AS "Course_course_code", "Course"."course_name" AS "Course_course_name", "Course"."description" AS "Course_description", "Course"."credits" AS "Course_credits", "Course"."department_id" AS "Course_department_id", "Course"."semester" AS "Course_semester", "Course"."max_students" AS "Course_max_students", "Course"."is_active" AS "Course_is_active", "Course"."created_by" AS "Course_created_by", "Course"."created_at" AS "Course_created_at", "Course"."updated_at" AS "Course_updated_at", "Course"."deleted_at" AS "Course_deleted_at" FROM "courses" "Course" WHERE ( (("Course"."id" = $1)) ) AND ( "Course"."deleted_at" IS NULL ) LIMIT 1 -- PARAMETERS: [450]

      at Function.logInfo (../src/platform/PlatformTools.ts:262:17)

    console.log
      query: SELECT "Enrollment"."id" AS "Enrollment_id", "Enrollment"."student_id" AS "Enrollment_student_id", "Enrollment"."course_id" AS "Enrollment_course_id", "Enrollment"."enrollment_date" AS "Enrollment_enrollment_date", "Enrollment"."status" AS "Enrollment_status", "Enrollment"."grade" AS "Enrollment_grade", "Enrollment"."grade_points" AS "Enrollment_grade_points", "Enrollment"."attendance_percentage" AS "Enrollment_attendance_percentage", "Enrollment"."created_at" AS "Enrollment_created_at" FROM "enrollments" "Enrollment" WHERE (("Enrollment"."student_id" = $1) AND ("Enrollment"."course_id" = $2)) LIMIT 1 -- PARAMETERS: [165,450]

      at Function.logInfo (../src/platform/PlatformTools.ts:262:17)

    console.log
      query: SELECT DISTINCT "distinctAlias"."Enrollment_id" AS "ids_Enrollment_id", "distinctAlias"."Enrollment_id" FROM (SELECT "Enrollment"."id" AS "Enrollment_id", "Enrollment"."student_id" AS "Enrollment_student_id", "Enrollment"."course_id" AS "Enrollment_course_id", "Enrollment"."enrollment_date" AS "Enrollment_enrollment_date", "Enrollment"."status" AS "Enrollment_status", "Enrollment"."grade" AS "Enrollment_grade", "Enrollment"."grade_points" AS "Enrollment_grade_points", "Enrollment"."attendance_percentage" AS "Enrollment_attendance_percentage", "Enrollment"."created_at" AS "Enrollment_created_at", "Enrollment__Enrollment_student"."id" AS "Enrollment__Enrollment_student_id", "Enrollment__Enrollment_student"."user_id" AS "Enrollment__Enrollment_student_user_id", "Enrollment__Enrollment_student"."student_id" AS "Enrollment__Enrollment_student_student_id", "Enrollment__Enrollment_student"."date_of_birth" AS "Enrollment__Enrollment_student_date_of_birth", "Enrollment__Enrollment_student"."gender" AS "Enrollment__Enrollment_student_gender", "Enrollment__Enrollment_student"."address" AS "Enrollment__Enrollment_student_address", "Enrollment__Enrollment_student"."phone" AS "Enrollment__Enrollment_student_phone", "Enrollment__Enrollment_student"."emergency_contact" AS "Enrollment__Enrollment_student_emergency_contact", "Enrollment__Enrollment_student"."enrollment_date" AS "Enrollment__Enrollment_student_enrollment_date", "Enrollment__Enrollment_student"."department_id" AS "Enrollment__Enrollment_student_department_id", "Enrollment__Enrollment_student"."semester" AS "Enrollment__Enrollment_student_semester", "Enrollment__Enrollment_student"."created_at" AS "Enrollment__Enrollment_student_created_at", "Enrollment__Enrollment_student"."updated_at" AS "Enrollment__Enrollment_student_updated_at", "Enrollment__Enrollment_student"."deleted_at" AS "Enrollment__Enrollment_student_deleted_at", "160811cdd5014956c5a4e2eb478d5051756cc1a6"."id" AS "160811cdd5014956c5a4e2eb478d5051756cc1a6_id", "160811cdd5014956c5a4e2eb478d5051756cc1a6"."email" AS "160811cdd5014956c5a4e2eb478d5051756cc1a6_email", "160811cdd5014956c5a4e2eb478d5051756cc1a6"."username" AS "160811cdd5014956c5a4e2eb478d5051756cc1a6_username", "160811cdd5014956c5a4e2eb478d5051756cc1a6"."password_hash" AS "160811cdd5014956c5a4e2eb478d5051756cc1a6_password_hash", "160811cdd5014956c5a4e2eb478d5051756cc1a6"."role" AS "160811cdd5014956c5a4e2eb478d5051756cc1a6_role", "160811cdd5014956c5a4e2eb478d5051756cc1a6"."first_name" AS "160811cdd5014956c5a4e2eb478d5051756cc1a6_first_name", "160811cdd5014956c5a4e2eb478d5051756cc1a6"."last_name" AS "160811cdd5014956c5a4e2eb478d5051756cc1a6_last_name", "160811cdd5014956c5a4e2eb478d5051756cc1a6"."is_active" AS "160811cdd5014956c5a4e2eb478d5051756cc1a6_is_active", "160811cdd5014956c5a4e2eb478d5051756cc1a6"."refresh_token" AS "160811cdd5014956c5a4e2eb478d5051756cc1a6_refresh_token", "160811cdd5014956c5a4e2eb478d5051756cc1a6"."email_verified" AS "160811cdd5014956c5a4e2eb478d5051756cc1a6_email_verified", "160811cdd5014956c5a4e2eb478d5051756cc1a6"."email_verification_token" AS "5037b763d9d3f8c91c957115b76f9d2ce0a9d299", "160811cdd5014956c5a4e2eb478d5051756cc1a6"."password_reset_token" AS "160811cdd5014956c5a4e2eb478d5051756cc1a6_password_reset_token", "160811cdd5014956c5a4e2eb478d5051756cc1a6"."password_reset_expires" AS "160811cdd5014956c5a4e2eb478d5051756cc1a6_password_reset_expires", "160811cdd5014956c5a4e2eb478d5051756cc1a6"."failed_login_attempts" AS "160811cdd5014956c5a4e2eb478d5051756cc1a6_failed_login_attempts", "160811cdd5014956c5a4e2eb478d5051756cc1a6"."locked_until" AS "160811cdd5014956c5a4e2eb478d5051756cc1a6_locked_until", "160811cdd5014956c5a4e2eb478d5051756cc1a6"."last_failed_login" AS "160811cdd5014956c5a4e2eb478d5051756cc1a6_last_failed_login", "160811cdd5014956c5a4e2eb478d5051756cc1a6"."created_at" AS "160811cdd5014956c5a4e2eb478d5051756cc1a6_created_at", "160811cdd5014956c5a4e2eb478d5051756cc1a6"."updated_at" AS "160811cdd5014956c5a4e2eb478d5051756cc1a6_updated_at", "160811cdd5014956c5a4e2eb478d5051756cc1a6"."deleted_at" AS "160811cdd5014956c5a4e2eb478d5051756cc1a6_deleted_at", "Enrollment__Enrollment_course"."id" AS "Enrollment__Enrollment_course_id", "Enrollment__Enrollment_course"."course_code" AS "Enrollment__Enrollment_course_course_code", "Enrollment__Enrollment_course"."course_name" AS "Enrollment__Enrollment_course_course_name", "Enrollment__Enrollment_course"."description" AS "Enrollment__Enrollment_course_description", "Enrollment__Enrollment_course"."credits" AS "Enrollment__Enrollment_course_credits", "Enrollment__Enrollment_course"."department_id" AS "Enrollment__Enrollment_course_department_id", "Enrollment__Enrollment_course"."semester" AS "Enrollment__Enrollment_course_semester", "Enrollment__Enrollment_course"."max_students" AS "Enrollment__Enrollment_course_max_students", "Enrollment__Enrollment_course"."is_active" AS "Enrollment__Enrollment_course_is_active", "Enrollment__Enrollment_course"."created_by" AS "Enrollment__Enrollment_course_created_by", "Enrollment__Enrollment_course"."created_at" AS "Enrollment__Enrollment_course_created_at", "Enrollment__Enrollment_course"."updated_at" AS "Enrollment__Enrollment_course_updated_at", "Enrollment__Enrollment_course"."deleted_at" AS "Enrollment__Enrollment_course_deleted_at" FROM "enrollments" "Enrollment" LEFT JOIN "students" "Enrollment__Enrollment_student" ON "Enrollment__Enrollment_student"."id"="Enrollment"."student_id" AND ("Enrollment__Enrollment_student"."deleted_at" IS NULL)  LEFT JOIN "users" "160811cdd5014956c5a4e2eb478d5051756cc1a6" ON "160811cdd5014956c5a4e2eb478d5051756cc1a6"."id"="Enrollment__Enrollment_student"."user_id" AND ("160811cdd5014956c5a4e2eb478d5051756cc1a6"."deleted_at" IS NULL)  LEFT JOIN "courses" "Enrollment__Enrollment_course" ON "Enrollment__Enrollment_course"."id"="Enrollment"."course_id" AND ("Enrollment__Enrollment_course"."deleted_at" IS NULL)) "distinctAlias" ORDER BY "distinctAlias"."Enrollment_id" DESC, "Enrollment_id" ASC LIMIT 10 OFFSET 0

      at Function.logInfo (../src/platform/PlatformTools.ts:262:17)

    console.log
      query: SELECT "Enrollment"."id" AS "Enrollment_id", "Enrollment"."student_id" AS "Enrollment_student_id", "Enrollment"."course_id" AS "Enrollment_course_id", "Enrollment"."enrollment_date" AS "Enrollment_enrollment_date", "Enrollment"."status" AS "Enrollment_status", "Enrollment"."grade" AS "Enrollment_grade", "Enrollment"."grade_points" AS "Enrollment_grade_points", "Enrollment"."attendance_percentage" AS "Enrollment_attendance_percentage", "Enrollment"."created_at" AS "Enrollment_created_at", "Enrollment__Enrollment_student"."id" AS "Enrollment__Enrollment_student_id", "Enrollment__Enrollment_student"."user_id" AS "Enrollment__Enrollment_student_user_id", "Enrollment__Enrollment_student"."student_id" AS "Enrollment__Enrollment_student_student_id", "Enrollment__Enrollment_student"."date_of_birth" AS "Enrollment__Enrollment_student_date_of_birth", "Enrollment__Enrollment_student"."gender" AS "Enrollment__Enrollment_student_gender", "Enrollment__Enrollment_student"."address" AS "Enrollment__Enrollment_student_address", "Enrollment__Enrollment_student"."phone" AS "Enrollment__Enrollment_student_phone", "Enrollment__Enrollment_student"."emergency_contact" AS "Enrollment__Enrollment_student_emergency_contact", "Enrollment__Enrollment_student"."enrollment_date" AS "Enrollment__Enrollment_student_enrollment_date", "Enrollment__Enrollment_student"."department_id" AS "Enrollment__Enrollment_student_department_id", "Enrollment__Enrollment_student"."semester" AS "Enrollment__Enrollment_student_semester", "Enrollment__Enrollment_student"."created_at" AS "Enrollment__Enrollment_student_created_at", "Enrollment__Enrollment_student"."updated_at" AS "Enrollment__Enrollment_student_updated_at", "Enrollment__Enrollment_student"."deleted_at" AS "Enrollment__Enrollment_student_deleted_at", "160811cdd5014956c5a4e2eb478d5051756cc1a6"."id" AS "160811cdd5014956c5a4e2eb478d5051756cc1a6_id", "160811cdd5014956c5a4e2eb478d5051756cc1a6"."email" AS "160811cdd5014956c5a4e2eb478d5051756cc1a6_email", "160811cdd5014956c5a4e2eb478d5051756cc1a6"."username" AS "160811cdd5014956c5a4e2eb478d5051756cc1a6_username", "160811cdd5014956c5a4e2eb478d5051756cc1a6"."password_hash" AS "160811cdd5014956c5a4e2eb478d5051756cc1a6_password_hash", "160811cdd5014956c5a4e2eb478d5051756cc1a6"."role" AS "160811cdd5014956c5a4e2eb478d5051756cc1a6_role", "160811cdd5014956c5a4e2eb478d5051756cc1a6"."first_name" AS "160811cdd5014956c5a4e2eb478d5051756cc1a6_first_name", "160811cdd5014956c5a4e2eb478d5051756cc1a6"."last_name" AS "160811cdd5014956c5a4e2eb478d5051756cc1a6_last_name", "160811cdd5014956c5a4e2eb478d5051756cc1a6"."is_active" AS "160811cdd5014956c5a4e2eb478d5051756cc1a6_is_active", "160811cdd5014956c5a4e2eb478d5051756cc1a6"."refresh_token" AS "160811cdd5014956c5a4e2eb478d5051756cc1a6_refresh_token", "160811cdd5014956c5a4e2eb478d5051756cc1a6"."email_verified" AS "160811cdd5014956c5a4e2eb478d5051756cc1a6_email_verified", "160811cdd5014956c5a4e2eb478d5051756cc1a6"."email_verification_token" AS "5037b763d9d3f8c91c957115b76f9d2ce0a9d299", "160811cdd5014956c5a4e2eb478d5051756cc1a6"."password_reset_token" AS "160811cdd5014956c5a4e2eb478d5051756cc1a6_password_reset_token", "160811cdd5014956c5a4e2eb478d5051756cc1a6"."password_reset_expires" AS "160811cdd5014956c5a4e2eb478d5051756cc1a6_password_reset_expires", "160811cdd5014956c5a4e2eb478d5051756cc1a6"."failed_login_attempts" AS "160811cdd5014956c5a4e2eb478d5051756cc1a6_failed_login_attempts", "160811cdd5014956c5a4e2eb478d5051756cc1a6"."locked_until" AS "160811cdd5014956c5a4e2eb478d5051756cc1a6_locked_until", "160811cdd5014956c5a4e2eb478d5051756cc1a6"."last_failed_login" AS "160811cdd5014956c5a4e2eb478d5051756cc1a6_last_failed_login", "160811cdd5014956c5a4e2eb478d5051756cc1a6"."created_at" AS "160811cdd5014956c5a4e2eb478d5051756cc1a6_created_at", "160811cdd5014956c5a4e2eb478d5051756cc1a6"."updated_at" AS "160811cdd5014956c5a4e2eb478d5051756cc1a6_updated_at", "160811cdd5014956c5a4e2eb478d5051756cc1a6"."deleted_at" AS "160811cdd5014956c5a4e2eb478d5051756cc1a6_deleted_at", "Enrollment__Enrollment_course"."id" AS "Enrollment__Enrollment_course_id", "Enrollment__Enrollment_course"."course_code" AS "Enrollment__Enrollment_course_course_code", "Enrollment__Enrollment_course"."course_name" AS "Enrollment__Enrollment_course_course_name", "Enrollment__Enrollment_course"."description" AS "Enrollment__Enrollment_course_description", "Enrollment__Enrollment_course"."credits" AS "Enrollment__Enrollment_course_credits", "Enrollment__Enrollment_course"."department_id" AS "Enrollment__Enrollment_course_department_id", "Enrollment__Enrollment_course"."semester" AS "Enrollment__Enrollment_course_semester", "Enrollment__Enrollment_course"."max_students" AS "Enrollment__Enrollment_course_max_students", "Enrollment__Enrollment_course"."is_active" AS "Enrollment__Enrollment_course_is_active", "Enrollment__Enrollment_course"."created_by" AS "Enrollment__Enrollment_course_created_by", "Enrollment__Enrollment_course"."created_at" AS "Enrollment__Enrollment_course_created_at", "Enrollment__Enrollment_course"."updated_at" AS "Enrollment__Enrollment_course_updated_at", "Enrollment__Enrollment_course"."deleted_at" AS "Enrollment__Enrollment_course_deleted_at" FROM "enrollments" "Enrollment" LEFT JOIN "students" "Enrollment__Enrollment_student" ON "Enrollment__Enrollment_student"."id"="Enrollment"."student_id" AND ("Enrollment__Enrollment_student"."deleted_at" IS NULL)  LEFT JOIN "users" "160811cdd5014956c5a4e2eb478d5051756cc1a6" ON "160811cdd5014956c5a4e2eb478d5051756cc1a6"."id"="Enrollment__Enrollment_student"."user_id" AND ("160811cdd5014956c5a4e2eb478d5051756cc1a6"."deleted_at" IS NULL)  LEFT JOIN "courses" "Enrollment__Enrollment_course" ON "Enrollment__Enrollment_course"."id"="Enrollment"."course_id" AND ("Enrollment__Enrollment_course"."deleted_at" IS NULL) WHERE "Enrollment"."id" IN (125) ORDER BY "Enrollment"."id" DESC

      at Function.logInfo (../src/platform/PlatformTools.ts:262:17)

    console.log
      query: SELECT DISTINCT "distinctAlias"."Enrollment_id" AS "ids_Enrollment_id", "distinctAlias"."Enrollment_id" FROM (SELECT "Enrollment"."id" AS "Enrollment_id", "Enrollment"."student_id" AS "Enrollment_student_id", "Enrollment"."course_id" AS "Enrollment_course_id", "Enrollment"."enrollment_date" AS "Enrollment_enrollment_date", "Enrollment"."status" AS "Enrollment_status", "Enrollment"."grade" AS "Enrollment_grade", "Enrollment"."grade_points" AS "Enrollment_grade_points", "Enrollment"."attendance_percentage" AS "Enrollment_attendance_percentage", "Enrollment"."created_at" AS "Enrollment_created_at", "Enrollment__Enrollment_student"."id" AS "Enrollment__Enrollment_student_id", "Enrollment__Enrollment_student"."user_id" AS "Enrollment__Enrollment_student_user_id", "Enrollment__Enrollment_student"."student_id" AS "Enrollment__Enrollment_student_student_id", "Enrollment__Enrollment_student"."date_of_birth" AS "Enrollment__Enrollment_student_date_of_birth", "Enrollment__Enrollment_student"."gender" AS "Enrollment__Enrollment_student_gender", "Enrollment__Enrollment_student"."address" AS "Enrollment__Enrollment_student_address", "Enrollment__Enrollment_student"."phone" AS "Enrollment__Enrollment_student_phone", "Enrollment__Enrollment_student"."emergency_contact" AS "Enrollment__Enrollment_student_emergency_contact", "Enrollment__Enrollment_student"."enrollment_date" AS "Enrollment__Enrollment_student_enrollment_date", "Enrollment__Enrollment_student"."department_id" AS "Enrollment__Enrollment_student_department_id", "Enrollment__Enrollment_student"."semester" AS "Enrollment__Enrollment_student_semester", "Enrollment__Enrollment_student"."created_at" AS "Enrollment__Enrollment_student_created_at", "Enrollment__Enrollment_student"."updated_at" AS "Enrollment__Enrollment_student_updated_at", "Enrollment__Enrollment_student"."deleted_at" AS "Enrollment__Enrollment_student_deleted_at", "160811cdd5014956c5a4e2eb478d5051756cc1a6"."id" AS "160811cdd5014956c5a4e2eb478d5051756cc1a6_id", "160811cdd5014956c5a4e2eb478d5051756cc1a6"."email" AS "160811cdd5014956c5a4e2eb478d5051756cc1a6_email", "160811cdd5014956c5a4e2eb478d5051756cc1a6"."username" AS "160811cdd5014956c5a4e2eb478d5051756cc1a6_username", "160811cdd5014956c5a4e2eb478d5051756cc1a6"."password_hash" AS "160811cdd5014956c5a4e2eb478d5051756cc1a6_password_hash", "160811cdd5014956c5a4e2eb478d5051756cc1a6"."role" AS "160811cdd5014956c5a4e2eb478d5051756cc1a6_role", "160811cdd5014956c5a4e2eb478d5051756cc1a6"."first_name" AS "160811cdd5014956c5a4e2eb478d5051756cc1a6_first_name", "160811cdd5014956c5a4e2eb478d5051756cc1a6"."last_name" AS "160811cdd5014956c5a4e2eb478d5051756cc1a6_last_name", "160811cdd5014956c5a4e2eb478d5051756cc1a6"."is_active" AS "160811cdd5014956c5a4e2eb478d5051756cc1a6_is_active", "160811cdd5014956c5a4e2eb478d5051756cc1a6"."refresh_token" AS "160811cdd5014956c5a4e2eb478d5051756cc1a6_refresh_token", "160811cdd5014956c5a4e2eb478d5051756cc1a6"."email_verified" AS "160811cdd5014956c5a4e2eb478d5051756cc1a6_email_verified", "160811cdd5014956c5a4e2eb478d5051756cc1a6"."email_verification_token" AS "5037b763d9d3f8c91c957115b76f9d2ce0a9d299", "160811cdd5014956c5a4e2eb478d5051756cc1a6"."password_reset_token" AS "160811cdd5014956c5a4e2eb478d5051756cc1a6_password_reset_token", "160811cdd5014956c5a4e2eb478d5051756cc1a6"."password_reset_expires" AS "160811cdd5014956c5a4e2eb478d5051756cc1a6_password_reset_expires", "160811cdd5014956c5a4e2eb478d5051756cc1a6"."failed_login_attempts" AS "160811cdd5014956c5a4e2eb478d5051756cc1a6_failed_login_attempts", "160811cdd5014956c5a4e2eb478d5051756cc1a6"."locked_until" AS "160811cdd5014956c5a4e2eb478d5051756cc1a6_locked_until", "160811cdd5014956c5a4e2eb478d5051756cc1a6"."last_failed_login" AS "160811cdd5014956c5a4e2eb478d5051756cc1a6_last_failed_login", "160811cdd5014956c5a4e2eb478d5051756cc1a6"."created_at" AS "160811cdd5014956c5a4e2eb478d5051756cc1a6_created_at", "160811cdd5014956c5a4e2eb478d5051756cc1a6"."updated_at" AS "160811cdd5014956c5a4e2eb478d5051756cc1a6_updated_at", "160811cdd5014956c5a4e2eb478d5051756cc1a6"."deleted_at" AS "160811cdd5014956c5a4e2eb478d5051756cc1a6_deleted_at", "Enrollment__Enrollment_course"."id" AS "Enrollment__Enrollment_course_id", "Enrollment__Enrollment_course"."course_code" AS "Enrollment__Enrollment_course_course_code", "Enrollment__Enrollment_course"."course_name" AS "Enrollment__Enrollment_course_course_name", "Enrollment__Enrollment_course"."description" AS "Enrollment__Enrollment_course_description", "Enrollment__Enrollment_course"."credits" AS "Enrollment__Enrollment_course_credits", "Enrollment__Enrollment_course"."department_id" AS "Enrollment__Enrollment_course_department_id", "Enrollment__Enrollment_course"."semester" AS "Enrollment__Enrollment_course_semester", "Enrollment__Enrollment_course"."max_students" AS "Enrollment__Enrollment_course_max_students", "Enrollment__Enrollment_course"."is_active" AS "Enrollment__Enrollment_course_is_active", "Enrollment__Enrollment_course"."created_by" AS "Enrollment__Enrollment_course_created_by", "Enrollment__Enrollment_course"."created_at" AS "Enrollment__Enrollment_course_created_at", "Enrollment__Enrollment_course"."updated_at" AS "Enrollment__Enrollment_course_updated_at", "Enrollment__Enrollment_course"."deleted_at" AS "Enrollment__Enrollment_course_deleted_at" FROM "enrollments" "Enrollment" LEFT JOIN "students" "Enrollment__Enrollment_student" ON "Enrollment__Enrollment_student"."id"="Enrollment"."student_id" AND ("Enrollment__Enrollment_student"."deleted_at" IS NULL)  LEFT JOIN "users" "160811cdd5014956c5a4e2eb478d5051756cc1a6" ON "160811cdd5014956c5a4e2eb478d5051756cc1a6"."id"="Enrollment__Enrollment_student"."user_id" AND ("160811cdd5014956c5a4e2eb478d5051756cc1a6"."deleted_at" IS NULL)  LEFT JOIN "courses" "Enrollment__Enrollment_course" ON "Enrollment__Enrollment_course"."id"="Enrollment"."course_id" AND ("Enrollment__Enrollment_course"."deleted_at" IS NULL)) "distinctAlias" ORDER BY "distinctAlias"."Enrollment_id" DESC, "Enrollment_id" ASC LIMIT 10 OFFSET 0

      at Function.logInfo (../src/platform/PlatformTools.ts:262:17)

    console.log
      query: SELECT "Enrollment"."id" AS "Enrollment_id", "Enrollment"."student_id" AS "Enrollment_student_id", "Enrollment"."course_id" AS "Enrollment_course_id", "Enrollment"."enrollment_date" AS "Enrollment_enrollment_date", "Enrollment"."status" AS "Enrollment_status", "Enrollment"."grade" AS "Enrollment_grade", "Enrollment"."grade_points" AS "Enrollment_grade_points", "Enrollment"."attendance_percentage" AS "Enrollment_attendance_percentage", "Enrollment"."created_at" AS "Enrollment_created_at", "Enrollment__Enrollment_student"."id" AS "Enrollment__Enrollment_student_id", "Enrollment__Enrollment_student"."user_id" AS "Enrollment__Enrollment_student_user_id", "Enrollment__Enrollment_student"."student_id" AS "Enrollment__Enrollment_student_student_id", "Enrollment__Enrollment_student"."date_of_birth" AS "Enrollment__Enrollment_student_date_of_birth", "Enrollment__Enrollment_student"."gender" AS "Enrollment__Enrollment_student_gender", "Enrollment__Enrollment_student"."address" AS "Enrollment__Enrollment_student_address", "Enrollment__Enrollment_student"."phone" AS "Enrollment__Enrollment_student_phone", "Enrollment__Enrollment_student"."emergency_contact" AS "Enrollment__Enrollment_student_emergency_contact", "Enrollment__Enrollment_student"."enrollment_date" AS "Enrollment__Enrollment_student_enrollment_date", "Enrollment__Enrollment_student"."department_id" AS "Enrollment__Enrollment_student_department_id", "Enrollment__Enrollment_student"."semester" AS "Enrollment__Enrollment_student_semester", "Enrollment__Enrollment_student"."created_at" AS "Enrollment__Enrollment_student_created_at", "Enrollment__Enrollment_student"."updated_at" AS "Enrollment__Enrollment_student_updated_at", "Enrollment__Enrollment_student"."deleted_at" AS "Enrollment__Enrollment_student_deleted_at", "160811cdd5014956c5a4e2eb478d5051756cc1a6"."id" AS "160811cdd5014956c5a4e2eb478d5051756cc1a6_id", "160811cdd5014956c5a4e2eb478d5051756cc1a6"."email" AS "160811cdd5014956c5a4e2eb478d5051756cc1a6_email", "160811cdd5014956c5a4e2eb478d5051756cc1a6"."username" AS "160811cdd5014956c5a4e2eb478d5051756cc1a6_username", "160811cdd5014956c5a4e2eb478d5051756cc1a6"."password_hash" AS "160811cdd5014956c5a4e2eb478d5051756cc1a6_password_hash", "160811cdd5014956c5a4e2eb478d5051756cc1a6"."role" AS "160811cdd5014956c5a4e2eb478d5051756cc1a6_role", "160811cdd5014956c5a4e2eb478d5051756cc1a6"."first_name" AS "160811cdd5014956c5a4e2eb478d5051756cc1a6_first_name", "160811cdd5014956c5a4e2eb478d5051756cc1a6"."last_name" AS "160811cdd5014956c5a4e2eb478d5051756cc1a6_last_name", "160811cdd5014956c5a4e2eb478d5051756cc1a6"."is_active" AS "160811cdd5014956c5a4e2eb478d5051756cc1a6_is_active", "160811cdd5014956c5a4e2eb478d5051756cc1a6"."refresh_token" AS "160811cdd5014956c5a4e2eb478d5051756cc1a6_refresh_token", "160811cdd5014956c5a4e2eb478d5051756cc1a6"."email_verified" AS "160811cdd5014956c5a4e2eb478d5051756cc1a6_email_verified", "160811cdd5014956c5a4e2eb478d5051756cc1a6"."email_verification_token" AS "5037b763d9d3f8c91c957115b76f9d2ce0a9d299", "160811cdd5014956c5a4e2eb478d5051756cc1a6"."password_reset_token" AS "160811cdd5014956c5a4e2eb478d5051756cc1a6_password_reset_token", "160811cdd5014956c5a4e2eb478d5051756cc1a6"."password_reset_expires" AS "160811cdd5014956c5a4e2eb478d5051756cc1a6_password_reset_expires", "160811cdd5014956c5a4e2eb478d5051756cc1a6"."failed_login_attempts" AS "160811cdd5014956c5a4e2eb478d5051756cc1a6_failed_login_attempts", "160811cdd5014956c5a4e2eb478d5051756cc1a6"."locked_until" AS "160811cdd5014956c5a4e2eb478d5051756cc1a6_locked_until", "160811cdd5014956c5a4e2eb478d5051756cc1a6"."last_failed_login" AS "160811cdd5014956c5a4e2eb478d5051756cc1a6_last_failed_login", "160811cdd5014956c5a4e2eb478d5051756cc1a6"."created_at" AS "160811cdd5014956c5a4e2eb478d5051756cc1a6_created_at", "160811cdd5014956c5a4e2eb478d5051756cc1a6"."updated_at" AS "160811cdd5014956c5a4e2eb478d5051756cc1a6_updated_at", "160811cdd5014956c5a4e2eb478d5051756cc1a6"."deleted_at" AS "160811cdd5014956c5a4e2eb478d5051756cc1a6_deleted_at", "Enrollment__Enrollment_course"."id" AS "Enrollment__Enrollment_course_id", "Enrollment__Enrollment_course"."course_code" AS "Enrollment__Enrollment_course_course_code", "Enrollment__Enrollment_course"."course_name" AS "Enrollment__Enrollment_course_course_name", "Enrollment__Enrollment_course"."description" AS "Enrollment__Enrollment_course_description", "Enrollment__Enrollment_course"."credits" AS "Enrollment__Enrollment_course_credits", "Enrollment__Enrollment_course"."department_id" AS "Enrollment__Enrollment_course_department_id", "Enrollment__Enrollment_course"."semester" AS "Enrollment__Enrollment_course_semester", "Enrollment__Enrollment_course"."max_students" AS "Enrollment__Enrollment_course_max_students", "Enrollment__Enrollment_course"."is_active" AS "Enrollment__Enrollment_course_is_active", "Enrollment__Enrollment_course"."created_by" AS "Enrollment__Enrollment_course_created_by", "Enrollment__Enrollment_course"."created_at" AS "Enrollment__Enrollment_course_created_at", "Enrollment__Enrollment_course"."updated_at" AS "Enrollment__Enrollment_course_updated_at", "Enrollment__Enrollment_course"."deleted_at" AS "Enrollment__Enrollment_course_deleted_at" FROM "enrollments" "Enrollment" LEFT JOIN "students" "Enrollment__Enrollment_student" ON "Enrollment__Enrollment_student"."id"="Enrollment"."student_id" AND ("Enrollment__Enrollment_student"."deleted_at" IS NULL)  LEFT JOIN "users" "160811cdd5014956c5a4e2eb478d5051756cc1a6" ON "160811cdd5014956c5a4e2eb478d5051756cc1a6"."id"="Enrollment__Enrollment_student"."user_id" AND ("160811cdd5014956c5a4e2eb478d5051756cc1a6"."deleted_at" IS NULL)  LEFT JOIN "courses" "Enrollment__Enrollment_course" ON "Enrollment__Enrollment_course"."id"="Enrollment"."course_id" AND ("Enrollment__Enrollment_course"."deleted_at" IS NULL) WHERE "Enrollment"."id" IN (125) ORDER BY "Enrollment"."id" DESC

      at Function.logInfo (../src/platform/PlatformTools.ts:262:17)

    console.log
      query: SELECT DISTINCT "distinctAlias"."Enrollment_id" AS "ids_Enrollment_id" FROM (SELECT "Enrollment"."id" AS "Enrollment_id", "Enrollment"."student_id" AS "Enrollment_student_id", "Enrollment"."course_id" AS "Enrollment_course_id", "Enrollment"."enrollment_date" AS "Enrollment_enrollment_date", "Enrollment"."status" AS "Enrollment_status", "Enrollment"."grade" AS "Enrollment_grade", "Enrollment"."grade_points" AS "Enrollment_grade_points", "Enrollment"."attendance_percentage" AS "Enrollment_attendance_percentage", "Enrollment"."created_at" AS "Enrollment_created_at", "Enrollment__Enrollment_student"."id" AS "Enrollment__Enrollment_student_id", "Enrollment__Enrollment_student"."user_id" AS "Enrollment__Enrollment_student_user_id", "Enrollment__Enrollment_student"."student_id" AS "Enrollment__Enrollment_student_student_id", "Enrollment__Enrollment_student"."date_of_birth" AS "Enrollment__Enrollment_student_date_of_birth", "Enrollment__Enrollment_student"."gender" AS "Enrollment__Enrollment_student_gender", "Enrollment__Enrollment_student"."address" AS "Enrollment__Enrollment_student_address", "Enrollment__Enrollment_student"."phone" AS "Enrollment__Enrollment_student_phone", "Enrollment__Enrollment_student"."emergency_contact" AS "Enrollment__Enrollment_student_emergency_contact", "Enrollment__Enrollment_student"."enrollment_date" AS "Enrollment__Enrollment_student_enrollment_date", "Enrollment__Enrollment_student"."department_id" AS "Enrollment__Enrollment_student_department_id", "Enrollment__Enrollment_student"."semester" AS "Enrollment__Enrollment_student_semester", "Enrollment__Enrollment_student"."created_at" AS "Enrollment__Enrollment_student_created_at", "Enrollment__Enrollment_student"."updated_at" AS "Enrollment__Enrollment_student_updated_at", "Enrollment__Enrollment_student"."deleted_at" AS "Enrollment__Enrollment_student_deleted_at", "160811cdd5014956c5a4e2eb478d5051756cc1a6"."id" AS "160811cdd5014956c5a4e2eb478d5051756cc1a6_id", "160811cdd5014956c5a4e2eb478d5051756cc1a6"."email" AS "160811cdd5014956c5a4e2eb478d5051756cc1a6_email", "160811cdd5014956c5a4e2eb478d5051756cc1a6"."username" AS "160811cdd5014956c5a4e2eb478d5051756cc1a6_username", "160811cdd5014956c5a4e2eb478d5051756cc1a6"."password_hash" AS "160811cdd5014956c5a4e2eb478d5051756cc1a6_password_hash", "160811cdd5014956c5a4e2eb478d5051756cc1a6"."role" AS "160811cdd5014956c5a4e2eb478d5051756cc1a6_role", "160811cdd5014956c5a4e2eb478d5051756cc1a6"."first_name" AS "160811cdd5014956c5a4e2eb478d5051756cc1a6_first_name", "160811cdd5014956c5a4e2eb478d5051756cc1a6"."last_name" AS "160811cdd5014956c5a4e2eb478d5051756cc1a6_last_name", "160811cdd5014956c5a4e2eb478d5051756cc1a6"."is_active" AS "160811cdd5014956c5a4e2eb478d5051756cc1a6_is_active", "160811cdd5014956c5a4e2eb478d5051756cc1a6"."refresh_token" AS "160811cdd5014956c5a4e2eb478d5051756cc1a6_refresh_token", "160811cdd5014956c5a4e2eb478d5051756cc1a6"."email_verified" AS "160811cdd5014956c5a4e2eb478d5051756cc1a6_email_verified", "160811cdd5014956c5a4e2eb478d5051756cc1a6"."email_verification_token" AS "5037b763d9d3f8c91c957115b76f9d2ce0a9d299", "160811cdd5014956c5a4e2eb478d5051756cc1a6"."password_reset_token" AS "160811cdd5014956c5a4e2eb478d5051756cc1a6_password_reset_token", "160811cdd5014956c5a4e2eb478d5051756cc1a6"."password_reset_expires" AS "160811cdd5014956c5a4e2eb478d5051756cc1a6_password_reset_expires", "160811cdd5014956c5a4e2eb478d5051756cc1a6"."failed_login_attempts" AS "160811cdd5014956c5a4e2eb478d5051756cc1a6_failed_login_attempts", "160811cdd5014956c5a4e2eb478d5051756cc1a6"."locked_until" AS "160811cdd5014956c5a4e2eb478d5051756cc1a6_locked_until", "160811cdd5014956c5a4e2eb478d5051756cc1a6"."last_failed_login" AS "160811cdd5014956c5a4e2eb478d5051756cc1a6_last_failed_login", "160811cdd5014956c5a4e2eb478d5051756cc1a6"."created_at" AS "160811cdd5014956c5a4e2eb478d5051756cc1a6_created_at", "160811cdd5014956c5a4e2eb478d5051756cc1a6"."updated_at" AS "160811cdd5014956c5a4e2eb478d5051756cc1a6_updated_at", "160811cdd5014956c5a4e2eb478d5051756cc1a6"."deleted_at" AS "160811cdd5014956c5a4e2eb478d5051756cc1a6_deleted_at", "Enrollment__Enrollment_course"."id" AS "Enrollment__Enrollment_course_id", "Enrollment__Enrollment_course"."course_code" AS "Enrollment__Enrollment_course_course_code", "Enrollment__Enrollment_course"."course_name" AS "Enrollment__Enrollment_course_course_name", "Enrollment__Enrollment_course"."description" AS "Enrollment__Enrollment_course_description", "Enrollment__Enrollment_course"."credits" AS "Enrollment__Enrollment_course_credits", "Enrollment__Enrollment_course"."department_id" AS "Enrollment__Enrollment_course_department_id", "Enrollment__Enrollment_course"."semester" AS "Enrollment__Enrollment_course_semester", "Enrollment__Enrollment_course"."max_students" AS "Enrollment__Enrollment_course_max_students", "Enrollment__Enrollment_course"."is_active" AS "Enrollment__Enrollment_course_is_active", "Enrollment__Enrollment_course"."created_by" AS "Enrollment__Enrollment_course_created_by", "Enrollment__Enrollment_course"."created_at" AS "Enrollment__Enrollment_course_created_at", "Enrollment__Enrollment_course"."updated_at" AS "Enrollment__Enrollment_course_updated_at", "Enrollment__Enrollment_course"."deleted_at" AS "Enrollment__Enrollment_course_deleted_at" FROM "enrollments" "Enrollment" LEFT JOIN "students" "Enrollment__Enrollment_student" ON "Enrollment__Enrollment_student"."id"="Enrollment"."student_id" AND ("Enrollment__Enrollment_student"."deleted_at" IS NULL)  LEFT JOIN "users" "160811cdd5014956c5a4e2eb478d5051756cc1a6" ON "160811cdd5014956c5a4e2eb478d5051756cc1a6"."id"="Enrollment__Enrollment_student"."user_id" AND ("160811cdd5014956c5a4e2eb478d5051756cc1a6"."deleted_at" IS NULL)  LEFT JOIN "courses" "Enrollment__Enrollment_course" ON "Enrollment__Enrollment_course"."id"="Enrollment"."course_id" AND ("Enrollment__Enrollment_course"."deleted_at" IS NULL) WHERE (("Enrollment"."id" = $1))) "distinctAlias" ORDER BY "Enrollment_id" ASC LIMIT 1 -- PARAMETERS: [125]

      at Function.logInfo (../src/platform/PlatformTools.ts:262:17)

    console.log
      query: SELECT "Enrollment"."id" AS "Enrollment_id", "Enrollment"."student_id" AS "Enrollment_student_id", "Enrollment"."course_id" AS "Enrollment_course_id", "Enrollment"."enrollment_date" AS "Enrollment_enrollment_date", "Enrollment"."status" AS "Enrollment_status", "Enrollment"."grade" AS "Enrollment_grade", "Enrollment"."grade_points" AS "Enrollment_grade_points", "Enrollment"."attendance_percentage" AS "Enrollment_attendance_percentage", "Enrollment"."created_at" AS "Enrollment_created_at", "Enrollment__Enrollment_student"."id" AS "Enrollment__Enrollment_student_id", "Enrollment__Enrollment_student"."user_id" AS "Enrollment__Enrollment_student_user_id", "Enrollment__Enrollment_student"."student_id" AS "Enrollment__Enrollment_student_student_id", "Enrollment__Enrollment_student"."date_of_birth" AS "Enrollment__Enrollment_student_date_of_birth", "Enrollment__Enrollment_student"."gender" AS "Enrollment__Enrollment_student_gender", "Enrollment__Enrollment_student"."address" AS "Enrollment__Enrollment_student_address", "Enrollment__Enrollment_student"."phone" AS "Enrollment__Enrollment_student_phone", "Enrollment__Enrollment_student"."emergency_contact" AS "Enrollment__Enrollment_student_emergency_contact", "Enrollment__Enrollment_student"."enrollment_date" AS "Enrollment__Enrollment_student_enrollment_date", "Enrollment__Enrollment_student"."department_id" AS "Enrollment__Enrollment_student_department_id", "Enrollment__Enrollment_student"."semester" AS "Enrollment__Enrollment_student_semester", "Enrollment__Enrollment_student"."created_at" AS "Enrollment__Enrollment_student_created_at", "Enrollment__Enrollment_student"."updated_at" AS "Enrollment__Enrollment_student_updated_at", "Enrollment__Enrollment_student"."deleted_at" AS "Enrollment__Enrollment_student_deleted_at", "160811cdd5014956c5a4e2eb478d5051756cc1a6"."id" AS "160811cdd5014956c5a4e2eb478d5051756cc1a6_id", "160811cdd5014956c5a4e2eb478d5051756cc1a6"."email" AS "160811cdd5014956c5a4e2eb478d5051756cc1a6_email", "160811cdd5014956c5a4e2eb478d5051756cc1a6"."username" AS "160811cdd5014956c5a4e2eb478d5051756cc1a6_username", "160811cdd5014956c5a4e2eb478d5051756cc1a6"."password_hash" AS "160811cdd5014956c5a4e2eb478d5051756cc1a6_password_hash", "160811cdd5014956c5a4e2eb478d5051756cc1a6"."role" AS "160811cdd5014956c5a4e2eb478d5051756cc1a6_role", "160811cdd5014956c5a4e2eb478d5051756cc1a6"."first_name" AS "160811cdd5014956c5a4e2eb478d5051756cc1a6_first_name", "160811cdd5014956c5a4e2eb478d5051756cc1a6"."last_name" AS "160811cdd5014956c5a4e2eb478d5051756cc1a6_last_name", "160811cdd5014956c5a4e2eb478d5051756cc1a6"."is_active" AS "160811cdd5014956c5a4e2eb478d5051756cc1a6_is_active", "160811cdd5014956c5a4e2eb478d5051756cc1a6"."refresh_token" AS "160811cdd5014956c5a4e2eb478d5051756cc1a6_refresh_token", "160811cdd5014956c5a4e2eb478d5051756cc1a6"."email_verified" AS "160811cdd5014956c5a4e2eb478d5051756cc1a6_email_verified", "160811cdd5014956c5a4e2eb478d5051756cc1a6"."email_verification_token" AS "5037b763d9d3f8c91c957115b76f9d2ce0a9d299", "160811cdd5014956c5a4e2eb478d5051756cc1a6"."password_reset_token" AS "160811cdd5014956c5a4e2eb478d5051756cc1a6_password_reset_token", "160811cdd5014956c5a4e2eb478d5051756cc1a6"."password_reset_expires" AS "160811cdd5014956c5a4e2eb478d5051756cc1a6_password_reset_expires", "160811cdd5014956c5a4e2eb478d5051756cc1a6"."failed_login_attempts" AS "160811cdd5014956c5a4e2eb478d5051756cc1a6_failed_login_attempts", "160811cdd5014956c5a4e2eb478d5051756cc1a6"."locked_until" AS "160811cdd5014956c5a4e2eb478d5051756cc1a6_locked_until", "160811cdd5014956c5a4e2eb478d5051756cc1a6"."last_failed_login" AS "160811cdd5014956c5a4e2eb478d5051756cc1a6_last_failed_login", "160811cdd5014956c5a4e2eb478d5051756cc1a6"."created_at" AS "160811cdd5014956c5a4e2eb478d5051756cc1a6_created_at", "160811cdd5014956c5a4e2eb478d5051756cc1a6"."updated_at" AS "160811cdd5014956c5a4e2eb478d5051756cc1a6_updated_at", "160811cdd5014956c5a4e2eb478d5051756cc1a6"."deleted_at" AS "160811cdd5014956c5a4e2eb478d5051756cc1a6_deleted_at", "Enrollment__Enrollment_course"."id" AS "Enrollment__Enrollment_course_id", "Enrollment__Enrollment_course"."course_code" AS "Enrollment__Enrollment_course_course_code", "Enrollment__Enrollment_course"."course_name" AS "Enrollment__Enrollment_course_course_name", "Enrollment__Enrollment_course"."description" AS "Enrollment__Enrollment_course_description", "Enrollment__Enrollment_course"."credits" AS "Enrollment__Enrollment_course_credits", "Enrollment__Enrollment_course"."department_id" AS "Enrollment__Enrollment_course_department_id", "Enrollment__Enrollment_course"."semester" AS "Enrollment__Enrollment_course_semester", "Enrollment__Enrollment_course"."max_students" AS "Enrollment__Enrollment_course_max_students", "Enrollment__Enrollment_course"."is_active" AS "Enrollment__Enrollment_course_is_active", "Enrollment__Enrollment_course"."created_by" AS "Enrollment__Enrollment_course_created_by", "Enrollment__Enrollment_course"."created_at" AS "Enrollment__Enrollment_course_created_at", "Enrollment__Enrollment_course"."updated_at" AS "Enrollment__Enrollment_course_updated_at", "Enrollment__Enrollment_course"."deleted_at" AS "Enrollment__Enrollment_course_deleted_at" FROM "enrollments" "Enrollment" LEFT JOIN "students" "Enrollment__Enrollment_student" ON "Enrollment__Enrollment_student"."id"="Enrollment"."student_id" AND ("Enrollment__Enrollment_student"."deleted_at" IS NULL)  LEFT JOIN "users" "160811cdd5014956c5a4e2eb478d5051756cc1a6" ON "160811cdd5014956c5a4e2eb478d5051756cc1a6"."id"="Enrollment__Enrollment_student"."user_id" AND ("160811cdd5014956c5a4e2eb478d5051756cc1a6"."deleted_at" IS NULL)  LEFT JOIN "courses" "Enrollment__Enrollment_course" ON "Enrollment__Enrollment_course"."id"="Enrollment"."course_id" AND ("Enrollment__Enrollment_course"."deleted_at" IS NULL) WHERE ( (("Enrollment"."id" = $1)) ) AND ( "Enrollment"."id" IN (125) ) -- PARAMETERS: [125]

      at Function.logInfo (../src/platform/PlatformTools.ts:262:17)

    console.log
      query: SELECT DISTINCT "distinctAlias"."Enrollment_id" AS "ids_Enrollment_id" FROM (SELECT "Enrollment"."id" AS "Enrollment_id", "Enrollment"."student_id" AS "Enrollment_student_id", "Enrollment"."course_id" AS "Enrollment_course_id", "Enrollment"."enrollment_date" AS "Enrollment_enrollment_date", "Enrollment"."status" AS "Enrollment_status", "Enrollment"."grade" AS "Enrollment_grade", "Enrollment"."grade_points" AS "Enrollment_grade_points", "Enrollment"."attendance_percentage" AS "Enrollment_attendance_percentage", "Enrollment"."created_at" AS "Enrollment_created_at", "Enrollment__Enrollment_student"."id" AS "Enrollment__Enrollment_student_id", "Enrollment__Enrollment_student"."user_id" AS "Enrollment__Enrollment_student_user_id", "Enrollment__Enrollment_student"."student_id" AS "Enrollment__Enrollment_student_student_id", "Enrollment__Enrollment_student"."date_of_birth" AS "Enrollment__Enrollment_student_date_of_birth", "Enrollment__Enrollment_student"."gender" AS "Enrollment__Enrollment_student_gender", "Enrollment__Enrollment_student"."address" AS "Enrollment__Enrollment_student_address", "Enrollment__Enrollment_student"."phone" AS "Enrollment__Enrollment_student_phone", "Enrollment__Enrollment_student"."emergency_contact" AS "Enrollment__Enrollment_student_emergency_contact", "Enrollment__Enrollment_student"."enrollment_date" AS "Enrollment__Enrollment_student_enrollment_date", "Enrollment__Enrollment_student"."department_id" AS "Enrollment__Enrollment_student_department_id", "Enrollment__Enrollment_student"."semester" AS "Enrollment__Enrollment_student_semester", "Enrollment__Enrollment_student"."created_at" AS "Enrollment__Enrollment_student_created_at", "Enrollment__Enrollment_student"."updated_at" AS "Enrollment__Enrollment_student_updated_at", "Enrollment__Enrollment_student"."deleted_at" AS "Enrollment__Enrollment_student_deleted_at", "160811cdd5014956c5a4e2eb478d5051756cc1a6"."id" AS "160811cdd5014956c5a4e2eb478d5051756cc1a6_id", "160811cdd5014956c5a4e2eb478d5051756cc1a6"."email" AS "160811cdd5014956c5a4e2eb478d5051756cc1a6_email", "160811cdd5014956c5a4e2eb478d5051756cc1a6"."username" AS "160811cdd5014956c5a4e2eb478d5051756cc1a6_username", "160811cdd5014956c5a4e2eb478d5051756cc1a6"."password_hash" AS "160811cdd5014956c5a4e2eb478d5051756cc1a6_password_hash", "160811cdd5014956c5a4e2eb478d5051756cc1a6"."role" AS "160811cdd5014956c5a4e2eb478d5051756cc1a6_role", "160811cdd5014956c5a4e2eb478d5051756cc1a6"."first_name" AS "160811cdd5014956c5a4e2eb478d5051756cc1a6_first_name", "160811cdd5014956c5a4e2eb478d5051756cc1a6"."last_name" AS "160811cdd5014956c5a4e2eb478d5051756cc1a6_last_name", "160811cdd5014956c5a4e2eb478d5051756cc1a6"."is_active" AS "160811cdd5014956c5a4e2eb478d5051756cc1a6_is_active", "160811cdd5014956c5a4e2eb478d5051756cc1a6"."refresh_token" AS "160811cdd5014956c5a4e2eb478d5051756cc1a6_refresh_token", "160811cdd5014956c5a4e2eb478d5051756cc1a6"."email_verified" AS "160811cdd5014956c5a4e2eb478d5051756cc1a6_email_verified", "160811cdd5014956c5a4e2eb478d5051756cc1a6"."email_verification_token" AS "5037b763d9d3f8c91c957115b76f9d2ce0a9d299", "160811cdd5014956c5a4e2eb478d5051756cc1a6"."password_reset_token" AS "160811cdd5014956c5a4e2eb478d5051756cc1a6_password_reset_token", "160811cdd5014956c5a4e2eb478d5051756cc1a6"."password_reset_expires" AS "160811cdd5014956c5a4e2eb478d5051756cc1a6_password_reset_expires", "160811cdd5014956c5a4e2eb478d5051756cc1a6"."failed_login_attempts" AS "160811cdd5014956c5a4e2eb478d5051756cc1a6_failed_login_attempts", "160811cdd5014956c5a4e2eb478d5051756cc1a6"."locked_until" AS "160811cdd5014956c5a4e2eb478d5051756cc1a6_locked_until", "160811cdd5014956c5a4e2eb478d5051756cc1a6"."last_failed_login" AS "160811cdd5014956c5a4e2eb478d5051756cc1a6_last_failed_login", "160811cdd5014956c5a4e2eb478d5051756cc1a6"."created_at" AS "160811cdd5014956c5a4e2eb478d5051756cc1a6_created_at", "160811cdd5014956c5a4e2eb478d5051756cc1a6"."updated_at" AS "160811cdd5014956c5a4e2eb478d5051756cc1a6_updated_at", "160811cdd5014956c5a4e2eb478d5051756cc1a6"."deleted_at" AS "160811cdd5014956c5a4e2eb478d5051756cc1a6_deleted_at", "Enrollment__Enrollment_course"."id" AS "Enrollment__Enrollment_course_id", "Enrollment__Enrollment_course"."course_code" AS "Enrollment__Enrollment_course_course_code", "Enrollment__Enrollment_course"."course_name" AS "Enrollment__Enrollment_course_course_name", "Enrollment__Enrollment_course"."description" AS "Enrollment__Enrollment_course_description", "Enrollment__Enrollment_course"."credits" AS "Enrollment__Enrollment_course_credits", "Enrollment__Enrollment_course"."department_id" AS "Enrollment__Enrollment_course_department_id", "Enrollment__Enrollment_course"."semester" AS "Enrollment__Enrollment_course_semester", "Enrollment__Enrollment_course"."max_students" AS "Enrollment__Enrollment_course_max_students", "Enrollment__Enrollment_course"."is_active" AS "Enrollment__Enrollment_course_is_active", "Enrollment__Enrollment_course"."created_by" AS "Enrollment__Enrollment_course_created_by", "Enrollment__Enrollment_course"."created_at" AS "Enrollment__Enrollment_course_created_at", "Enrollment__Enrollment_course"."updated_at" AS "Enrollment__Enrollment_course_updated_at", "Enrollment__Enrollment_course"."deleted_at" AS "Enrollment__Enrollment_course_deleted_at" FROM "enrollments" "Enrollment" LEFT JOIN "students" "Enrollment__Enrollment_student" ON "Enrollment__Enrollment_student"."id"="Enrollment"."student_id" AND ("Enrollment__Enrollment_student"."deleted_at" IS NULL)  LEFT JOIN "users" "160811cdd5014956c5a4e2eb478d5051756cc1a6" ON "160811cdd5014956c5a4e2eb478d5051756cc1a6"."id"="Enrollment__Enrollment_student"."user_id" AND ("160811cdd5014956c5a4e2eb478d5051756cc1a6"."deleted_at" IS NULL)  LEFT JOIN "courses" "Enrollment__Enrollment_course" ON "Enrollment__Enrollment_course"."id"="Enrollment"."course_id" AND ("Enrollment__Enrollment_course"."deleted_at" IS NULL) WHERE (("Enrollment"."id" = $1))) "distinctAlias" ORDER BY "Enrollment_id" ASC LIMIT 1 -- PARAMETERS: [99999]

      at Function.logInfo (../src/platform/PlatformTools.ts:262:17)

    console.log
      query: SELECT "Enrollment"."id" AS "Enrollment_id", "Enrollment"."student_id" AS "Enrollment_student_id", "Enrollment"."course_id" AS "Enrollment_course_id", "Enrollment"."enrollment_date" AS "Enrollment_enrollment_date", "Enrollment"."status" AS "Enrollment_status", "Enrollment"."grade" AS "Enrollment_grade", "Enrollment"."grade_points" AS "Enrollment_grade_points", "Enrollment"."attendance_percentage" AS "Enrollment_attendance_percentage", "Enrollment"."created_at" AS "Enrollment_created_at" FROM "enrollments" "Enrollment" WHERE (("Enrollment"."id" = $1)) LIMIT 1 -- PARAMETERS: [125]

      at Function.logInfo (../src/platform/PlatformTools.ts:262:17)

    console.log
      query: SELECT "Enrollment"."id" AS "Enrollment_id", "Enrollment"."student_id" AS "Enrollment_student_id", "Enrollment"."course_id" AS "Enrollment_course_id", "Enrollment"."enrollment_date" AS "Enrollment_enrollment_date", "Enrollment"."status" AS "Enrollment_status", "Enrollment"."grade" AS "Enrollment_grade", "Enrollment"."grade_points" AS "Enrollment_grade_points", "Enrollment"."attendance_percentage" AS "Enrollment_attendance_percentage", "Enrollment"."created_at" AS "Enrollment_created_at" FROM "enrollments" "Enrollment" WHERE "Enrollment"."id" IN ($1) -- PARAMETERS: [125]

      at Function.logInfo (../src/platform/PlatformTools.ts:262:17)
          at async Promise.all (index 0)
          at async Promise.all (index 0)

    console.log
      query: START TRANSACTION

      at Function.logInfo (../src/platform/PlatformTools.ts:262:17)

    console.log
      query: UPDATE "enrollments" SET "status" = $1 WHERE "id" IN ($2) -- PARAMETERS: ["completed",125]

      at Function.logInfo (../src/platform/PlatformTools.ts:262:17)
          at async Promise.all (index 0)

    console.log
      query: COMMIT

      at Function.logInfo (../src/platform/PlatformTools.ts:262:17)

    console.log
      query: SELECT "Enrollment"."id" AS "Enrollment_id", "Enrollment"."student_id" AS "Enrollment_student_id", "Enrollment"."course_id" AS "Enrollment_course_id", "Enrollment"."enrollment_date" AS "Enrollment_enrollment_date", "Enrollment"."status" AS "Enrollment_status", "Enrollment"."grade" AS "Enrollment_grade", "Enrollment"."grade_points" AS "Enrollment_grade_points", "Enrollment"."attendance_percentage" AS "Enrollment_attendance_percentage", "Enrollment"."created_at" AS "Enrollment_created_at" FROM "enrollments" "Enrollment" WHERE (("Enrollment"."id" = $1)) LIMIT 1 -- PARAMETERS: [125]

      at Function.logInfo (../src/platform/PlatformTools.ts:262:17)

    console.log
      query: SELECT "Enrollment"."id" AS "Enrollment_id", "Enrollment"."student_id" AS "Enrollment_student_id", "Enrollment"."course_id" AS "Enrollment_course_id", "Enrollment"."enrollment_date" AS "Enrollment_enrollment_date", "Enrollment"."status" AS "Enrollment_status", "Enrollment"."grade" AS "Enrollment_grade", "Enrollment"."grade_points" AS "Enrollment_grade_points", "Enrollment"."attendance_percentage" AS "Enrollment_attendance_percentage", "Enrollment"."created_at" AS "Enrollment_created_at" FROM "enrollments" "Enrollment" WHERE "Enrollment"."id" IN ($1) -- PARAMETERS: [125]

      at Function.logInfo (../src/platform/PlatformTools.ts:262:17)
          at async Promise.all (index 0)
          at async Promise.all (index 0)

    console.log
      query: START TRANSACTION

      at Function.logInfo (../src/platform/PlatformTools.ts:262:17)

    console.log
      query: DELETE FROM "enrollments" WHERE "id" = $1 -- PARAMETERS: [125]

      at Function.logInfo (../src/platform/PlatformTools.ts:262:17)

    console.log
      query: COMMIT

      at Function.logInfo (../src/platform/PlatformTools.ts:262:17)

    console.log
      query: DELETE FROM enrollments WHERE course_id IN (SELECT id FROM courses WHERE course_code LIKE $1) -- PARAMETERS: ["E2EENRL%"]

      at Function.logInfo (../src/platform/PlatformTools.ts:262:17)

    console.log
      query: DELETE FROM students WHERE student_id LIKE $1 -- PARAMETERS: ["STU-E2E-ENROLL%"]

      at Function.logInfo (../src/platform/PlatformTools.ts:262:17)

    console.log
      query: DELETE FROM courses WHERE course_code LIKE $1 -- PARAMETERS: ["E2EENRL%"]

      at Function.logInfo (../src/platform/PlatformTools.ts:262:17)

    console.log
      query: DELETE FROM users WHERE email LIKE $1 -- PARAMETERS: ["e2e_enroll_%@test.com"]

      at Function.logInfo (../src/platform/PlatformTools.ts:262:17)

PASS test/scheduling.e2e-spec.ts (8.919 s)
  ΓùÅ Console

    console.log
      query: SELECT version()

      at Function.logInfo (../src/platform/PlatformTools.ts:262:17)

    console.log
      query: SELECT * FROM current_schema()

      at Function.logInfo (../src/platform/PlatformTools.ts:262:17)

    console.log
      query: START TRANSACTION

      at Function.logInfo (../src/platform/PlatformTools.ts:262:17)

    console.log
      query: SELECT * FROM current_schema()

      at Function.logInfo (../src/platform/PlatformTools.ts:262:17)

    console.log
      query: SELECT * FROM current_database()

      at Function.logInfo (../src/platform/PlatformTools.ts:262:17)

    console.log
      query: SELECT "table_schema", "table_name", obj_description(('"' || "table_schema" || '"."' || "table_name" || '"')::regclass, 'pg_class') AS table_comment FROM "information_schema"."tables" WHERE ("table_schema" = 'public' AND "table_name" = 'grades') OR ("table_schema" = 'public' AND "table_name" = 'attendance') OR ("table_schema" = 'public' AND "table_name" = 'faculties') OR ("table_schema" = 'public' AND "table_name" = 'departments') OR ("table_schema" = 'public' AND "table_name" = 'courses') OR ("table_schema" = 'public' AND "table_name" = 'enrollments') OR ("table_schema" = 'public' AND "table_name" = 'students') OR ("table_schema" = 'public' AND "table_name" = 'users') OR ("table_schema" = 'public' AND "table_name" = 'academic_terms') OR ("table_schema" = 'public' AND "table_name" = 'classrooms') OR ("table_schema" = 'public' AND "table_name" = 'schedules') OR ("table_schema" = 'public' AND "table_name" = 'audit_logs') OR ("table_schema" = 'public' AND "table_name" = 'teacher_profiles') OR ("table_schema" = 'public' AND "table_name" = 'grades') OR ("table_schema" = 'public' AND "table_name" = 'attendance') OR ("table_schema" = 'public' AND "table_name" = 'faculties') OR ("table_schema" = 'public' AND "table_name" = 'departments') OR ("table_schema" = 'public' AND "table_name" = 'courses') OR ("table_schema" = 'public' AND "table_name" = 'enrollments') OR ("table_schema" = 'public' AND "table_name" = 'students') OR ("table_schema" = 'public' AND "table_name" = 'users') OR ("table_schema" = 'public' AND "table_name" = 'teacher_profiles') OR ("table_schema" = 'public' AND "table_name" = 'classrooms') OR ("table_schema" = 'public' AND "table_name" = 'schedules') OR ("table_schema" = 'public' AND "table_name" = 'audit_logs') OR ("table_schema" = 'public' AND "table_name" = 'academic_terms') OR ("table_schema" = 'public' AND "table_name" = 'course_teachers') OR ("table_schema" = 'public' AND "table_name" = 'course_prerequisites') OR ("table_schema" = 'public' AND "table_name" = 'course_teachers') OR ("table_schema" = 'public' AND "table_name" = 'course_prerequisites')

      at Function.logInfo (../src/platform/PlatformTools.ts:262:17)

    console.log
      query: SELECT TRUE FROM information_schema.columns WHERE table_name = 'pg_class' and column_name = 'relispartition'

      at Function.logInfo (../src/platform/PlatformTools.ts:262:17)

    console.log
      query: SELECT columns.*, pg_catalog.col_description(('"' || table_catalog || '"."' || table_schema || '"."' || table_name || '"')::regclass::oid, ordinal_position) AS description, ('"' || "udt_schema" || '"."' || "udt_name" || '"')::"regtype"::text AS "regtype", pg_catalog.format_type("col_attr"."atttypid", "col_attr"."atttypmod") AS "format_type" FROM "information_schema"."columns" LEFT JOIN "pg_catalog"."pg_attribute" AS "col_attr" ON "col_attr"."attname" = "columns"."column_name" AND "col_attr"."attrelid" = ( SELECT "cls"."oid" FROM "pg_catalog"."pg_class" AS "cls" LEFT JOIN "pg_catalog"."pg_namespace" AS "ns" ON "ns"."oid" = "cls"."relnamespace" WHERE "cls"."relname" = "columns"."table_name" AND "ns"."nspname" = "columns"."table_schema" ) WHERE ("table_schema" = 'public' AND "table_name" = 'course_teachers') OR ("table_schema" = 'public' AND "table_name" = 'classrooms') OR ("table_schema" = 'public' AND "table_name" = 'schedules') OR ("table_schema" = 'public' AND "table_name" = 'audit_logs') OR ("table_schema" = 'public' AND "table_name" = 'course_prerequisites') OR ("table_schema" = 'public' AND "table_name" = 'courses') OR ("table_schema" = 'public' AND "table_name" = 'grades') OR ("table_schema" = 'public' AND "table_name" = 'enrollments') OR ("table_schema" = 'public' AND "table_name" = 'faculties') OR ("table_schema" = 'public' AND "table_name" = 'departments') OR ("table_schema" = 'public' AND "table_name" = 'students') OR ("table_schema" = 'public' AND "table_name" = 'users') OR ("table_schema" = 'public' AND "table_name" = 'academic_terms') OR ("table_schema" = 'public' AND "table_name" = 'teacher_profiles') OR ("table_schema" = 'public' AND "table_name" = 'attendance')

      at Function.logInfo (../src/platform/PlatformTools.ts:262:17)
          at async Promise.all (index 0)

    console.log
      query: SELECT "ns"."nspname" AS "table_schema", "t"."relname" AS "table_name", "cnst"."conname" AS "constraint_name", pg_get_constraintdef("cnst"."oid") AS "expression", CASE "cnst"."contype" WHEN 'p' THEN 'PRIMARY' WHEN 'u' THEN 'UNIQUE' WHEN 'c' THEN 'CHECK' WHEN 'x' THEN 'EXCLUDE' END AS "constraint_type", "a"."attname" AS "column_name" FROM "pg_constraint" "cnst" INNER JOIN "pg_class" "t" ON "t"."oid" = "cnst"."conrelid" INNER JOIN "pg_namespace" "ns" ON "ns"."oid" = "cnst"."connamespace" LEFT JOIN "pg_attribute" "a" ON "a"."attrelid" = "cnst"."conrelid" AND "a"."attnum" = ANY ("cnst"."conkey") WHERE "t"."relkind" IN ('r', 'p') AND (("ns"."nspname" = 'public' AND "t"."relname" = 'course_teachers') OR ("ns"."nspname" = 'public' AND "t"."relname" = 'classrooms') OR ("ns"."nspname" = 'public' AND "t"."relname" = 'schedules') OR ("ns"."nspname" = 'public' AND "t"."relname" = 'audit_logs') OR ("ns"."nspname" = 'public' AND "t"."relname" = 'course_prerequisites') OR ("ns"."nspname" = 'public' AND "t"."relname" = 'courses') OR ("ns"."nspname" = 'public' AND "t"."relname" = 'grades') OR ("ns"."nspname" = 'public' AND "t"."relname" = 'enrollments') OR ("ns"."nspname" = 'public' AND "t"."relname" = 'faculties') OR ("ns"."nspname" = 'public' AND "t"."relname" = 'departments') OR ("ns"."nspname" = 'public' AND "t"."relname" = 'students') OR ("ns"."nspname" = 'public' AND "t"."relname" = 'users') OR ("ns"."nspname" = 'public' AND "t"."relname" = 'academic_terms') OR ("ns"."nspname" = 'public' AND "t"."relname" = 'teacher_profiles') OR ("ns"."nspname" = 'public' AND "t"."relname" = 'attendance'))

      at Function.logInfo (../src/platform/PlatformTools.ts:262:17)
          at async Promise.all (index 1)

    console.log
      query: SELECT "ns"."nspname" AS "table_schema", "t"."relname" AS "table_name", "i"."relname" AS "constraint_name", "a"."attname" AS "column_name", CASE "ix"."indisunique" WHEN 't' THEN 'TRUE' ELSE'FALSE' END AS "is_unique", pg_get_expr("ix"."indpred", "ix"."indrelid") AS "condition", "types"."typname" AS "type_name", "am"."amname" AS "index_type" FROM "pg_class" "t" INNER JOIN "pg_index" "ix" ON "ix"."indrelid" = "t"."oid" INNER JOIN "pg_attribute" "a" ON "a"."attrelid" = "t"."oid"  AND "a"."attnum" = ANY ("ix"."indkey") INNER JOIN "pg_namespace" "ns" ON "ns"."oid" = "t"."relnamespace" INNER JOIN "pg_class" "i" ON "i"."oid" = "ix"."indexrelid" INNER JOIN "pg_type" "types" ON "types"."oid" = "a"."atttypid" INNER JOIN "pg_am" "am" ON "i"."relam" = "am"."oid" LEFT JOIN "pg_constraint" "cnst" ON "cnst"."conname" = "i"."relname" WHERE "t"."relkind" IN ('r', 'p') AND "cnst"."contype" IS NULL AND (("ns"."nspname" = 'public' AND "t"."relname" = 'course_teachers') OR ("ns"."nspname" = 'public' AND "t"."relname" = 'classrooms') OR ("ns"."nspname" = 'public' AND "t"."relname" = 'schedules') OR ("ns"."nspname" = 'public' AND "t"."relname" = 'audit_logs') OR ("ns"."nspname" = 'public' AND "t"."relname" = 'course_prerequisites') OR ("ns"."nspname" = 'public' AND "t"."relname" = 'courses') OR ("ns"."nspname" = 'public' AND "t"."relname" = 'grades') OR ("ns"."nspname" = 'public' AND "t"."relname" = 'enrollments') OR ("ns"."nspname" = 'public' AND "t"."relname" = 'faculties') OR ("ns"."nspname" = 'public' AND "t"."relname" = 'departments') OR ("ns"."nspname" = 'public' AND "t"."relname" = 'students') OR ("ns"."nspname" = 'public' AND "t"."relname" = 'users') OR ("ns"."nspname" = 'public' AND "t"."relname" = 'academic_terms') OR ("ns"."nspname" = 'public' AND "t"."relname" = 'teacher_profiles') OR ("ns"."nspname" = 'public' AND "t"."relname" = 'attendance'))

      at Function.logInfo (../src/platform/PlatformTools.ts:262:17)
          at async Promise.all (index 2)

    console.log
      query: SELECT "con"."conname" AS "constraint_name", "con"."nspname" AS "table_schema", "con"."relname" AS "table_name", "att2"."attname" AS "column_name", "ns"."nspname" AS "referenced_table_schema", "cl"."relname" AS "referenced_table_name", "att"."attname" AS "referenced_column_name", "con"."confdeltype" AS "on_delete", "con"."confupdtype" AS "on_update", "con"."condeferrable" AS "deferrable", "con"."condeferred" AS "deferred" FROM ( SELECT UNNEST ("con1"."conkey") AS "parent", UNNEST ("con1"."confkey") AS "child", "con1"."confrelid", "con1"."conrelid", "con1"."conname", "con1"."contype", "ns"."nspname", "cl"."relname", "con1"."condeferrable", CASE WHEN "con1"."condeferred" THEN 'INITIALLY DEFERRED' ELSE 'INITIALLY IMMEDIATE' END as condeferred, CASE "con1"."confdeltype" WHEN 'a' THEN 'NO ACTION' WHEN 'r' THEN 'RESTRICT' WHEN 'c' THEN 'CASCADE' WHEN 'n' THEN 'SET NULL' WHEN 'd' THEN 'SET DEFAULT' END as "confdeltype", CASE "con1"."confupdtype" WHEN 'a' THEN 'NO ACTION' WHEN 'r' THEN 'RESTRICT' WHEN 'c' THEN 'CASCADE' WHEN 'n' THEN 'SET NULL' WHEN 'd' THEN 'SET DEFAULT' END as "confupdtype" FROM "pg_class" "cl" INNER JOIN "pg_namespace" "ns" ON "cl"."relnamespace" = "ns"."oid" INNER JOIN "pg_constraint" "con1" ON "con1"."conrelid" = "cl"."oid" WHERE "con1"."contype" = 'f' AND (("ns"."nspname" = 'public' AND "cl"."relname" = 'course_teachers') OR ("ns"."nspname" = 'public' AND "cl"."relname" = 'classrooms') OR ("ns"."nspname" = 'public' AND "cl"."relname" = 'schedules') OR ("ns"."nspname" = 'public' AND "cl"."relname" = 'audit_logs') OR ("ns"."nspname" = 'public' AND "cl"."relname" = 'course_prerequisites') OR ("ns"."nspname" = 'public' AND "cl"."relname" = 'courses') OR ("ns"."nspname" = 'public' AND "cl"."relname" = 'grades') OR ("ns"."nspname" = 'public' AND "cl"."relname" = 'enrollments') OR ("ns"."nspname" = 'public' AND "cl"."relname" = 'faculties') OR ("ns"."nspname" = 'public' AND "cl"."relname" = 'departments') OR ("ns"."nspname" = 'public' AND "cl"."relname" = 'students') OR ("ns"."nspname" = 'public' AND "cl"."relname" = 'users') OR ("ns"."nspname" = 'public' AND "cl"."relname" = 'academic_terms') OR ("ns"."nspname" = 'public' AND "cl"."relname" = 'teacher_profiles') OR ("ns"."nspname" = 'public' AND "cl"."relname" = 'attendance')) ) "con" INNER JOIN "pg_attribute" "att" ON "att"."attrelid" = "con"."confrelid" AND "att"."attnum" = "con"."child" INNER JOIN "pg_class" "cl" ON "cl"."oid" = "con"."confrelid"  AND "cl"."relispartition" = 'f'INNER JOIN "pg_namespace" "ns" ON "cl"."relnamespace" = "ns"."oid" INNER JOIN "pg_attribute" "att2" ON "att2"."attrelid" = "con"."conrelid" AND "att2"."attnum" = "con"."parent"

      at Function.logInfo (../src/platform/PlatformTools.ts:262:17)
          at async Promise.all (index 3)

    console.log
      query: SELECT "udt_schema", "udt_name" FROM "information_schema"."columns" WHERE "table_schema" = 'public' AND "table_name" = 'classrooms' AND "column_name"='type'

      at Function.logInfo (../src/platform/PlatformTools.ts:262:17)
          at async Promise.all (index 4)
          at async Promise.all (index 1)

    console.log
      query: SELECT "udt_schema", "udt_name" FROM "information_schema"."columns" WHERE "table_schema" = 'public' AND "table_name" = 'enrollments' AND "column_name"='status'

      at Function.logInfo (../src/platform/PlatformTools.ts:262:17)
          at async Promise.all (index 4)
          at async Promise.all (index 7)

    console.log
      query: SELECT "udt_schema", "udt_name" FROM "information_schema"."columns" WHERE "table_schema" = 'public' AND "table_name" = 'students' AND "column_name"='gender'

      at Function.logInfo (../src/platform/PlatformTools.ts:262:17)
          at async Promise.all (index 4)
          at async Promise.all (index 10)

    console.log
      query: SELECT "udt_schema", "udt_name" FROM "information_schema"."columns" WHERE "table_schema" = 'public' AND "table_name" = 'users' AND "column_name"='role'

      at Function.logInfo (../src/platform/PlatformTools.ts:262:17)
          at async Promise.all (index 4)
          at async Promise.all (index 11)

    console.log
      query: SELECT "udt_schema", "udt_name" FROM "information_schema"."columns" WHERE "table_schema" = 'public' AND "table_name" = 'teacher_profiles' AND "column_name"='rank'

      at Function.logInfo (../src/platform/PlatformTools.ts:262:17)
          at async Promise.all (index 2)
          at async Promise.all (index 13)

    console.log
      query: SELECT "udt_schema", "udt_name" FROM "information_schema"."columns" WHERE "table_schema" = 'public' AND "table_name" = 'attendance' AND "column_name"='status'

      at Function.logInfo (../src/platform/PlatformTools.ts:262:17)
          at async Promise.all (index 4)
          at async Promise.all (index 14)

    console.log
      query: SELECT "e"."enumlabel" AS "value" FROM "pg_enum" "e" INNER JOIN "pg_type" "t" ON "t"."oid" = "e"."enumtypid" INNER JOIN "pg_namespace" "n" ON "n"."oid" = "t"."typnamespace" WHERE "n"."nspname" = 'public' AND "t"."typname" = 'classrooms_type_enum'

      at Function.logInfo (../src/platform/PlatformTools.ts:262:17)
          at async Promise.all (index 4)
          at async Promise.all (index 1)

    console.log
      query: SELECT "e"."enumlabel" AS "value" FROM "pg_enum" "e" INNER JOIN "pg_type" "t" ON "t"."oid" = "e"."enumtypid" INNER JOIN "pg_namespace" "n" ON "n"."oid" = "t"."typnamespace" WHERE "n"."nspname" = 'public' AND "t"."typname" = 'enrollments_status_enum'

      at Function.logInfo (../src/platform/PlatformTools.ts:262:17)
          at async Promise.all (index 4)
          at async Promise.all (index 7)

    console.log
      query: SELECT "e"."enumlabel" AS "value" FROM "pg_enum" "e" INNER JOIN "pg_type" "t" ON "t"."oid" = "e"."enumtypid" INNER JOIN "pg_namespace" "n" ON "n"."oid" = "t"."typnamespace" WHERE "n"."nspname" = 'public' AND "t"."typname" = 'students_gender_enum'

      at Function.logInfo (../src/platform/PlatformTools.ts:262:17)
          at async Promise.all (index 4)
          at async Promise.all (index 10)

    console.log
      query: SELECT "e"."enumlabel" AS "value" FROM "pg_enum" "e" INNER JOIN "pg_type" "t" ON "t"."oid" = "e"."enumtypid" INNER JOIN "pg_namespace" "n" ON "n"."oid" = "t"."typnamespace" WHERE "n"."nspname" = 'public' AND "t"."typname" = 'users_role_enum'

      at Function.logInfo (../src/platform/PlatformTools.ts:262:17)
          at async Promise.all (index 4)
          at async Promise.all (index 11)

    console.log
      query: SELECT "e"."enumlabel" AS "value" FROM "pg_enum" "e" INNER JOIN "pg_type" "t" ON "t"."oid" = "e"."enumtypid" INNER JOIN "pg_namespace" "n" ON "n"."oid" = "t"."typnamespace" WHERE "n"."nspname" = 'public' AND "t"."typname" = 'teacher_profiles_rank_enum'

      at Function.logInfo (../src/platform/PlatformTools.ts:262:17)
          at async Promise.all (index 2)
          at async Promise.all (index 13)

    console.log
      query: SELECT "e"."enumlabel" AS "value" FROM "pg_enum" "e" INNER JOIN "pg_type" "t" ON "t"."oid" = "e"."enumtypid" INNER JOIN "pg_namespace" "n" ON "n"."oid" = "t"."typnamespace" WHERE "n"."nspname" = 'public' AND "t"."typname" = 'attendance_status_enum'

      at Function.logInfo (../src/platform/PlatformTools.ts:262:17)
          at async Promise.all (index 4)
          at async Promise.all (index 14)

    console.log
      query: SELECT * FROM "information_schema"."tables" WHERE "table_schema" = 'public' AND "table_name" = 'typeorm_metadata'

      at Function.logInfo (../src/platform/PlatformTools.ts:262:17)

    console.log
      query: ALTER TABLE "grades" ALTER COLUMN "weightage" SET DEFAULT '100.00'

      at Function.logInfo (../src/platform/PlatformTools.ts:262:17)

    console.log
      query: ALTER TABLE "enrollments" ALTER COLUMN "attendance_percentage" SET DEFAULT '100.00'

      at Function.logInfo (../src/platform/PlatformTools.ts:262:17)

    console.log
      query: ALTER TABLE "grades" ALTER COLUMN "weightage" SET DEFAULT '100.00'

      at Function.logInfo (../src/platform/PlatformTools.ts:262:17)

    console.log
      query: ALTER TABLE "enrollments" ALTER COLUMN "attendance_percentage" SET DEFAULT '100.00'

      at Function.logInfo (../src/platform/PlatformTools.ts:262:17)

    console.log
      query: COMMIT

      at Function.logInfo (../src/platform/PlatformTools.ts:262:17)

    console.log
      query: START TRANSACTION

      at Function.logInfo (../src/platform/PlatformTools.ts:262:17)

    console.log
      query: INSERT INTO "users"("email", "username", "password_hash", "role", "first_name", "last_name", "is_active", "refresh_token", "email_verified", "email_verification_token", "password_reset_token", "password_reset_expires", "failed_login_attempts", "locked_until", "last_failed_login", "created_at", "updated_at", "deleted_at") VALUES ($1, $2, $3, $4, $5, $6, $7, DEFAULT, $8, DEFAULT, DEFAULT, DEFAULT, DEFAULT, DEFAULT, DEFAULT, DEFAULT, DEFAULT, DEFAULT) RETURNING "id", "role", "is_active", "email_verified", "failed_login_attempts", "created_at", "updated_at", "deleted_at" -- PARAMETERS: ["sched_e2e_admin_1769682211009@test.com","sched_e2e_admin_1769682211009","$2b$10$7BbmOtsmunz3XFwoC/lng.fGFAnXOqQYTdlWWelqusmAK4wjpO7li","admin","Testadmin","User",true,true]

      at Function.logInfo (../src/platform/PlatformTools.ts:262:17)

    console.log
      query: COMMIT

      at Function.logInfo (../src/platform/PlatformTools.ts:262:17)

    console.log
      query: SELECT "User"."id" AS "User_id", "User"."email" AS "User_email", "User"."username" AS "User_username", "User"."password_hash" AS "User_password_hash", "User"."role" AS "User_role", "User"."first_name" AS "User_first_name", "User"."last_name" AS "User_last_name", "User"."is_active" AS "User_is_active", "User"."refresh_token" AS "User_refresh_token", "User"."email_verified" AS "User_email_verified", "User"."email_verification_token" AS "User_email_verification_token", "User"."password_reset_token" AS "User_password_reset_token", "User"."password_reset_expires" AS "User_password_reset_expires", "User"."failed_login_attempts" AS "User_failed_login_attempts", "User"."locked_until" AS "User_locked_until", "User"."last_failed_login" AS "User_last_failed_login", "User"."created_at" AS "User_created_at", "User"."updated_at" AS "User_updated_at", "User"."deleted_at" AS "User_deleted_at" FROM "users" "User" WHERE ( (("User"."email" = $1)) ) AND ( "User"."deleted_at" IS NULL ) LIMIT 1 -- PARAMETERS: ["sched_e2e_admin_1769682211009@test.com"]

      at Function.logInfo (../src/platform/PlatformTools.ts:262:17)

    console.log
      query: UPDATE "users" SET "refresh_token" = $1, "updated_at" = CURRENT_TIMESTAMP WHERE "id" IN ($2) -- PARAMETERS: ["$2b$10$QEDrIekF7md58VV3WGa9ieQ3nIr2HVdxBN2qHPiZnTWFw0Z68uuLy",1997]

      at Function.logInfo (../src/platform/PlatformTools.ts:262:17)

    console.log
      query: START TRANSACTION

      at Function.logInfo (../src/platform/PlatformTools.ts:262:17)

    console.log
      query: INSERT INTO "users"("email", "username", "password_hash", "role", "first_name", "last_name", "is_active", "refresh_token", "email_verified", "email_verification_token", "password_reset_token", "password_reset_expires", "failed_login_attempts", "locked_until", "last_failed_login", "created_at", "updated_at", "deleted_at") VALUES ($1, $2, $3, $4, $5, $6, $7, DEFAULT, $8, DEFAULT, DEFAULT, DEFAULT, DEFAULT, DEFAULT, DEFAULT, DEFAULT, DEFAULT, DEFAULT) RETURNING "id", "role", "is_active", "email_verified", "failed_login_attempts", "created_at", "updated_at", "deleted_at" -- PARAMETERS: ["sched_e2e_teacher_1769682211751@test.com","sched_e2e_teacher_1769682211751","$2b$10$2kxECw5sbzg7oZ6HKYFExueMTT0uWGKz6E6GUeCVFUBKLGohZXxlC","teacher","Testteacher","User",true,true]

      at Function.logInfo (../src/platform/PlatformTools.ts:262:17)

    console.log
      query: COMMIT

      at Function.logInfo (../src/platform/PlatformTools.ts:262:17)

    console.log
      query: SELECT "User"."id" AS "User_id", "User"."email" AS "User_email", "User"."username" AS "User_username", "User"."password_hash" AS "User_password_hash", "User"."role" AS "User_role", "User"."first_name" AS "User_first_name", "User"."last_name" AS "User_last_name", "User"."is_active" AS "User_is_active", "User"."refresh_token" AS "User_refresh_token", "User"."email_verified" AS "User_email_verified", "User"."email_verification_token" AS "User_email_verification_token", "User"."password_reset_token" AS "User_password_reset_token", "User"."password_reset_expires" AS "User_password_reset_expires", "User"."failed_login_attempts" AS "User_failed_login_attempts", "User"."locked_until" AS "User_locked_until", "User"."last_failed_login" AS "User_last_failed_login", "User"."created_at" AS "User_created_at", "User"."updated_at" AS "User_updated_at", "User"."deleted_at" AS "User_deleted_at" FROM "users" "User" WHERE ( (("User"."email" = $1)) ) AND ( "User"."deleted_at" IS NULL ) LIMIT 1 -- PARAMETERS: ["sched_e2e_teacher_1769682211751@test.com"]

      at Function.logInfo (../src/platform/PlatformTools.ts:262:17)

    console.log
      query: UPDATE "users" SET "refresh_token" = $1, "updated_at" = CURRENT_TIMESTAMP WHERE "id" IN ($2) -- PARAMETERS: ["$2b$10$EsVS1bZYw45WHs3AYS6pbe2rzWMPSyfAPNY4se3ybt7IsrncYgmOy",2001]

      at Function.logInfo (../src/platform/PlatformTools.ts:262:17)

    console.log
      query: START TRANSACTION

      at Function.logInfo (../src/platform/PlatformTools.ts:262:17)

    console.log
      query: INSERT INTO "users"("email", "username", "password_hash", "role", "first_name", "last_name", "is_active", "refresh_token", "email_verified", "email_verification_token", "password_reset_token", "password_reset_expires", "failed_login_attempts", "locked_until", "last_failed_login", "created_at", "updated_at", "deleted_at") VALUES ($1, $2, $3, $4, $5, $6, $7, DEFAULT, $8, DEFAULT, DEFAULT, DEFAULT, DEFAULT, DEFAULT, DEFAULT, DEFAULT, DEFAULT, DEFAULT) RETURNING "id", "role", "is_active", "email_verified", "failed_login_attempts", "created_at", "updated_at", "deleted_at" -- PARAMETERS: ["sched_e2e_student_1769682212213@test.com","sched_e2e_student_1769682212213","$2b$10$TKxzotqAG6VjH//XE6L2u.rdrtXCzNqALsG7L7aPOdZPTqV3ABqG.","student","Teststudent","User",true,true]

      at Function.logInfo (../src/platform/PlatformTools.ts:262:17)

    console.log
      query: COMMIT

      at Function.logInfo (../src/platform/PlatformTools.ts:262:17)

    console.log
      query: SELECT "User"."id" AS "User_id", "User"."email" AS "User_email", "User"."username" AS "User_username", "User"."password_hash" AS "User_password_hash", "User"."role" AS "User_role", "User"."first_name" AS "User_first_name", "User"."last_name" AS "User_last_name", "User"."is_active" AS "User_is_active", "User"."refresh_token" AS "User_refresh_token", "User"."email_verified" AS "User_email_verified", "User"."email_verification_token" AS "User_email_verification_token", "User"."password_reset_token" AS "User_password_reset_token", "User"."password_reset_expires" AS "User_password_reset_expires", "User"."failed_login_attempts" AS "User_failed_login_attempts", "User"."locked_until" AS "User_locked_until", "User"."last_failed_login" AS "User_last_failed_login", "User"."created_at" AS "User_created_at", "User"."updated_at" AS "User_updated_at", "User"."deleted_at" AS "User_deleted_at" FROM "users" "User" WHERE ( (("User"."email" = $1)) ) AND ( "User"."deleted_at" IS NULL ) LIMIT 1 -- PARAMETERS: ["sched_e2e_student_1769682212213@test.com"]

      at Function.logInfo (../src/platform/PlatformTools.ts:262:17)

    console.log
      query: UPDATE "users" SET "refresh_token" = $1, "updated_at" = CURRENT_TIMESTAMP WHERE "id" IN ($2) -- PARAMETERS: ["$2b$10$FYoTXqjh1MU2cNAGlge0i.53xKBuQjG/uSI6HNnB2Gy0tMEO8Ujlq",2002]

      at Function.logInfo (../src/platform/PlatformTools.ts:262:17)

    console.log
      query: SELECT "Classroom"."id" AS "Classroom_id", "Classroom"."room_number" AS "Classroom_room_number", "Classroom"."building" AS "Classroom_building", "Classroom"."capacity" AS "Classroom_capacity", "Classroom"."type" AS "Classroom_type", "Classroom"."created_at" AS "Classroom_created_at", "Classroom"."updated_at" AS "Classroom_updated_at", "Classroom"."deleted_at" AS "Classroom_deleted_at" FROM "classrooms" "Classroom" WHERE ( (("Classroom"."room_number" = $1)) ) AND ( "Classroom"."deleted_at" IS NULL ) LIMIT 1 -- PARAMETERS: ["S2850"]

      at Function.logInfo (../src/platform/PlatformTools.ts:262:17)

    console.log
      query: START TRANSACTION

      at Function.logInfo (../src/platform/PlatformTools.ts:262:17)

    console.log
      query: INSERT INTO "classrooms"("room_number", "building", "capacity", "type", "created_at", "updated_at", "deleted_at") VALUES ($1, $2, $3, $4, DEFAULT, DEFAULT, DEFAULT) RETURNING "id", "type", "created_at", "updated_at", "deleted_at" -- PARAMETERS: ["S2850","sched_e2e Building",50,"lecture"]

      at Function.logInfo (../src/platform/PlatformTools.ts:262:17)

    console.log
      query: COMMIT

      at Function.logInfo (../src/platform/PlatformTools.ts:262:17)

    console.log
      query: SELECT "Classroom"."id" AS "Classroom_id", "Classroom"."room_number" AS "Classroom_room_number", "Classroom"."building" AS "Classroom_building", "Classroom"."capacity" AS "Classroom_capacity", "Classroom"."type" AS "Classroom_type", "Classroom"."created_at" AS "Classroom_created_at", "Classroom"."updated_at" AS "Classroom_updated_at", "Classroom"."deleted_at" AS "Classroom_deleted_at" FROM "classrooms" "Classroom" WHERE ( (("Classroom"."room_number" = $1)) ) AND ( "Classroom"."deleted_at" IS NULL ) LIMIT 1 -- PARAMETERS: ["S2894"]

      at Function.logInfo (../src/platform/PlatformTools.ts:262:17)

    console.log
      query: START TRANSACTION

      at Function.logInfo (../src/platform/PlatformTools.ts:262:17)

    console.log
      query: INSERT INTO "classrooms"("room_number", "building", "capacity", "type", "created_at", "updated_at", "deleted_at") VALUES ($1, $2, $3, $4, DEFAULT, DEFAULT, DEFAULT) RETURNING "id", "type", "created_at", "updated_at", "deleted_at" -- PARAMETERS: ["S2894","Building A",30,"lecture"]

      at Function.logInfo (../src/platform/PlatformTools.ts:262:17)

    console.log
      query: COMMIT

      at Function.logInfo (../src/platform/PlatformTools.ts:262:17)

    console.log
      query: SELECT "Classroom"."id" AS "Classroom_id", "Classroom"."room_number" AS "Classroom_room_number", "Classroom"."building" AS "Classroom_building", "Classroom"."capacity" AS "Classroom_capacity", "Classroom"."type" AS "Classroom_type", "Classroom"."created_at" AS "Classroom_created_at", "Classroom"."updated_at" AS "Classroom_updated_at", "Classroom"."deleted_at" AS "Classroom_deleted_at" FROM "classrooms" "Classroom" WHERE ( (("Classroom"."room_number" = $1)) ) AND ( "Classroom"."deleted_at" IS NULL ) LIMIT 1 -- PARAMETERS: ["S2894"]

      at Function.logInfo (../src/platform/PlatformTools.ts:262:17)

    console.log
      query: START TRANSACTION

      at Function.logInfo (../src/platform/PlatformTools.ts:262:17)

    console.log
      query: INSERT INTO "classrooms"("room_number", "building", "capacity", "type", "created_at", "updated_at", "deleted_at") VALUES ($1, $2, $3, $4, DEFAULT, DEFAULT, DEFAULT) RETURNING "id", "type", "created_at", "updated_at", "deleted_at" -- PARAMETERS: ["S2950","sched_e2e Building",50,"lecture"]

      at Function.logInfo (../src/platform/PlatformTools.ts:262:17)

    console.log
      query: COMMIT

      at Function.logInfo (../src/platform/PlatformTools.ts:262:17)

    console.log
      query: START TRANSACTION

      at Function.logInfo (../src/platform/PlatformTools.ts:262:17)

    console.log
      query: INSERT INTO "classrooms"("room_number", "building", "capacity", "type", "created_at", "updated_at", "deleted_at") VALUES ($1, $2, $3, $4, DEFAULT, DEFAULT, DEFAULT) RETURNING "id", "type", "created_at", "updated_at", "deleted_at" -- PARAMETERS: ["S2957","sched_e2e Building",50,"lecture"]

      at Function.logInfo (../src/platform/PlatformTools.ts:262:17)

    console.log
      query: COMMIT

      at Function.logInfo (../src/platform/PlatformTools.ts:262:17)

    console.log
      query: SELECT "Classroom"."id" AS "Classroom_id", "Classroom"."room_number" AS "Classroom_room_number", "Classroom"."building" AS "Classroom_building", "Classroom"."capacity" AS "Classroom_capacity", "Classroom"."type" AS "Classroom_type", "Classroom"."created_at" AS "Classroom_created_at", "Classroom"."updated_at" AS "Classroom_updated_at", "Classroom"."deleted_at" AS "Classroom_deleted_at" FROM "classrooms" "Classroom" WHERE "Classroom"."deleted_at" IS NULL ORDER BY "Classroom"."room_number" ASC LIMIT 10 OFFSET 0

      at Function.logInfo (../src/platform/PlatformTools.ts:262:17)

    console.log
      query: SELECT "Classroom"."id" AS "Classroom_id", "Classroom"."room_number" AS "Classroom_room_number", "Classroom"."building" AS "Classroom_building", "Classroom"."capacity" AS "Classroom_capacity", "Classroom"."type" AS "Classroom_type", "Classroom"."created_at" AS "Classroom_created_at", "Classroom"."updated_at" AS "Classroom_updated_at", "Classroom"."deleted_at" AS "Classroom_deleted_at" FROM "classrooms" "Classroom" WHERE "Classroom"."deleted_at" IS NULL ORDER BY "Classroom"."room_number" ASC LIMIT 10 OFFSET 0

      at Function.logInfo (../src/platform/PlatformTools.ts:262:17)

    console.log
      query: SELECT "Classroom"."id" AS "Classroom_id", "Classroom"."room_number" AS "Classroom_room_number", "Classroom"."building" AS "Classroom_building", "Classroom"."capacity" AS "Classroom_capacity", "Classroom"."type" AS "Classroom_type", "Classroom"."created_at" AS "Classroom_created_at", "Classroom"."updated_at" AS "Classroom_updated_at", "Classroom"."deleted_at" AS "Classroom_deleted_at" FROM "classrooms" "Classroom" WHERE "Classroom"."deleted_at" IS NULL ORDER BY "Classroom"."room_number" ASC LIMIT 10 OFFSET 0

      at Function.logInfo (../src/platform/PlatformTools.ts:262:17)

    console.log
      query: START TRANSACTION

      at Function.logInfo (../src/platform/PlatformTools.ts:262:17)

    console.log
      query: INSERT INTO "classrooms"("room_number", "building", "capacity", "type", "created_at", "updated_at", "deleted_at") VALUES ($1, $2, $3, $4, DEFAULT, DEFAULT, DEFAULT) RETURNING "id", "type", "created_at", "updated_at", "deleted_at" -- PARAMETERS: ["S3027","sched_e2e Building",50,"lecture"]

      at Function.logInfo (../src/platform/PlatformTools.ts:262:17)

    console.log
      query: COMMIT

      at Function.logInfo (../src/platform/PlatformTools.ts:262:17)

    console.log
      query: SELECT "Classroom"."id" AS "Classroom_id", "Classroom"."room_number" AS "Classroom_room_number", "Classroom"."building" AS "Classroom_building", "Classroom"."capacity" AS "Classroom_capacity", "Classroom"."type" AS "Classroom_type", "Classroom"."created_at" AS "Classroom_created_at", "Classroom"."updated_at" AS "Classroom_updated_at", "Classroom"."deleted_at" AS "Classroom_deleted_at" FROM "classrooms" "Classroom" WHERE ( (("Classroom"."id" = $1)) ) AND ( "Classroom"."deleted_at" IS NULL ) LIMIT 1 -- PARAMETERS: [443]

      at Function.logInfo (../src/platform/PlatformTools.ts:262:17)

    console.log
      query: SELECT "Classroom"."id" AS "Classroom_id", "Classroom"."room_number" AS "Classroom_room_number", "Classroom"."building" AS "Classroom_building", "Classroom"."capacity" AS "Classroom_capacity", "Classroom"."type" AS "Classroom_type", "Classroom"."created_at" AS "Classroom_created_at", "Classroom"."updated_at" AS "Classroom_updated_at", "Classroom"."deleted_at" AS "Classroom_deleted_at" FROM "classrooms" "Classroom" WHERE ( (("Classroom"."id" = $1)) ) AND ( "Classroom"."deleted_at" IS NULL ) LIMIT 1 -- PARAMETERS: [999999]

      at Function.logInfo (../src/platform/PlatformTools.ts:262:17)

    console.log
      query: START TRANSACTION

      at Function.logInfo (../src/platform/PlatformTools.ts:262:17)

    console.log
      query: INSERT INTO "classrooms"("room_number", "building", "capacity", "type", "created_at", "updated_at", "deleted_at") VALUES ($1, $2, $3, $4, DEFAULT, DEFAULT, DEFAULT) RETURNING "id", "type", "created_at", "updated_at", "deleted_at" -- PARAMETERS: ["S3068","sched_e2e Building",50,"lecture"]

      at Function.logInfo (../src/platform/PlatformTools.ts:262:17)

    console.log
      query: COMMIT

      at Function.logInfo (../src/platform/PlatformTools.ts:262:17)

    console.log
      query: SELECT "Classroom"."id" AS "Classroom_id", "Classroom"."room_number" AS "Classroom_room_number", "Classroom"."building" AS "Classroom_building", "Classroom"."capacity" AS "Classroom_capacity", "Classroom"."type" AS "Classroom_type", "Classroom"."created_at" AS "Classroom_created_at", "Classroom"."updated_at" AS "Classroom_updated_at", "Classroom"."deleted_at" AS "Classroom_deleted_at" FROM "classrooms" "Classroom" WHERE ( (("Classroom"."id" = $1)) ) AND ( "Classroom"."deleted_at" IS NULL ) LIMIT 1 -- PARAMETERS: [444]

      at Function.logInfo (../src/platform/PlatformTools.ts:262:17)

    console.log
      query: SELECT "Classroom"."id" AS "Classroom_id", "Classroom"."room_number" AS "Classroom_room_number", "Classroom"."building" AS "Classroom_building", "Classroom"."capacity" AS "Classroom_capacity", "Classroom"."type" AS "Classroom_type", "Classroom"."created_at" AS "Classroom_created_at", "Classroom"."updated_at" AS "Classroom_updated_at", "Classroom"."deleted_at" AS "Classroom_deleted_at" FROM "classrooms" "Classroom" WHERE "Classroom"."id" IN ($1) -- PARAMETERS: [444]

      at Function.logInfo (../src/platform/PlatformTools.ts:262:17)
          at async Promise.all (index 0)
          at async Promise.all (index 0)

    console.log
      query: START TRANSACTION

      at Function.logInfo (../src/platform/PlatformTools.ts:262:17)

    console.log
      query: UPDATE "classrooms" SET "building" = $1, "capacity" = $2, "updated_at" = CURRENT_TIMESTAMP WHERE "id" IN ($3) RETURNING "updated_at" -- PARAMETERS: ["sched_e2e Updated Building",75,444]

      at Function.logInfo (../src/platform/PlatformTools.ts:262:17)
          at async Promise.all (index 0)

    console.log
      query: COMMIT

      at Function.logInfo (../src/platform/PlatformTools.ts:262:17)

    console.log
      query: START TRANSACTION

      at Function.logInfo (../src/platform/PlatformTools.ts:262:17)

    console.log
      query: INSERT INTO "classrooms"("room_number", "building", "capacity", "type", "created_at", "updated_at", "deleted_at") VALUES ($1, $2, $3, $4, DEFAULT, DEFAULT, DEFAULT) RETURNING "id", "type", "created_at", "updated_at", "deleted_at" -- PARAMETERS: ["S3126","sched_e2e Building",50,"lecture"]

      at Function.logInfo (../src/platform/PlatformTools.ts:262:17)

    console.log
      query: COMMIT

      at Function.logInfo (../src/platform/PlatformTools.ts:262:17)

    console.log
      query: SELECT "Classroom"."id" AS "Classroom_id", "Classroom"."room_number" AS "Classroom_room_number", "Classroom"."building" AS "Classroom_building", "Classroom"."capacity" AS "Classroom_capacity", "Classroom"."type" AS "Classroom_type", "Classroom"."created_at" AS "Classroom_created_at", "Classroom"."updated_at" AS "Classroom_updated_at", "Classroom"."deleted_at" AS "Classroom_deleted_at" FROM "classrooms" "Classroom" WHERE ( (("Classroom"."id" = $1)) ) AND ( "Classroom"."deleted_at" IS NULL ) LIMIT 1 -- PARAMETERS: [445]

      at Function.logInfo (../src/platform/PlatformTools.ts:262:17)

    console.log
      query: SELECT "Schedule"."id" AS "Schedule_id", "Schedule"."course_id" AS "Schedule_course_id", "Schedule"."classroom_id" AS "Schedule_classroom_id", "Schedule"."day_of_week" AS "Schedule_day_of_week", "Schedule"."start_time" AS "Schedule_start_time", "Schedule"."end_time" AS "Schedule_end_time", "Schedule"."created_at" AS "Schedule_created_at", "Schedule"."updated_at" AS "Schedule_updated_at", "Schedule"."deleted_at" AS "Schedule_deleted_at" FROM "schedules" "Schedule" WHERE ( (("Schedule"."classroom_id" = $1)) ) AND ( "Schedule"."deleted_at" IS NULL ) -- PARAMETERS: [445]

      at Function.logInfo (../src/platform/PlatformTools.ts:262:17)

    console.log
      query: SELECT "Classroom"."id" AS "Classroom_id", "Classroom"."room_number" AS "Classroom_room_number", "Classroom"."building" AS "Classroom_building", "Classroom"."capacity" AS "Classroom_capacity", "Classroom"."type" AS "Classroom_type", "Classroom"."created_at" AS "Classroom_created_at", "Classroom"."updated_at" AS "Classroom_updated_at", "Classroom"."deleted_at" AS "Classroom_deleted_at" FROM "classrooms" "Classroom" WHERE "Classroom"."id" IN ($1) -- PARAMETERS: [445]

      at Function.logInfo (../src/platform/PlatformTools.ts:262:17)
          at async Promise.all (index 0)
          at async Promise.all (index 0)

    console.log
      query: START TRANSACTION

      at Function.logInfo (../src/platform/PlatformTools.ts:262:17)

    console.log
      query: UPDATE "classrooms" SET "deleted_at" = CURRENT_TIMESTAMP, "updated_at" = CURRENT_TIMESTAMP WHERE "id" IN ($1) RETURNING "updated_at", "deleted_at" -- PARAMETERS: [445]

      at Function.logInfo (../src/platform/PlatformTools.ts:262:17)
          at async Promise.all (index 0)

    console.log
      query: COMMIT

      at Function.logInfo (../src/platform/PlatformTools.ts:262:17)

    console.log
      query: SELECT "Classroom"."id" AS "Classroom_id", "Classroom"."room_number" AS "Classroom_room_number", "Classroom"."building" AS "Classroom_building", "Classroom"."capacity" AS "Classroom_capacity", "Classroom"."type" AS "Classroom_type", "Classroom"."created_at" AS "Classroom_created_at", "Classroom"."updated_at" AS "Classroom_updated_at", "Classroom"."deleted_at" AS "Classroom_deleted_at" FROM "classrooms" "Classroom" WHERE ( (("Classroom"."id" = $1)) ) AND ( "Classroom"."deleted_at" IS NULL ) LIMIT 1 -- PARAMETERS: [445]

      at Function.logInfo (../src/platform/PlatformTools.ts:262:17)

    console.log
      query: START TRANSACTION

      at Function.logInfo (../src/platform/PlatformTools.ts:262:17)

    console.log
      query: INSERT INTO "classrooms"("room_number", "building", "capacity", "type", "created_at", "updated_at", "deleted_at") VALUES ($1, $2, $3, $4, DEFAULT, DEFAULT, DEFAULT) RETURNING "id", "type", "created_at", "updated_at", "deleted_at" -- PARAMETERS: ["S3182","sched_e2e Building",50,"lecture"]

      at Function.logInfo (../src/platform/PlatformTools.ts:262:17)

    console.log
      query: COMMIT

      at Function.logInfo (../src/platform/PlatformTools.ts:262:17)

    console.log
      query: START TRANSACTION

      at Function.logInfo (../src/platform/PlatformTools.ts:262:17)

    console.log
      query: INSERT INTO "courses"("course_code", "course_name", "description", "credits", "department_id", "semester", "max_students", "is_active", "created_by", "created_at", "updated_at", "deleted_at") VALUES ($1, $2, $3, $4, DEFAULT, $5, $6, $7, $8, DEFAULT, DEFAULT, DEFAULT) RETURNING "id", "max_students", "is_active", "created_at", "updated_at", "deleted_at" -- PARAMETERS: ["SC3202","sched_e2e Test Course 1769682213202","sched_e2e course description",3,1,50,true,1997]

      at Function.logInfo (../src/platform/PlatformTools.ts:262:17)

    console.log
      query: COMMIT

      at Function.logInfo (../src/platform/PlatformTools.ts:262:17)

    console.log
      query: START TRANSACTION

      at Function.logInfo (../src/platform/PlatformTools.ts:262:17)

    console.log
      query: INSERT INTO "classrooms"("room_number", "building", "capacity", "type", "created_at", "updated_at", "deleted_at") VALUES ($1, $2, $3, $4, DEFAULT, DEFAULT, DEFAULT) RETURNING "id", "type", "created_at", "updated_at", "deleted_at" -- PARAMETERS: ["S3214","sched_e2e Building",50,"lecture"]

      at Function.logInfo (../src/platform/PlatformTools.ts:262:17)

    console.log
      query: COMMIT

      at Function.logInfo (../src/platform/PlatformTools.ts:262:17)

    console.log
      query: SELECT "Course"."id" AS "Course_id", "Course"."course_code" AS "Course_course_code", "Course"."course_name" AS "Course_course_name", "Course"."description" AS "Course_description", "Course"."credits" AS "Course_credits", "Course"."department_id" AS "Course_department_id", "Course"."semester" AS "Course_semester", "Course"."max_students" AS "Course_max_students", "Course"."is_active" AS "Course_is_active", "Course"."created_by" AS "Course_created_by", "Course"."created_at" AS "Course_created_at", "Course"."updated_at" AS "Course_updated_at", "Course"."deleted_at" AS "Course_deleted_at" FROM "courses" "Course" WHERE ( (("Course"."id" = $1)) ) AND ( "Course"."deleted_at" IS NULL ) LIMIT 1 -- PARAMETERS: [451]

      at Function.logInfo (../src/platform/PlatformTools.ts:262:17)

    console.log
      query: SELECT "Classroom"."id" AS "Classroom_id", "Classroom"."room_number" AS "Classroom_room_number", "Classroom"."building" AS "Classroom_building", "Classroom"."capacity" AS "Classroom_capacity", "Classroom"."type" AS "Classroom_type", "Classroom"."created_at" AS "Classroom_created_at", "Classroom"."updated_at" AS "Classroom_updated_at", "Classroom"."deleted_at" AS "Classroom_deleted_at" FROM "classrooms" "Classroom" WHERE ( (("Classroom"."id" = $1)) ) AND ( "Classroom"."deleted_at" IS NULL ) LIMIT 1 -- PARAMETERS: [447]

      at Function.logInfo (../src/platform/PlatformTools.ts:262:17)

    console.log
      query: SELECT "schedule"."id" AS "schedule_id", "schedule"."course_id" AS "schedule_course_id", "schedule"."classroom_id" AS "schedule_classroom_id", "schedule"."day_of_week" AS "schedule_day_of_week", "schedule"."start_time" AS "schedule_start_time", "schedule"."end_time" AS "schedule_end_time", "schedule"."created_at" AS "schedule_created_at", "schedule"."updated_at" AS "schedule_updated_at", "schedule"."deleted_at" AS "schedule_deleted_at" FROM "schedules" "schedule" WHERE ( "schedule"."classroom_id" = $1 AND "schedule"."day_of_week" = $2 AND ("schedule"."start_time" < $3 AND "schedule"."end_time" > $4) ) AND ( "schedule"."deleted_at" IS NULL ) -- PARAMETERS: [447,1,"10:30","09:00"]

      at Function.logInfo (../src/platform/PlatformTools.ts:262:17)

    console.log
      query: START TRANSACTION

      at Function.logInfo (../src/platform/PlatformTools.ts:262:17)

    console.log
      query: INSERT INTO "schedules"("course_id", "classroom_id", "day_of_week", "start_time", "end_time", "created_at", "updated_at", "deleted_at") VALUES ($1, $2, $3, $4, $5, DEFAULT, DEFAULT, DEFAULT) RETURNING "id", "created_at", "updated_at", "deleted_at" -- PARAMETERS: [451,447,1,"09:00","10:30"]

      at Function.logInfo (../src/platform/PlatformTools.ts:262:17)

    console.log
      query: COMMIT

      at Function.logInfo (../src/platform/PlatformTools.ts:262:17)

    console.log
      query: START TRANSACTION

      at Function.logInfo (../src/platform/PlatformTools.ts:262:17)

    console.log
      query: INSERT INTO "courses"("course_code", "course_name", "description", "credits", "department_id", "semester", "max_students", "is_active", "created_by", "created_at", "updated_at", "deleted_at") VALUES ($1, $2, $3, $4, DEFAULT, $5, $6, $7, $8, DEFAULT, DEFAULT, DEFAULT) RETURNING "id", "max_students", "is_active", "created_at", "updated_at", "deleted_at" -- PARAMETERS: ["SC3317","sched_e2e Test Course 1769682213317","sched_e2e course description",3,1,50,true,1997]

      at Function.logInfo (../src/platform/PlatformTools.ts:262:17)

    console.log
      query: COMMIT

      at Function.logInfo (../src/platform/PlatformTools.ts:262:17)

    console.log
      query: START TRANSACTION

      at Function.logInfo (../src/platform/PlatformTools.ts:262:17)

    console.log
      query: INSERT INTO "classrooms"("room_number", "building", "capacity", "type", "created_at", "updated_at", "deleted_at") VALUES ($1, $2, $3, $4, DEFAULT, DEFAULT, DEFAULT) RETURNING "id", "type", "created_at", "updated_at", "deleted_at" -- PARAMETERS: ["S3325","sched_e2e Building",50,"lecture"]

      at Function.logInfo (../src/platform/PlatformTools.ts:262:17)

    console.log
      query: COMMIT

      at Function.logInfo (../src/platform/PlatformTools.ts:262:17)

    console.log
      query: START TRANSACTION

      at Function.logInfo (../src/platform/PlatformTools.ts:262:17)

    console.log
      query: INSERT INTO "schedules"("course_id", "classroom_id", "day_of_week", "start_time", "end_time", "created_at", "updated_at", "deleted_at") VALUES ($1, $2, $3, $4, $5, DEFAULT, DEFAULT, DEFAULT) RETURNING "id", "created_at", "updated_at", "deleted_at" -- PARAMETERS: [452,448,1,"09:00","10:30"]

      at Function.logInfo (../src/platform/PlatformTools.ts:262:17)

    console.log
      query: COMMIT

      at Function.logInfo (../src/platform/PlatformTools.ts:262:17)

    console.log
      query: SELECT DISTINCT "distinctAlias"."Schedule_id" AS "ids_Schedule_id", "distinctAlias"."Schedule_day_of_week", "distinctAlias"."Schedule_start_time" FROM (SELECT "Schedule"."id" AS "Schedule_id", "Schedule"."course_id" AS "Schedule_course_id", "Schedule"."classroom_id" AS "Schedule_classroom_id", "Schedule"."day_of_week" AS "Schedule_day_of_week", "Schedule"."start_time" AS "Schedule_start_time", "Schedule"."end_time" AS "Schedule_end_time", "Schedule"."created_at" AS "Schedule_created_at", "Schedule"."updated_at" AS "Schedule_updated_at", "Schedule"."deleted_at" AS "Schedule_deleted_at", "Schedule__Schedule_course"."id" AS "Schedule__Schedule_course_id", "Schedule__Schedule_course"."course_code" AS "Schedule__Schedule_course_course_code", "Schedule__Schedule_course"."course_name" AS "Schedule__Schedule_course_course_name", "Schedule__Schedule_course"."description" AS "Schedule__Schedule_course_description", "Schedule__Schedule_course"."credits" AS "Schedule__Schedule_course_credits", "Schedule__Schedule_course"."department_id" AS "Schedule__Schedule_course_department_id", "Schedule__Schedule_course"."semester" AS "Schedule__Schedule_course_semester", "Schedule__Schedule_course"."max_students" AS "Schedule__Schedule_course_max_students", "Schedule__Schedule_course"."is_active" AS "Schedule__Schedule_course_is_active", "Schedule__Schedule_course"."created_by" AS "Schedule__Schedule_course_created_by", "Schedule__Schedule_course"."created_at" AS "Schedule__Schedule_course_created_at", "Schedule__Schedule_course"."updated_at" AS "Schedule__Schedule_course_updated_at", "Schedule__Schedule_course"."deleted_at" AS "Schedule__Schedule_course_deleted_at", "Schedule__Schedule_classroom"."id" AS "Schedule__Schedule_classroom_id", "Schedule__Schedule_classroom"."room_number" AS "Schedule__Schedule_classroom_room_number", "Schedule__Schedule_classroom"."building" AS "Schedule__Schedule_classroom_building", "Schedule__Schedule_classroom"."capacity" AS "Schedule__Schedule_classroom_capacity", "Schedule__Schedule_classroom"."type" AS "Schedule__Schedule_classroom_type", "Schedule__Schedule_classroom"."created_at" AS "Schedule__Schedule_classroom_created_at", "Schedule__Schedule_classroom"."updated_at" AS "Schedule__Schedule_classroom_updated_at", "Schedule__Schedule_classroom"."deleted_at" AS "Schedule__Schedule_classroom_deleted_at" FROM "schedules" "Schedule" LEFT JOIN "courses" "Schedule__Schedule_course" ON "Schedule__Schedule_course"."id"="Schedule"."course_id" AND ("Schedule__Schedule_course"."deleted_at" IS NULL)  LEFT JOIN "classrooms" "Schedule__Schedule_classroom" ON "Schedule__Schedule_classroom"."id"="Schedule"."classroom_id" AND ("Schedule__Schedule_classroom"."deleted_at" IS NULL) WHERE "Schedule"."deleted_at" IS NULL) "distinctAlias" ORDER BY "distinctAlias"."Schedule_day_of_week" ASC, "distinctAlias"."Schedule_start_time" ASC, "Schedule_id" ASC LIMIT 10 OFFSET 0

      at Function.logInfo (../src/platform/PlatformTools.ts:262:17)

    console.log
      query: SELECT "Schedule"."id" AS "Schedule_id", "Schedule"."course_id" AS "Schedule_course_id", "Schedule"."classroom_id" AS "Schedule_classroom_id", "Schedule"."day_of_week" AS "Schedule_day_of_week", "Schedule"."start_time" AS "Schedule_start_time", "Schedule"."end_time" AS "Schedule_end_time", "Schedule"."created_at" AS "Schedule_created_at", "Schedule"."updated_at" AS "Schedule_updated_at", "Schedule"."deleted_at" AS "Schedule_deleted_at", "Schedule__Schedule_course"."id" AS "Schedule__Schedule_course_id", "Schedule__Schedule_course"."course_code" AS "Schedule__Schedule_course_course_code", "Schedule__Schedule_course"."course_name" AS "Schedule__Schedule_course_course_name", "Schedule__Schedule_course"."description" AS "Schedule__Schedule_course_description", "Schedule__Schedule_course"."credits" AS "Schedule__Schedule_course_credits", "Schedule__Schedule_course"."department_id" AS "Schedule__Schedule_course_department_id", "Schedule__Schedule_course"."semester" AS "Schedule__Schedule_course_semester", "Schedule__Schedule_course"."max_students" AS "Schedule__Schedule_course_max_students", "Schedule__Schedule_course"."is_active" AS "Schedule__Schedule_course_is_active", "Schedule__Schedule_course"."created_by" AS "Schedule__Schedule_course_created_by", "Schedule__Schedule_course"."created_at" AS "Schedule__Schedule_course_created_at", "Schedule__Schedule_course"."updated_at" AS "Schedule__Schedule_course_updated_at", "Schedule__Schedule_course"."deleted_at" AS "Schedule__Schedule_course_deleted_at", "Schedule__Schedule_classroom"."id" AS "Schedule__Schedule_classroom_id", "Schedule__Schedule_classroom"."room_number" AS "Schedule__Schedule_classroom_room_number", "Schedule__Schedule_classroom"."building" AS "Schedule__Schedule_classroom_building", "Schedule__Schedule_classroom"."capacity" AS "Schedule__Schedule_classroom_capacity", "Schedule__Schedule_classroom"."type" AS "Schedule__Schedule_classroom_type", "Schedule__Schedule_classroom"."created_at" AS "Schedule__Schedule_classroom_created_at", "Schedule__Schedule_classroom"."updated_at" AS "Schedule__Schedule_classroom_updated_at", "Schedule__Schedule_classroom"."deleted_at" AS "Schedule__Schedule_classroom_deleted_at" FROM "schedules" "Schedule" LEFT JOIN "courses" "Schedule__Schedule_course" ON "Schedule__Schedule_course"."id"="Schedule"."course_id" AND ("Schedule__Schedule_course"."deleted_at" IS NULL)  LEFT JOIN "classrooms" "Schedule__Schedule_classroom" ON "Schedule__Schedule_classroom"."id"="Schedule"."classroom_id" AND ("Schedule__Schedule_classroom"."deleted_at" IS NULL) WHERE ( "Schedule"."deleted_at" IS NULL ) AND ( "Schedule"."id" IN (223, 224) ) ORDER BY "Schedule"."day_of_week" ASC, "Schedule"."start_time" ASC

      at Function.logInfo (../src/platform/PlatformTools.ts:262:17)

    console.log
      query: SELECT DISTINCT "distinctAlias"."Schedule_id" AS "ids_Schedule_id", "distinctAlias"."Schedule_day_of_week", "distinctAlias"."Schedule_start_time" FROM (SELECT "Schedule"."id" AS "Schedule_id", "Schedule"."course_id" AS "Schedule_course_id", "Schedule"."classroom_id" AS "Schedule_classroom_id", "Schedule"."day_of_week" AS "Schedule_day_of_week", "Schedule"."start_time" AS "Schedule_start_time", "Schedule"."end_time" AS "Schedule_end_time", "Schedule"."created_at" AS "Schedule_created_at", "Schedule"."updated_at" AS "Schedule_updated_at", "Schedule"."deleted_at" AS "Schedule_deleted_at", "Schedule__Schedule_course"."id" AS "Schedule__Schedule_course_id", "Schedule__Schedule_course"."course_code" AS "Schedule__Schedule_course_course_code", "Schedule__Schedule_course"."course_name" AS "Schedule__Schedule_course_course_name", "Schedule__Schedule_course"."description" AS "Schedule__Schedule_course_description", "Schedule__Schedule_course"."credits" AS "Schedule__Schedule_course_credits", "Schedule__Schedule_course"."department_id" AS "Schedule__Schedule_course_department_id", "Schedule__Schedule_course"."semester" AS "Schedule__Schedule_course_semester", "Schedule__Schedule_course"."max_students" AS "Schedule__Schedule_course_max_students", "Schedule__Schedule_course"."is_active" AS "Schedule__Schedule_course_is_active", "Schedule__Schedule_course"."created_by" AS "Schedule__Schedule_course_created_by", "Schedule__Schedule_course"."created_at" AS "Schedule__Schedule_course_created_at", "Schedule__Schedule_course"."updated_at" AS "Schedule__Schedule_course_updated_at", "Schedule__Schedule_course"."deleted_at" AS "Schedule__Schedule_course_deleted_at", "Schedule__Schedule_classroom"."id" AS "Schedule__Schedule_classroom_id", "Schedule__Schedule_classroom"."room_number" AS "Schedule__Schedule_classroom_room_number", "Schedule__Schedule_classroom"."building" AS "Schedule__Schedule_classroom_building", "Schedule__Schedule_classroom"."capacity" AS "Schedule__Schedule_classroom_capacity", "Schedule__Schedule_classroom"."type" AS "Schedule__Schedule_classroom_type", "Schedule__Schedule_classroom"."created_at" AS "Schedule__Schedule_classroom_created_at", "Schedule__Schedule_classroom"."updated_at" AS "Schedule__Schedule_classroom_updated_at", "Schedule__Schedule_classroom"."deleted_at" AS "Schedule__Schedule_classroom_deleted_at" FROM "schedules" "Schedule" LEFT JOIN "courses" "Schedule__Schedule_course" ON "Schedule__Schedule_course"."id"="Schedule"."course_id" AND ("Schedule__Schedule_course"."deleted_at" IS NULL)  LEFT JOIN "classrooms" "Schedule__Schedule_classroom" ON "Schedule__Schedule_classroom"."id"="Schedule"."classroom_id" AND ("Schedule__Schedule_classroom"."deleted_at" IS NULL) WHERE "Schedule"."deleted_at" IS NULL) "distinctAlias" ORDER BY "distinctAlias"."Schedule_day_of_week" ASC, "distinctAlias"."Schedule_start_time" ASC, "Schedule_id" ASC LIMIT 10 OFFSET 0

      at Function.logInfo (../src/platform/PlatformTools.ts:262:17)

    console.log
      query: SELECT "Schedule"."id" AS "Schedule_id", "Schedule"."course_id" AS "Schedule_course_id", "Schedule"."classroom_id" AS "Schedule_classroom_id", "Schedule"."day_of_week" AS "Schedule_day_of_week", "Schedule"."start_time" AS "Schedule_start_time", "Schedule"."end_time" AS "Schedule_end_time", "Schedule"."created_at" AS "Schedule_created_at", "Schedule"."updated_at" AS "Schedule_updated_at", "Schedule"."deleted_at" AS "Schedule_deleted_at", "Schedule__Schedule_course"."id" AS "Schedule__Schedule_course_id", "Schedule__Schedule_course"."course_code" AS "Schedule__Schedule_course_course_code", "Schedule__Schedule_course"."course_name" AS "Schedule__Schedule_course_course_name", "Schedule__Schedule_course"."description" AS "Schedule__Schedule_course_description", "Schedule__Schedule_course"."credits" AS "Schedule__Schedule_course_credits", "Schedule__Schedule_course"."department_id" AS "Schedule__Schedule_course_department_id", "Schedule__Schedule_course"."semester" AS "Schedule__Schedule_course_semester", "Schedule__Schedule_course"."max_students" AS "Schedule__Schedule_course_max_students", "Schedule__Schedule_course"."is_active" AS "Schedule__Schedule_course_is_active", "Schedule__Schedule_course"."created_by" AS "Schedule__Schedule_course_created_by", "Schedule__Schedule_course"."created_at" AS "Schedule__Schedule_course_created_at", "Schedule__Schedule_course"."updated_at" AS "Schedule__Schedule_course_updated_at", "Schedule__Schedule_course"."deleted_at" AS "Schedule__Schedule_course_deleted_at", "Schedule__Schedule_classroom"."id" AS "Schedule__Schedule_classroom_id", "Schedule__Schedule_classroom"."room_number" AS "Schedule__Schedule_classroom_room_number", "Schedule__Schedule_classroom"."building" AS "Schedule__Schedule_classroom_building", "Schedule__Schedule_classroom"."capacity" AS "Schedule__Schedule_classroom_capacity", "Schedule__Schedule_classroom"."type" AS "Schedule__Schedule_classroom_type", "Schedule__Schedule_classroom"."created_at" AS "Schedule__Schedule_classroom_created_at", "Schedule__Schedule_classroom"."updated_at" AS "Schedule__Schedule_classroom_updated_at", "Schedule__Schedule_classroom"."deleted_at" AS "Schedule__Schedule_classroom_deleted_at" FROM "schedules" "Schedule" LEFT JOIN "courses" "Schedule__Schedule_course" ON "Schedule__Schedule_course"."id"="Schedule"."course_id" AND ("Schedule__Schedule_course"."deleted_at" IS NULL)  LEFT JOIN "classrooms" "Schedule__Schedule_classroom" ON "Schedule__Schedule_classroom"."id"="Schedule"."classroom_id" AND ("Schedule__Schedule_classroom"."deleted_at" IS NULL) WHERE ( "Schedule"."deleted_at" IS NULL ) AND ( "Schedule"."id" IN (223, 224) ) ORDER BY "Schedule"."day_of_week" ASC, "Schedule"."start_time" ASC

      at Function.logInfo (../src/platform/PlatformTools.ts:262:17)

    console.log
      query: SELECT DISTINCT "distinctAlias"."Schedule_id" AS "ids_Schedule_id", "distinctAlias"."Schedule_day_of_week", "distinctAlias"."Schedule_start_time" FROM (SELECT "Schedule"."id" AS "Schedule_id", "Schedule"."course_id" AS "Schedule_course_id", "Schedule"."classroom_id" AS "Schedule_classroom_id", "Schedule"."day_of_week" AS "Schedule_day_of_week", "Schedule"."start_time" AS "Schedule_start_time", "Schedule"."end_time" AS "Schedule_end_time", "Schedule"."created_at" AS "Schedule_created_at", "Schedule"."updated_at" AS "Schedule_updated_at", "Schedule"."deleted_at" AS "Schedule_deleted_at", "Schedule__Schedule_course"."id" AS "Schedule__Schedule_course_id", "Schedule__Schedule_course"."course_code" AS "Schedule__Schedule_course_course_code", "Schedule__Schedule_course"."course_name" AS "Schedule__Schedule_course_course_name", "Schedule__Schedule_course"."description" AS "Schedule__Schedule_course_description", "Schedule__Schedule_course"."credits" AS "Schedule__Schedule_course_credits", "Schedule__Schedule_course"."department_id" AS "Schedule__Schedule_course_department_id", "Schedule__Schedule_course"."semester" AS "Schedule__Schedule_course_semester", "Schedule__Schedule_course"."max_students" AS "Schedule__Schedule_course_max_students", "Schedule__Schedule_course"."is_active" AS "Schedule__Schedule_course_is_active", "Schedule__Schedule_course"."created_by" AS "Schedule__Schedule_course_created_by", "Schedule__Schedule_course"."created_at" AS "Schedule__Schedule_course_created_at", "Schedule__Schedule_course"."updated_at" AS "Schedule__Schedule_course_updated_at", "Schedule__Schedule_course"."deleted_at" AS "Schedule__Schedule_course_deleted_at", "Schedule__Schedule_classroom"."id" AS "Schedule__Schedule_classroom_id", "Schedule__Schedule_classroom"."room_number" AS "Schedule__Schedule_classroom_room_number", "Schedule__Schedule_classroom"."building" AS "Schedule__Schedule_classroom_building", "Schedule__Schedule_classroom"."capacity" AS "Schedule__Schedule_classroom_capacity", "Schedule__Schedule_classroom"."type" AS "Schedule__Schedule_classroom_type", "Schedule__Schedule_classroom"."created_at" AS "Schedule__Schedule_classroom_created_at", "Schedule__Schedule_classroom"."updated_at" AS "Schedule__Schedule_classroom_updated_at", "Schedule__Schedule_classroom"."deleted_at" AS "Schedule__Schedule_classroom_deleted_at" FROM "schedules" "Schedule" LEFT JOIN "courses" "Schedule__Schedule_course" ON "Schedule__Schedule_course"."id"="Schedule"."course_id" AND ("Schedule__Schedule_course"."deleted_at" IS NULL)  LEFT JOIN "classrooms" "Schedule__Schedule_classroom" ON "Schedule__Schedule_classroom"."id"="Schedule"."classroom_id" AND ("Schedule__Schedule_classroom"."deleted_at" IS NULL) WHERE "Schedule"."deleted_at" IS NULL) "distinctAlias" ORDER BY "distinctAlias"."Schedule_day_of_week" ASC, "distinctAlias"."Schedule_start_time" ASC, "Schedule_id" ASC LIMIT 10 OFFSET 0

      at Function.logInfo (../src/platform/PlatformTools.ts:262:17)

    console.log
      query: SELECT "Schedule"."id" AS "Schedule_id", "Schedule"."course_id" AS "Schedule_course_id", "Schedule"."classroom_id" AS "Schedule_classroom_id", "Schedule"."day_of_week" AS "Schedule_day_of_week", "Schedule"."start_time" AS "Schedule_start_time", "Schedule"."end_time" AS "Schedule_end_time", "Schedule"."created_at" AS "Schedule_created_at", "Schedule"."updated_at" AS "Schedule_updated_at", "Schedule"."deleted_at" AS "Schedule_deleted_at", "Schedule__Schedule_course"."id" AS "Schedule__Schedule_course_id", "Schedule__Schedule_course"."course_code" AS "Schedule__Schedule_course_course_code", "Schedule__Schedule_course"."course_name" AS "Schedule__Schedule_course_course_name", "Schedule__Schedule_course"."description" AS "Schedule__Schedule_course_description", "Schedule__Schedule_course"."credits" AS "Schedule__Schedule_course_credits", "Schedule__Schedule_course"."department_id" AS "Schedule__Schedule_course_department_id", "Schedule__Schedule_course"."semester" AS "Schedule__Schedule_course_semester", "Schedule__Schedule_course"."max_students" AS "Schedule__Schedule_course_max_students", "Schedule__Schedule_course"."is_active" AS "Schedule__Schedule_course_is_active", "Schedule__Schedule_course"."created_by" AS "Schedule__Schedule_course_created_by", "Schedule__Schedule_course"."created_at" AS "Schedule__Schedule_course_created_at", "Schedule__Schedule_course"."updated_at" AS "Schedule__Schedule_course_updated_at", "Schedule__Schedule_course"."deleted_at" AS "Schedule__Schedule_course_deleted_at", "Schedule__Schedule_classroom"."id" AS "Schedule__Schedule_classroom_id", "Schedule__Schedule_classroom"."room_number" AS "Schedule__Schedule_classroom_room_number", "Schedule__Schedule_classroom"."building" AS "Schedule__Schedule_classroom_building", "Schedule__Schedule_classroom"."capacity" AS "Schedule__Schedule_classroom_capacity", "Schedule__Schedule_classroom"."type" AS "Schedule__Schedule_classroom_type", "Schedule__Schedule_classroom"."created_at" AS "Schedule__Schedule_classroom_created_at", "Schedule__Schedule_classroom"."updated_at" AS "Schedule__Schedule_classroom_updated_at", "Schedule__Schedule_classroom"."deleted_at" AS "Schedule__Schedule_classroom_deleted_at" FROM "schedules" "Schedule" LEFT JOIN "courses" "Schedule__Schedule_course" ON "Schedule__Schedule_course"."id"="Schedule"."course_id" AND ("Schedule__Schedule_course"."deleted_at" IS NULL)  LEFT JOIN "classrooms" "Schedule__Schedule_classroom" ON "Schedule__Schedule_classroom"."id"="Schedule"."classroom_id" AND ("Schedule__Schedule_classroom"."deleted_at" IS NULL) WHERE ( "Schedule"."deleted_at" IS NULL ) AND ( "Schedule"."id" IN (223, 224) ) ORDER BY "Schedule"."day_of_week" ASC, "Schedule"."start_time" ASC

      at Function.logInfo (../src/platform/PlatformTools.ts:262:17)

    console.log
      query: START TRANSACTION

      at Function.logInfo (../src/platform/PlatformTools.ts:262:17)

    console.log
      query: INSERT INTO "courses"("course_code", "course_name", "description", "credits", "department_id", "semester", "max_students", "is_active", "created_by", "created_at", "updated_at", "deleted_at") VALUES ($1, $2, $3, $4, DEFAULT, $5, $6, $7, $8, DEFAULT, DEFAULT, DEFAULT) RETURNING "id", "max_students", "is_active", "created_at", "updated_at", "deleted_at" -- PARAMETERS: ["SC3419","sched_e2e Test Course 1769682213419","sched_e2e course description",3,1,50,true,1997]

      at Function.logInfo (../src/platform/PlatformTools.ts:262:17)

    console.log
      query: COMMIT

      at Function.logInfo (../src/platform/PlatformTools.ts:262:17)

    console.log
      query: START TRANSACTION

      at Function.logInfo (../src/platform/PlatformTools.ts:262:17)

    console.log
      query: INSERT INTO "classrooms"("room_number", "building", "capacity", "type", "created_at", "updated_at", "deleted_at") VALUES ($1, $2, $3, $4, DEFAULT, DEFAULT, DEFAULT) RETURNING "id", "type", "created_at", "updated_at", "deleted_at" -- PARAMETERS: ["S3427","sched_e2e Building",50,"lecture"]

      at Function.logInfo (../src/platform/PlatformTools.ts:262:17)

    console.log
      query: COMMIT

      at Function.logInfo (../src/platform/PlatformTools.ts:262:17)

    console.log
      query: START TRANSACTION

      at Function.logInfo (../src/platform/PlatformTools.ts:262:17)

    console.log
      query: INSERT INTO "schedules"("course_id", "classroom_id", "day_of_week", "start_time", "end_time", "created_at", "updated_at", "deleted_at") VALUES ($1, $2, $3, $4, $5, DEFAULT, DEFAULT, DEFAULT) RETURNING "id", "created_at", "updated_at", "deleted_at" -- PARAMETERS: [453,449,1,"09:00","10:30"]

      at Function.logInfo (../src/platform/PlatformTools.ts:262:17)

    console.log
      query: COMMIT

      at Function.logInfo (../src/platform/PlatformTools.ts:262:17)

    console.log
      query: SELECT DISTINCT "distinctAlias"."Schedule_id" AS "ids_Schedule_id" FROM (SELECT "Schedule"."id" AS "Schedule_id", "Schedule"."course_id" AS "Schedule_course_id", "Schedule"."classroom_id" AS "Schedule_classroom_id", "Schedule"."day_of_week" AS "Schedule_day_of_week", "Schedule"."start_time" AS "Schedule_start_time", "Schedule"."end_time" AS "Schedule_end_time", "Schedule"."created_at" AS "Schedule_created_at", "Schedule"."updated_at" AS "Schedule_updated_at", "Schedule"."deleted_at" AS "Schedule_deleted_at", "Schedule__Schedule_course"."id" AS "Schedule__Schedule_course_id", "Schedule__Schedule_course"."course_code" AS "Schedule__Schedule_course_course_code", "Schedule__Schedule_course"."course_name" AS "Schedule__Schedule_course_course_name", "Schedule__Schedule_course"."description" AS "Schedule__Schedule_course_description", "Schedule__Schedule_course"."credits" AS "Schedule__Schedule_course_credits", "Schedule__Schedule_course"."department_id" AS "Schedule__Schedule_course_department_id", "Schedule__Schedule_course"."semester" AS "Schedule__Schedule_course_semester", "Schedule__Schedule_course"."max_students" AS "Schedule__Schedule_course_max_students", "Schedule__Schedule_course"."is_active" AS "Schedule__Schedule_course_is_active", "Schedule__Schedule_course"."created_by" AS "Schedule__Schedule_course_created_by", "Schedule__Schedule_course"."created_at" AS "Schedule__Schedule_course_created_at", "Schedule__Schedule_course"."updated_at" AS "Schedule__Schedule_course_updated_at", "Schedule__Schedule_course"."deleted_at" AS "Schedule__Schedule_course_deleted_at", "Schedule__Schedule_classroom"."id" AS "Schedule__Schedule_classroom_id", "Schedule__Schedule_classroom"."room_number" AS "Schedule__Schedule_classroom_room_number", "Schedule__Schedule_classroom"."building" AS "Schedule__Schedule_classroom_building", "Schedule__Schedule_classroom"."capacity" AS "Schedule__Schedule_classroom_capacity", "Schedule__Schedule_classroom"."type" AS "Schedule__Schedule_classroom_type", "Schedule__Schedule_classroom"."created_at" AS "Schedule__Schedule_classroom_created_at", "Schedule__Schedule_classroom"."updated_at" AS "Schedule__Schedule_classroom_updated_at", "Schedule__Schedule_classroom"."deleted_at" AS "Schedule__Schedule_classroom_deleted_at" FROM "schedules" "Schedule" LEFT JOIN "courses" "Schedule__Schedule_course" ON "Schedule__Schedule_course"."id"="Schedule"."course_id" AND ("Schedule__Schedule_course"."deleted_at" IS NULL)  LEFT JOIN "classrooms" "Schedule__Schedule_classroom" ON "Schedule__Schedule_classroom"."id"="Schedule"."classroom_id" AND ("Schedule__Schedule_classroom"."deleted_at" IS NULL) WHERE ( (("Schedule"."id" = $1)) ) AND ( "Schedule"."deleted_at" IS NULL )) "distinctAlias" ORDER BY "Schedule_id" ASC LIMIT 1 -- PARAMETERS: [225]

      at Function.logInfo (../src/platform/PlatformTools.ts:262:17)

    console.log
      query: SELECT "Schedule"."id" AS "Schedule_id", "Schedule"."course_id" AS "Schedule_course_id", "Schedule"."classroom_id" AS "Schedule_classroom_id", "Schedule"."day_of_week" AS "Schedule_day_of_week", "Schedule"."start_time" AS "Schedule_start_time", "Schedule"."end_time" AS "Schedule_end_time", "Schedule"."created_at" AS "Schedule_created_at", "Schedule"."updated_at" AS "Schedule_updated_at", "Schedule"."deleted_at" AS "Schedule_deleted_at", "Schedule__Schedule_course"."id" AS "Schedule__Schedule_course_id", "Schedule__Schedule_course"."course_code" AS "Schedule__Schedule_course_course_code", "Schedule__Schedule_course"."course_name" AS "Schedule__Schedule_course_course_name", "Schedule__Schedule_course"."description" AS "Schedule__Schedule_course_description", "Schedule__Schedule_course"."credits" AS "Schedule__Schedule_course_credits", "Schedule__Schedule_course"."department_id" AS "Schedule__Schedule_course_department_id", "Schedule__Schedule_course"."semester" AS "Schedule__Schedule_course_semester", "Schedule__Schedule_course"."max_students" AS "Schedule__Schedule_course_max_students", "Schedule__Schedule_course"."is_active" AS "Schedule__Schedule_course_is_active", "Schedule__Schedule_course"."created_by" AS "Schedule__Schedule_course_created_by", "Schedule__Schedule_course"."created_at" AS "Schedule__Schedule_course_created_at", "Schedule__Schedule_course"."updated_at" AS "Schedule__Schedule_course_updated_at", "Schedule__Schedule_course"."deleted_at" AS "Schedule__Schedule_course_deleted_at", "Schedule__Schedule_classroom"."id" AS "Schedule__Schedule_classroom_id", "Schedule__Schedule_classroom"."room_number" AS "Schedule__Schedule_classroom_room_number", "Schedule__Schedule_classroom"."building" AS "Schedule__Schedule_classroom_building", "Schedule__Schedule_classroom"."capacity" AS "Schedule__Schedule_classroom_capacity", "Schedule__Schedule_classroom"."type" AS "Schedule__Schedule_classroom_type", "Schedule__Schedule_classroom"."created_at" AS "Schedule__Schedule_classroom_created_at", "Schedule__Schedule_classroom"."updated_at" AS "Schedule__Schedule_classroom_updated_at", "Schedule__Schedule_classroom"."deleted_at" AS "Schedule__Schedule_classroom_deleted_at" FROM "schedules" "Schedule" LEFT JOIN "courses" "Schedule__Schedule_course" ON "Schedule__Schedule_course"."id"="Schedule"."course_id" AND ("Schedule__Schedule_course"."deleted_at" IS NULL)  LEFT JOIN "classrooms" "Schedule__Schedule_classroom" ON "Schedule__Schedule_classroom"."id"="Schedule"."classroom_id" AND ("Schedule__Schedule_classroom"."deleted_at" IS NULL) WHERE ( (("Schedule"."id" = $1)) ) AND ( "Schedule"."deleted_at" IS NULL ) AND ( "Schedule"."id" IN (225) ) -- PARAMETERS: [225]

      at Function.logInfo (../src/platform/PlatformTools.ts:262:17)

    console.log
      query: SELECT DISTINCT "distinctAlias"."Schedule_id" AS "ids_Schedule_id" FROM (SELECT "Schedule"."id" AS "Schedule_id", "Schedule"."course_id" AS "Schedule_course_id", "Schedule"."classroom_id" AS "Schedule_classroom_id", "Schedule"."day_of_week" AS "Schedule_day_of_week", "Schedule"."start_time" AS "Schedule_start_time", "Schedule"."end_time" AS "Schedule_end_time", "Schedule"."created_at" AS "Schedule_created_at", "Schedule"."updated_at" AS "Schedule_updated_at", "Schedule"."deleted_at" AS "Schedule_deleted_at", "Schedule__Schedule_course"."id" AS "Schedule__Schedule_course_id", "Schedule__Schedule_course"."course_code" AS "Schedule__Schedule_course_course_code", "Schedule__Schedule_course"."course_name" AS "Schedule__Schedule_course_course_name", "Schedule__Schedule_course"."description" AS "Schedule__Schedule_course_description", "Schedule__Schedule_course"."credits" AS "Schedule__Schedule_course_credits", "Schedule__Schedule_course"."department_id" AS "Schedule__Schedule_course_department_id", "Schedule__Schedule_course"."semester" AS "Schedule__Schedule_course_semester", "Schedule__Schedule_course"."max_students" AS "Schedule__Schedule_course_max_students", "Schedule__Schedule_course"."is_active" AS "Schedule__Schedule_course_is_active", "Schedule__Schedule_course"."created_by" AS "Schedule__Schedule_course_created_by", "Schedule__Schedule_course"."created_at" AS "Schedule__Schedule_course_created_at", "Schedule__Schedule_course"."updated_at" AS "Schedule__Schedule_course_updated_at", "Schedule__Schedule_course"."deleted_at" AS "Schedule__Schedule_course_deleted_at", "Schedule__Schedule_classroom"."id" AS "Schedule__Schedule_classroom_id", "Schedule__Schedule_classroom"."room_number" AS "Schedule__Schedule_classroom_room_number", "Schedule__Schedule_classroom"."building" AS "Schedule__Schedule_classroom_building", "Schedule__Schedule_classroom"."capacity" AS "Schedule__Schedule_classroom_capacity", "Schedule__Schedule_classroom"."type" AS "Schedule__Schedule_classroom_type", "Schedule__Schedule_classroom"."created_at" AS "Schedule__Schedule_classroom_created_at", "Schedule__Schedule_classroom"."updated_at" AS "Schedule__Schedule_classroom_updated_at", "Schedule__Schedule_classroom"."deleted_at" AS "Schedule__Schedule_classroom_deleted_at" FROM "schedules" "Schedule" LEFT JOIN "courses" "Schedule__Schedule_course" ON "Schedule__Schedule_course"."id"="Schedule"."course_id" AND ("Schedule__Schedule_course"."deleted_at" IS NULL)  LEFT JOIN "classrooms" "Schedule__Schedule_classroom" ON "Schedule__Schedule_classroom"."id"="Schedule"."classroom_id" AND ("Schedule__Schedule_classroom"."deleted_at" IS NULL) WHERE ( (("Schedule"."id" = $1)) ) AND ( "Schedule"."deleted_at" IS NULL )) "distinctAlias" ORDER BY "Schedule_id" ASC LIMIT 1 -- PARAMETERS: [999999]

      at Function.logInfo (../src/platform/PlatformTools.ts:262:17)

    console.log
      query: START TRANSACTION

      at Function.logInfo (../src/platform/PlatformTools.ts:262:17)

    console.log
      query: INSERT INTO "courses"("course_code", "course_name", "description", "credits", "department_id", "semester", "max_students", "is_active", "created_by", "created_at", "updated_at", "deleted_at") VALUES ($1, $2, $3, $4, DEFAULT, $5, $6, $7, $8, DEFAULT, DEFAULT, DEFAULT) RETURNING "id", "max_students", "is_active", "created_at", "updated_at", "deleted_at" -- PARAMETERS: ["SC3496","sched_e2e Test Course 1769682213496","sched_e2e course description",3,1,50,true,1997]

      at Function.logInfo (../src/platform/PlatformTools.ts:262:17)

    console.log
      query: COMMIT

      at Function.logInfo (../src/platform/PlatformTools.ts:262:17)

    console.log
      query: START TRANSACTION

      at Function.logInfo (../src/platform/PlatformTools.ts:262:17)

    console.log
      query: INSERT INTO "classrooms"("room_number", "building", "capacity", "type", "created_at", "updated_at", "deleted_at") VALUES ($1, $2, $3, $4, DEFAULT, DEFAULT, DEFAULT) RETURNING "id", "type", "created_at", "updated_at", "deleted_at" -- PARAMETERS: ["S3504","sched_e2e Building",50,"lecture"]

      at Function.logInfo (../src/platform/PlatformTools.ts:262:17)

    console.log
      query: COMMIT

      at Function.logInfo (../src/platform/PlatformTools.ts:262:17)

    console.log
      query: START TRANSACTION

      at Function.logInfo (../src/platform/PlatformTools.ts:262:17)

    console.log
      query: INSERT INTO "schedules"("course_id", "classroom_id", "day_of_week", "start_time", "end_time", "created_at", "updated_at", "deleted_at") VALUES ($1, $2, $3, $4, $5, DEFAULT, DEFAULT, DEFAULT) RETURNING "id", "created_at", "updated_at", "deleted_at" -- PARAMETERS: [454,450,1,"09:00","10:30"]

      at Function.logInfo (../src/platform/PlatformTools.ts:262:17)

    console.log
      query: COMMIT

      at Function.logInfo (../src/platform/PlatformTools.ts:262:17)

    console.log
      query: SELECT "Schedule"."id" AS "Schedule_id", "Schedule"."course_id" AS "Schedule_course_id", "Schedule"."classroom_id" AS "Schedule_classroom_id", "Schedule"."day_of_week" AS "Schedule_day_of_week", "Schedule"."start_time" AS "Schedule_start_time", "Schedule"."end_time" AS "Schedule_end_time", "Schedule"."created_at" AS "Schedule_created_at", "Schedule"."updated_at" AS "Schedule_updated_at", "Schedule"."deleted_at" AS "Schedule_deleted_at", "Schedule__Schedule_classroom"."id" AS "Schedule__Schedule_classroom_id", "Schedule__Schedule_classroom"."room_number" AS "Schedule__Schedule_classroom_room_number", "Schedule__Schedule_classroom"."building" AS "Schedule__Schedule_classroom_building", "Schedule__Schedule_classroom"."capacity" AS "Schedule__Schedule_classroom_capacity", "Schedule__Schedule_classroom"."type" AS "Schedule__Schedule_classroom_type", "Schedule__Schedule_classroom"."created_at" AS "Schedule__Schedule_classroom_created_at", "Schedule__Schedule_classroom"."updated_at" AS "Schedule__Schedule_classroom_updated_at", "Schedule__Schedule_classroom"."deleted_at" AS "Schedule__Schedule_classroom_deleted_at" FROM "schedules" "Schedule" LEFT JOIN "classrooms" "Schedule__Schedule_classroom" ON "Schedule__Schedule_classroom"."id"="Schedule"."classroom_id" AND ("Schedule__Schedule_classroom"."deleted_at" IS NULL) WHERE ( (("Schedule"."course_id" = $1)) ) AND ( "Schedule"."deleted_at" IS NULL ) ORDER BY "Schedule"."day_of_week" ASC, "Schedule"."start_time" ASC -- PARAMETERS: [454]

      at Function.logInfo (../src/platform/PlatformTools.ts:262:17)

    console.log
      query: START TRANSACTION

      at Function.logInfo (../src/platform/PlatformTools.ts:262:17)

    console.log
      query: INSERT INTO "courses"("course_code", "course_name", "description", "credits", "department_id", "semester", "max_students", "is_active", "created_by", "created_at", "updated_at", "deleted_at") VALUES ($1, $2, $3, $4, DEFAULT, $5, $6, $7, $8, DEFAULT, DEFAULT, DEFAULT) RETURNING "id", "max_students", "is_active", "created_at", "updated_at", "deleted_at" -- PARAMETERS: ["SC3537","sched_e2e Test Course 1769682213537","sched_e2e course description",3,1,50,true,1997]

      at Function.logInfo (../src/platform/PlatformTools.ts:262:17)

    console.log
      query: COMMIT

      at Function.logInfo (../src/platform/PlatformTools.ts:262:17)

    console.log
      query: START TRANSACTION

      at Function.logInfo (../src/platform/PlatformTools.ts:262:17)

    console.log
      query: INSERT INTO "classrooms"("room_number", "building", "capacity", "type", "created_at", "updated_at", "deleted_at") VALUES ($1, $2, $3, $4, DEFAULT, DEFAULT, DEFAULT) RETURNING "id", "type", "created_at", "updated_at", "deleted_at" -- PARAMETERS: ["S3545","sched_e2e Building",50,"lecture"]

      at Function.logInfo (../src/platform/PlatformTools.ts:262:17)

    console.log
      query: COMMIT

      at Function.logInfo (../src/platform/PlatformTools.ts:262:17)

    console.log
      query: START TRANSACTION

      at Function.logInfo (../src/platform/PlatformTools.ts:262:17)

    console.log
      query: INSERT INTO "schedules"("course_id", "classroom_id", "day_of_week", "start_time", "end_time", "created_at", "updated_at", "deleted_at") VALUES ($1, $2, $3, $4, $5, DEFAULT, DEFAULT, DEFAULT) RETURNING "id", "created_at", "updated_at", "deleted_at" -- PARAMETERS: [455,451,1,"09:00","10:30"]

      at Function.logInfo (../src/platform/PlatformTools.ts:262:17)

    console.log
      query: COMMIT

      at Function.logInfo (../src/platform/PlatformTools.ts:262:17)

    console.log
      query: SELECT "Schedule"."id" AS "Schedule_id", "Schedule"."course_id" AS "Schedule_course_id", "Schedule"."classroom_id" AS "Schedule_classroom_id", "Schedule"."day_of_week" AS "Schedule_day_of_week", "Schedule"."start_time" AS "Schedule_start_time", "Schedule"."end_time" AS "Schedule_end_time", "Schedule"."created_at" AS "Schedule_created_at", "Schedule"."updated_at" AS "Schedule_updated_at", "Schedule"."deleted_at" AS "Schedule_deleted_at", "Schedule__Schedule_course"."id" AS "Schedule__Schedule_course_id", "Schedule__Schedule_course"."course_code" AS "Schedule__Schedule_course_course_code", "Schedule__Schedule_course"."course_name" AS "Schedule__Schedule_course_course_name", "Schedule__Schedule_course"."description" AS "Schedule__Schedule_course_description", "Schedule__Schedule_course"."credits" AS "Schedule__Schedule_course_credits", "Schedule__Schedule_course"."department_id" AS "Schedule__Schedule_course_department_id", "Schedule__Schedule_course"."semester" AS "Schedule__Schedule_course_semester", "Schedule__Schedule_course"."max_students" AS "Schedule__Schedule_course_max_students", "Schedule__Schedule_course"."is_active" AS "Schedule__Schedule_course_is_active", "Schedule__Schedule_course"."created_by" AS "Schedule__Schedule_course_created_by", "Schedule__Schedule_course"."created_at" AS "Schedule__Schedule_course_created_at", "Schedule__Schedule_course"."updated_at" AS "Schedule__Schedule_course_updated_at", "Schedule__Schedule_course"."deleted_at" AS "Schedule__Schedule_course_deleted_at" FROM "schedules" "Schedule" LEFT JOIN "courses" "Schedule__Schedule_course" ON "Schedule__Schedule_course"."id"="Schedule"."course_id" AND ("Schedule__Schedule_course"."deleted_at" IS NULL) WHERE ( (("Schedule"."classroom_id" = $1)) ) AND ( "Schedule"."deleted_at" IS NULL ) ORDER BY "Schedule"."day_of_week" ASC, "Schedule"."start_time" ASC -- PARAMETERS: [451]

      at Function.logInfo (../src/platform/PlatformTools.ts:262:17)

    console.log
      query: START TRANSACTION

      at Function.logInfo (../src/platform/PlatformTools.ts:262:17)

    console.log
      query: INSERT INTO "courses"("course_code", "course_name", "description", "credits", "department_id", "semester", "max_students", "is_active", "created_by", "created_at", "updated_at", "deleted_at") VALUES ($1, $2, $3, $4, DEFAULT, $5, $6, $7, $8, DEFAULT, DEFAULT, DEFAULT) RETURNING "id", "max_students", "is_active", "created_at", "updated_at", "deleted_at" -- PARAMETERS: ["SC3579","sched_e2e Test Course 1769682213579","sched_e2e course description",3,1,50,true,1997]

      at Function.logInfo (../src/platform/PlatformTools.ts:262:17)

    console.log
      query: COMMIT

      at Function.logInfo (../src/platform/PlatformTools.ts:262:17)

    console.log
      query: START TRANSACTION

      at Function.logInfo (../src/platform/PlatformTools.ts:262:17)

    console.log
      query: INSERT INTO "classrooms"("room_number", "building", "capacity", "type", "created_at", "updated_at", "deleted_at") VALUES ($1, $2, $3, $4, DEFAULT, DEFAULT, DEFAULT) RETURNING "id", "type", "created_at", "updated_at", "deleted_at" -- PARAMETERS: ["S3586","sched_e2e Building",50,"lecture"]

      at Function.logInfo (../src/platform/PlatformTools.ts:262:17)

    console.log
      query: COMMIT

      at Function.logInfo (../src/platform/PlatformTools.ts:262:17)

    console.log
      query: START TRANSACTION

      at Function.logInfo (../src/platform/PlatformTools.ts:262:17)

    console.log
      query: INSERT INTO "schedules"("course_id", "classroom_id", "day_of_week", "start_time", "end_time", "created_at", "updated_at", "deleted_at") VALUES ($1, $2, $3, $4, $5, DEFAULT, DEFAULT, DEFAULT) RETURNING "id", "created_at", "updated_at", "deleted_at" -- PARAMETERS: [456,452,1,"09:00","10:30"]

      at Function.logInfo (../src/platform/PlatformTools.ts:262:17)

    console.log
      query: COMMIT

      at Function.logInfo (../src/platform/PlatformTools.ts:262:17)

    console.log
      query: SELECT "Schedule"."id" AS "Schedule_id", "Schedule"."course_id" AS "Schedule_course_id", "Schedule"."classroom_id" AS "Schedule_classroom_id", "Schedule"."day_of_week" AS "Schedule_day_of_week", "Schedule"."start_time" AS "Schedule_start_time", "Schedule"."end_time" AS "Schedule_end_time", "Schedule"."created_at" AS "Schedule_created_at", "Schedule"."updated_at" AS "Schedule_updated_at", "Schedule"."deleted_at" AS "Schedule_deleted_at" FROM "schedules" "Schedule" WHERE ( (("Schedule"."id" = $1)) ) AND ( "Schedule"."deleted_at" IS NULL ) LIMIT 1 -- PARAMETERS: [228]

      at Function.logInfo (../src/platform/PlatformTools.ts:262:17)

    console.log
      query: SELECT "schedule"."id" AS "schedule_id", "schedule"."course_id" AS "schedule_course_id", "schedule"."classroom_id" AS "schedule_classroom_id", "schedule"."day_of_week" AS "schedule_day_of_week", "schedule"."start_time" AS "schedule_start_time", "schedule"."end_time" AS "schedule_end_time", "schedule"."created_at" AS "schedule_created_at", "schedule"."updated_at" AS "schedule_updated_at", "schedule"."deleted_at" AS "schedule_deleted_at" FROM "schedules" "schedule" WHERE ( "schedule"."classroom_id" = $1 AND "schedule"."day_of_week" = $2 AND ("schedule"."start_time" < $3 AND "schedule"."end_time" > $4) AND "schedule"."id" != $5 ) AND ( "schedule"."deleted_at" IS NULL ) -- PARAMETERS: [452,3,"15:30","14:00",228]

      at Function.logInfo (../src/platform/PlatformTools.ts:262:17)

    console.log
      query: SELECT "Schedule"."id" AS "Schedule_id", "Schedule"."course_id" AS "Schedule_course_id", "Schedule"."classroom_id" AS "Schedule_classroom_id", "Schedule"."day_of_week" AS "Schedule_day_of_week", "Schedule"."start_time" AS "Schedule_start_time", "Schedule"."end_time" AS "Schedule_end_time", "Schedule"."created_at" AS "Schedule_created_at", "Schedule"."updated_at" AS "Schedule_updated_at", "Schedule"."deleted_at" AS "Schedule_deleted_at" FROM "schedules" "Schedule" WHERE "Schedule"."id" IN ($1) -- PARAMETERS: [228]

      at Function.logInfo (../src/platform/PlatformTools.ts:262:17)
          at async Promise.all (index 0)
          at async Promise.all (index 0)

    console.log
      query: START TRANSACTION

      at Function.logInfo (../src/platform/PlatformTools.ts:262:17)

    console.log
      query: UPDATE "schedules" SET "day_of_week" = $1, "start_time" = $2, "end_time" = $3, "updated_at" = CURRENT_TIMESTAMP WHERE "id" IN ($4) RETURNING "updated_at" -- PARAMETERS: [3,"14:00","15:30",228]

      at Function.logInfo (../src/platform/PlatformTools.ts:262:17)
          at async Promise.all (index 0)

    console.log
      query: COMMIT

      at Function.logInfo (../src/platform/PlatformTools.ts:262:17)

    console.log
      query: START TRANSACTION

      at Function.logInfo (../src/platform/PlatformTools.ts:262:17)

    console.log
      query: INSERT INTO "courses"("course_code", "course_name", "description", "credits", "department_id", "semester", "max_students", "is_active", "created_by", "created_at", "updated_at", "deleted_at") VALUES ($1, $2, $3, $4, DEFAULT, $5, $6, $7, $8, DEFAULT, DEFAULT, DEFAULT) RETURNING "id", "max_students", "is_active", "created_at", "updated_at", "deleted_at" -- PARAMETERS: ["SC3646","sched_e2e Test Course 1769682213646","sched_e2e course description",3,1,50,true,1997]

      at Function.logInfo (../src/platform/PlatformTools.ts:262:17)

    console.log
      query: COMMIT

      at Function.logInfo (../src/platform/PlatformTools.ts:262:17)

    console.log
      query: START TRANSACTION

      at Function.logInfo (../src/platform/PlatformTools.ts:262:17)

    console.log
      query: INSERT INTO "classrooms"("room_number", "building", "capacity", "type", "created_at", "updated_at", "deleted_at") VALUES ($1, $2, $3, $4, DEFAULT, DEFAULT, DEFAULT) RETURNING "id", "type", "created_at", "updated_at", "deleted_at" -- PARAMETERS: ["S3653","sched_e2e Building",50,"lecture"]

      at Function.logInfo (../src/platform/PlatformTools.ts:262:17)

    console.log
      query: COMMIT

      at Function.logInfo (../src/platform/PlatformTools.ts:262:17)

    console.log
      query: START TRANSACTION

      at Function.logInfo (../src/platform/PlatformTools.ts:262:17)

    console.log
      query: INSERT INTO "schedules"("course_id", "classroom_id", "day_of_week", "start_time", "end_time", "created_at", "updated_at", "deleted_at") VALUES ($1, $2, $3, $4, $5, DEFAULT, DEFAULT, DEFAULT) RETURNING "id", "created_at", "updated_at", "deleted_at" -- PARAMETERS: [457,453,1,"09:00","10:30"]

      at Function.logInfo (../src/platform/PlatformTools.ts:262:17)

    console.log
      query: COMMIT

      at Function.logInfo (../src/platform/PlatformTools.ts:262:17)

    console.log
      query: SELECT "Schedule"."id" AS "Schedule_id", "Schedule"."course_id" AS "Schedule_course_id", "Schedule"."classroom_id" AS "Schedule_classroom_id", "Schedule"."day_of_week" AS "Schedule_day_of_week", "Schedule"."start_time" AS "Schedule_start_time", "Schedule"."end_time" AS "Schedule_end_time", "Schedule"."created_at" AS "Schedule_created_at", "Schedule"."updated_at" AS "Schedule_updated_at", "Schedule"."deleted_at" AS "Schedule_deleted_at" FROM "schedules" "Schedule" WHERE ( (("Schedule"."id" = $1)) ) AND ( "Schedule"."deleted_at" IS NULL ) LIMIT 1 -- PARAMETERS: [229]

      at Function.logInfo (../src/platform/PlatformTools.ts:262:17)

    console.log
      query: SELECT "Schedule"."id" AS "Schedule_id", "Schedule"."course_id" AS "Schedule_course_id", "Schedule"."classroom_id" AS "Schedule_classroom_id", "Schedule"."day_of_week" AS "Schedule_day_of_week", "Schedule"."start_time" AS "Schedule_start_time", "Schedule"."end_time" AS "Schedule_end_time", "Schedule"."created_at" AS "Schedule_created_at", "Schedule"."updated_at" AS "Schedule_updated_at", "Schedule"."deleted_at" AS "Schedule_deleted_at" FROM "schedules" "Schedule" WHERE "Schedule"."id" IN ($1) -- PARAMETERS: [229]

      at Function.logInfo (../src/platform/PlatformTools.ts:262:17)
          at async Promise.all (index 0)
          at async Promise.all (index 0)

    console.log
      query: START TRANSACTION

      at Function.logInfo (../src/platform/PlatformTools.ts:262:17)

    console.log
      query: UPDATE "schedules" SET "deleted_at" = CURRENT_TIMESTAMP, "updated_at" = CURRENT_TIMESTAMP WHERE "id" IN ($1) RETURNING "updated_at", "deleted_at" -- PARAMETERS: [229]

      at Function.logInfo (../src/platform/PlatformTools.ts:262:17)
          at async Promise.all (index 0)

    console.log
      query: COMMIT

      at Function.logInfo (../src/platform/PlatformTools.ts:262:17)

    console.log
      query: SELECT DISTINCT "distinctAlias"."Schedule_id" AS "ids_Schedule_id" FROM (SELECT "Schedule"."id" AS "Schedule_id", "Schedule"."course_id" AS "Schedule_course_id", "Schedule"."classroom_id" AS "Schedule_classroom_id", "Schedule"."day_of_week" AS "Schedule_day_of_week", "Schedule"."start_time" AS "Schedule_start_time", "Schedule"."end_time" AS "Schedule_end_time", "Schedule"."created_at" AS "Schedule_created_at", "Schedule"."updated_at" AS "Schedule_updated_at", "Schedule"."deleted_at" AS "Schedule_deleted_at", "Schedule__Schedule_course"."id" AS "Schedule__Schedule_course_id", "Schedule__Schedule_course"."course_code" AS "Schedule__Schedule_course_course_code", "Schedule__Schedule_course"."course_name" AS "Schedule__Schedule_course_course_name", "Schedule__Schedule_course"."description" AS "Schedule__Schedule_course_description", "Schedule__Schedule_course"."credits" AS "Schedule__Schedule_course_credits", "Schedule__Schedule_course"."department_id" AS "Schedule__Schedule_course_department_id", "Schedule__Schedule_course"."semester" AS "Schedule__Schedule_course_semester", "Schedule__Schedule_course"."max_students" AS "Schedule__Schedule_course_max_students", "Schedule__Schedule_course"."is_active" AS "Schedule__Schedule_course_is_active", "Schedule__Schedule_course"."created_by" AS "Schedule__Schedule_course_created_by", "Schedule__Schedule_course"."created_at" AS "Schedule__Schedule_course_created_at", "Schedule__Schedule_course"."updated_at" AS "Schedule__Schedule_course_updated_at", "Schedule__Schedule_course"."deleted_at" AS "Schedule__Schedule_course_deleted_at", "Schedule__Schedule_classroom"."id" AS "Schedule__Schedule_classroom_id", "Schedule__Schedule_classroom"."room_number" AS "Schedule__Schedule_classroom_room_number", "Schedule__Schedule_classroom"."building" AS "Schedule__Schedule_classroom_building", "Schedule__Schedule_classroom"."capacity" AS "Schedule__Schedule_classroom_capacity", "Schedule__Schedule_classroom"."type" AS "Schedule__Schedule_classroom_type", "Schedule__Schedule_classroom"."created_at" AS "Schedule__Schedule_classroom_created_at", "Schedule__Schedule_classroom"."updated_at" AS "Schedule__Schedule_classroom_updated_at", "Schedule__Schedule_classroom"."deleted_at" AS "Schedule__Schedule_classroom_deleted_at" FROM "schedules" "Schedule" LEFT JOIN "courses" "Schedule__Schedule_course" ON "Schedule__Schedule_course"."id"="Schedule"."course_id" AND ("Schedule__Schedule_course"."deleted_at" IS NULL)  LEFT JOIN "classrooms" "Schedule__Schedule_classroom" ON "Schedule__Schedule_classroom"."id"="Schedule"."classroom_id" AND ("Schedule__Schedule_classroom"."deleted_at" IS NULL) WHERE ( (("Schedule"."id" = $1)) ) AND ( "Schedule"."deleted_at" IS NULL )) "distinctAlias" ORDER BY "Schedule_id" ASC LIMIT 1 -- PARAMETERS: [229]

      at Function.logInfo (../src/platform/PlatformTools.ts:262:17)

    console.log
      query: START TRANSACTION

      at Function.logInfo (../src/platform/PlatformTools.ts:262:17)

    console.log
      query: INSERT INTO "courses"("course_code", "course_name", "description", "credits", "department_id", "semester", "max_students", "is_active", "created_by", "created_at", "updated_at", "deleted_at") VALUES ($1, $2, $3, $4, DEFAULT, $5, $6, $7, $8, DEFAULT, DEFAULT, DEFAULT) RETURNING "id", "max_students", "is_active", "created_at", "updated_at", "deleted_at" -- PARAMETERS: ["SC3732","sched_e2e Test Course 1769682213732","sched_e2e course description",3,1,50,true,1997]

      at Function.logInfo (../src/platform/PlatformTools.ts:262:17)

    console.log
      query: COMMIT

      at Function.logInfo (../src/platform/PlatformTools.ts:262:17)

    console.log
      query: START TRANSACTION

      at Function.logInfo (../src/platform/PlatformTools.ts:262:17)

    console.log
      query: INSERT INTO "classrooms"("room_number", "building", "capacity", "type", "created_at", "updated_at", "deleted_at") VALUES ($1, $2, $3, $4, DEFAULT, DEFAULT, DEFAULT) RETURNING "id", "type", "created_at", "updated_at", "deleted_at" -- PARAMETERS: ["S3777","sched_e2e Building",50,"lecture"]

      at Function.logInfo (../src/platform/PlatformTools.ts:262:17)

    console.log
      query: COMMIT

      at Function.logInfo (../src/platform/PlatformTools.ts:262:17)

    console.log
      query: START TRANSACTION

      at Function.logInfo (../src/platform/PlatformTools.ts:262:17)

    console.log
      query: INSERT INTO "schedules"("course_id", "classroom_id", "day_of_week", "start_time", "end_time", "created_at", "updated_at", "deleted_at") VALUES ($1, $2, $3, $4, $5, DEFAULT, DEFAULT, DEFAULT) RETURNING "id", "created_at", "updated_at", "deleted_at" -- PARAMETERS: [458,454,1,"09:00","10:30"]

      at Function.logInfo (../src/platform/PlatformTools.ts:262:17)

    console.log
      query: COMMIT

      at Function.logInfo (../src/platform/PlatformTools.ts:262:17)

    console.log
      query: DELETE FROM "schedules"

      at Function.logInfo (../src/platform/PlatformTools.ts:262:17)

    console.log
      query: DELETE FROM "courses" WHERE "course_name" LIKE $1 -- PARAMETERS: ["sched_e2e%"]

      at Function.logInfo (../src/platform/PlatformTools.ts:262:17)

    console.log
      query: DELETE FROM "classrooms" WHERE "room_number" LIKE $1 -- PARAMETERS: ["S%"]

      at Function.logInfo (../src/platform/PlatformTools.ts:262:17)

    console.log
      query: DELETE FROM "users" WHERE "email" LIKE $1 -- PARAMETERS: ["sched_e2e_%@test.com"]

      at Function.logInfo (../src/platform/PlatformTools.ts:262:17)

PASS test/academic-terms.e2e-spec.ts (8.832 s)
  ΓùÅ Console

    console.log
      query: SELECT version()

      at Function.logInfo (../src/platform/PlatformTools.ts:262:17)

    console.log
      query: SELECT * FROM current_schema()

      at Function.logInfo (../src/platform/PlatformTools.ts:262:17)

    console.log
      query: START TRANSACTION

      at Function.logInfo (../src/platform/PlatformTools.ts:262:17)

    console.log
      query: SELECT * FROM current_schema()

      at Function.logInfo (../src/platform/PlatformTools.ts:262:17)

    console.log
      query: SELECT * FROM current_database()

      at Function.logInfo (../src/platform/PlatformTools.ts:262:17)

    console.log
      query: SELECT "table_schema", "table_name", obj_description(('"' || "table_schema" || '"."' || "table_name" || '"')::regclass, 'pg_class') AS table_comment FROM "information_schema"."tables" WHERE ("table_schema" = 'public' AND "table_name" = 'grades') OR ("table_schema" = 'public' AND "table_name" = 'attendance') OR ("table_schema" = 'public' AND "table_name" = 'faculties') OR ("table_schema" = 'public' AND "table_name" = 'departments') OR ("table_schema" = 'public' AND "table_name" = 'courses') OR ("table_schema" = 'public' AND "table_name" = 'enrollments') OR ("table_schema" = 'public' AND "table_name" = 'students') OR ("table_schema" = 'public' AND "table_name" = 'users') OR ("table_schema" = 'public' AND "table_name" = 'academic_terms') OR ("table_schema" = 'public' AND "table_name" = 'classrooms') OR ("table_schema" = 'public' AND "table_name" = 'schedules') OR ("table_schema" = 'public' AND "table_name" = 'audit_logs') OR ("table_schema" = 'public' AND "table_name" = 'teacher_profiles') OR ("table_schema" = 'public' AND "table_name" = 'grades') OR ("table_schema" = 'public' AND "table_name" = 'attendance') OR ("table_schema" = 'public' AND "table_name" = 'faculties') OR ("table_schema" = 'public' AND "table_name" = 'departments') OR ("table_schema" = 'public' AND "table_name" = 'courses') OR ("table_schema" = 'public' AND "table_name" = 'enrollments') OR ("table_schema" = 'public' AND "table_name" = 'students') OR ("table_schema" = 'public' AND "table_name" = 'users') OR ("table_schema" = 'public' AND "table_name" = 'teacher_profiles') OR ("table_schema" = 'public' AND "table_name" = 'classrooms') OR ("table_schema" = 'public' AND "table_name" = 'schedules') OR ("table_schema" = 'public' AND "table_name" = 'audit_logs') OR ("table_schema" = 'public' AND "table_name" = 'academic_terms') OR ("table_schema" = 'public' AND "table_name" = 'course_teachers') OR ("table_schema" = 'public' AND "table_name" = 'course_prerequisites') OR ("table_schema" = 'public' AND "table_name" = 'course_teachers') OR ("table_schema" = 'public' AND "table_name" = 'course_prerequisites')

      at Function.logInfo (../src/platform/PlatformTools.ts:262:17)

    console.log
      query: SELECT TRUE FROM information_schema.columns WHERE table_name = 'pg_class' and column_name = 'relispartition'

      at Function.logInfo (../src/platform/PlatformTools.ts:262:17)

    console.log
      query: SELECT columns.*, pg_catalog.col_description(('"' || table_catalog || '"."' || table_schema || '"."' || table_name || '"')::regclass::oid, ordinal_position) AS description, ('"' || "udt_schema" || '"."' || "udt_name" || '"')::"regtype"::text AS "regtype", pg_catalog.format_type("col_attr"."atttypid", "col_attr"."atttypmod") AS "format_type" FROM "information_schema"."columns" LEFT JOIN "pg_catalog"."pg_attribute" AS "col_attr" ON "col_attr"."attname" = "columns"."column_name" AND "col_attr"."attrelid" = ( SELECT "cls"."oid" FROM "pg_catalog"."pg_class" AS "cls" LEFT JOIN "pg_catalog"."pg_namespace" AS "ns" ON "ns"."oid" = "cls"."relnamespace" WHERE "cls"."relname" = "columns"."table_name" AND "ns"."nspname" = "columns"."table_schema" ) WHERE ("table_schema" = 'public' AND "table_name" = 'course_teachers') OR ("table_schema" = 'public' AND "table_name" = 'classrooms') OR ("table_schema" = 'public' AND "table_name" = 'schedules') OR ("table_schema" = 'public' AND "table_name" = 'audit_logs') OR ("table_schema" = 'public' AND "table_name" = 'course_prerequisites') OR ("table_schema" = 'public' AND "table_name" = 'courses') OR ("table_schema" = 'public' AND "table_name" = 'grades') OR ("table_schema" = 'public' AND "table_name" = 'enrollments') OR ("table_schema" = 'public' AND "table_name" = 'faculties') OR ("table_schema" = 'public' AND "table_name" = 'departments') OR ("table_schema" = 'public' AND "table_name" = 'students') OR ("table_schema" = 'public' AND "table_name" = 'users') OR ("table_schema" = 'public' AND "table_name" = 'academic_terms') OR ("table_schema" = 'public' AND "table_name" = 'teacher_profiles') OR ("table_schema" = 'public' AND "table_name" = 'attendance')

      at Function.logInfo (../src/platform/PlatformTools.ts:262:17)
          at async Promise.all (index 0)

    console.log
      query: SELECT "ns"."nspname" AS "table_schema", "t"."relname" AS "table_name", "cnst"."conname" AS "constraint_name", pg_get_constraintdef("cnst"."oid") AS "expression", CASE "cnst"."contype" WHEN 'p' THEN 'PRIMARY' WHEN 'u' THEN 'UNIQUE' WHEN 'c' THEN 'CHECK' WHEN 'x' THEN 'EXCLUDE' END AS "constraint_type", "a"."attname" AS "column_name" FROM "pg_constraint" "cnst" INNER JOIN "pg_class" "t" ON "t"."oid" = "cnst"."conrelid" INNER JOIN "pg_namespace" "ns" ON "ns"."oid" = "cnst"."connamespace" LEFT JOIN "pg_attribute" "a" ON "a"."attrelid" = "cnst"."conrelid" AND "a"."attnum" = ANY ("cnst"."conkey") WHERE "t"."relkind" IN ('r', 'p') AND (("ns"."nspname" = 'public' AND "t"."relname" = 'course_teachers') OR ("ns"."nspname" = 'public' AND "t"."relname" = 'classrooms') OR ("ns"."nspname" = 'public' AND "t"."relname" = 'schedules') OR ("ns"."nspname" = 'public' AND "t"."relname" = 'audit_logs') OR ("ns"."nspname" = 'public' AND "t"."relname" = 'course_prerequisites') OR ("ns"."nspname" = 'public' AND "t"."relname" = 'courses') OR ("ns"."nspname" = 'public' AND "t"."relname" = 'grades') OR ("ns"."nspname" = 'public' AND "t"."relname" = 'enrollments') OR ("ns"."nspname" = 'public' AND "t"."relname" = 'faculties') OR ("ns"."nspname" = 'public' AND "t"."relname" = 'departments') OR ("ns"."nspname" = 'public' AND "t"."relname" = 'students') OR ("ns"."nspname" = 'public' AND "t"."relname" = 'users') OR ("ns"."nspname" = 'public' AND "t"."relname" = 'academic_terms') OR ("ns"."nspname" = 'public' AND "t"."relname" = 'teacher_profiles') OR ("ns"."nspname" = 'public' AND "t"."relname" = 'attendance'))

      at Function.logInfo (../src/platform/PlatformTools.ts:262:17)
          at async Promise.all (index 1)

    console.log
      query: SELECT "ns"."nspname" AS "table_schema", "t"."relname" AS "table_name", "i"."relname" AS "constraint_name", "a"."attname" AS "column_name", CASE "ix"."indisunique" WHEN 't' THEN 'TRUE' ELSE'FALSE' END AS "is_unique", pg_get_expr("ix"."indpred", "ix"."indrelid") AS "condition", "types"."typname" AS "type_name", "am"."amname" AS "index_type" FROM "pg_class" "t" INNER JOIN "pg_index" "ix" ON "ix"."indrelid" = "t"."oid" INNER JOIN "pg_attribute" "a" ON "a"."attrelid" = "t"."oid"  AND "a"."attnum" = ANY ("ix"."indkey") INNER JOIN "pg_namespace" "ns" ON "ns"."oid" = "t"."relnamespace" INNER JOIN "pg_class" "i" ON "i"."oid" = "ix"."indexrelid" INNER JOIN "pg_type" "types" ON "types"."oid" = "a"."atttypid" INNER JOIN "pg_am" "am" ON "i"."relam" = "am"."oid" LEFT JOIN "pg_constraint" "cnst" ON "cnst"."conname" = "i"."relname" WHERE "t"."relkind" IN ('r', 'p') AND "cnst"."contype" IS NULL AND (("ns"."nspname" = 'public' AND "t"."relname" = 'course_teachers') OR ("ns"."nspname" = 'public' AND "t"."relname" = 'classrooms') OR ("ns"."nspname" = 'public' AND "t"."relname" = 'schedules') OR ("ns"."nspname" = 'public' AND "t"."relname" = 'audit_logs') OR ("ns"."nspname" = 'public' AND "t"."relname" = 'course_prerequisites') OR ("ns"."nspname" = 'public' AND "t"."relname" = 'courses') OR ("ns"."nspname" = 'public' AND "t"."relname" = 'grades') OR ("ns"."nspname" = 'public' AND "t"."relname" = 'enrollments') OR ("ns"."nspname" = 'public' AND "t"."relname" = 'faculties') OR ("ns"."nspname" = 'public' AND "t"."relname" = 'departments') OR ("ns"."nspname" = 'public' AND "t"."relname" = 'students') OR ("ns"."nspname" = 'public' AND "t"."relname" = 'users') OR ("ns"."nspname" = 'public' AND "t"."relname" = 'academic_terms') OR ("ns"."nspname" = 'public' AND "t"."relname" = 'teacher_profiles') OR ("ns"."nspname" = 'public' AND "t"."relname" = 'attendance'))

      at Function.logInfo (../src/platform/PlatformTools.ts:262:17)
          at async Promise.all (index 2)

    console.log
      query: SELECT "con"."conname" AS "constraint_name", "con"."nspname" AS "table_schema", "con"."relname" AS "table_name", "att2"."attname" AS "column_name", "ns"."nspname" AS "referenced_table_schema", "cl"."relname" AS "referenced_table_name", "att"."attname" AS "referenced_column_name", "con"."confdeltype" AS "on_delete", "con"."confupdtype" AS "on_update", "con"."condeferrable" AS "deferrable", "con"."condeferred" AS "deferred" FROM ( SELECT UNNEST ("con1"."conkey") AS "parent", UNNEST ("con1"."confkey") AS "child", "con1"."confrelid", "con1"."conrelid", "con1"."conname", "con1"."contype", "ns"."nspname", "cl"."relname", "con1"."condeferrable", CASE WHEN "con1"."condeferred" THEN 'INITIALLY DEFERRED' ELSE 'INITIALLY IMMEDIATE' END as condeferred, CASE "con1"."confdeltype" WHEN 'a' THEN 'NO ACTION' WHEN 'r' THEN 'RESTRICT' WHEN 'c' THEN 'CASCADE' WHEN 'n' THEN 'SET NULL' WHEN 'd' THEN 'SET DEFAULT' END as "confdeltype", CASE "con1"."confupdtype" WHEN 'a' THEN 'NO ACTION' WHEN 'r' THEN 'RESTRICT' WHEN 'c' THEN 'CASCADE' WHEN 'n' THEN 'SET NULL' WHEN 'd' THEN 'SET DEFAULT' END as "confupdtype" FROM "pg_class" "cl" INNER JOIN "pg_namespace" "ns" ON "cl"."relnamespace" = "ns"."oid" INNER JOIN "pg_constraint" "con1" ON "con1"."conrelid" = "cl"."oid" WHERE "con1"."contype" = 'f' AND (("ns"."nspname" = 'public' AND "cl"."relname" = 'course_teachers') OR ("ns"."nspname" = 'public' AND "cl"."relname" = 'classrooms') OR ("ns"."nspname" = 'public' AND "cl"."relname" = 'schedules') OR ("ns"."nspname" = 'public' AND "cl"."relname" = 'audit_logs') OR ("ns"."nspname" = 'public' AND "cl"."relname" = 'course_prerequisites') OR ("ns"."nspname" = 'public' AND "cl"."relname" = 'courses') OR ("ns"."nspname" = 'public' AND "cl"."relname" = 'grades') OR ("ns"."nspname" = 'public' AND "cl"."relname" = 'enrollments') OR ("ns"."nspname" = 'public' AND "cl"."relname" = 'faculties') OR ("ns"."nspname" = 'public' AND "cl"."relname" = 'departments') OR ("ns"."nspname" = 'public' AND "cl"."relname" = 'students') OR ("ns"."nspname" = 'public' AND "cl"."relname" = 'users') OR ("ns"."nspname" = 'public' AND "cl"."relname" = 'academic_terms') OR ("ns"."nspname" = 'public' AND "cl"."relname" = 'teacher_profiles') OR ("ns"."nspname" = 'public' AND "cl"."relname" = 'attendance')) ) "con" INNER JOIN "pg_attribute" "att" ON "att"."attrelid" = "con"."confrelid" AND "att"."attnum" = "con"."child" INNER JOIN "pg_class" "cl" ON "cl"."oid" = "con"."confrelid"  AND "cl"."relispartition" = 'f'INNER JOIN "pg_namespace" "ns" ON "cl"."relnamespace" = "ns"."oid" INNER JOIN "pg_attribute" "att2" ON "att2"."attrelid" = "con"."conrelid" AND "att2"."attnum" = "con"."parent"

      at Function.logInfo (../src/platform/PlatformTools.ts:262:17)
          at async Promise.all (index 3)

    console.log
      query: SELECT "udt_schema", "udt_name" FROM "information_schema"."columns" WHERE "table_schema" = 'public' AND "table_name" = 'classrooms' AND "column_name"='type'

      at Function.logInfo (../src/platform/PlatformTools.ts:262:17)
          at async Promise.all (index 4)
          at async Promise.all (index 1)

    console.log
      query: SELECT "udt_schema", "udt_name" FROM "information_schema"."columns" WHERE "table_schema" = 'public' AND "table_name" = 'enrollments' AND "column_name"='status'

      at Function.logInfo (../src/platform/PlatformTools.ts:262:17)
          at async Promise.all (index 4)
          at async Promise.all (index 7)

    console.log
      query: SELECT "udt_schema", "udt_name" FROM "information_schema"."columns" WHERE "table_schema" = 'public' AND "table_name" = 'students' AND "column_name"='gender'

      at Function.logInfo (../src/platform/PlatformTools.ts:262:17)
          at async Promise.all (index 4)
          at async Promise.all (index 10)

    console.log
      query: SELECT "udt_schema", "udt_name" FROM "information_schema"."columns" WHERE "table_schema" = 'public' AND "table_name" = 'users' AND "column_name"='role'

      at Function.logInfo (../src/platform/PlatformTools.ts:262:17)
          at async Promise.all (index 4)
          at async Promise.all (index 11)

    console.log
      query: SELECT "udt_schema", "udt_name" FROM "information_schema"."columns" WHERE "table_schema" = 'public' AND "table_name" = 'teacher_profiles' AND "column_name"='rank'

      at Function.logInfo (../src/platform/PlatformTools.ts:262:17)
          at async Promise.all (index 2)
          at async Promise.all (index 13)

    console.log
      query: SELECT "udt_schema", "udt_name" FROM "information_schema"."columns" WHERE "table_schema" = 'public' AND "table_name" = 'attendance' AND "column_name"='status'

      at Function.logInfo (../src/platform/PlatformTools.ts:262:17)
          at async Promise.all (index 4)
          at async Promise.all (index 14)

    console.log
      query: SELECT "e"."enumlabel" AS "value" FROM "pg_enum" "e" INNER JOIN "pg_type" "t" ON "t"."oid" = "e"."enumtypid" INNER JOIN "pg_namespace" "n" ON "n"."oid" = "t"."typnamespace" WHERE "n"."nspname" = 'public' AND "t"."typname" = 'classrooms_type_enum'

      at Function.logInfo (../src/platform/PlatformTools.ts:262:17)
          at async Promise.all (index 4)
          at async Promise.all (index 1)

    console.log
      query: SELECT "e"."enumlabel" AS "value" FROM "pg_enum" "e" INNER JOIN "pg_type" "t" ON "t"."oid" = "e"."enumtypid" INNER JOIN "pg_namespace" "n" ON "n"."oid" = "t"."typnamespace" WHERE "n"."nspname" = 'public' AND "t"."typname" = 'enrollments_status_enum'

      at Function.logInfo (../src/platform/PlatformTools.ts:262:17)
          at async Promise.all (index 4)
          at async Promise.all (index 7)

    console.log
      query: SELECT "e"."enumlabel" AS "value" FROM "pg_enum" "e" INNER JOIN "pg_type" "t" ON "t"."oid" = "e"."enumtypid" INNER JOIN "pg_namespace" "n" ON "n"."oid" = "t"."typnamespace" WHERE "n"."nspname" = 'public' AND "t"."typname" = 'students_gender_enum'

      at Function.logInfo (../src/platform/PlatformTools.ts:262:17)
          at async Promise.all (index 4)
          at async Promise.all (index 10)

    console.log
      query: SELECT "e"."enumlabel" AS "value" FROM "pg_enum" "e" INNER JOIN "pg_type" "t" ON "t"."oid" = "e"."enumtypid" INNER JOIN "pg_namespace" "n" ON "n"."oid" = "t"."typnamespace" WHERE "n"."nspname" = 'public' AND "t"."typname" = 'users_role_enum'

      at Function.logInfo (../src/platform/PlatformTools.ts:262:17)
          at async Promise.all (index 4)
          at async Promise.all (index 11)

    console.log
      query: SELECT "e"."enumlabel" AS "value" FROM "pg_enum" "e" INNER JOIN "pg_type" "t" ON "t"."oid" = "e"."enumtypid" INNER JOIN "pg_namespace" "n" ON "n"."oid" = "t"."typnamespace" WHERE "n"."nspname" = 'public' AND "t"."typname" = 'teacher_profiles_rank_enum'

      at Function.logInfo (../src/platform/PlatformTools.ts:262:17)
          at async Promise.all (index 2)
          at async Promise.all (index 13)

    console.log
      query: SELECT "e"."enumlabel" AS "value" FROM "pg_enum" "e" INNER JOIN "pg_type" "t" ON "t"."oid" = "e"."enumtypid" INNER JOIN "pg_namespace" "n" ON "n"."oid" = "t"."typnamespace" WHERE "n"."nspname" = 'public' AND "t"."typname" = 'attendance_status_enum'

      at Function.logInfo (../src/platform/PlatformTools.ts:262:17)
          at async Promise.all (index 4)
          at async Promise.all (index 14)

    console.log
      query: SELECT * FROM "information_schema"."tables" WHERE "table_schema" = 'public' AND "table_name" = 'typeorm_metadata'

      at Function.logInfo (../src/platform/PlatformTools.ts:262:17)

    console.log
      query: ALTER TABLE "grades" ALTER COLUMN "weightage" SET DEFAULT '100.00'

      at Function.logInfo (../src/platform/PlatformTools.ts:262:17)

    console.log
      query: ALTER TABLE "enrollments" ALTER COLUMN "attendance_percentage" SET DEFAULT '100.00'

      at Function.logInfo (../src/platform/PlatformTools.ts:262:17)

    console.log
      query: ALTER TABLE "grades" ALTER COLUMN "weightage" SET DEFAULT '100.00'

      at Function.logInfo (../src/platform/PlatformTools.ts:262:17)

    console.log
      query: ALTER TABLE "enrollments" ALTER COLUMN "attendance_percentage" SET DEFAULT '100.00'

      at Function.logInfo (../src/platform/PlatformTools.ts:262:17)

    console.log
      query: COMMIT

      at Function.logInfo (../src/platform/PlatformTools.ts:262:17)

    console.log
      query: START TRANSACTION

      at Function.logInfo (../src/platform/PlatformTools.ts:262:17)

    console.log
      query: INSERT INTO "users"("email", "username", "password_hash", "role", "first_name", "last_name", "is_active", "refresh_token", "email_verified", "email_verification_token", "password_reset_token", "password_reset_expires", "failed_login_attempts", "locked_until", "last_failed_login", "created_at", "updated_at", "deleted_at") VALUES ($1, $2, $3, $4, $5, $6, $7, DEFAULT, $8, DEFAULT, DEFAULT, DEFAULT, DEFAULT, DEFAULT, DEFAULT, DEFAULT, DEFAULT, DEFAULT) RETURNING "id", "role", "is_active", "email_verified", "failed_login_attempts", "created_at", "updated_at", "deleted_at" -- PARAMETERS: ["terms_e2e_admin_1769682216572@test.com","terms_e2e_admin_1769682216572","$2b$10$WoUfDlGWe49/rjliv6C2qODtdvekyApUfVpYnD2mIBZ1Qe9B50ipq","admin","Testadmin","User",true,true]

      at Function.logInfo (../src/platform/PlatformTools.ts:262:17)

    console.log
      query: COMMIT

      at Function.logInfo (../src/platform/PlatformTools.ts:262:17)

    console.log
      query: SELECT "User"."id" AS "User_id", "User"."email" AS "User_email", "User"."username" AS "User_username", "User"."password_hash" AS "User_password_hash", "User"."role" AS "User_role", "User"."first_name" AS "User_first_name", "User"."last_name" AS "User_last_name", "User"."is_active" AS "User_is_active", "User"."refresh_token" AS "User_refresh_token", "User"."email_verified" AS "User_email_verified", "User"."email_verification_token" AS "User_email_verification_token", "User"."password_reset_token" AS "User_password_reset_token", "User"."password_reset_expires" AS "User_password_reset_expires", "User"."failed_login_attempts" AS "User_failed_login_attempts", "User"."locked_until" AS "User_locked_until", "User"."last_failed_login" AS "User_last_failed_login", "User"."created_at" AS "User_created_at", "User"."updated_at" AS "User_updated_at", "User"."deleted_at" AS "User_deleted_at" FROM "users" "User" WHERE ( (("User"."email" = $1)) ) AND ( "User"."deleted_at" IS NULL ) LIMIT 1 -- PARAMETERS: ["terms_e2e_admin_1769682216572@test.com"]

      at Function.logInfo (../src/platform/PlatformTools.ts:262:17)

    console.log
      query: UPDATE "users" SET "refresh_token" = $1, "updated_at" = CURRENT_TIMESTAMP WHERE "id" IN ($2) -- PARAMETERS: ["$2b$10$8PjhHSNTqzTM2TmCi8yh3ewg6eJcPsL/mvcEWc28Yiho18sDFl6w.",2003]

      at Function.logInfo (../src/platform/PlatformTools.ts:262:17)

    console.log
      query: START TRANSACTION

      at Function.logInfo (../src/platform/PlatformTools.ts:262:17)

    console.log
      query: INSERT INTO "users"("email", "username", "password_hash", "role", "first_name", "last_name", "is_active", "refresh_token", "email_verified", "email_verification_token", "password_reset_token", "password_reset_expires", "failed_login_attempts", "locked_until", "last_failed_login", "created_at", "updated_at", "deleted_at") VALUES ($1, $2, $3, $4, $5, $6, $7, DEFAULT, $8, DEFAULT, DEFAULT, DEFAULT, DEFAULT, DEFAULT, DEFAULT, DEFAULT, DEFAULT, DEFAULT) RETURNING "id", "role", "is_active", "email_verified", "failed_login_attempts", "created_at", "updated_at", "deleted_at" -- PARAMETERS: ["terms_e2e_teacher_1769682217393@test.com","terms_e2e_teacher_1769682217393","$2b$10$J8thk9klEMf47a1oy49GwurQ4mn8n9MaOwgnXzZ9CaMA03oPrlrJu","teacher","Testteacher","User",true,true]

      at Function.logInfo (../src/platform/PlatformTools.ts:262:17)

    console.log
      query: COMMIT

      at Function.logInfo (../src/platform/PlatformTools.ts:262:17)

    console.log
      query: SELECT "User"."id" AS "User_id", "User"."email" AS "User_email", "User"."username" AS "User_username", "User"."password_hash" AS "User_password_hash", "User"."role" AS "User_role", "User"."first_name" AS "User_first_name", "User"."last_name" AS "User_last_name", "User"."is_active" AS "User_is_active", "User"."refresh_token" AS "User_refresh_token", "User"."email_verified" AS "User_email_verified", "User"."email_verification_token" AS "User_email_verification_token", "User"."password_reset_token" AS "User_password_reset_token", "User"."password_reset_expires" AS "User_password_reset_expires", "User"."failed_login_attempts" AS "User_failed_login_attempts", "User"."locked_until" AS "User_locked_until", "User"."last_failed_login" AS "User_last_failed_login", "User"."created_at" AS "User_created_at", "User"."updated_at" AS "User_updated_at", "User"."deleted_at" AS "User_deleted_at" FROM "users" "User" WHERE ( (("User"."email" = $1)) ) AND ( "User"."deleted_at" IS NULL ) LIMIT 1 -- PARAMETERS: ["terms_e2e_teacher_1769682217393@test.com"]

      at Function.logInfo (../src/platform/PlatformTools.ts:262:17)

    console.log
      query: UPDATE "users" SET "refresh_token" = $1, "updated_at" = CURRENT_TIMESTAMP WHERE "id" IN ($2) -- PARAMETERS: ["$2b$10$Dk61F4ZlEuUYppNo8dcQRujsCL.UaGlqmVo/Ae3AUsBbZB/Vg8msa",2004]

      at Function.logInfo (../src/platform/PlatformTools.ts:262:17)

    console.log
      query: START TRANSACTION

      at Function.logInfo (../src/platform/PlatformTools.ts:262:17)

    console.log
      query: INSERT INTO "users"("email", "username", "password_hash", "role", "first_name", "last_name", "is_active", "refresh_token", "email_verified", "email_verification_token", "password_reset_token", "password_reset_expires", "failed_login_attempts", "locked_until", "last_failed_login", "created_at", "updated_at", "deleted_at") VALUES ($1, $2, $3, $4, $5, $6, $7, DEFAULT, $8, DEFAULT, DEFAULT, DEFAULT, DEFAULT, DEFAULT, DEFAULT, DEFAULT, DEFAULT, DEFAULT) RETURNING "id", "role", "is_active", "email_verified", "failed_login_attempts", "created_at", "updated_at", "deleted_at" -- PARAMETERS: ["terms_e2e_student_1769682218160@test.com","terms_e2e_student_1769682218160","$2b$10$3ocwxOLv3SwexLkYP8DxIe/A2bQNuPAS1Ght.RAw/rXlS3HbjZ0Gm","student","Teststudent","User",true,true]

      at Function.logInfo (../src/platform/PlatformTools.ts:262:17)

    console.log
      query: COMMIT

      at Function.logInfo (../src/platform/PlatformTools.ts:262:17)

    console.log
      query: SELECT "User"."id" AS "User_id", "User"."email" AS "User_email", "User"."username" AS "User_username", "User"."password_hash" AS "User_password_hash", "User"."role" AS "User_role", "User"."first_name" AS "User_first_name", "User"."last_name" AS "User_last_name", "User"."is_active" AS "User_is_active", "User"."refresh_token" AS "User_refresh_token", "User"."email_verified" AS "User_email_verified", "User"."email_verification_token" AS "User_email_verification_token", "User"."password_reset_token" AS "User_password_reset_token", "User"."password_reset_expires" AS "User_password_reset_expires", "User"."failed_login_attempts" AS "User_failed_login_attempts", "User"."locked_until" AS "User_locked_until", "User"."last_failed_login" AS "User_last_failed_login", "User"."created_at" AS "User_created_at", "User"."updated_at" AS "User_updated_at", "User"."deleted_at" AS "User_deleted_at" FROM "users" "User" WHERE ( (("User"."email" = $1)) ) AND ( "User"."deleted_at" IS NULL ) LIMIT 1 -- PARAMETERS: ["terms_e2e_student_1769682218160@test.com"]

      at Function.logInfo (../src/platform/PlatformTools.ts:262:17)

    console.log
      query: UPDATE "users" SET "refresh_token" = $1, "updated_at" = CURRENT_TIMESTAMP WHERE "id" IN ($2) -- PARAMETERS: ["$2b$10$KL8KZMDOuDnFczP77PHrv.G3vP2WaByLqvs6/rPdnZnuekog2GN9i",2005]

      at Function.logInfo (../src/platform/PlatformTools.ts:262:17)

    console.log
      query: SELECT "AcademicTerm"."id" AS "AcademicTerm_id", "AcademicTerm"."name" AS "AcademicTerm_name", "AcademicTerm"."start_date" AS "AcademicTerm_start_date", "AcademicTerm"."end_date" AS "AcademicTerm_end_date", "AcademicTerm"."is_active" AS "AcademicTerm_is_active", "AcademicTerm"."created_at" AS "AcademicTerm_created_at", "AcademicTerm"."updated_at" AS "AcademicTerm_updated_at", "AcademicTerm"."deleted_at" AS "AcademicTerm_deleted_at" FROM "academic_terms" "AcademicTerm" WHERE ( (("AcademicTerm"."name" = $1)) ) AND ( "AcademicTerm"."deleted_at" IS NULL ) LIMIT 1 -- PARAMETERS: ["terms_e2e Fall 1769682219010"]

      at Function.logInfo (../src/platform/PlatformTools.ts:262:17)

    console.log
      query: START TRANSACTION

      at Function.logInfo (../src/platform/PlatformTools.ts:262:17)

    console.log
      query: INSERT INTO "academic_terms"("name", "start_date", "end_date", "is_active", "created_at", "updated_at", "deleted_at") VALUES ($1, $2, $3, $4, DEFAULT, DEFAULT, DEFAULT) RETURNING "id", "is_active", "created_at", "updated_at", "deleted_at" -- PARAMETERS: ["terms_e2e Fall 1769682219010","2026-09-01","2026-12-31",false]

      at Function.logInfo (../src/platform/PlatformTools.ts:262:17)

    console.log
      query: COMMIT

      at Function.logInfo (../src/platform/PlatformTools.ts:262:17)

    console.log
      query: SELECT "AcademicTerm"."id" AS "AcademicTerm_id", "AcademicTerm"."name" AS "AcademicTerm_name", "AcademicTerm"."start_date" AS "AcademicTerm_start_date", "AcademicTerm"."end_date" AS "AcademicTerm_end_date", "AcademicTerm"."is_active" AS "AcademicTerm_is_active", "AcademicTerm"."created_at" AS "AcademicTerm_created_at", "AcademicTerm"."updated_at" AS "AcademicTerm_updated_at", "AcademicTerm"."deleted_at" AS "AcademicTerm_deleted_at" FROM "academic_terms" "AcademicTerm" WHERE ( (("AcademicTerm"."name" = $1)) ) AND ( "AcademicTerm"."deleted_at" IS NULL ) LIMIT 1 -- PARAMETERS: ["terms_e2e Invalid 1769682219065"]

      at Function.logInfo (../src/platform/PlatformTools.ts:262:17)

    console.log
      query: SELECT "AcademicTerm"."id" AS "AcademicTerm_id", "AcademicTerm"."name" AS "AcademicTerm_name", "AcademicTerm"."start_date" AS "AcademicTerm_start_date", "AcademicTerm"."end_date" AS "AcademicTerm_end_date", "AcademicTerm"."is_active" AS "AcademicTerm_is_active", "AcademicTerm"."created_at" AS "AcademicTerm_created_at", "AcademicTerm"."updated_at" AS "AcademicTerm_updated_at", "AcademicTerm"."deleted_at" AS "AcademicTerm_deleted_at" FROM "academic_terms" "AcademicTerm" WHERE ( (("AcademicTerm"."name" = $1)) ) AND ( "AcademicTerm"."deleted_at" IS NULL ) LIMIT 1 -- PARAMETERS: ["terms_e2e Duplicate Term 1769682219089"]

      at Function.logInfo (../src/platform/PlatformTools.ts:262:17)

    console.log
      query: START TRANSACTION

      at Function.logInfo (../src/platform/PlatformTools.ts:262:17)

    console.log
      query: INSERT INTO "academic_terms"("name", "start_date", "end_date", "is_active", "created_at", "updated_at", "deleted_at") VALUES ($1, $2, $3, $4, DEFAULT, DEFAULT, DEFAULT) RETURNING "id", "is_active", "created_at", "updated_at", "deleted_at" -- PARAMETERS: ["terms_e2e Duplicate Term 1769682219089","2026-01-01","2026-06-30",false]

      at Function.logInfo (../src/platform/PlatformTools.ts:262:17)

    console.log
      query: COMMIT

      at Function.logInfo (../src/platform/PlatformTools.ts:262:17)

    console.log
      query: SELECT "AcademicTerm"."id" AS "AcademicTerm_id", "AcademicTerm"."name" AS "AcademicTerm_name", "AcademicTerm"."start_date" AS "AcademicTerm_start_date", "AcademicTerm"."end_date" AS "AcademicTerm_end_date", "AcademicTerm"."is_active" AS "AcademicTerm_is_active", "AcademicTerm"."created_at" AS "AcademicTerm_created_at", "AcademicTerm"."updated_at" AS "AcademicTerm_updated_at", "AcademicTerm"."deleted_at" AS "AcademicTerm_deleted_at" FROM "academic_terms" "AcademicTerm" WHERE ( (("AcademicTerm"."name" = $1)) ) AND ( "AcademicTerm"."deleted_at" IS NULL ) LIMIT 1 -- PARAMETERS: ["terms_e2e Duplicate Term 1769682219089"]

      at Function.logInfo (../src/platform/PlatformTools.ts:262:17)

    console.log
      query: START TRANSACTION

      at Function.logInfo (../src/platform/PlatformTools.ts:262:17)

    console.log
      query: INSERT INTO "academic_terms"("name", "start_date", "end_date", "is_active", "created_at", "updated_at", "deleted_at") VALUES ($1, $2, $3, $4, DEFAULT, DEFAULT, DEFAULT) RETURNING "id", "is_active", "created_at", "updated_at", "deleted_at" -- PARAMETERS: ["terms_e2e Term 1769682219152","2026-01-01","2026-06-30",false]

      at Function.logInfo (../src/platform/PlatformTools.ts:262:17)

    console.log
      query: COMMIT

      at Function.logInfo (../src/platform/PlatformTools.ts:262:17)

    console.log
      query: START TRANSACTION

      at Function.logInfo (../src/platform/PlatformTools.ts:262:17)

    console.log
      query: INSERT INTO "academic_terms"("name", "start_date", "end_date", "is_active", "created_at", "updated_at", "deleted_at") VALUES ($1, $2, $3, $4, DEFAULT, DEFAULT, DEFAULT) RETURNING "id", "is_active", "created_at", "updated_at", "deleted_at" -- PARAMETERS: ["terms_e2e Term 1769682219161","2026-01-01","2026-06-30",false]

      at Function.logInfo (../src/platform/PlatformTools.ts:262:17)

    console.log
      query: COMMIT

      at Function.logInfo (../src/platform/PlatformTools.ts:262:17)

    console.log
      query: SELECT "AcademicTerm"."id" AS "AcademicTerm_id", "AcademicTerm"."name" AS "AcademicTerm_name", "AcademicTerm"."start_date" AS "AcademicTerm_start_date", "AcademicTerm"."end_date" AS "AcademicTerm_end_date", "AcademicTerm"."is_active" AS "AcademicTerm_is_active", "AcademicTerm"."created_at" AS "AcademicTerm_created_at", "AcademicTerm"."updated_at" AS "AcademicTerm_updated_at", "AcademicTerm"."deleted_at" AS "AcademicTerm_deleted_at" FROM "academic_terms" "AcademicTerm" WHERE "AcademicTerm"."deleted_at" IS NULL ORDER BY "AcademicTerm"."start_date" DESC LIMIT 10 OFFSET 0

      at Function.logInfo (../src/platform/PlatformTools.ts:262:17)

    console.log
      query: SELECT "AcademicTerm"."id" AS "AcademicTerm_id", "AcademicTerm"."name" AS "AcademicTerm_name", "AcademicTerm"."start_date" AS "AcademicTerm_start_date", "AcademicTerm"."end_date" AS "AcademicTerm_end_date", "AcademicTerm"."is_active" AS "AcademicTerm_is_active", "AcademicTerm"."created_at" AS "AcademicTerm_created_at", "AcademicTerm"."updated_at" AS "AcademicTerm_updated_at", "AcademicTerm"."deleted_at" AS "AcademicTerm_deleted_at" FROM "academic_terms" "AcademicTerm" WHERE "AcademicTerm"."deleted_at" IS NULL ORDER BY "AcademicTerm"."start_date" DESC LIMIT 10 OFFSET 0

      at Function.logInfo (../src/platform/PlatformTools.ts:262:17)

    console.log
      query: SELECT "AcademicTerm"."id" AS "AcademicTerm_id", "AcademicTerm"."name" AS "AcademicTerm_name", "AcademicTerm"."start_date" AS "AcademicTerm_start_date", "AcademicTerm"."end_date" AS "AcademicTerm_end_date", "AcademicTerm"."is_active" AS "AcademicTerm_is_active", "AcademicTerm"."created_at" AS "AcademicTerm_created_at", "AcademicTerm"."updated_at" AS "AcademicTerm_updated_at", "AcademicTerm"."deleted_at" AS "AcademicTerm_deleted_at" FROM "academic_terms" "AcademicTerm" WHERE "AcademicTerm"."deleted_at" IS NULL ORDER BY "AcademicTerm"."start_date" DESC LIMIT 10 OFFSET 0

      at Function.logInfo (../src/platform/PlatformTools.ts:262:17)

    console.log
      query: START TRANSACTION

      at Function.logInfo (../src/platform/PlatformTools.ts:262:17)

    console.log
      query: INSERT INTO "academic_terms"("name", "start_date", "end_date", "is_active", "created_at", "updated_at", "deleted_at") VALUES ($1, $2, $3, $4, DEFAULT, DEFAULT, DEFAULT) RETURNING "id", "is_active", "created_at", "updated_at", "deleted_at" -- PARAMETERS: ["terms_e2e Term 1769682219233","2026-01-01","2026-06-30",false]

      at Function.logInfo (../src/platform/PlatformTools.ts:262:17)

    console.log
      query: COMMIT

      at Function.logInfo (../src/platform/PlatformTools.ts:262:17)

    console.log
      query: SELECT "AcademicTerm"."id" AS "AcademicTerm_id", "AcademicTerm"."name" AS "AcademicTerm_name", "AcademicTerm"."start_date" AS "AcademicTerm_start_date", "AcademicTerm"."end_date" AS "AcademicTerm_end_date", "AcademicTerm"."is_active" AS "AcademicTerm_is_active", "AcademicTerm"."created_at" AS "AcademicTerm_created_at", "AcademicTerm"."updated_at" AS "AcademicTerm_updated_at", "AcademicTerm"."deleted_at" AS "AcademicTerm_deleted_at" FROM "academic_terms" "AcademicTerm" WHERE ( (("AcademicTerm"."id" = $1)) ) AND ( "AcademicTerm"."deleted_at" IS NULL ) LIMIT 1 -- PARAMETERS: [225]

      at Function.logInfo (../src/platform/PlatformTools.ts:262:17)

    console.log
      query: SELECT "AcademicTerm"."id" AS "AcademicTerm_id", "AcademicTerm"."name" AS "AcademicTerm_name", "AcademicTerm"."start_date" AS "AcademicTerm_start_date", "AcademicTerm"."end_date" AS "AcademicTerm_end_date", "AcademicTerm"."is_active" AS "AcademicTerm_is_active", "AcademicTerm"."created_at" AS "AcademicTerm_created_at", "AcademicTerm"."updated_at" AS "AcademicTerm_updated_at", "AcademicTerm"."deleted_at" AS "AcademicTerm_deleted_at" FROM "academic_terms" "AcademicTerm" WHERE ( (("AcademicTerm"."id" = $1)) ) AND ( "AcademicTerm"."deleted_at" IS NULL ) LIMIT 1 -- PARAMETERS: [999999]

      at Function.logInfo (../src/platform/PlatformTools.ts:262:17)

    console.log
      query: START TRANSACTION

      at Function.logInfo (../src/platform/PlatformTools.ts:262:17)

    console.log
      query: INSERT INTO "academic_terms"("name", "start_date", "end_date", "is_active", "created_at", "updated_at", "deleted_at") VALUES ($1, $2, $3, $4, DEFAULT, DEFAULT, DEFAULT) RETURNING "id", "is_active", "created_at", "updated_at", "deleted_at" -- PARAMETERS: ["terms_e2e Term 1769682219279","2026-01-01","2026-06-30",false]

      at Function.logInfo (../src/platform/PlatformTools.ts:262:17)

    console.log
      query: COMMIT

      at Function.logInfo (../src/platform/PlatformTools.ts:262:17)

    console.log
      query: SELECT "AcademicTerm"."id" AS "AcademicTerm_id", "AcademicTerm"."name" AS "AcademicTerm_name", "AcademicTerm"."start_date" AS "AcademicTerm_start_date", "AcademicTerm"."end_date" AS "AcademicTerm_end_date", "AcademicTerm"."is_active" AS "AcademicTerm_is_active", "AcademicTerm"."created_at" AS "AcademicTerm_created_at", "AcademicTerm"."updated_at" AS "AcademicTerm_updated_at", "AcademicTerm"."deleted_at" AS "AcademicTerm_deleted_at" FROM "academic_terms" "AcademicTerm" WHERE ( (("AcademicTerm"."id" = $1)) ) AND ( "AcademicTerm"."deleted_at" IS NULL ) LIMIT 1 -- PARAMETERS: [226]

      at Function.logInfo (../src/platform/PlatformTools.ts:262:17)

    console.log
      query: SELECT "AcademicTerm"."id" AS "AcademicTerm_id", "AcademicTerm"."name" AS "AcademicTerm_name", "AcademicTerm"."start_date" AS "AcademicTerm_start_date", "AcademicTerm"."end_date" AS "AcademicTerm_end_date", "AcademicTerm"."is_active" AS "AcademicTerm_is_active", "AcademicTerm"."created_at" AS "AcademicTerm_created_at", "AcademicTerm"."updated_at" AS "AcademicTerm_updated_at", "AcademicTerm"."deleted_at" AS "AcademicTerm_deleted_at" FROM "academic_terms" "AcademicTerm" WHERE ( (("AcademicTerm"."name" = $1)) ) AND ( "AcademicTerm"."deleted_at" IS NULL ) LIMIT 1 -- PARAMETERS: ["terms_e2e Updated Term"]

      at Function.logInfo (../src/platform/PlatformTools.ts:262:17)

    console.log
      query: UPDATE "academic_terms" SET "is_active" = $1, "updated_at" = CURRENT_TIMESTAMP WHERE "id" != $2 -- PARAMETERS: [false,226]

      at Function.logInfo (../src/platform/PlatformTools.ts:262:17)

    console.log
      query: SELECT "AcademicTerm"."id" AS "AcademicTerm_id", "AcademicTerm"."name" AS "AcademicTerm_name", "AcademicTerm"."start_date" AS "AcademicTerm_start_date", "AcademicTerm"."end_date" AS "AcademicTerm_end_date", "AcademicTerm"."is_active" AS "AcademicTerm_is_active", "AcademicTerm"."created_at" AS "AcademicTerm_created_at", "AcademicTerm"."updated_at" AS "AcademicTerm_updated_at", "AcademicTerm"."deleted_at" AS "AcademicTerm_deleted_at" FROM "academic_terms" "AcademicTerm" WHERE "AcademicTerm"."id" IN ($1) -- PARAMETERS: [226]

      at Function.logInfo (../src/platform/PlatformTools.ts:262:17)
          at async Promise.all (index 0)
          at async Promise.all (index 0)

    console.log
      query: START TRANSACTION

      at Function.logInfo (../src/platform/PlatformTools.ts:262:17)

    console.log
      query: UPDATE "academic_terms" SET "name" = $1, "is_active" = $2, "updated_at" = CURRENT_TIMESTAMP WHERE "id" IN ($3) RETURNING "updated_at" -- PARAMETERS: ["terms_e2e Updated Term",true,226]

      at Function.logInfo (../src/platform/PlatformTools.ts:262:17)
          at async Promise.all (index 0)

    console.log
      query: COMMIT

      at Function.logInfo (../src/platform/PlatformTools.ts:262:17)

    console.log
      query: START TRANSACTION

      at Function.logInfo (../src/platform/PlatformTools.ts:262:17)

    console.log
      query: INSERT INTO "academic_terms"("name", "start_date", "end_date", "is_active", "created_at", "updated_at", "deleted_at") VALUES ($1, $2, $3, $4, DEFAULT, DEFAULT, DEFAULT) RETURNING "id", "is_active", "created_at", "updated_at", "deleted_at" -- PARAMETERS: ["terms_e2e Term 1769682219357","2026-01-01","2026-06-30",false]

      at Function.logInfo (../src/platform/PlatformTools.ts:262:17)

    console.log
      query: COMMIT

      at Function.logInfo (../src/platform/PlatformTools.ts:262:17)

    console.log
      query: SELECT "AcademicTerm"."id" AS "AcademicTerm_id", "AcademicTerm"."name" AS "AcademicTerm_name", "AcademicTerm"."start_date" AS "AcademicTerm_start_date", "AcademicTerm"."end_date" AS "AcademicTerm_end_date", "AcademicTerm"."is_active" AS "AcademicTerm_is_active", "AcademicTerm"."created_at" AS "AcademicTerm_created_at", "AcademicTerm"."updated_at" AS "AcademicTerm_updated_at", "AcademicTerm"."deleted_at" AS "AcademicTerm_deleted_at" FROM "academic_terms" "AcademicTerm" WHERE ( (("AcademicTerm"."id" = $1)) ) AND ( "AcademicTerm"."deleted_at" IS NULL ) LIMIT 1 -- PARAMETERS: [227]

      at Function.logInfo (../src/platform/PlatformTools.ts:262:17)

    console.log
      query: SELECT "AcademicTerm"."id" AS "AcademicTerm_id", "AcademicTerm"."name" AS "AcademicTerm_name", "AcademicTerm"."start_date" AS "AcademicTerm_start_date", "AcademicTerm"."end_date" AS "AcademicTerm_end_date", "AcademicTerm"."is_active" AS "AcademicTerm_is_active", "AcademicTerm"."created_at" AS "AcademicTerm_created_at", "AcademicTerm"."updated_at" AS "AcademicTerm_updated_at", "AcademicTerm"."deleted_at" AS "AcademicTerm_deleted_at" FROM "academic_terms" "AcademicTerm" WHERE "AcademicTerm"."id" IN ($1) -- PARAMETERS: [227]

      at Function.logInfo (../src/platform/PlatformTools.ts:262:17)
          at async Promise.all (index 0)
          at async Promise.all (index 0)

    console.log
      query: START TRANSACTION

      at Function.logInfo (../src/platform/PlatformTools.ts:262:17)

    console.log
      query: UPDATE "academic_terms" SET "deleted_at" = CURRENT_TIMESTAMP, "updated_at" = CURRENT_TIMESTAMP WHERE "id" IN ($1) RETURNING "updated_at", "deleted_at" -- PARAMETERS: [227]

      at Function.logInfo (../src/platform/PlatformTools.ts:262:17)
          at async Promise.all (index 0)

    console.log
      query: COMMIT

      at Function.logInfo (../src/platform/PlatformTools.ts:262:17)

    console.log
      query: SELECT "AcademicTerm"."id" AS "AcademicTerm_id", "AcademicTerm"."name" AS "AcademicTerm_name", "AcademicTerm"."start_date" AS "AcademicTerm_start_date", "AcademicTerm"."end_date" AS "AcademicTerm_end_date", "AcademicTerm"."is_active" AS "AcademicTerm_is_active", "AcademicTerm"."created_at" AS "AcademicTerm_created_at", "AcademicTerm"."updated_at" AS "AcademicTerm_updated_at", "AcademicTerm"."deleted_at" AS "AcademicTerm_deleted_at" FROM "academic_terms" "AcademicTerm" WHERE ( (("AcademicTerm"."id" = $1)) ) AND ( "AcademicTerm"."deleted_at" IS NULL ) LIMIT 1 -- PARAMETERS: [227]

      at Function.logInfo (../src/platform/PlatformTools.ts:262:17)

    console.log
      query: START TRANSACTION

      at Function.logInfo (../src/platform/PlatformTools.ts:262:17)

    console.log
      query: INSERT INTO "academic_terms"("name", "start_date", "end_date", "is_active", "created_at", "updated_at", "deleted_at") VALUES ($1, $2, $3, $4, DEFAULT, DEFAULT, DEFAULT) RETURNING "id", "is_active", "created_at", "updated_at", "deleted_at" -- PARAMETERS: ["terms_e2e Term 1769682219421","2026-01-01","2026-06-30",false]

      at Function.logInfo (../src/platform/PlatformTools.ts:262:17)

    console.log
      query: COMMIT

      at Function.logInfo (../src/platform/PlatformTools.ts:262:17)

    console.log
      query: DELETE FROM "academic_terms" WHERE "name" LIKE $1 -- PARAMETERS: ["terms_e2e%"]

      at Function.logInfo (../src/platform/PlatformTools.ts:262:17)

    console.log
      query: DELETE FROM "users" WHERE "email" LIKE $1 -- PARAMETERS: ["terms_e2e_%@test.com"]

      at Function.logInfo (../src/platform/PlatformTools.ts:262:17)

PASS test/departments.e2e-spec.ts (10.136 s)
  ΓùÅ Console

    console.log
      query: SELECT version()

      at Function.logInfo (../src/platform/PlatformTools.ts:262:17)

    console.log
      query: SELECT * FROM current_schema()

      at Function.logInfo (../src/platform/PlatformTools.ts:262:17)

    console.log
      query: START TRANSACTION

      at Function.logInfo (../src/platform/PlatformTools.ts:262:17)

    console.log
      query: SELECT * FROM current_schema()

      at Function.logInfo (../src/platform/PlatformTools.ts:262:17)

    console.log
      query: SELECT * FROM current_database()

      at Function.logInfo (../src/platform/PlatformTools.ts:262:17)

    console.log
      query: SELECT "table_schema", "table_name", obj_description(('"' || "table_schema" || '"."' || "table_name" || '"')::regclass, 'pg_class') AS table_comment FROM "information_schema"."tables" WHERE ("table_schema" = 'public' AND "table_name" = 'grades') OR ("table_schema" = 'public' AND "table_name" = 'attendance') OR ("table_schema" = 'public' AND "table_name" = 'faculties') OR ("table_schema" = 'public' AND "table_name" = 'departments') OR ("table_schema" = 'public' AND "table_name" = 'courses') OR ("table_schema" = 'public' AND "table_name" = 'enrollments') OR ("table_schema" = 'public' AND "table_name" = 'students') OR ("table_schema" = 'public' AND "table_name" = 'users') OR ("table_schema" = 'public' AND "table_name" = 'academic_terms') OR ("table_schema" = 'public' AND "table_name" = 'classrooms') OR ("table_schema" = 'public' AND "table_name" = 'schedules') OR ("table_schema" = 'public' AND "table_name" = 'audit_logs') OR ("table_schema" = 'public' AND "table_name" = 'teacher_profiles') OR ("table_schema" = 'public' AND "table_name" = 'grades') OR ("table_schema" = 'public' AND "table_name" = 'attendance') OR ("table_schema" = 'public' AND "table_name" = 'faculties') OR ("table_schema" = 'public' AND "table_name" = 'departments') OR ("table_schema" = 'public' AND "table_name" = 'courses') OR ("table_schema" = 'public' AND "table_name" = 'enrollments') OR ("table_schema" = 'public' AND "table_name" = 'students') OR ("table_schema" = 'public' AND "table_name" = 'users') OR ("table_schema" = 'public' AND "table_name" = 'teacher_profiles') OR ("table_schema" = 'public' AND "table_name" = 'classrooms') OR ("table_schema" = 'public' AND "table_name" = 'schedules') OR ("table_schema" = 'public' AND "table_name" = 'audit_logs') OR ("table_schema" = 'public' AND "table_name" = 'academic_terms') OR ("table_schema" = 'public' AND "table_name" = 'course_teachers') OR ("table_schema" = 'public' AND "table_name" = 'course_prerequisites') OR ("table_schema" = 'public' AND "table_name" = 'course_teachers') OR ("table_schema" = 'public' AND "table_name" = 'course_prerequisites')

      at Function.logInfo (../src/platform/PlatformTools.ts:262:17)

    console.log
      query: SELECT TRUE FROM information_schema.columns WHERE table_name = 'pg_class' and column_name = 'relispartition'

      at Function.logInfo (../src/platform/PlatformTools.ts:262:17)

    console.log
      query: SELECT columns.*, pg_catalog.col_description(('"' || table_catalog || '"."' || table_schema || '"."' || table_name || '"')::regclass::oid, ordinal_position) AS description, ('"' || "udt_schema" || '"."' || "udt_name" || '"')::"regtype"::text AS "regtype", pg_catalog.format_type("col_attr"."atttypid", "col_attr"."atttypmod") AS "format_type" FROM "information_schema"."columns" LEFT JOIN "pg_catalog"."pg_attribute" AS "col_attr" ON "col_attr"."attname" = "columns"."column_name" AND "col_attr"."attrelid" = ( SELECT "cls"."oid" FROM "pg_catalog"."pg_class" AS "cls" LEFT JOIN "pg_catalog"."pg_namespace" AS "ns" ON "ns"."oid" = "cls"."relnamespace" WHERE "cls"."relname" = "columns"."table_name" AND "ns"."nspname" = "columns"."table_schema" ) WHERE ("table_schema" = 'public' AND "table_name" = 'course_teachers') OR ("table_schema" = 'public' AND "table_name" = 'classrooms') OR ("table_schema" = 'public' AND "table_name" = 'schedules') OR ("table_schema" = 'public' AND "table_name" = 'audit_logs') OR ("table_schema" = 'public' AND "table_name" = 'course_prerequisites') OR ("table_schema" = 'public' AND "table_name" = 'courses') OR ("table_schema" = 'public' AND "table_name" = 'grades') OR ("table_schema" = 'public' AND "table_name" = 'enrollments') OR ("table_schema" = 'public' AND "table_name" = 'faculties') OR ("table_schema" = 'public' AND "table_name" = 'departments') OR ("table_schema" = 'public' AND "table_name" = 'students') OR ("table_schema" = 'public' AND "table_name" = 'users') OR ("table_schema" = 'public' AND "table_name" = 'academic_terms') OR ("table_schema" = 'public' AND "table_name" = 'teacher_profiles') OR ("table_schema" = 'public' AND "table_name" = 'attendance')

      at Function.logInfo (../src/platform/PlatformTools.ts:262:17)
          at async Promise.all (index 0)

    console.log
      query: SELECT "ns"."nspname" AS "table_schema", "t"."relname" AS "table_name", "cnst"."conname" AS "constraint_name", pg_get_constraintdef("cnst"."oid") AS "expression", CASE "cnst"."contype" WHEN 'p' THEN 'PRIMARY' WHEN 'u' THEN 'UNIQUE' WHEN 'c' THEN 'CHECK' WHEN 'x' THEN 'EXCLUDE' END AS "constraint_type", "a"."attname" AS "column_name" FROM "pg_constraint" "cnst" INNER JOIN "pg_class" "t" ON "t"."oid" = "cnst"."conrelid" INNER JOIN "pg_namespace" "ns" ON "ns"."oid" = "cnst"."connamespace" LEFT JOIN "pg_attribute" "a" ON "a"."attrelid" = "cnst"."conrelid" AND "a"."attnum" = ANY ("cnst"."conkey") WHERE "t"."relkind" IN ('r', 'p') AND (("ns"."nspname" = 'public' AND "t"."relname" = 'course_teachers') OR ("ns"."nspname" = 'public' AND "t"."relname" = 'classrooms') OR ("ns"."nspname" = 'public' AND "t"."relname" = 'schedules') OR ("ns"."nspname" = 'public' AND "t"."relname" = 'audit_logs') OR ("ns"."nspname" = 'public' AND "t"."relname" = 'course_prerequisites') OR ("ns"."nspname" = 'public' AND "t"."relname" = 'courses') OR ("ns"."nspname" = 'public' AND "t"."relname" = 'grades') OR ("ns"."nspname" = 'public' AND "t"."relname" = 'enrollments') OR ("ns"."nspname" = 'public' AND "t"."relname" = 'faculties') OR ("ns"."nspname" = 'public' AND "t"."relname" = 'departments') OR ("ns"."nspname" = 'public' AND "t"."relname" = 'students') OR ("ns"."nspname" = 'public' AND "t"."relname" = 'users') OR ("ns"."nspname" = 'public' AND "t"."relname" = 'academic_terms') OR ("ns"."nspname" = 'public' AND "t"."relname" = 'teacher_profiles') OR ("ns"."nspname" = 'public' AND "t"."relname" = 'attendance'))

      at Function.logInfo (../src/platform/PlatformTools.ts:262:17)
          at async Promise.all (index 1)

    console.log
      query: SELECT "ns"."nspname" AS "table_schema", "t"."relname" AS "table_name", "i"."relname" AS "constraint_name", "a"."attname" AS "column_name", CASE "ix"."indisunique" WHEN 't' THEN 'TRUE' ELSE'FALSE' END AS "is_unique", pg_get_expr("ix"."indpred", "ix"."indrelid") AS "condition", "types"."typname" AS "type_name", "am"."amname" AS "index_type" FROM "pg_class" "t" INNER JOIN "pg_index" "ix" ON "ix"."indrelid" = "t"."oid" INNER JOIN "pg_attribute" "a" ON "a"."attrelid" = "t"."oid"  AND "a"."attnum" = ANY ("ix"."indkey") INNER JOIN "pg_namespace" "ns" ON "ns"."oid" = "t"."relnamespace" INNER JOIN "pg_class" "i" ON "i"."oid" = "ix"."indexrelid" INNER JOIN "pg_type" "types" ON "types"."oid" = "a"."atttypid" INNER JOIN "pg_am" "am" ON "i"."relam" = "am"."oid" LEFT JOIN "pg_constraint" "cnst" ON "cnst"."conname" = "i"."relname" WHERE "t"."relkind" IN ('r', 'p') AND "cnst"."contype" IS NULL AND (("ns"."nspname" = 'public' AND "t"."relname" = 'course_teachers') OR ("ns"."nspname" = 'public' AND "t"."relname" = 'classrooms') OR ("ns"."nspname" = 'public' AND "t"."relname" = 'schedules') OR ("ns"."nspname" = 'public' AND "t"."relname" = 'audit_logs') OR ("ns"."nspname" = 'public' AND "t"."relname" = 'course_prerequisites') OR ("ns"."nspname" = 'public' AND "t"."relname" = 'courses') OR ("ns"."nspname" = 'public' AND "t"."relname" = 'grades') OR ("ns"."nspname" = 'public' AND "t"."relname" = 'enrollments') OR ("ns"."nspname" = 'public' AND "t"."relname" = 'faculties') OR ("ns"."nspname" = 'public' AND "t"."relname" = 'departments') OR ("ns"."nspname" = 'public' AND "t"."relname" = 'students') OR ("ns"."nspname" = 'public' AND "t"."relname" = 'users') OR ("ns"."nspname" = 'public' AND "t"."relname" = 'academic_terms') OR ("ns"."nspname" = 'public' AND "t"."relname" = 'teacher_profiles') OR ("ns"."nspname" = 'public' AND "t"."relname" = 'attendance'))

      at Function.logInfo (../src/platform/PlatformTools.ts:262:17)
          at async Promise.all (index 2)

    console.log
      query: SELECT "con"."conname" AS "constraint_name", "con"."nspname" AS "table_schema", "con"."relname" AS "table_name", "att2"."attname" AS "column_name", "ns"."nspname" AS "referenced_table_schema", "cl"."relname" AS "referenced_table_name", "att"."attname" AS "referenced_column_name", "con"."confdeltype" AS "on_delete", "con"."confupdtype" AS "on_update", "con"."condeferrable" AS "deferrable", "con"."condeferred" AS "deferred" FROM ( SELECT UNNEST ("con1"."conkey") AS "parent", UNNEST ("con1"."confkey") AS "child", "con1"."confrelid", "con1"."conrelid", "con1"."conname", "con1"."contype", "ns"."nspname", "cl"."relname", "con1"."condeferrable", CASE WHEN "con1"."condeferred" THEN 'INITIALLY DEFERRED' ELSE 'INITIALLY IMMEDIATE' END as condeferred, CASE "con1"."confdeltype" WHEN 'a' THEN 'NO ACTION' WHEN 'r' THEN 'RESTRICT' WHEN 'c' THEN 'CASCADE' WHEN 'n' THEN 'SET NULL' WHEN 'd' THEN 'SET DEFAULT' END as "confdeltype", CASE "con1"."confupdtype" WHEN 'a' THEN 'NO ACTION' WHEN 'r' THEN 'RESTRICT' WHEN 'c' THEN 'CASCADE' WHEN 'n' THEN 'SET NULL' WHEN 'd' THEN 'SET DEFAULT' END as "confupdtype" FROM "pg_class" "cl" INNER JOIN "pg_namespace" "ns" ON "cl"."relnamespace" = "ns"."oid" INNER JOIN "pg_constraint" "con1" ON "con1"."conrelid" = "cl"."oid" WHERE "con1"."contype" = 'f' AND (("ns"."nspname" = 'public' AND "cl"."relname" = 'course_teachers') OR ("ns"."nspname" = 'public' AND "cl"."relname" = 'classrooms') OR ("ns"."nspname" = 'public' AND "cl"."relname" = 'schedules') OR ("ns"."nspname" = 'public' AND "cl"."relname" = 'audit_logs') OR ("ns"."nspname" = 'public' AND "cl"."relname" = 'course_prerequisites') OR ("ns"."nspname" = 'public' AND "cl"."relname" = 'courses') OR ("ns"."nspname" = 'public' AND "cl"."relname" = 'grades') OR ("ns"."nspname" = 'public' AND "cl"."relname" = 'enrollments') OR ("ns"."nspname" = 'public' AND "cl"."relname" = 'faculties') OR ("ns"."nspname" = 'public' AND "cl"."relname" = 'departments') OR ("ns"."nspname" = 'public' AND "cl"."relname" = 'students') OR ("ns"."nspname" = 'public' AND "cl"."relname" = 'users') OR ("ns"."nspname" = 'public' AND "cl"."relname" = 'academic_terms') OR ("ns"."nspname" = 'public' AND "cl"."relname" = 'teacher_profiles') OR ("ns"."nspname" = 'public' AND "cl"."relname" = 'attendance')) ) "con" INNER JOIN "pg_attribute" "att" ON "att"."attrelid" = "con"."confrelid" AND "att"."attnum" = "con"."child" INNER JOIN "pg_class" "cl" ON "cl"."oid" = "con"."confrelid"  AND "cl"."relispartition" = 'f'INNER JOIN "pg_namespace" "ns" ON "cl"."relnamespace" = "ns"."oid" INNER JOIN "pg_attribute" "att2" ON "att2"."attrelid" = "con"."conrelid" AND "att2"."attnum" = "con"."parent"

      at Function.logInfo (../src/platform/PlatformTools.ts:262:17)
          at async Promise.all (index 3)

    console.log
      query: SELECT "udt_schema", "udt_name" FROM "information_schema"."columns" WHERE "table_schema" = 'public' AND "table_name" = 'classrooms' AND "column_name"='type'

      at Function.logInfo (../src/platform/PlatformTools.ts:262:17)
          at async Promise.all (index 4)
          at async Promise.all (index 1)

    console.log
      query: SELECT "udt_schema", "udt_name" FROM "information_schema"."columns" WHERE "table_schema" = 'public' AND "table_name" = 'enrollments' AND "column_name"='status'

      at Function.logInfo (../src/platform/PlatformTools.ts:262:17)
          at async Promise.all (index 4)
          at async Promise.all (index 7)

    console.log
      query: SELECT "udt_schema", "udt_name" FROM "information_schema"."columns" WHERE "table_schema" = 'public' AND "table_name" = 'students' AND "column_name"='gender'

      at Function.logInfo (../src/platform/PlatformTools.ts:262:17)
          at async Promise.all (index 4)
          at async Promise.all (index 10)

    console.log
      query: SELECT "udt_schema", "udt_name" FROM "information_schema"."columns" WHERE "table_schema" = 'public' AND "table_name" = 'users' AND "column_name"='role'

      at Function.logInfo (../src/platform/PlatformTools.ts:262:17)
          at async Promise.all (index 4)
          at async Promise.all (index 11)

    console.log
      query: SELECT "udt_schema", "udt_name" FROM "information_schema"."columns" WHERE "table_schema" = 'public' AND "table_name" = 'teacher_profiles' AND "column_name"='rank'

      at Function.logInfo (../src/platform/PlatformTools.ts:262:17)
          at async Promise.all (index 2)
          at async Promise.all (index 13)

    console.log
      query: SELECT "udt_schema", "udt_name" FROM "information_schema"."columns" WHERE "table_schema" = 'public' AND "table_name" = 'attendance' AND "column_name"='status'

      at Function.logInfo (../src/platform/PlatformTools.ts:262:17)
          at async Promise.all (index 4)
          at async Promise.all (index 14)

    console.log
      query: SELECT "e"."enumlabel" AS "value" FROM "pg_enum" "e" INNER JOIN "pg_type" "t" ON "t"."oid" = "e"."enumtypid" INNER JOIN "pg_namespace" "n" ON "n"."oid" = "t"."typnamespace" WHERE "n"."nspname" = 'public' AND "t"."typname" = 'classrooms_type_enum'

      at Function.logInfo (../src/platform/PlatformTools.ts:262:17)
          at async Promise.all (index 4)
          at async Promise.all (index 1)

    console.log
      query: SELECT "e"."enumlabel" AS "value" FROM "pg_enum" "e" INNER JOIN "pg_type" "t" ON "t"."oid" = "e"."enumtypid" INNER JOIN "pg_namespace" "n" ON "n"."oid" = "t"."typnamespace" WHERE "n"."nspname" = 'public' AND "t"."typname" = 'enrollments_status_enum'

      at Function.logInfo (../src/platform/PlatformTools.ts:262:17)
          at async Promise.all (index 4)
          at async Promise.all (index 7)

    console.log
      query: SELECT "e"."enumlabel" AS "value" FROM "pg_enum" "e" INNER JOIN "pg_type" "t" ON "t"."oid" = "e"."enumtypid" INNER JOIN "pg_namespace" "n" ON "n"."oid" = "t"."typnamespace" WHERE "n"."nspname" = 'public' AND "t"."typname" = 'students_gender_enum'

      at Function.logInfo (../src/platform/PlatformTools.ts:262:17)
          at async Promise.all (index 4)
          at async Promise.all (index 10)

    console.log
      query: SELECT "e"."enumlabel" AS "value" FROM "pg_enum" "e" INNER JOIN "pg_type" "t" ON "t"."oid" = "e"."enumtypid" INNER JOIN "pg_namespace" "n" ON "n"."oid" = "t"."typnamespace" WHERE "n"."nspname" = 'public' AND "t"."typname" = 'users_role_enum'

      at Function.logInfo (../src/platform/PlatformTools.ts:262:17)
          at async Promise.all (index 4)
          at async Promise.all (index 11)

    console.log
      query: SELECT "e"."enumlabel" AS "value" FROM "pg_enum" "e" INNER JOIN "pg_type" "t" ON "t"."oid" = "e"."enumtypid" INNER JOIN "pg_namespace" "n" ON "n"."oid" = "t"."typnamespace" WHERE "n"."nspname" = 'public' AND "t"."typname" = 'teacher_profiles_rank_enum'

      at Function.logInfo (../src/platform/PlatformTools.ts:262:17)
          at async Promise.all (index 2)
          at async Promise.all (index 13)

    console.log
      query: SELECT "e"."enumlabel" AS "value" FROM "pg_enum" "e" INNER JOIN "pg_type" "t" ON "t"."oid" = "e"."enumtypid" INNER JOIN "pg_namespace" "n" ON "n"."oid" = "t"."typnamespace" WHERE "n"."nspname" = 'public' AND "t"."typname" = 'attendance_status_enum'

      at Function.logInfo (../src/platform/PlatformTools.ts:262:17)
          at async Promise.all (index 4)
          at async Promise.all (index 14)

    console.log
      query: SELECT * FROM "information_schema"."tables" WHERE "table_schema" = 'public' AND "table_name" = 'typeorm_metadata'

      at Function.logInfo (../src/platform/PlatformTools.ts:262:17)

    console.log
      query: ALTER TABLE "grades" ALTER COLUMN "weightage" SET DEFAULT '100.00'

      at Function.logInfo (../src/platform/PlatformTools.ts:262:17)

    console.log
      query: ALTER TABLE "enrollments" ALTER COLUMN "attendance_percentage" SET DEFAULT '100.00'

      at Function.logInfo (../src/platform/PlatformTools.ts:262:17)

    console.log
      query: ALTER TABLE "grades" ALTER COLUMN "weightage" SET DEFAULT '100.00'

      at Function.logInfo (../src/platform/PlatformTools.ts:262:17)

    console.log
      query: ALTER TABLE "enrollments" ALTER COLUMN "attendance_percentage" SET DEFAULT '100.00'

      at Function.logInfo (../src/platform/PlatformTools.ts:262:17)

    console.log
      query: COMMIT

      at Function.logInfo (../src/platform/PlatformTools.ts:262:17)

    console.log
      query: START TRANSACTION

      at Function.logInfo (../src/platform/PlatformTools.ts:262:17)

    console.log
      query: INSERT INTO "users"("email", "username", "password_hash", "role", "first_name", "last_name", "is_active", "refresh_token", "email_verified", "email_verification_token", "password_reset_token", "password_reset_expires", "failed_login_attempts", "locked_until", "last_failed_login", "created_at", "updated_at", "deleted_at") VALUES ($1, $2, $3, $4, $5, $6, $7, DEFAULT, $8, DEFAULT, DEFAULT, DEFAULT, DEFAULT, DEFAULT, DEFAULT, DEFAULT, DEFAULT, DEFAULT) RETURNING "id", "role", "is_active", "email_verified", "failed_login_attempts", "created_at", "updated_at", "deleted_at" -- PARAMETERS: ["depts_e2e_admin_1769682220741@test.com","depts_e2e_admin_1769682220741","$2b$10$pcyE4eAi1A2mprCI3ThpfeawWWclGyaBngbhLRD7ZlmV0Va/lFv3O","admin","Testadmin","User",true,true]

      at Function.logInfo (../src/platform/PlatformTools.ts:262:17)

    console.log
      query: COMMIT

      at Function.logInfo (../src/platform/PlatformTools.ts:262:17)

    console.log
      query: SELECT "User"."id" AS "User_id", "User"."email" AS "User_email", "User"."username" AS "User_username", "User"."password_hash" AS "User_password_hash", "User"."role" AS "User_role", "User"."first_name" AS "User_first_name", "User"."last_name" AS "User_last_name", "User"."is_active" AS "User_is_active", "User"."refresh_token" AS "User_refresh_token", "User"."email_verified" AS "User_email_verified", "User"."email_verification_token" AS "User_email_verification_token", "User"."password_reset_token" AS "User_password_reset_token", "User"."password_reset_expires" AS "User_password_reset_expires", "User"."failed_login_attempts" AS "User_failed_login_attempts", "User"."locked_until" AS "User_locked_until", "User"."last_failed_login" AS "User_last_failed_login", "User"."created_at" AS "User_created_at", "User"."updated_at" AS "User_updated_at", "User"."deleted_at" AS "User_deleted_at" FROM "users" "User" WHERE ( (("User"."email" = $1)) ) AND ( "User"."deleted_at" IS NULL ) LIMIT 1 -- PARAMETERS: ["depts_e2e_admin_1769682220741@test.com"]

      at Function.logInfo (../src/platform/PlatformTools.ts:262:17)

    console.log
      query: UPDATE "users" SET "refresh_token" = $1, "updated_at" = CURRENT_TIMESTAMP WHERE "id" IN ($2) -- PARAMETERS: ["$2b$10$PsVSCa/ifNal/LnwcTwq3uHI7tsJQKeeegIioqZaXY5Nb2PM9c5YC",2006]

      at Function.logInfo (../src/platform/PlatformTools.ts:262:17)

    console.log
      query: START TRANSACTION

      at Function.logInfo (../src/platform/PlatformTools.ts:262:17)

    console.log
      query: INSERT INTO "users"("email", "username", "password_hash", "role", "first_name", "last_name", "is_active", "refresh_token", "email_verified", "email_verification_token", "password_reset_token", "password_reset_expires", "failed_login_attempts", "locked_until", "last_failed_login", "created_at", "updated_at", "deleted_at") VALUES ($1, $2, $3, $4, $5, $6, $7, DEFAULT, $8, DEFAULT, DEFAULT, DEFAULT, DEFAULT, DEFAULT, DEFAULT, DEFAULT, DEFAULT, DEFAULT) RETURNING "id", "role", "is_active", "email_verified", "failed_login_attempts", "created_at", "updated_at", "deleted_at" -- PARAMETERS: ["depts_e2e_teacher_1769682221686@test.com","depts_e2e_teacher_1769682221686","$2b$10$uuqn8/v5QSAx4MexTVtxiumaXbmHtQrOLqa432sD4yxnJ80I6zYX6","teacher","Testteacher","User",true,true]

      at Function.logInfo (../src/platform/PlatformTools.ts:262:17)

    console.log
      query: COMMIT

      at Function.logInfo (../src/platform/PlatformTools.ts:262:17)

    console.log
      query: SELECT "User"."id" AS "User_id", "User"."email" AS "User_email", "User"."username" AS "User_username", "User"."password_hash" AS "User_password_hash", "User"."role" AS "User_role", "User"."first_name" AS "User_first_name", "User"."last_name" AS "User_last_name", "User"."is_active" AS "User_is_active", "User"."refresh_token" AS "User_refresh_token", "User"."email_verified" AS "User_email_verified", "User"."email_verification_token" AS "User_email_verification_token", "User"."password_reset_token" AS "User_password_reset_token", "User"."password_reset_expires" AS "User_password_reset_expires", "User"."failed_login_attempts" AS "User_failed_login_attempts", "User"."locked_until" AS "User_locked_until", "User"."last_failed_login" AS "User_last_failed_login", "User"."created_at" AS "User_created_at", "User"."updated_at" AS "User_updated_at", "User"."deleted_at" AS "User_deleted_at" FROM "users" "User" WHERE ( (("User"."email" = $1)) ) AND ( "User"."deleted_at" IS NULL ) LIMIT 1 -- PARAMETERS: ["depts_e2e_teacher_1769682221686@test.com"]

      at Function.logInfo (../src/platform/PlatformTools.ts:262:17)

    console.log
      query: UPDATE "users" SET "refresh_token" = $1, "updated_at" = CURRENT_TIMESTAMP WHERE "id" IN ($2) -- PARAMETERS: ["$2b$10$u3IX5sM2k/b.zxL8Y6P6M.c.xcS32Q6lBJFeXD74wggKLNm5TbJlG",2010]

      at Function.logInfo (../src/platform/PlatformTools.ts:262:17)

    console.log
      query: START TRANSACTION

      at Function.logInfo (../src/platform/PlatformTools.ts:262:17)

    console.log
      query: INSERT INTO "users"("email", "username", "password_hash", "role", "first_name", "last_name", "is_active", "refresh_token", "email_verified", "email_verification_token", "password_reset_token", "password_reset_expires", "failed_login_attempts", "locked_until", "last_failed_login", "created_at", "updated_at", "deleted_at") VALUES ($1, $2, $3, $4, $5, $6, $7, DEFAULT, $8, DEFAULT, DEFAULT, DEFAULT, DEFAULT, DEFAULT, DEFAULT, DEFAULT, DEFAULT, DEFAULT) RETURNING "id", "role", "is_active", "email_verified", "failed_login_attempts", "created_at", "updated_at", "deleted_at" -- PARAMETERS: ["depts_e2e_student_1769682222322@test.com","depts_e2e_student_1769682222322","$2b$10$UZdkYcbEf4RKK9MW033K.OVCZRemXE5PG1wpELkn0oQ19vaApQn2u","student","Teststudent","User",true,true]

      at Function.logInfo (../src/platform/PlatformTools.ts:262:17)

    console.log
      query: COMMIT

      at Function.logInfo (../src/platform/PlatformTools.ts:262:17)

    console.log
      query: SELECT "User"."id" AS "User_id", "User"."email" AS "User_email", "User"."username" AS "User_username", "User"."password_hash" AS "User_password_hash", "User"."role" AS "User_role", "User"."first_name" AS "User_first_name", "User"."last_name" AS "User_last_name", "User"."is_active" AS "User_is_active", "User"."refresh_token" AS "User_refresh_token", "User"."email_verified" AS "User_email_verified", "User"."email_verification_token" AS "User_email_verification_token", "User"."password_reset_token" AS "User_password_reset_token", "User"."password_reset_expires" AS "User_password_reset_expires", "User"."failed_login_attempts" AS "User_failed_login_attempts", "User"."locked_until" AS "User_locked_until", "User"."last_failed_login" AS "User_last_failed_login", "User"."created_at" AS "User_created_at", "User"."updated_at" AS "User_updated_at", "User"."deleted_at" AS "User_deleted_at" FROM "users" "User" WHERE ( (("User"."email" = $1)) ) AND ( "User"."deleted_at" IS NULL ) LIMIT 1 -- PARAMETERS: ["depts_e2e_student_1769682222322@test.com"]

      at Function.logInfo (../src/platform/PlatformTools.ts:262:17)

    console.log
      query: UPDATE "users" SET "refresh_token" = $1, "updated_at" = CURRENT_TIMESTAMP WHERE "id" IN ($2) -- PARAMETERS: ["$2b$10$hsSS82EhnCC.aa4y5BvoTukdSm0Pv/aOlRrblhPDI1VgA0cI0d7x2",2011]

      at Function.logInfo (../src/platform/PlatformTools.ts:262:17)

    console.log
      query: START TRANSACTION

      at Function.logInfo (../src/platform/PlatformTools.ts:262:17)

    console.log
      query: INSERT INTO "faculties"("name", "code", "created_at", "updated_at", "deleted_at", "deanId") VALUES ($1, $2, DEFAULT, DEFAULT, DEFAULT, DEFAULT) RETURNING "id", "created_at", "updated_at", "deleted_at" -- PARAMETERS: ["depts_e2e Faculty 1769682222914","DE2914"]

      at Function.logInfo (../src/platform/PlatformTools.ts:262:17)

    console.log
      query: COMMIT

      at Function.logInfo (../src/platform/PlatformTools.ts:262:17)

    console.log
      query: SELECT "Department"."id" AS "Department_id", "Department"."name" AS "Department_name", "Department"."code" AS "Department_code", "Department"."created_at" AS "Department_created_at", "Department"."updated_at" AS "Department_updated_at", "Department"."deleted_at" AS "Department_deleted_at", "Department"."facultyId" AS "Department_facultyId" FROM "departments" "Department" WHERE ( (("Department"."name" = $1)) ) AND ( "Department"."deleted_at" IS NULL ) LIMIT 1 -- PARAMETERS: ["depts_e2e Department 1769682222932"]

      at Function.logInfo (../src/platform/PlatformTools.ts:262:17)

    console.log
      query: SELECT "Department"."id" AS "Department_id", "Department"."name" AS "Department_name", "Department"."code" AS "Department_code", "Department"."created_at" AS "Department_created_at", "Department"."updated_at" AS "Department_updated_at", "Department"."deleted_at" AS "Department_deleted_at", "Department"."facultyId" AS "Department_facultyId" FROM "departments" "Department" WHERE ( (("Department"."code" = $1)) ) AND ( "Department"."deleted_at" IS NULL ) LIMIT 1 -- PARAMETERS: ["DED932"]

      at Function.logInfo (../src/platform/PlatformTools.ts:262:17)

    console.log
      query: SELECT "Faculty"."id" AS "Faculty_id", "Faculty"."name" AS "Faculty_name", "Faculty"."code" AS "Faculty_code", "Faculty"."created_at" AS "Faculty_created_at", "Faculty"."updated_at" AS "Faculty_updated_at", "Faculty"."deleted_at" AS "Faculty_deleted_at", "Faculty"."deanId" AS "Faculty_deanId" FROM "faculties" "Faculty" WHERE ( (("Faculty"."id" = $1)) ) AND ( "Faculty"."deleted_at" IS NULL ) LIMIT 1 -- PARAMETERS: [277]

      at Function.logInfo (../src/platform/PlatformTools.ts:262:17)

    console.log
      query: START TRANSACTION

      at Function.logInfo (../src/platform/PlatformTools.ts:262:17)

    console.log
      query: INSERT INTO "departments"("name", "code", "created_at", "updated_at", "deleted_at", "facultyId") VALUES ($1, $2, DEFAULT, DEFAULT, DEFAULT, $3) RETURNING "id", "created_at", "updated_at", "deleted_at" -- PARAMETERS: ["depts_e2e Department 1769682222932","DED932",277]

      at Function.logInfo (../src/platform/PlatformTools.ts:262:17)

    console.log
      query: COMMIT

      at Function.logInfo (../src/platform/PlatformTools.ts:262:17)

    console.log
      query: SELECT "Department"."id" AS "Department_id", "Department"."name" AS "Department_name", "Department"."code" AS "Department_code", "Department"."created_at" AS "Department_created_at", "Department"."updated_at" AS "Department_updated_at", "Department"."deleted_at" AS "Department_deleted_at", "Department"."facultyId" AS "Department_facultyId" FROM "departments" "Department" WHERE ( (("Department"."name" = $1)) ) AND ( "Department"."deleted_at" IS NULL ) LIMIT 1 -- PARAMETERS: ["depts_e2e First Dept 1769682223004"]

      at Function.logInfo (../src/platform/PlatformTools.ts:262:17)

    console.log
      query: SELECT "Department"."id" AS "Department_id", "Department"."name" AS "Department_name", "Department"."code" AS "Department_code", "Department"."created_at" AS "Department_created_at", "Department"."updated_at" AS "Department_updated_at", "Department"."deleted_at" AS "Department_deleted_at", "Department"."facultyId" AS "Department_facultyId" FROM "departments" "Department" WHERE ( (("Department"."code" = $1)) ) AND ( "Department"."deleted_at" IS NULL ) LIMIT 1 -- PARAMETERS: ["DED004"]

      at Function.logInfo (../src/platform/PlatformTools.ts:262:17)

    console.log
      query: SELECT "Faculty"."id" AS "Faculty_id", "Faculty"."name" AS "Faculty_name", "Faculty"."code" AS "Faculty_code", "Faculty"."created_at" AS "Faculty_created_at", "Faculty"."updated_at" AS "Faculty_updated_at", "Faculty"."deleted_at" AS "Faculty_deleted_at", "Faculty"."deanId" AS "Faculty_deanId" FROM "faculties" "Faculty" WHERE ( (("Faculty"."id" = $1)) ) AND ( "Faculty"."deleted_at" IS NULL ) LIMIT 1 -- PARAMETERS: [277]

      at Function.logInfo (../src/platform/PlatformTools.ts:262:17)

    console.log
      query: START TRANSACTION

      at Function.logInfo (../src/platform/PlatformTools.ts:262:17)

    console.log
      query: INSERT INTO "departments"("name", "code", "created_at", "updated_at", "deleted_at", "facultyId") VALUES ($1, $2, DEFAULT, DEFAULT, DEFAULT, $3) RETURNING "id", "created_at", "updated_at", "deleted_at" -- PARAMETERS: ["depts_e2e First Dept 1769682223004","DED004",277]

      at Function.logInfo (../src/platform/PlatformTools.ts:262:17)

    console.log
      query: COMMIT

      at Function.logInfo (../src/platform/PlatformTools.ts:262:17)

    console.log
      query: SELECT "Department"."id" AS "Department_id", "Department"."name" AS "Department_name", "Department"."code" AS "Department_code", "Department"."created_at" AS "Department_created_at", "Department"."updated_at" AS "Department_updated_at", "Department"."deleted_at" AS "Department_deleted_at", "Department"."facultyId" AS "Department_facultyId" FROM "departments" "Department" WHERE ( (("Department"."name" = $1)) ) AND ( "Department"."deleted_at" IS NULL ) LIMIT 1 -- PARAMETERS: ["depts_e2e Second Dept 1769682223004"]

      at Function.logInfo (../src/platform/PlatformTools.ts:262:17)

    console.log
      query: SELECT "Department"."id" AS "Department_id", "Department"."name" AS "Department_name", "Department"."code" AS "Department_code", "Department"."created_at" AS "Department_created_at", "Department"."updated_at" AS "Department_updated_at", "Department"."deleted_at" AS "Department_deleted_at", "Department"."facultyId" AS "Department_facultyId" FROM "departments" "Department" WHERE ( (("Department"."code" = $1)) ) AND ( "Department"."deleted_at" IS NULL ) LIMIT 1 -- PARAMETERS: ["DED004"]

      at Function.logInfo (../src/platform/PlatformTools.ts:262:17)

    console.log
      query: SELECT "Department"."id" AS "Department_id", "Department"."name" AS "Department_name", "Department"."code" AS "Department_code", "Department"."created_at" AS "Department_created_at", "Department"."updated_at" AS "Department_updated_at", "Department"."deleted_at" AS "Department_deleted_at", "Department"."facultyId" AS "Department_facultyId" FROM "departments" "Department" WHERE ( (("Department"."name" = $1)) ) AND ( "Department"."deleted_at" IS NULL ) LIMIT 1 -- PARAMETERS: ["depts_e2e Invalid Faculty Dept"]

      at Function.logInfo (../src/platform/PlatformTools.ts:262:17)

    console.log
      query: SELECT "Department"."id" AS "Department_id", "Department"."name" AS "Department_name", "Department"."code" AS "Department_code", "Department"."created_at" AS "Department_created_at", "Department"."updated_at" AS "Department_updated_at", "Department"."deleted_at" AS "Department_deleted_at", "Department"."facultyId" AS "Department_facultyId" FROM "departments" "Department" WHERE ( (("Department"."code" = $1)) ) AND ( "Department"."deleted_at" IS NULL ) LIMIT 1 -- PARAMETERS: ["DED074"]

      at Function.logInfo (../src/platform/PlatformTools.ts:262:17)

    console.log
      query: SELECT "Faculty"."id" AS "Faculty_id", "Faculty"."name" AS "Faculty_name", "Faculty"."code" AS "Faculty_code", "Faculty"."created_at" AS "Faculty_created_at", "Faculty"."updated_at" AS "Faculty_updated_at", "Faculty"."deleted_at" AS "Faculty_deleted_at", "Faculty"."deanId" AS "Faculty_deanId" FROM "faculties" "Faculty" WHERE ( (("Faculty"."id" = $1)) ) AND ( "Faculty"."deleted_at" IS NULL ) LIMIT 1 -- PARAMETERS: [999999]

      at Function.logInfo (../src/platform/PlatformTools.ts:262:17)

    console.log
      query: START TRANSACTION

      at Function.logInfo (../src/platform/PlatformTools.ts:262:17)

    console.log
      query: INSERT INTO "departments"("name", "code", "created_at", "updated_at", "deleted_at", "facultyId") VALUES ($1, $2, DEFAULT, DEFAULT, DEFAULT, $3) RETURNING "id", "created_at", "updated_at", "deleted_at" -- PARAMETERS: ["depts_e2e Department 1769682223114","DED114",277]

      at Function.logInfo (../src/platform/PlatformTools.ts:262:17)

    console.log
      query: COMMIT

      at Function.logInfo (../src/platform/PlatformTools.ts:262:17)

    console.log
      query: START TRANSACTION

      at Function.logInfo (../src/platform/PlatformTools.ts:262:17)

    console.log
      query: INSERT INTO "departments"("name", "code", "created_at", "updated_at", "deleted_at", "facultyId") VALUES ($1, $2, DEFAULT, DEFAULT, DEFAULT, $3) RETURNING "id", "created_at", "updated_at", "deleted_at" -- PARAMETERS: ["depts_e2e Department 1769682223122","DED122",277]

      at Function.logInfo (../src/platform/PlatformTools.ts:262:17)

    console.log
      query: COMMIT

      at Function.logInfo (../src/platform/PlatformTools.ts:262:17)

    console.log
      query: SELECT DISTINCT "distinctAlias"."Department_id" AS "ids_Department_id", "distinctAlias"."Department_id" FROM (SELECT "Department"."id" AS "Department_id", "Department"."name" AS "Department_name", "Department"."code" AS "Department_code", "Department"."created_at" AS "Department_created_at", "Department"."updated_at" AS "Department_updated_at", "Department"."deleted_at" AS "Department_deleted_at", "Department"."facultyId" AS "Department_facultyId", "Department__Department_faculty"."id" AS "Department__Department_faculty_id", "Department__Department_faculty"."name" AS "Department__Department_faculty_name", "Department__Department_faculty"."code" AS "Department__Department_faculty_code", "Department__Department_faculty"."created_at" AS "Department__Department_faculty_created_at", "Department__Department_faculty"."updated_at" AS "Department__Department_faculty_updated_at", "Department__Department_faculty"."deleted_at" AS "Department__Department_faculty_deleted_at", "Department__Department_faculty"."deanId" AS "Department__Department_faculty_deanId", "Department__Department_students"."id" AS "Department__Department_students_id", "Department__Department_students"."user_id" AS "Department__Department_students_user_id", "Department__Department_students"."student_id" AS "Department__Department_students_student_id", "Department__Department_students"."date_of_birth" AS "Department__Department_students_date_of_birth", "Department__Department_students"."gender" AS "Department__Department_students_gender", "Department__Department_students"."address" AS "Department__Department_students_address", "Department__Department_students"."phone" AS "Department__Department_students_phone", "Department__Department_students"."emergency_contact" AS "Department__Department_students_emergency_contact", "Department__Department_students"."enrollment_date" AS "Department__Department_students_enrollment_date", "Department__Department_students"."department_id" AS "Department__Department_students_department_id", "Department__Department_students"."semester" AS "Department__Department_students_semester", "Department__Department_students"."created_at" AS "Department__Department_students_created_at", "Department__Department_students"."updated_at" AS "Department__Department_students_updated_at", "Department__Department_students"."deleted_at" AS "Department__Department_students_deleted_at" FROM "departments" "Department" LEFT JOIN "faculties" "Department__Department_faculty" ON "Department__Department_faculty"."id"="Department"."facultyId" AND ("Department__Department_faculty"."deleted_at" IS NULL)  LEFT JOIN "students" "Department__Department_students" ON "Department__Department_students"."department_id"="Department"."id" AND ("Department__Department_students"."deleted_at" IS NULL) WHERE "Department"."deleted_at" IS NULL) "distinctAlias" ORDER BY "distinctAlias"."Department_id" DESC, "Department_id" ASC LIMIT 10 OFFSET 0

      at Function.logInfo (../src/platform/PlatformTools.ts:262:17)

    console.log
      query: SELECT "Department"."id" AS "Department_id", "Department"."name" AS "Department_name", "Department"."code" AS "Department_code", "Department"."created_at" AS "Department_created_at", "Department"."updated_at" AS "Department_updated_at", "Department"."deleted_at" AS "Department_deleted_at", "Department"."facultyId" AS "Department_facultyId", "Department__Department_faculty"."id" AS "Department__Department_faculty_id", "Department__Department_faculty"."name" AS "Department__Department_faculty_name", "Department__Department_faculty"."code" AS "Department__Department_faculty_code", "Department__Department_faculty"."created_at" AS "Department__Department_faculty_created_at", "Department__Department_faculty"."updated_at" AS "Department__Department_faculty_updated_at", "Department__Department_faculty"."deleted_at" AS "Department__Department_faculty_deleted_at", "Department__Department_faculty"."deanId" AS "Department__Department_faculty_deanId", "Department__Department_students"."id" AS "Department__Department_students_id", "Department__Department_students"."user_id" AS "Department__Department_students_user_id", "Department__Department_students"."student_id" AS "Department__Department_students_student_id", "Department__Department_students"."date_of_birth" AS "Department__Department_students_date_of_birth", "Department__Department_students"."gender" AS "Department__Department_students_gender", "Department__Department_students"."address" AS "Department__Department_students_address", "Department__Department_students"."phone" AS "Department__Department_students_phone", "Department__Department_students"."emergency_contact" AS "Department__Department_students_emergency_contact", "Department__Department_students"."enrollment_date" AS "Department__Department_students_enrollment_date", "Department__Department_students"."department_id" AS "Department__Department_students_department_id", "Department__Department_students"."semester" AS "Department__Department_students_semester", "Department__Department_students"."created_at" AS "Department__Department_students_created_at", "Department__Department_students"."updated_at" AS "Department__Department_students_updated_at", "Department__Department_students"."deleted_at" AS "Department__Department_students_deleted_at" FROM "departments" "Department" LEFT JOIN "faculties" "Department__Department_faculty" ON "Department__Department_faculty"."id"="Department"."facultyId" AND ("Department__Department_faculty"."deleted_at" IS NULL)  LEFT JOIN "students" "Department__Department_students" ON "Department__Department_students"."department_id"="Department"."id" AND ("Department__Department_students"."deleted_at" IS NULL) WHERE ( "Department"."deleted_at" IS NULL ) AND ( "Department"."id" IN (212, 211, 210, 209) ) ORDER BY "Department"."id" DESC

      at Function.logInfo (../src/platform/PlatformTools.ts:262:17)

    console.log
      query: SELECT DISTINCT "distinctAlias"."Department_id" AS "ids_Department_id", "distinctAlias"."Department_id" FROM (SELECT "Department"."id" AS "Department_id", "Department"."name" AS "Department_name", "Department"."code" AS "Department_code", "Department"."created_at" AS "Department_created_at", "Department"."updated_at" AS "Department_updated_at", "Department"."deleted_at" AS "Department_deleted_at", "Department"."facultyId" AS "Department_facultyId", "Department__Department_faculty"."id" AS "Department__Department_faculty_id", "Department__Department_faculty"."name" AS "Department__Department_faculty_name", "Department__Department_faculty"."code" AS "Department__Department_faculty_code", "Department__Department_faculty"."created_at" AS "Department__Department_faculty_created_at", "Department__Department_faculty"."updated_at" AS "Department__Department_faculty_updated_at", "Department__Department_faculty"."deleted_at" AS "Department__Department_faculty_deleted_at", "Department__Department_faculty"."deanId" AS "Department__Department_faculty_deanId", "Department__Department_students"."id" AS "Department__Department_students_id", "Department__Department_students"."user_id" AS "Department__Department_students_user_id", "Department__Department_students"."student_id" AS "Department__Department_students_student_id", "Department__Department_students"."date_of_birth" AS "Department__Department_students_date_of_birth", "Department__Department_students"."gender" AS "Department__Department_students_gender", "Department__Department_students"."address" AS "Department__Department_students_address", "Department__Department_students"."phone" AS "Department__Department_students_phone", "Department__Department_students"."emergency_contact" AS "Department__Department_students_emergency_contact", "Department__Department_students"."enrollment_date" AS "Department__Department_students_enrollment_date", "Department__Department_students"."department_id" AS "Department__Department_students_department_id", "Department__Department_students"."semester" AS "Department__Department_students_semester", "Department__Department_students"."created_at" AS "Department__Department_students_created_at", "Department__Department_students"."updated_at" AS "Department__Department_students_updated_at", "Department__Department_students"."deleted_at" AS "Department__Department_students_deleted_at" FROM "departments" "Department" LEFT JOIN "faculties" "Department__Department_faculty" ON "Department__Department_faculty"."id"="Department"."facultyId" AND ("Department__Department_faculty"."deleted_at" IS NULL)  LEFT JOIN "students" "Department__Department_students" ON "Department__Department_students"."department_id"="Department"."id" AND ("Department__Department_students"."deleted_at" IS NULL) WHERE "Department"."deleted_at" IS NULL) "distinctAlias" ORDER BY "distinctAlias"."Department_id" DESC, "Department_id" ASC LIMIT 10 OFFSET 0

      at Function.logInfo (../src/platform/PlatformTools.ts:262:17)

    console.log
      query: SELECT "Department"."id" AS "Department_id", "Department"."name" AS "Department_name", "Department"."code" AS "Department_code", "Department"."created_at" AS "Department_created_at", "Department"."updated_at" AS "Department_updated_at", "Department"."deleted_at" AS "Department_deleted_at", "Department"."facultyId" AS "Department_facultyId", "Department__Department_faculty"."id" AS "Department__Department_faculty_id", "Department__Department_faculty"."name" AS "Department__Department_faculty_name", "Department__Department_faculty"."code" AS "Department__Department_faculty_code", "Department__Department_faculty"."created_at" AS "Department__Department_faculty_created_at", "Department__Department_faculty"."updated_at" AS "Department__Department_faculty_updated_at", "Department__Department_faculty"."deleted_at" AS "Department__Department_faculty_deleted_at", "Department__Department_faculty"."deanId" AS "Department__Department_faculty_deanId", "Department__Department_students"."id" AS "Department__Department_students_id", "Department__Department_students"."user_id" AS "Department__Department_students_user_id", "Department__Department_students"."student_id" AS "Department__Department_students_student_id", "Department__Department_students"."date_of_birth" AS "Department__Department_students_date_of_birth", "Department__Department_students"."gender" AS "Department__Department_students_gender", "Department__Department_students"."address" AS "Department__Department_students_address", "Department__Department_students"."phone" AS "Department__Department_students_phone", "Department__Department_students"."emergency_contact" AS "Department__Department_students_emergency_contact", "Department__Department_students"."enrollment_date" AS "Department__Department_students_enrollment_date", "Department__Department_students"."department_id" AS "Department__Department_students_department_id", "Department__Department_students"."semester" AS "Department__Department_students_semester", "Department__Department_students"."created_at" AS "Department__Department_students_created_at", "Department__Department_students"."updated_at" AS "Department__Department_students_updated_at", "Department__Department_students"."deleted_at" AS "Department__Department_students_deleted_at" FROM "departments" "Department" LEFT JOIN "faculties" "Department__Department_faculty" ON "Department__Department_faculty"."id"="Department"."facultyId" AND ("Department__Department_faculty"."deleted_at" IS NULL)  LEFT JOIN "students" "Department__Department_students" ON "Department__Department_students"."department_id"="Department"."id" AND ("Department__Department_students"."deleted_at" IS NULL) WHERE ( "Department"."deleted_at" IS NULL ) AND ( "Department"."id" IN (212, 211, 210, 209) ) ORDER BY "Department"."id" DESC

      at Function.logInfo (../src/platform/PlatformTools.ts:262:17)

    console.log
      query: SELECT DISTINCT "distinctAlias"."Department_id" AS "ids_Department_id", "distinctAlias"."Department_id" FROM (SELECT "Department"."id" AS "Department_id", "Department"."name" AS "Department_name", "Department"."code" AS "Department_code", "Department"."created_at" AS "Department_created_at", "Department"."updated_at" AS "Department_updated_at", "Department"."deleted_at" AS "Department_deleted_at", "Department"."facultyId" AS "Department_facultyId", "Department__Department_faculty"."id" AS "Department__Department_faculty_id", "Department__Department_faculty"."name" AS "Department__Department_faculty_name", "Department__Department_faculty"."code" AS "Department__Department_faculty_code", "Department__Department_faculty"."created_at" AS "Department__Department_faculty_created_at", "Department__Department_faculty"."updated_at" AS "Department__Department_faculty_updated_at", "Department__Department_faculty"."deleted_at" AS "Department__Department_faculty_deleted_at", "Department__Department_faculty"."deanId" AS "Department__Department_faculty_deanId", "Department__Department_students"."id" AS "Department__Department_students_id", "Department__Department_students"."user_id" AS "Department__Department_students_user_id", "Department__Department_students"."student_id" AS "Department__Department_students_student_id", "Department__Department_students"."date_of_birth" AS "Department__Department_students_date_of_birth", "Department__Department_students"."gender" AS "Department__Department_students_gender", "Department__Department_students"."address" AS "Department__Department_students_address", "Department__Department_students"."phone" AS "Department__Department_students_phone", "Department__Department_students"."emergency_contact" AS "Department__Department_students_emergency_contact", "Department__Department_students"."enrollment_date" AS "Department__Department_students_enrollment_date", "Department__Department_students"."department_id" AS "Department__Department_students_department_id", "Department__Department_students"."semester" AS "Department__Department_students_semester", "Department__Department_students"."created_at" AS "Department__Department_students_created_at", "Department__Department_students"."updated_at" AS "Department__Department_students_updated_at", "Department__Department_students"."deleted_at" AS "Department__Department_students_deleted_at" FROM "departments" "Department" LEFT JOIN "faculties" "Department__Department_faculty" ON "Department__Department_faculty"."id"="Department"."facultyId" AND ("Department__Department_faculty"."deleted_at" IS NULL)  LEFT JOIN "students" "Department__Department_students" ON "Department__Department_students"."department_id"="Department"."id" AND ("Department__Department_students"."deleted_at" IS NULL) WHERE "Department"."deleted_at" IS NULL) "distinctAlias" ORDER BY "distinctAlias"."Department_id" DESC, "Department_id" ASC LIMIT 10 OFFSET 0

      at Function.logInfo (../src/platform/PlatformTools.ts:262:17)

    console.log
      query: SELECT "Department"."id" AS "Department_id", "Department"."name" AS "Department_name", "Department"."code" AS "Department_code", "Department"."created_at" AS "Department_created_at", "Department"."updated_at" AS "Department_updated_at", "Department"."deleted_at" AS "Department_deleted_at", "Department"."facultyId" AS "Department_facultyId", "Department__Department_faculty"."id" AS "Department__Department_faculty_id", "Department__Department_faculty"."name" AS "Department__Department_faculty_name", "Department__Department_faculty"."code" AS "Department__Department_faculty_code", "Department__Department_faculty"."created_at" AS "Department__Department_faculty_created_at", "Department__Department_faculty"."updated_at" AS "Department__Department_faculty_updated_at", "Department__Department_faculty"."deleted_at" AS "Department__Department_faculty_deleted_at", "Department__Department_faculty"."deanId" AS "Department__Department_faculty_deanId", "Department__Department_students"."id" AS "Department__Department_students_id", "Department__Department_students"."user_id" AS "Department__Department_students_user_id", "Department__Department_students"."student_id" AS "Department__Department_students_student_id", "Department__Department_students"."date_of_birth" AS "Department__Department_students_date_of_birth", "Department__Department_students"."gender" AS "Department__Department_students_gender", "Department__Department_students"."address" AS "Department__Department_students_address", "Department__Department_students"."phone" AS "Department__Department_students_phone", "Department__Department_students"."emergency_contact" AS "Department__Department_students_emergency_contact", "Department__Department_students"."enrollment_date" AS "Department__Department_students_enrollment_date", "Department__Department_students"."department_id" AS "Department__Department_students_department_id", "Department__Department_students"."semester" AS "Department__Department_students_semester", "Department__Department_students"."created_at" AS "Department__Department_students_created_at", "Department__Department_students"."updated_at" AS "Department__Department_students_updated_at", "Department__Department_students"."deleted_at" AS "Department__Department_students_deleted_at" FROM "departments" "Department" LEFT JOIN "faculties" "Department__Department_faculty" ON "Department__Department_faculty"."id"="Department"."facultyId" AND ("Department__Department_faculty"."deleted_at" IS NULL)  LEFT JOIN "students" "Department__Department_students" ON "Department__Department_students"."department_id"="Department"."id" AND ("Department__Department_students"."deleted_at" IS NULL) WHERE ( "Department"."deleted_at" IS NULL ) AND ( "Department"."id" IN (212, 211, 210, 209) ) ORDER BY "Department"."id" DESC

      at Function.logInfo (../src/platform/PlatformTools.ts:262:17)

    console.log
      query: START TRANSACTION

      at Function.logInfo (../src/platform/PlatformTools.ts:262:17)

    console.log
      query: INSERT INTO "departments"("name", "code", "created_at", "updated_at", "deleted_at", "facultyId") VALUES ($1, $2, DEFAULT, DEFAULT, DEFAULT, $3) RETURNING "id", "created_at", "updated_at", "deleted_at" -- PARAMETERS: ["depts_e2e Department 1769682223247","DED247",277]

      at Function.logInfo (../src/platform/PlatformTools.ts:262:17)

    console.log
      query: COMMIT

      at Function.logInfo (../src/platform/PlatformTools.ts:262:17)

    console.log
      query: SELECT DISTINCT "distinctAlias"."Department_id" AS "ids_Department_id" FROM (SELECT "Department"."id" AS "Department_id", "Department"."name" AS "Department_name", "Department"."code" AS "Department_code", "Department"."created_at" AS "Department_created_at", "Department"."updated_at" AS "Department_updated_at", "Department"."deleted_at" AS "Department_deleted_at", "Department"."facultyId" AS "Department_facultyId", "Department__Department_faculty"."id" AS "Department__Department_faculty_id", "Department__Department_faculty"."name" AS "Department__Department_faculty_name", "Department__Department_faculty"."code" AS "Department__Department_faculty_code", "Department__Department_faculty"."created_at" AS "Department__Department_faculty_created_at", "Department__Department_faculty"."updated_at" AS "Department__Department_faculty_updated_at", "Department__Department_faculty"."deleted_at" AS "Department__Department_faculty_deleted_at", "Department__Department_faculty"."deanId" AS "Department__Department_faculty_deanId", "Department__Department_students"."id" AS "Department__Department_students_id", "Department__Department_students"."user_id" AS "Department__Department_students_user_id", "Department__Department_students"."student_id" AS "Department__Department_students_student_id", "Department__Department_students"."date_of_birth" AS "Department__Department_students_date_of_birth", "Department__Department_students"."gender" AS "Department__Department_students_gender", "Department__Department_students"."address" AS "Department__Department_students_address", "Department__Department_students"."phone" AS "Department__Department_students_phone", "Department__Department_students"."emergency_contact" AS "Department__Department_students_emergency_contact", "Department__Department_students"."enrollment_date" AS "Department__Department_students_enrollment_date", "Department__Department_students"."department_id" AS "Department__Department_students_department_id", "Department__Department_students"."semester" AS "Department__Department_students_semester", "Department__Department_students"."created_at" AS "Department__Department_students_created_at", "Department__Department_students"."updated_at" AS "Department__Department_students_updated_at", "Department__Department_students"."deleted_at" AS "Department__Department_students_deleted_at" FROM "departments" "Department" LEFT JOIN "faculties" "Department__Department_faculty" ON "Department__Department_faculty"."id"="Department"."facultyId" AND ("Department__Department_faculty"."deleted_at" IS NULL)  LEFT JOIN "students" "Department__Department_students" ON "Department__Department_students"."department_id"="Department"."id" AND ("Department__Department_students"."deleted_at" IS NULL) WHERE ( (("Department"."id" = $1)) ) AND ( "Department"."deleted_at" IS NULL )) "distinctAlias" ORDER BY "Department_id" ASC LIMIT 1 -- PARAMETERS: [213]

      at Function.logInfo (../src/platform/PlatformTools.ts:262:17)

    console.log
      query: SELECT "Department"."id" AS "Department_id", "Department"."name" AS "Department_name", "Department"."code" AS "Department_code", "Department"."created_at" AS "Department_created_at", "Department"."updated_at" AS "Department_updated_at", "Department"."deleted_at" AS "Department_deleted_at", "Department"."facultyId" AS "Department_facultyId", "Department__Department_faculty"."id" AS "Department__Department_faculty_id", "Department__Department_faculty"."name" AS "Department__Department_faculty_name", "Department__Department_faculty"."code" AS "Department__Department_faculty_code", "Department__Department_faculty"."created_at" AS "Department__Department_faculty_created_at", "Department__Department_faculty"."updated_at" AS "Department__Department_faculty_updated_at", "Department__Department_faculty"."deleted_at" AS "Department__Department_faculty_deleted_at", "Department__Department_faculty"."deanId" AS "Department__Department_faculty_deanId", "Department__Department_students"."id" AS "Department__Department_students_id", "Department__Department_students"."user_id" AS "Department__Department_students_user_id", "Department__Department_students"."student_id" AS "Department__Department_students_student_id", "Department__Department_students"."date_of_birth" AS "Department__Department_students_date_of_birth", "Department__Department_students"."gender" AS "Department__Department_students_gender", "Department__Department_students"."address" AS "Department__Department_students_address", "Department__Department_students"."phone" AS "Department__Department_students_phone", "Department__Department_students"."emergency_contact" AS "Department__Department_students_emergency_contact", "Department__Department_students"."enrollment_date" AS "Department__Department_students_enrollment_date", "Department__Department_students"."department_id" AS "Department__Department_students_department_id", "Department__Department_students"."semester" AS "Department__Department_students_semester", "Department__Department_students"."created_at" AS "Department__Department_students_created_at", "Department__Department_students"."updated_at" AS "Department__Department_students_updated_at", "Department__Department_students"."deleted_at" AS "Department__Department_students_deleted_at" FROM "departments" "Department" LEFT JOIN "faculties" "Department__Department_faculty" ON "Department__Department_faculty"."id"="Department"."facultyId" AND ("Department__Department_faculty"."deleted_at" IS NULL)  LEFT JOIN "students" "Department__Department_students" ON "Department__Department_students"."department_id"="Department"."id" AND ("Department__Department_students"."deleted_at" IS NULL) WHERE ( (("Department"."id" = $1)) ) AND ( "Department"."deleted_at" IS NULL ) AND ( "Department"."id" IN (213) ) -- PARAMETERS: [213]

      at Function.logInfo (../src/platform/PlatformTools.ts:262:17)

    console.log
      query: SELECT DISTINCT "distinctAlias"."Department_id" AS "ids_Department_id" FROM (SELECT "Department"."id" AS "Department_id", "Department"."name" AS "Department_name", "Department"."code" AS "Department_code", "Department"."created_at" AS "Department_created_at", "Department"."updated_at" AS "Department_updated_at", "Department"."deleted_at" AS "Department_deleted_at", "Department"."facultyId" AS "Department_facultyId", "Department__Department_faculty"."id" AS "Department__Department_faculty_id", "Department__Department_faculty"."name" AS "Department__Department_faculty_name", "Department__Department_faculty"."code" AS "Department__Department_faculty_code", "Department__Department_faculty"."created_at" AS "Department__Department_faculty_created_at", "Department__Department_faculty"."updated_at" AS "Department__Department_faculty_updated_at", "Department__Department_faculty"."deleted_at" AS "Department__Department_faculty_deleted_at", "Department__Department_faculty"."deanId" AS "Department__Department_faculty_deanId", "Department__Department_students"."id" AS "Department__Department_students_id", "Department__Department_students"."user_id" AS "Department__Department_students_user_id", "Department__Department_students"."student_id" AS "Department__Department_students_student_id", "Department__Department_students"."date_of_birth" AS "Department__Department_students_date_of_birth", "Department__Department_students"."gender" AS "Department__Department_students_gender", "Department__Department_students"."address" AS "Department__Department_students_address", "Department__Department_students"."phone" AS "Department__Department_students_phone", "Department__Department_students"."emergency_contact" AS "Department__Department_students_emergency_contact", "Department__Department_students"."enrollment_date" AS "Department__Department_students_enrollment_date", "Department__Department_students"."department_id" AS "Department__Department_students_department_id", "Department__Department_students"."semester" AS "Department__Department_students_semester", "Department__Department_students"."created_at" AS "Department__Department_students_created_at", "Department__Department_students"."updated_at" AS "Department__Department_students_updated_at", "Department__Department_students"."deleted_at" AS "Department__Department_students_deleted_at" FROM "departments" "Department" LEFT JOIN "faculties" "Department__Department_faculty" ON "Department__Department_faculty"."id"="Department"."facultyId" AND ("Department__Department_faculty"."deleted_at" IS NULL)  LEFT JOIN "students" "Department__Department_students" ON "Department__Department_students"."department_id"="Department"."id" AND ("Department__Department_students"."deleted_at" IS NULL) WHERE ( (("Department"."id" = $1)) ) AND ( "Department"."deleted_at" IS NULL )) "distinctAlias" ORDER BY "Department_id" ASC LIMIT 1 -- PARAMETERS: [999999]

      at Function.logInfo (../src/platform/PlatformTools.ts:262:17)

    console.log
      query: START TRANSACTION

      at Function.logInfo (../src/platform/PlatformTools.ts:262:17)

    console.log
      query: INSERT INTO "departments"("name", "code", "created_at", "updated_at", "deleted_at", "facultyId") VALUES ($1, $2, DEFAULT, DEFAULT, DEFAULT, $3) RETURNING "id", "created_at", "updated_at", "deleted_at" -- PARAMETERS: ["depts_e2e Department 1769682223313","DED313",277]

      at Function.logInfo (../src/platform/PlatformTools.ts:262:17)

    console.log
      query: COMMIT

      at Function.logInfo (../src/platform/PlatformTools.ts:262:17)

    console.log
      query: SELECT "Department"."id" AS "Department_id", "Department"."name" AS "Department_name", "Department"."code" AS "Department_code", "Department"."created_at" AS "Department_created_at", "Department"."updated_at" AS "Department_updated_at", "Department"."deleted_at" AS "Department_deleted_at", "Department"."facultyId" AS "Department_facultyId" FROM "departments" "Department" WHERE ( (("Department"."id" = $1)) ) AND ( "Department"."deleted_at" IS NULL ) LIMIT 1 -- PARAMETERS: [214]

      at Function.logInfo (../src/platform/PlatformTools.ts:262:17)

    console.log
      query: SELECT "Department"."id" AS "Department_id", "Department"."name" AS "Department_name", "Department"."code" AS "Department_code", "Department"."created_at" AS "Department_created_at", "Department"."updated_at" AS "Department_updated_at", "Department"."deleted_at" AS "Department_deleted_at", "Department"."facultyId" AS "Department_facultyId" FROM "departments" "Department" WHERE ( (("Department"."name" = $1)) ) AND ( "Department"."deleted_at" IS NULL ) LIMIT 1 -- PARAMETERS: ["depts_e2e Updated Department"]

      at Function.logInfo (../src/platform/PlatformTools.ts:262:17)

    console.log
      query: SELECT "Department"."id" AS "Department_id", "Department"."name" AS "Department_name", "Department"."code" AS "Department_code", "Department"."created_at" AS "Department_created_at", "Department"."updated_at" AS "Department_updated_at", "Department"."deleted_at" AS "Department_deleted_at", "Department"."facultyId" AS "Department_facultyId" FROM "departments" "Department" WHERE "Department"."id" IN ($1) -- PARAMETERS: [214]

      at Function.logInfo (../src/platform/PlatformTools.ts:262:17)
          at async Promise.all (index 0)
          at async Promise.all (index 0)

    console.log
      query: START TRANSACTION

      at Function.logInfo (../src/platform/PlatformTools.ts:262:17)

    console.log
      query: UPDATE "departments" SET "name" = $1, "updated_at" = CURRENT_TIMESTAMP WHERE "id" IN ($2) RETURNING "updated_at" -- PARAMETERS: ["depts_e2e Updated Department",214]

      at Function.logInfo (../src/platform/PlatformTools.ts:262:17)
          at async Promise.all (index 0)

    console.log
      query: COMMIT

      at Function.logInfo (../src/platform/PlatformTools.ts:262:17)

    console.log
      query: START TRANSACTION

      at Function.logInfo (../src/platform/PlatformTools.ts:262:17)

    console.log
      query: INSERT INTO "departments"("name", "code", "created_at", "updated_at", "deleted_at", "facultyId") VALUES ($1, $2, DEFAULT, DEFAULT, DEFAULT, $3) RETURNING "id", "created_at", "updated_at", "deleted_at" -- PARAMETERS: ["depts_e2e Department 1769682223387","DED387",277]

      at Function.logInfo (../src/platform/PlatformTools.ts:262:17)

    console.log
      query: COMMIT

      at Function.logInfo (../src/platform/PlatformTools.ts:262:17)

    console.log
      query: SELECT DISTINCT "distinctAlias"."Department_id" AS "ids_Department_id" FROM (SELECT "Department"."id" AS "Department_id", "Department"."name" AS "Department_name", "Department"."code" AS "Department_code", "Department"."created_at" AS "Department_created_at", "Department"."updated_at" AS "Department_updated_at", "Department"."deleted_at" AS "Department_deleted_at", "Department"."facultyId" AS "Department_facultyId", "Department__Department_students"."id" AS "Department__Department_students_id", "Department__Department_students"."user_id" AS "Department__Department_students_user_id", "Department__Department_students"."student_id" AS "Department__Department_students_student_id", "Department__Department_students"."date_of_birth" AS "Department__Department_students_date_of_birth", "Department__Department_students"."gender" AS "Department__Department_students_gender", "Department__Department_students"."address" AS "Department__Department_students_address", "Department__Department_students"."phone" AS "Department__Department_students_phone", "Department__Department_students"."emergency_contact" AS "Department__Department_students_emergency_contact", "Department__Department_students"."enrollment_date" AS "Department__Department_students_enrollment_date", "Department__Department_students"."department_id" AS "Department__Department_students_department_id", "Department__Department_students"."semester" AS "Department__Department_students_semester", "Department__Department_students"."created_at" AS "Department__Department_students_created_at", "Department__Department_students"."updated_at" AS "Department__Department_students_updated_at", "Department__Department_students"."deleted_at" AS "Department__Department_students_deleted_at" FROM "departments" "Department" LEFT JOIN "students" "Department__Department_students" ON "Department__Department_students"."department_id"="Department"."id" AND ("Department__Department_students"."deleted_at" IS NULL) WHERE ( (("Department"."id" = $1)) ) AND ( "Department"."deleted_at" IS NULL )) "distinctAlias" ORDER BY "Department_id" ASC LIMIT 1 -- PARAMETERS: [215]

      at Function.logInfo (../src/platform/PlatformTools.ts:262:17)

    console.log
      query: SELECT "Department"."id" AS "Department_id", "Department"."name" AS "Department_name", "Department"."code" AS "Department_code", "Department"."created_at" AS "Department_created_at", "Department"."updated_at" AS "Department_updated_at", "Department"."deleted_at" AS "Department_deleted_at", "Department"."facultyId" AS "Department_facultyId", "Department__Department_students"."id" AS "Department__Department_students_id", "Department__Department_students"."user_id" AS "Department__Department_students_user_id", "Department__Department_students"."student_id" AS "Department__Department_students_student_id", "Department__Department_students"."date_of_birth" AS "Department__Department_students_date_of_birth", "Department__Department_students"."gender" AS "Department__Department_students_gender", "Department__Department_students"."address" AS "Department__Department_students_address", "Department__Department_students"."phone" AS "Department__Department_students_phone", "Department__Department_students"."emergency_contact" AS "Department__Department_students_emergency_contact", "Department__Department_students"."enrollment_date" AS "Department__Department_students_enrollment_date", "Department__Department_students"."department_id" AS "Department__Department_students_department_id", "Department__Department_students"."semester" AS "Department__Department_students_semester", "Department__Department_students"."created_at" AS "Department__Department_students_created_at", "Department__Department_students"."updated_at" AS "Department__Department_students_updated_at", "Department__Department_students"."deleted_at" AS "Department__Department_students_deleted_at" FROM "departments" "Department" LEFT JOIN "students" "Department__Department_students" ON "Department__Department_students"."department_id"="Department"."id" AND ("Department__Department_students"."deleted_at" IS NULL) WHERE ( (("Department"."id" = $1)) ) AND ( "Department"."deleted_at" IS NULL ) AND ( "Department"."id" IN (215) ) -- PARAMETERS: [215]

      at Function.logInfo (../src/platform/PlatformTools.ts:262:17)

    console.log
      query: SELECT "Department"."id" AS "Department_id", "Department"."name" AS "Department_name", "Department"."code" AS "Department_code", "Department"."created_at" AS "Department_created_at", "Department"."updated_at" AS "Department_updated_at", "Department"."deleted_at" AS "Department_deleted_at", "Department"."facultyId" AS "Department_facultyId" FROM "departments" "Department" WHERE "Department"."id" IN ($1) -- PARAMETERS: [215]

      at Function.logInfo (../src/platform/PlatformTools.ts:262:17)
          at async Promise.all (index 0)
          at async Promise.all (index 0)

    console.log
      query: SELECT "students"."id" AS "id", "students"."department_id" AS "department_id" FROM "students" "students" WHERE ( (("students"."department_id" = $1)) ) AND ( "students"."deleted_at" IS NULL ) -- PARAMETERS: [215]

      at Function.logInfo (../src/platform/PlatformTools.ts:262:17)
          at async Promise.all (index 0)

    console.log
      query: START TRANSACTION

      at Function.logInfo (../src/platform/PlatformTools.ts:262:17)

    console.log
      query: UPDATE "departments" SET "deleted_at" = CURRENT_TIMESTAMP, "updated_at" = CURRENT_TIMESTAMP WHERE "id" IN ($1) RETURNING "updated_at", "deleted_at" -- PARAMETERS: [215]

      at Function.logInfo (../src/platform/PlatformTools.ts:262:17)
          at async Promise.all (index 0)

    console.log
      query: COMMIT

      at Function.logInfo (../src/platform/PlatformTools.ts:262:17)

    console.log
      query: SELECT DISTINCT "distinctAlias"."Department_id" AS "ids_Department_id" FROM (SELECT "Department"."id" AS "Department_id", "Department"."name" AS "Department_name", "Department"."code" AS "Department_code", "Department"."created_at" AS "Department_created_at", "Department"."updated_at" AS "Department_updated_at", "Department"."deleted_at" AS "Department_deleted_at", "Department"."facultyId" AS "Department_facultyId", "Department__Department_faculty"."id" AS "Department__Department_faculty_id", "Department__Department_faculty"."name" AS "Department__Department_faculty_name", "Department__Department_faculty"."code" AS "Department__Department_faculty_code", "Department__Department_faculty"."created_at" AS "Department__Department_faculty_created_at", "Department__Department_faculty"."updated_at" AS "Department__Department_faculty_updated_at", "Department__Department_faculty"."deleted_at" AS "Department__Department_faculty_deleted_at", "Department__Department_faculty"."deanId" AS "Department__Department_faculty_deanId", "Department__Department_students"."id" AS "Department__Department_students_id", "Department__Department_students"."user_id" AS "Department__Department_students_user_id", "Department__Department_students"."student_id" AS "Department__Department_students_student_id", "Department__Department_students"."date_of_birth" AS "Department__Department_students_date_of_birth", "Department__Department_students"."gender" AS "Department__Department_students_gender", "Department__Department_students"."address" AS "Department__Department_students_address", "Department__Department_students"."phone" AS "Department__Department_students_phone", "Department__Department_students"."emergency_contact" AS "Department__Department_students_emergency_contact", "Department__Department_students"."enrollment_date" AS "Department__Department_students_enrollment_date", "Department__Department_students"."department_id" AS "Department__Department_students_department_id", "Department__Department_students"."semester" AS "Department__Department_students_semester", "Department__Department_students"."created_at" AS "Department__Department_students_created_at", "Department__Department_students"."updated_at" AS "Department__Department_students_updated_at", "Department__Department_students"."deleted_at" AS "Department__Department_students_deleted_at" FROM "departments" "Department" LEFT JOIN "faculties" "Department__Department_faculty" ON "Department__Department_faculty"."id"="Department"."facultyId" AND ("Department__Department_faculty"."deleted_at" IS NULL)  LEFT JOIN "students" "Department__Department_students" ON "Department__Department_students"."department_id"="Department"."id" AND ("Department__Department_students"."deleted_at" IS NULL) WHERE ( (("Department"."id" = $1)) ) AND ( "Department"."deleted_at" IS NULL )) "distinctAlias" ORDER BY "Department_id" ASC LIMIT 1 -- PARAMETERS: [215]

      at Function.logInfo (../src/platform/PlatformTools.ts:262:17)

    console.log
      query: START TRANSACTION

      at Function.logInfo (../src/platform/PlatformTools.ts:262:17)

    console.log
      query: INSERT INTO "departments"("name", "code", "created_at", "updated_at", "deleted_at", "facultyId") VALUES ($1, $2, DEFAULT, DEFAULT, DEFAULT, $3) RETURNING "id", "created_at", "updated_at", "deleted_at" -- PARAMETERS: ["depts_e2e Department 1769682223471","DED471",277]

      at Function.logInfo (../src/platform/PlatformTools.ts:262:17)

    console.log
      query: COMMIT

      at Function.logInfo (../src/platform/PlatformTools.ts:262:17)

    console.log
      query: DELETE FROM "departments" WHERE "code" LIKE $1 -- PARAMETERS: ["DED%"]

      at Function.logInfo (../src/platform/PlatformTools.ts:262:17)

    console.log
      query: DELETE FROM "faculties" WHERE "code" LIKE $1 -- PARAMETERS: ["DE%"]

      at Function.logInfo (../src/platform/PlatformTools.ts:262:17)

    console.log
      query: DELETE FROM "users" WHERE "email" LIKE $1 -- PARAMETERS: ["depts_e2e_%@test.com"]

      at Function.logInfo (../src/platform/PlatformTools.ts:262:17)

PASS test/courses.e2e-spec.ts (10.091 s)
  ΓùÅ Console

    console.log
      query: SELECT version()

      at Function.logInfo (../src/platform/PlatformTools.ts:262:17)

    console.log
      query: SELECT * FROM current_schema()

      at Function.logInfo (../src/platform/PlatformTools.ts:262:17)

    console.log
      query: START TRANSACTION

      at Function.logInfo (../src/platform/PlatformTools.ts:262:17)

    console.log
      query: SELECT * FROM current_schema()

      at Function.logInfo (../src/platform/PlatformTools.ts:262:17)

    console.log
      query: SELECT * FROM current_database()

      at Function.logInfo (../src/platform/PlatformTools.ts:262:17)

    console.log
      query: SELECT "table_schema", "table_name", obj_description(('"' || "table_schema" || '"."' || "table_name" || '"')::regclass, 'pg_class') AS table_comment FROM "information_schema"."tables" WHERE ("table_schema" = 'public' AND "table_name" = 'grades') OR ("table_schema" = 'public' AND "table_name" = 'attendance') OR ("table_schema" = 'public' AND "table_name" = 'faculties') OR ("table_schema" = 'public' AND "table_name" = 'departments') OR ("table_schema" = 'public' AND "table_name" = 'courses') OR ("table_schema" = 'public' AND "table_name" = 'enrollments') OR ("table_schema" = 'public' AND "table_name" = 'students') OR ("table_schema" = 'public' AND "table_name" = 'users') OR ("table_schema" = 'public' AND "table_name" = 'academic_terms') OR ("table_schema" = 'public' AND "table_name" = 'classrooms') OR ("table_schema" = 'public' AND "table_name" = 'schedules') OR ("table_schema" = 'public' AND "table_name" = 'audit_logs') OR ("table_schema" = 'public' AND "table_name" = 'teacher_profiles') OR ("table_schema" = 'public' AND "table_name" = 'enrollments') OR ("table_schema" = 'public' AND "table_name" = 'grades') OR ("table_schema" = 'public' AND "table_name" = 'attendance') OR ("table_schema" = 'public' AND "table_name" = 'faculties') OR ("table_schema" = 'public' AND "table_name" = 'departments') OR ("table_schema" = 'public' AND "table_name" = 'courses') OR ("table_schema" = 'public' AND "table_name" = 'users') OR ("table_schema" = 'public' AND "table_name" = 'students') OR ("table_schema" = 'public' AND "table_name" = 'teacher_profiles') OR ("table_schema" = 'public' AND "table_name" = 'classrooms') OR ("table_schema" = 'public' AND "table_name" = 'schedules') OR ("table_schema" = 'public' AND "table_name" = 'audit_logs') OR ("table_schema" = 'public' AND "table_name" = 'academic_terms') OR ("table_schema" = 'public' AND "table_name" = 'course_teachers') OR ("table_schema" = 'public' AND "table_name" = 'course_prerequisites') OR ("table_schema" = 'public' AND "table_name" = 'course_teachers') OR ("table_schema" = 'public' AND "table_name" = 'course_prerequisites')

      at Function.logInfo (../src/platform/PlatformTools.ts:262:17)

    console.log
      query: SELECT TRUE FROM information_schema.columns WHERE table_name = 'pg_class' and column_name = 'relispartition'

      at Function.logInfo (../src/platform/PlatformTools.ts:262:17)

    console.log
      query: SELECT columns.*, pg_catalog.col_description(('"' || table_catalog || '"."' || table_schema || '"."' || table_name || '"')::regclass::oid, ordinal_position) AS description, ('"' || "udt_schema" || '"."' || "udt_name" || '"')::"regtype"::text AS "regtype", pg_catalog.format_type("col_attr"."atttypid", "col_attr"."atttypmod") AS "format_type" FROM "information_schema"."columns" LEFT JOIN "pg_catalog"."pg_attribute" AS "col_attr" ON "col_attr"."attname" = "columns"."column_name" AND "col_attr"."attrelid" = ( SELECT "cls"."oid" FROM "pg_catalog"."pg_class" AS "cls" LEFT JOIN "pg_catalog"."pg_namespace" AS "ns" ON "ns"."oid" = "cls"."relnamespace" WHERE "cls"."relname" = "columns"."table_name" AND "ns"."nspname" = "columns"."table_schema" ) WHERE ("table_schema" = 'public' AND "table_name" = 'course_teachers') OR ("table_schema" = 'public' AND "table_name" = 'classrooms') OR ("table_schema" = 'public' AND "table_name" = 'schedules') OR ("table_schema" = 'public' AND "table_name" = 'audit_logs') OR ("table_schema" = 'public' AND "table_name" = 'course_prerequisites') OR ("table_schema" = 'public' AND "table_name" = 'courses') OR ("table_schema" = 'public' AND "table_name" = 'grades') OR ("table_schema" = 'public' AND "table_name" = 'enrollments') OR ("table_schema" = 'public' AND "table_name" = 'faculties') OR ("table_schema" = 'public' AND "table_name" = 'departments') OR ("table_schema" = 'public' AND "table_name" = 'students') OR ("table_schema" = 'public' AND "table_name" = 'users') OR ("table_schema" = 'public' AND "table_name" = 'academic_terms') OR ("table_schema" = 'public' AND "table_name" = 'teacher_profiles') OR ("table_schema" = 'public' AND "table_name" = 'attendance')

      at Function.logInfo (../src/platform/PlatformTools.ts:262:17)
          at async Promise.all (index 0)

    console.log
      query: SELECT "ns"."nspname" AS "table_schema", "t"."relname" AS "table_name", "cnst"."conname" AS "constraint_name", pg_get_constraintdef("cnst"."oid") AS "expression", CASE "cnst"."contype" WHEN 'p' THEN 'PRIMARY' WHEN 'u' THEN 'UNIQUE' WHEN 'c' THEN 'CHECK' WHEN 'x' THEN 'EXCLUDE' END AS "constraint_type", "a"."attname" AS "column_name" FROM "pg_constraint" "cnst" INNER JOIN "pg_class" "t" ON "t"."oid" = "cnst"."conrelid" INNER JOIN "pg_namespace" "ns" ON "ns"."oid" = "cnst"."connamespace" LEFT JOIN "pg_attribute" "a" ON "a"."attrelid" = "cnst"."conrelid" AND "a"."attnum" = ANY ("cnst"."conkey") WHERE "t"."relkind" IN ('r', 'p') AND (("ns"."nspname" = 'public' AND "t"."relname" = 'course_teachers') OR ("ns"."nspname" = 'public' AND "t"."relname" = 'classrooms') OR ("ns"."nspname" = 'public' AND "t"."relname" = 'schedules') OR ("ns"."nspname" = 'public' AND "t"."relname" = 'audit_logs') OR ("ns"."nspname" = 'public' AND "t"."relname" = 'course_prerequisites') OR ("ns"."nspname" = 'public' AND "t"."relname" = 'courses') OR ("ns"."nspname" = 'public' AND "t"."relname" = 'grades') OR ("ns"."nspname" = 'public' AND "t"."relname" = 'enrollments') OR ("ns"."nspname" = 'public' AND "t"."relname" = 'faculties') OR ("ns"."nspname" = 'public' AND "t"."relname" = 'departments') OR ("ns"."nspname" = 'public' AND "t"."relname" = 'students') OR ("ns"."nspname" = 'public' AND "t"."relname" = 'users') OR ("ns"."nspname" = 'public' AND "t"."relname" = 'academic_terms') OR ("ns"."nspname" = 'public' AND "t"."relname" = 'teacher_profiles') OR ("ns"."nspname" = 'public' AND "t"."relname" = 'attendance'))

      at Function.logInfo (../src/platform/PlatformTools.ts:262:17)
          at async Promise.all (index 1)

    console.log
      query: SELECT "ns"."nspname" AS "table_schema", "t"."relname" AS "table_name", "i"."relname" AS "constraint_name", "a"."attname" AS "column_name", CASE "ix"."indisunique" WHEN 't' THEN 'TRUE' ELSE'FALSE' END AS "is_unique", pg_get_expr("ix"."indpred", "ix"."indrelid") AS "condition", "types"."typname" AS "type_name", "am"."amname" AS "index_type" FROM "pg_class" "t" INNER JOIN "pg_index" "ix" ON "ix"."indrelid" = "t"."oid" INNER JOIN "pg_attribute" "a" ON "a"."attrelid" = "t"."oid"  AND "a"."attnum" = ANY ("ix"."indkey") INNER JOIN "pg_namespace" "ns" ON "ns"."oid" = "t"."relnamespace" INNER JOIN "pg_class" "i" ON "i"."oid" = "ix"."indexrelid" INNER JOIN "pg_type" "types" ON "types"."oid" = "a"."atttypid" INNER JOIN "pg_am" "am" ON "i"."relam" = "am"."oid" LEFT JOIN "pg_constraint" "cnst" ON "cnst"."conname" = "i"."relname" WHERE "t"."relkind" IN ('r', 'p') AND "cnst"."contype" IS NULL AND (("ns"."nspname" = 'public' AND "t"."relname" = 'course_teachers') OR ("ns"."nspname" = 'public' AND "t"."relname" = 'classrooms') OR ("ns"."nspname" = 'public' AND "t"."relname" = 'schedules') OR ("ns"."nspname" = 'public' AND "t"."relname" = 'audit_logs') OR ("ns"."nspname" = 'public' AND "t"."relname" = 'course_prerequisites') OR ("ns"."nspname" = 'public' AND "t"."relname" = 'courses') OR ("ns"."nspname" = 'public' AND "t"."relname" = 'grades') OR ("ns"."nspname" = 'public' AND "t"."relname" = 'enrollments') OR ("ns"."nspname" = 'public' AND "t"."relname" = 'faculties') OR ("ns"."nspname" = 'public' AND "t"."relname" = 'departments') OR ("ns"."nspname" = 'public' AND "t"."relname" = 'students') OR ("ns"."nspname" = 'public' AND "t"."relname" = 'users') OR ("ns"."nspname" = 'public' AND "t"."relname" = 'academic_terms') OR ("ns"."nspname" = 'public' AND "t"."relname" = 'teacher_profiles') OR ("ns"."nspname" = 'public' AND "t"."relname" = 'attendance'))

      at Function.logInfo (../src/platform/PlatformTools.ts:262:17)
          at async Promise.all (index 2)

    console.log
      query: SELECT "con"."conname" AS "constraint_name", "con"."nspname" AS "table_schema", "con"."relname" AS "table_name", "att2"."attname" AS "column_name", "ns"."nspname" AS "referenced_table_schema", "cl"."relname" AS "referenced_table_name", "att"."attname" AS "referenced_column_name", "con"."confdeltype" AS "on_delete", "con"."confupdtype" AS "on_update", "con"."condeferrable" AS "deferrable", "con"."condeferred" AS "deferred" FROM ( SELECT UNNEST ("con1"."conkey") AS "parent", UNNEST ("con1"."confkey") AS "child", "con1"."confrelid", "con1"."conrelid", "con1"."conname", "con1"."contype", "ns"."nspname", "cl"."relname", "con1"."condeferrable", CASE WHEN "con1"."condeferred" THEN 'INITIALLY DEFERRED' ELSE 'INITIALLY IMMEDIATE' END as condeferred, CASE "con1"."confdeltype" WHEN 'a' THEN 'NO ACTION' WHEN 'r' THEN 'RESTRICT' WHEN 'c' THEN 'CASCADE' WHEN 'n' THEN 'SET NULL' WHEN 'd' THEN 'SET DEFAULT' END as "confdeltype", CASE "con1"."confupdtype" WHEN 'a' THEN 'NO ACTION' WHEN 'r' THEN 'RESTRICT' WHEN 'c' THEN 'CASCADE' WHEN 'n' THEN 'SET NULL' WHEN 'd' THEN 'SET DEFAULT' END as "confupdtype" FROM "pg_class" "cl" INNER JOIN "pg_namespace" "ns" ON "cl"."relnamespace" = "ns"."oid" INNER JOIN "pg_constraint" "con1" ON "con1"."conrelid" = "cl"."oid" WHERE "con1"."contype" = 'f' AND (("ns"."nspname" = 'public' AND "cl"."relname" = 'course_teachers') OR ("ns"."nspname" = 'public' AND "cl"."relname" = 'classrooms') OR ("ns"."nspname" = 'public' AND "cl"."relname" = 'schedules') OR ("ns"."nspname" = 'public' AND "cl"."relname" = 'audit_logs') OR ("ns"."nspname" = 'public' AND "cl"."relname" = 'course_prerequisites') OR ("ns"."nspname" = 'public' AND "cl"."relname" = 'courses') OR ("ns"."nspname" = 'public' AND "cl"."relname" = 'grades') OR ("ns"."nspname" = 'public' AND "cl"."relname" = 'enrollments') OR ("ns"."nspname" = 'public' AND "cl"."relname" = 'faculties') OR ("ns"."nspname" = 'public' AND "cl"."relname" = 'departments') OR ("ns"."nspname" = 'public' AND "cl"."relname" = 'students') OR ("ns"."nspname" = 'public' AND "cl"."relname" = 'users') OR ("ns"."nspname" = 'public' AND "cl"."relname" = 'academic_terms') OR ("ns"."nspname" = 'public' AND "cl"."relname" = 'teacher_profiles') OR ("ns"."nspname" = 'public' AND "cl"."relname" = 'attendance')) ) "con" INNER JOIN "pg_attribute" "att" ON "att"."attrelid" = "con"."confrelid" AND "att"."attnum" = "con"."child" INNER JOIN "pg_class" "cl" ON "cl"."oid" = "con"."confrelid"  AND "cl"."relispartition" = 'f'INNER JOIN "pg_namespace" "ns" ON "cl"."relnamespace" = "ns"."oid" INNER JOIN "pg_attribute" "att2" ON "att2"."attrelid" = "con"."conrelid" AND "att2"."attnum" = "con"."parent"

      at Function.logInfo (../src/platform/PlatformTools.ts:262:17)
          at async Promise.all (index 3)

    console.log
      query: SELECT "udt_schema", "udt_name" FROM "information_schema"."columns" WHERE "table_schema" = 'public' AND "table_name" = 'classrooms' AND "column_name"='type'

      at Function.logInfo (../src/platform/PlatformTools.ts:262:17)
          at async Promise.all (index 4)
          at async Promise.all (index 1)

    console.log
      query: SELECT "udt_schema", "udt_name" FROM "information_schema"."columns" WHERE "table_schema" = 'public' AND "table_name" = 'enrollments' AND "column_name"='status'

      at Function.logInfo (../src/platform/PlatformTools.ts:262:17)
          at async Promise.all (index 4)
          at async Promise.all (index 7)

    console.log
      query: SELECT "udt_schema", "udt_name" FROM "information_schema"."columns" WHERE "table_schema" = 'public' AND "table_name" = 'students' AND "column_name"='gender'

      at Function.logInfo (../src/platform/PlatformTools.ts:262:17)
          at async Promise.all (index 4)
          at async Promise.all (index 10)

    console.log
      query: SELECT "udt_schema", "udt_name" FROM "information_schema"."columns" WHERE "table_schema" = 'public' AND "table_name" = 'users' AND "column_name"='role'

      at Function.logInfo (../src/platform/PlatformTools.ts:262:17)
          at async Promise.all (index 4)
          at async Promise.all (index 11)

    console.log
      query: SELECT "udt_schema", "udt_name" FROM "information_schema"."columns" WHERE "table_schema" = 'public' AND "table_name" = 'teacher_profiles' AND "column_name"='rank'

      at Function.logInfo (../src/platform/PlatformTools.ts:262:17)
          at async Promise.all (index 2)
          at async Promise.all (index 13)

    console.log
      query: SELECT "udt_schema", "udt_name" FROM "information_schema"."columns" WHERE "table_schema" = 'public' AND "table_name" = 'attendance' AND "column_name"='status'

      at Function.logInfo (../src/platform/PlatformTools.ts:262:17)
          at async Promise.all (index 4)
          at async Promise.all (index 14)

    console.log
      query: SELECT "e"."enumlabel" AS "value" FROM "pg_enum" "e" INNER JOIN "pg_type" "t" ON "t"."oid" = "e"."enumtypid" INNER JOIN "pg_namespace" "n" ON "n"."oid" = "t"."typnamespace" WHERE "n"."nspname" = 'public' AND "t"."typname" = 'classrooms_type_enum'

      at Function.logInfo (../src/platform/PlatformTools.ts:262:17)
          at async Promise.all (index 4)
          at async Promise.all (index 1)

    console.log
      query: SELECT "e"."enumlabel" AS "value" FROM "pg_enum" "e" INNER JOIN "pg_type" "t" ON "t"."oid" = "e"."enumtypid" INNER JOIN "pg_namespace" "n" ON "n"."oid" = "t"."typnamespace" WHERE "n"."nspname" = 'public' AND "t"."typname" = 'enrollments_status_enum'

      at Function.logInfo (../src/platform/PlatformTools.ts:262:17)
          at async Promise.all (index 4)
          at async Promise.all (index 7)

    console.log
      query: SELECT "e"."enumlabel" AS "value" FROM "pg_enum" "e" INNER JOIN "pg_type" "t" ON "t"."oid" = "e"."enumtypid" INNER JOIN "pg_namespace" "n" ON "n"."oid" = "t"."typnamespace" WHERE "n"."nspname" = 'public' AND "t"."typname" = 'students_gender_enum'

      at Function.logInfo (../src/platform/PlatformTools.ts:262:17)
          at async Promise.all (index 4)
          at async Promise.all (index 10)

    console.log
      query: SELECT "e"."enumlabel" AS "value" FROM "pg_enum" "e" INNER JOIN "pg_type" "t" ON "t"."oid" = "e"."enumtypid" INNER JOIN "pg_namespace" "n" ON "n"."oid" = "t"."typnamespace" WHERE "n"."nspname" = 'public' AND "t"."typname" = 'users_role_enum'

      at Function.logInfo (../src/platform/PlatformTools.ts:262:17)
          at async Promise.all (index 4)
          at async Promise.all (index 11)

    console.log
      query: SELECT "e"."enumlabel" AS "value" FROM "pg_enum" "e" INNER JOIN "pg_type" "t" ON "t"."oid" = "e"."enumtypid" INNER JOIN "pg_namespace" "n" ON "n"."oid" = "t"."typnamespace" WHERE "n"."nspname" = 'public' AND "t"."typname" = 'teacher_profiles_rank_enum'

      at Function.logInfo (../src/platform/PlatformTools.ts:262:17)
          at async Promise.all (index 2)
          at async Promise.all (index 13)

    console.log
      query: SELECT "e"."enumlabel" AS "value" FROM "pg_enum" "e" INNER JOIN "pg_type" "t" ON "t"."oid" = "e"."enumtypid" INNER JOIN "pg_namespace" "n" ON "n"."oid" = "t"."typnamespace" WHERE "n"."nspname" = 'public' AND "t"."typname" = 'attendance_status_enum'

      at Function.logInfo (../src/platform/PlatformTools.ts:262:17)
          at async Promise.all (index 4)
          at async Promise.all (index 14)

    console.log
      query: SELECT * FROM "information_schema"."tables" WHERE "table_schema" = 'public' AND "table_name" = 'typeorm_metadata'

      at Function.logInfo (../src/platform/PlatformTools.ts:262:17)

    console.log
      query: ALTER TABLE "grades" ALTER COLUMN "weightage" SET DEFAULT '100.00'

      at Function.logInfo (../src/platform/PlatformTools.ts:262:17)

    console.log
      query: ALTER TABLE "enrollments" ALTER COLUMN "attendance_percentage" SET DEFAULT '100.00'

      at Function.logInfo (../src/platform/PlatformTools.ts:262:17)

    console.log
      query: ALTER TABLE "enrollments" ALTER COLUMN "attendance_percentage" SET DEFAULT '100.00'

      at Function.logInfo (../src/platform/PlatformTools.ts:262:17)

    console.log
      query: ALTER TABLE "grades" ALTER COLUMN "weightage" SET DEFAULT '100.00'

      at Function.logInfo (../src/platform/PlatformTools.ts:262:17)

    console.log
      query: COMMIT

      at Function.logInfo (../src/platform/PlatformTools.ts:262:17)

    console.log
      query: INSERT INTO users (email, username, password_hash, role, is_active) 
             VALUES ($1, $2, $3, $4, true) -- PARAMETERS: ["e2e_courses_admin@test.com","e2e_courses_admin","$2b$10$JouXGN47a93Isnv0slpIteERBcQi1ifAdaZ2z6hbjjchBbQ7JtFAW","admin"]

      at Function.logInfo (../src/platform/PlatformTools.ts:262:17)

    console.log
      query: INSERT INTO users (email, username, password_hash, role, is_active) 
             VALUES ($1, $2, $3, $4, true) -- PARAMETERS: ["e2e_courses_teacher@test.com","e2e_courses_teacher","$2b$10$JouXGN47a93Isnv0slpIteERBcQi1ifAdaZ2z6hbjjchBbQ7JtFAW","teacher"]

      at Function.logInfo (../src/platform/PlatformTools.ts:262:17)

    console.log
      query: INSERT INTO users (email, username, password_hash, role, is_active) 
             VALUES ($1, $2, $3, $4, true) -- PARAMETERS: ["e2e_courses_student@test.com","e2e_courses_student","$2b$10$JouXGN47a93Isnv0slpIteERBcQi1ifAdaZ2z6hbjjchBbQ7JtFAW","student"]

      at Function.logInfo (../src/platform/PlatformTools.ts:262:17)

    console.log
      query: SELECT "User"."id" AS "User_id", "User"."email" AS "User_email", "User"."username" AS "User_username", "User"."password_hash" AS "User_password_hash", "User"."role" AS "User_role", "User"."first_name" AS "User_first_name", "User"."last_name" AS "User_last_name", "User"."is_active" AS "User_is_active", "User"."refresh_token" AS "User_refresh_token", "User"."email_verified" AS "User_email_verified", "User"."email_verification_token" AS "User_email_verification_token", "User"."password_reset_token" AS "User_password_reset_token", "User"."password_reset_expires" AS "User_password_reset_expires", "User"."failed_login_attempts" AS "User_failed_login_attempts", "User"."locked_until" AS "User_locked_until", "User"."last_failed_login" AS "User_last_failed_login", "User"."created_at" AS "User_created_at", "User"."updated_at" AS "User_updated_at", "User"."deleted_at" AS "User_deleted_at" FROM "users" "User" WHERE ( (("User"."email" = $1)) ) AND ( "User"."deleted_at" IS NULL ) LIMIT 1 -- PARAMETERS: ["e2e_courses_admin@test.com"]

      at Function.logInfo (../src/platform/PlatformTools.ts:262:17)

    console.log
      query: UPDATE "users" SET "refresh_token" = $1, "updated_at" = CURRENT_TIMESTAMP WHERE "id" IN ($2) -- PARAMETERS: ["$2b$10$sTh9caMDn.MKTG5AjeRmveiIIfOMaIaH5DUS9us3DLwC/XLESb/O.",2007]

      at Function.logInfo (../src/platform/PlatformTools.ts:262:17)

    console.log
      query: SELECT "User"."id" AS "User_id", "User"."email" AS "User_email", "User"."username" AS "User_username", "User"."password_hash" AS "User_password_hash", "User"."role" AS "User_role", "User"."first_name" AS "User_first_name", "User"."last_name" AS "User_last_name", "User"."is_active" AS "User_is_active", "User"."refresh_token" AS "User_refresh_token", "User"."email_verified" AS "User_email_verified", "User"."email_verification_token" AS "User_email_verification_token", "User"."password_reset_token" AS "User_password_reset_token", "User"."password_reset_expires" AS "User_password_reset_expires", "User"."failed_login_attempts" AS "User_failed_login_attempts", "User"."locked_until" AS "User_locked_until", "User"."last_failed_login" AS "User_last_failed_login", "User"."created_at" AS "User_created_at", "User"."updated_at" AS "User_updated_at", "User"."deleted_at" AS "User_deleted_at" FROM "users" "User" WHERE ( (("User"."email" = $1)) ) AND ( "User"."deleted_at" IS NULL ) LIMIT 1 -- PARAMETERS: ["e2e_courses_teacher@test.com"]

      at Function.logInfo (../src/platform/PlatformTools.ts:262:17)

    console.log
      query: UPDATE "users" SET "refresh_token" = $1, "updated_at" = CURRENT_TIMESTAMP WHERE "id" IN ($2) -- PARAMETERS: ["$2b$10$BVNADtH2qOucwB0I2Vapz.QrOv8eItqsaV4LV3CcoDZ1TfmRsnia.",2008]

      at Function.logInfo (../src/platform/PlatformTools.ts:262:17)

    console.log
      query: SELECT "User"."id" AS "User_id", "User"."email" AS "User_email", "User"."username" AS "User_username", "User"."password_hash" AS "User_password_hash", "User"."role" AS "User_role", "User"."first_name" AS "User_first_name", "User"."last_name" AS "User_last_name", "User"."is_active" AS "User_is_active", "User"."refresh_token" AS "User_refresh_token", "User"."email_verified" AS "User_email_verified", "User"."email_verification_token" AS "User_email_verification_token", "User"."password_reset_token" AS "User_password_reset_token", "User"."password_reset_expires" AS "User_password_reset_expires", "User"."failed_login_attempts" AS "User_failed_login_attempts", "User"."locked_until" AS "User_locked_until", "User"."last_failed_login" AS "User_last_failed_login", "User"."created_at" AS "User_created_at", "User"."updated_at" AS "User_updated_at", "User"."deleted_at" AS "User_deleted_at" FROM "users" "User" WHERE ( (("User"."email" = $1)) ) AND ( "User"."deleted_at" IS NULL ) LIMIT 1 -- PARAMETERS: ["e2e_courses_student@test.com"]

      at Function.logInfo (../src/platform/PlatformTools.ts:262:17)

    console.log
      query: UPDATE "users" SET "refresh_token" = $1, "updated_at" = CURRENT_TIMESTAMP WHERE "id" IN ($2) -- PARAMETERS: ["$2b$10$pkca/W9dX8t0JNRy86iecegtlDLvO7y6LrYfXRdfpbIzpFfdR000K",2009]

      at Function.logInfo (../src/platform/PlatformTools.ts:262:17)

    console.log
      query: SELECT "Course"."id" AS "Course_id", "Course"."course_code" AS "Course_course_code", "Course"."course_name" AS "Course_course_name", "Course"."description" AS "Course_description", "Course"."credits" AS "Course_credits", "Course"."department_id" AS "Course_department_id", "Course"."semester" AS "Course_semester", "Course"."max_students" AS "Course_max_students", "Course"."is_active" AS "Course_is_active", "Course"."created_by" AS "Course_created_by", "Course"."created_at" AS "Course_created_at", "Course"."updated_at" AS "Course_updated_at", "Course"."deleted_at" AS "Course_deleted_at" FROM "courses" "Course" WHERE ( (("Course"."course_code" = $1)) ) AND ( "Course"."deleted_at" IS NULL ) LIMIT 1 -- PARAMETERS: ["E2ECRS101"]

      at Function.logInfo (../src/platform/PlatformTools.ts:262:17)

    console.log
      query: START TRANSACTION

      at Function.logInfo (../src/platform/PlatformTools.ts:262:17)

    console.log
      query: INSERT INTO "courses"("course_code", "course_name", "description", "credits", "department_id", "semester", "max_students", "is_active", "created_by", "created_at", "updated_at", "deleted_at") VALUES ($1, $2, $3, $4, $5, $6, $7, $8, DEFAULT, DEFAULT, DEFAULT, DEFAULT) RETURNING "id", "max_students", "is_active", "created_at", "updated_at", "deleted_at" -- PARAMETERS: ["E2ECRS101","E2E Test Course","A test course for E2E testing",3,null,null,50,true]

      at Function.logInfo (../src/platform/PlatformTools.ts:262:17)

    console.log
      query: COMMIT

      at Function.logInfo (../src/platform/PlatformTools.ts:262:17)

    console.log
      query: SELECT "Course"."id" AS "Course_id", "Course"."course_code" AS "Course_course_code", "Course"."course_name" AS "Course_course_name", "Course"."description" AS "Course_description", "Course"."credits" AS "Course_credits", "Course"."department_id" AS "Course_department_id", "Course"."semester" AS "Course_semester", "Course"."max_students" AS "Course_max_students", "Course"."is_active" AS "Course_is_active", "Course"."created_by" AS "Course_created_by", "Course"."created_at" AS "Course_created_at", "Course"."updated_at" AS "Course_updated_at", "Course"."deleted_at" AS "Course_deleted_at" FROM "courses" "Course" WHERE ( (("Course"."course_code" = $1)) ) AND ( "Course"."deleted_at" IS NULL ) LIMIT 1 -- PARAMETERS: ["E2ECRS101"]

      at Function.logInfo (../src/platform/PlatformTools.ts:262:17)

    console.log
      query: SELECT DISTINCT "distinctAlias"."course_id" AS "ids_course_id", "distinctAlias"."course_id" FROM (SELECT "course"."id" AS "course_id", "course"."course_code" AS "course_course_code", "course"."course_name" AS "course_course_name", "course"."description" AS "course_description", "course"."credits" AS "course_credits", "course"."department_id" AS "course_department_id", "course"."semester" AS "course_semester", "course"."max_students" AS "course_max_students", "course"."is_active" AS "course_is_active", "course"."created_by" AS "course_created_by", "course"."created_at" AS "course_created_at", "course"."updated_at" AS "course_updated_at", "course"."deleted_at" AS "course_deleted_at", "teacher"."id" AS "teacher_id", "teacher"."email" AS "teacher_email", "teacher"."username" AS "teacher_username", "teacher"."password_hash" AS "teacher_password_hash", "teacher"."role" AS "teacher_role", "teacher"."first_name" AS "teacher_first_name", "teacher"."last_name" AS "teacher_last_name", "teacher"."is_active" AS "teacher_is_active", "teacher"."refresh_token" AS "teacher_refresh_token", "teacher"."email_verified" AS "teacher_email_verified", "teacher"."email_verification_token" AS "teacher_email_verification_token", "teacher"."password_reset_token" AS "teacher_password_reset_token", "teacher"."password_reset_expires" AS "teacher_password_reset_expires", "teacher"."failed_login_attempts" AS "teacher_failed_login_attempts", "teacher"."locked_until" AS "teacher_locked_until", "teacher"."last_failed_login" AS "teacher_last_failed_login", "teacher"."created_at" AS "teacher_created_at", "teacher"."updated_at" AS "teacher_updated_at", "teacher"."deleted_at" AS "teacher_deleted_at" FROM "courses" "course" LEFT JOIN "course_teachers" "course_teacher" ON "course_teacher"."course_id"="course"."id" LEFT JOIN "users" "teacher" ON "teacher"."id"="course_teacher"."teacher_id" AND ("teacher"."deleted_at" IS NULL) WHERE "course"."deleted_at" IS NULL) "distinctAlias" ORDER BY "distinctAlias"."course_id" DESC, "course_id" ASC LIMIT 10 OFFSET 0

      at Function.logInfo (../src/platform/PlatformTools.ts:262:17)

    console.log
      query: SELECT "course"."id" AS "course_id", "course"."course_code" AS "course_course_code", "course"."course_name" AS "course_course_name", "course"."description" AS "course_description", "course"."credits" AS "course_credits", "course"."department_id" AS "course_department_id", "course"."semester" AS "course_semester", "course"."max_students" AS "course_max_students", "course"."is_active" AS "course_is_active", "course"."created_by" AS "course_created_by", "course"."created_at" AS "course_created_at", "course"."updated_at" AS "course_updated_at", "course"."deleted_at" AS "course_deleted_at", "teacher"."id" AS "teacher_id", "teacher"."email" AS "teacher_email", "teacher"."username" AS "teacher_username", "teacher"."password_hash" AS "teacher_password_hash", "teacher"."role" AS "teacher_role", "teacher"."first_name" AS "teacher_first_name", "teacher"."last_name" AS "teacher_last_name", "teacher"."is_active" AS "teacher_is_active", "teacher"."refresh_token" AS "teacher_refresh_token", "teacher"."email_verified" AS "teacher_email_verified", "teacher"."email_verification_token" AS "teacher_email_verification_token", "teacher"."password_reset_token" AS "teacher_password_reset_token", "teacher"."password_reset_expires" AS "teacher_password_reset_expires", "teacher"."failed_login_attempts" AS "teacher_failed_login_attempts", "teacher"."locked_until" AS "teacher_locked_until", "teacher"."last_failed_login" AS "teacher_last_failed_login", "teacher"."created_at" AS "teacher_created_at", "teacher"."updated_at" AS "teacher_updated_at", "teacher"."deleted_at" AS "teacher_deleted_at" FROM "courses" "course" LEFT JOIN "course_teachers" "course_teacher" ON "course_teacher"."course_id"="course"."id" LEFT JOIN "users" "teacher" ON "teacher"."id"="course_teacher"."teacher_id" AND ("teacher"."deleted_at" IS NULL) WHERE ( "course"."deleted_at" IS NULL ) AND ( "course"."id" IN (459) ) ORDER BY "course"."id" DESC

      at Function.logInfo (../src/platform/PlatformTools.ts:262:17)

    console.log
      query: SELECT DISTINCT "distinctAlias"."course_id" AS "ids_course_id", "distinctAlias"."course_id" FROM (SELECT "course"."id" AS "course_id", "course"."course_code" AS "course_course_code", "course"."course_name" AS "course_course_name", "course"."description" AS "course_description", "course"."credits" AS "course_credits", "course"."department_id" AS "course_department_id", "course"."semester" AS "course_semester", "course"."max_students" AS "course_max_students", "course"."is_active" AS "course_is_active", "course"."created_by" AS "course_created_by", "course"."created_at" AS "course_created_at", "course"."updated_at" AS "course_updated_at", "course"."deleted_at" AS "course_deleted_at", "teacher"."id" AS "teacher_id", "teacher"."email" AS "teacher_email", "teacher"."username" AS "teacher_username", "teacher"."password_hash" AS "teacher_password_hash", "teacher"."role" AS "teacher_role", "teacher"."first_name" AS "teacher_first_name", "teacher"."last_name" AS "teacher_last_name", "teacher"."is_active" AS "teacher_is_active", "teacher"."refresh_token" AS "teacher_refresh_token", "teacher"."email_verified" AS "teacher_email_verified", "teacher"."email_verification_token" AS "teacher_email_verification_token", "teacher"."password_reset_token" AS "teacher_password_reset_token", "teacher"."password_reset_expires" AS "teacher_password_reset_expires", "teacher"."failed_login_attempts" AS "teacher_failed_login_attempts", "teacher"."locked_until" AS "teacher_locked_until", "teacher"."last_failed_login" AS "teacher_last_failed_login", "teacher"."created_at" AS "teacher_created_at", "teacher"."updated_at" AS "teacher_updated_at", "teacher"."deleted_at" AS "teacher_deleted_at" FROM "courses" "course" LEFT JOIN "course_teachers" "course_teacher" ON "course_teacher"."course_id"="course"."id" LEFT JOIN "users" "teacher" ON "teacher"."id"="course_teacher"."teacher_id" AND ("teacher"."deleted_at" IS NULL) WHERE "course"."deleted_at" IS NULL) "distinctAlias" ORDER BY "distinctAlias"."course_id" DESC, "course_id" ASC LIMIT 10 OFFSET 0

      at Function.logInfo (../src/platform/PlatformTools.ts:262:17)

    console.log
      query: SELECT "course"."id" AS "course_id", "course"."course_code" AS "course_course_code", "course"."course_name" AS "course_course_name", "course"."description" AS "course_description", "course"."credits" AS "course_credits", "course"."department_id" AS "course_department_id", "course"."semester" AS "course_semester", "course"."max_students" AS "course_max_students", "course"."is_active" AS "course_is_active", "course"."created_by" AS "course_created_by", "course"."created_at" AS "course_created_at", "course"."updated_at" AS "course_updated_at", "course"."deleted_at" AS "course_deleted_at", "teacher"."id" AS "teacher_id", "teacher"."email" AS "teacher_email", "teacher"."username" AS "teacher_username", "teacher"."password_hash" AS "teacher_password_hash", "teacher"."role" AS "teacher_role", "teacher"."first_name" AS "teacher_first_name", "teacher"."last_name" AS "teacher_last_name", "teacher"."is_active" AS "teacher_is_active", "teacher"."refresh_token" AS "teacher_refresh_token", "teacher"."email_verified" AS "teacher_email_verified", "teacher"."email_verification_token" AS "teacher_email_verification_token", "teacher"."password_reset_token" AS "teacher_password_reset_token", "teacher"."password_reset_expires" AS "teacher_password_reset_expires", "teacher"."failed_login_attempts" AS "teacher_failed_login_attempts", "teacher"."locked_until" AS "teacher_locked_until", "teacher"."last_failed_login" AS "teacher_last_failed_login", "teacher"."created_at" AS "teacher_created_at", "teacher"."updated_at" AS "teacher_updated_at", "teacher"."deleted_at" AS "teacher_deleted_at" FROM "courses" "course" LEFT JOIN "course_teachers" "course_teacher" ON "course_teacher"."course_id"="course"."id" LEFT JOIN "users" "teacher" ON "teacher"."id"="course_teacher"."teacher_id" AND ("teacher"."deleted_at" IS NULL) WHERE ( "course"."deleted_at" IS NULL ) AND ( "course"."id" IN (459) ) ORDER BY "course"."id" DESC

      at Function.logInfo (../src/platform/PlatformTools.ts:262:17)

    console.log
      query: SELECT DISTINCT "distinctAlias"."course_id" AS "ids_course_id", "distinctAlias"."course_id" FROM (SELECT "course"."id" AS "course_id", "course"."course_code" AS "course_course_code", "course"."course_name" AS "course_course_name", "course"."description" AS "course_description", "course"."credits" AS "course_credits", "course"."department_id" AS "course_department_id", "course"."semester" AS "course_semester", "course"."max_students" AS "course_max_students", "course"."is_active" AS "course_is_active", "course"."created_by" AS "course_created_by", "course"."created_at" AS "course_created_at", "course"."updated_at" AS "course_updated_at", "course"."deleted_at" AS "course_deleted_at", "teacher"."id" AS "teacher_id", "teacher"."email" AS "teacher_email", "teacher"."username" AS "teacher_username", "teacher"."password_hash" AS "teacher_password_hash", "teacher"."role" AS "teacher_role", "teacher"."first_name" AS "teacher_first_name", "teacher"."last_name" AS "teacher_last_name", "teacher"."is_active" AS "teacher_is_active", "teacher"."refresh_token" AS "teacher_refresh_token", "teacher"."email_verified" AS "teacher_email_verified", "teacher"."email_verification_token" AS "teacher_email_verification_token", "teacher"."password_reset_token" AS "teacher_password_reset_token", "teacher"."password_reset_expires" AS "teacher_password_reset_expires", "teacher"."failed_login_attempts" AS "teacher_failed_login_attempts", "teacher"."locked_until" AS "teacher_locked_until", "teacher"."last_failed_login" AS "teacher_last_failed_login", "teacher"."created_at" AS "teacher_created_at", "teacher"."updated_at" AS "teacher_updated_at", "teacher"."deleted_at" AS "teacher_deleted_at" FROM "courses" "course" LEFT JOIN "course_teachers" "course_teacher" ON "course_teacher"."course_id"="course"."id" LEFT JOIN "users" "teacher" ON "teacher"."id"="course_teacher"."teacher_id" AND ("teacher"."deleted_at" IS NULL) WHERE "course"."deleted_at" IS NULL) "distinctAlias" ORDER BY "distinctAlias"."course_id" DESC, "course_id" ASC LIMIT 10 OFFSET 0

      at Function.logInfo (../src/platform/PlatformTools.ts:262:17)

    console.log
      query: SELECT "course"."id" AS "course_id", "course"."course_code" AS "course_course_code", "course"."course_name" AS "course_course_name", "course"."description" AS "course_description", "course"."credits" AS "course_credits", "course"."department_id" AS "course_department_id", "course"."semester" AS "course_semester", "course"."max_students" AS "course_max_students", "course"."is_active" AS "course_is_active", "course"."created_by" AS "course_created_by", "course"."created_at" AS "course_created_at", "course"."updated_at" AS "course_updated_at", "course"."deleted_at" AS "course_deleted_at", "teacher"."id" AS "teacher_id", "teacher"."email" AS "teacher_email", "teacher"."username" AS "teacher_username", "teacher"."password_hash" AS "teacher_password_hash", "teacher"."role" AS "teacher_role", "teacher"."first_name" AS "teacher_first_name", "teacher"."last_name" AS "teacher_last_name", "teacher"."is_active" AS "teacher_is_active", "teacher"."refresh_token" AS "teacher_refresh_token", "teacher"."email_verified" AS "teacher_email_verified", "teacher"."email_verification_token" AS "teacher_email_verification_token", "teacher"."password_reset_token" AS "teacher_password_reset_token", "teacher"."password_reset_expires" AS "teacher_password_reset_expires", "teacher"."failed_login_attempts" AS "teacher_failed_login_attempts", "teacher"."locked_until" AS "teacher_locked_until", "teacher"."last_failed_login" AS "teacher_last_failed_login", "teacher"."created_at" AS "teacher_created_at", "teacher"."updated_at" AS "teacher_updated_at", "teacher"."deleted_at" AS "teacher_deleted_at" FROM "courses" "course" LEFT JOIN "course_teachers" "course_teacher" ON "course_teacher"."course_id"="course"."id" LEFT JOIN "users" "teacher" ON "teacher"."id"="course_teacher"."teacher_id" AND ("teacher"."deleted_at" IS NULL) WHERE ( "course"."deleted_at" IS NULL ) AND ( "course"."id" IN (459) ) ORDER BY "course"."id" DESC

      at Function.logInfo (../src/platform/PlatformTools.ts:262:17)

    console.log
      query: SELECT DISTINCT "distinctAlias"."course_id" AS "ids_course_id", "distinctAlias"."course_id" FROM (SELECT "course"."id" AS "course_id", "course"."course_code" AS "course_course_code", "course"."course_name" AS "course_course_name", "course"."description" AS "course_description", "course"."credits" AS "course_credits", "course"."department_id" AS "course_department_id", "course"."semester" AS "course_semester", "course"."max_students" AS "course_max_students", "course"."is_active" AS "course_is_active", "course"."created_by" AS "course_created_by", "course"."created_at" AS "course_created_at", "course"."updated_at" AS "course_updated_at", "course"."deleted_at" AS "course_deleted_at", "teacher"."id" AS "teacher_id", "teacher"."email" AS "teacher_email", "teacher"."username" AS "teacher_username", "teacher"."password_hash" AS "teacher_password_hash", "teacher"."role" AS "teacher_role", "teacher"."first_name" AS "teacher_first_name", "teacher"."last_name" AS "teacher_last_name", "teacher"."is_active" AS "teacher_is_active", "teacher"."refresh_token" AS "teacher_refresh_token", "teacher"."email_verified" AS "teacher_email_verified", "teacher"."email_verification_token" AS "teacher_email_verification_token", "teacher"."password_reset_token" AS "teacher_password_reset_token", "teacher"."password_reset_expires" AS "teacher_password_reset_expires", "teacher"."failed_login_attempts" AS "teacher_failed_login_attempts", "teacher"."locked_until" AS "teacher_locked_until", "teacher"."last_failed_login" AS "teacher_last_failed_login", "teacher"."created_at" AS "teacher_created_at", "teacher"."updated_at" AS "teacher_updated_at", "teacher"."deleted_at" AS "teacher_deleted_at" FROM "courses" "course" LEFT JOIN "course_teachers" "course_teacher" ON "course_teacher"."course_id"="course"."id" LEFT JOIN "users" "teacher" ON "teacher"."id"="course_teacher"."teacher_id" AND ("teacher"."deleted_at" IS NULL) WHERE ( "course"."is_active" = $1 ) AND ( "course"."deleted_at" IS NULL )) "distinctAlias" ORDER BY "distinctAlias"."course_id" DESC, "course_id" ASC LIMIT 10 OFFSET 0 -- PARAMETERS: [true]

      at Function.logInfo (../src/platform/PlatformTools.ts:262:17)

    console.log
      query: SELECT "course"."id" AS "course_id", "course"."course_code" AS "course_course_code", "course"."course_name" AS "course_course_name", "course"."description" AS "course_description", "course"."credits" AS "course_credits", "course"."department_id" AS "course_department_id", "course"."semester" AS "course_semester", "course"."max_students" AS "course_max_students", "course"."is_active" AS "course_is_active", "course"."created_by" AS "course_created_by", "course"."created_at" AS "course_created_at", "course"."updated_at" AS "course_updated_at", "course"."deleted_at" AS "course_deleted_at", "teacher"."id" AS "teacher_id", "teacher"."email" AS "teacher_email", "teacher"."username" AS "teacher_username", "teacher"."password_hash" AS "teacher_password_hash", "teacher"."role" AS "teacher_role", "teacher"."first_name" AS "teacher_first_name", "teacher"."last_name" AS "teacher_last_name", "teacher"."is_active" AS "teacher_is_active", "teacher"."refresh_token" AS "teacher_refresh_token", "teacher"."email_verified" AS "teacher_email_verified", "teacher"."email_verification_token" AS "teacher_email_verification_token", "teacher"."password_reset_token" AS "teacher_password_reset_token", "teacher"."password_reset_expires" AS "teacher_password_reset_expires", "teacher"."failed_login_attempts" AS "teacher_failed_login_attempts", "teacher"."locked_until" AS "teacher_locked_until", "teacher"."last_failed_login" AS "teacher_last_failed_login", "teacher"."created_at" AS "teacher_created_at", "teacher"."updated_at" AS "teacher_updated_at", "teacher"."deleted_at" AS "teacher_deleted_at" FROM "courses" "course" LEFT JOIN "course_teachers" "course_teacher" ON "course_teacher"."course_id"="course"."id" LEFT JOIN "users" "teacher" ON "teacher"."id"="course_teacher"."teacher_id" AND ("teacher"."deleted_at" IS NULL) WHERE ( "course"."is_active" = $1 ) AND ( "course"."deleted_at" IS NULL ) AND ( "course"."id" IN (459) ) ORDER BY "course"."id" DESC -- PARAMETERS: [true]

      at Function.logInfo (../src/platform/PlatformTools.ts:262:17)

    console.log
      query: SELECT DISTINCT "distinctAlias"."course_id" AS "ids_course_id", "distinctAlias"."course_id" FROM (SELECT "course"."id" AS "course_id", "course"."course_code" AS "course_course_code", "course"."course_name" AS "course_course_name", "course"."description" AS "course_description", "course"."credits" AS "course_credits", "course"."department_id" AS "course_department_id", "course"."semester" AS "course_semester", "course"."max_students" AS "course_max_students", "course"."is_active" AS "course_is_active", "course"."created_by" AS "course_created_by", "course"."created_at" AS "course_created_at", "course"."updated_at" AS "course_updated_at", "course"."deleted_at" AS "course_deleted_at", "teacher"."id" AS "teacher_id", "teacher"."email" AS "teacher_email", "teacher"."username" AS "teacher_username", "teacher"."password_hash" AS "teacher_password_hash", "teacher"."role" AS "teacher_role", "teacher"."first_name" AS "teacher_first_name", "teacher"."last_name" AS "teacher_last_name", "teacher"."is_active" AS "teacher_is_active", "teacher"."refresh_token" AS "teacher_refresh_token", "teacher"."email_verified" AS "teacher_email_verified", "teacher"."email_verification_token" AS "teacher_email_verification_token", "teacher"."password_reset_token" AS "teacher_password_reset_token", "teacher"."password_reset_expires" AS "teacher_password_reset_expires", "teacher"."failed_login_attempts" AS "teacher_failed_login_attempts", "teacher"."locked_until" AS "teacher_locked_until", "teacher"."last_failed_login" AS "teacher_last_failed_login", "teacher"."created_at" AS "teacher_created_at", "teacher"."updated_at" AS "teacher_updated_at", "teacher"."deleted_at" AS "teacher_deleted_at" FROM "courses" "course" LEFT JOIN "course_teachers" "course_teacher" ON "course_teacher"."course_id"="course"."id" LEFT JOIN "users" "teacher" ON "teacher"."id"="course_teacher"."teacher_id" AND ("teacher"."deleted_at" IS NULL) WHERE "course"."deleted_at" IS NULL) "distinctAlias" ORDER BY "distinctAlias"."course_id" DESC, "course_id" ASC LIMIT 2 OFFSET 0

      at Function.logInfo (../src/platform/PlatformTools.ts:262:17)

    console.log
      query: SELECT "course"."id" AS "course_id", "course"."course_code" AS "course_course_code", "course"."course_name" AS "course_course_name", "course"."description" AS "course_description", "course"."credits" AS "course_credits", "course"."department_id" AS "course_department_id", "course"."semester" AS "course_semester", "course"."max_students" AS "course_max_students", "course"."is_active" AS "course_is_active", "course"."created_by" AS "course_created_by", "course"."created_at" AS "course_created_at", "course"."updated_at" AS "course_updated_at", "course"."deleted_at" AS "course_deleted_at", "teacher"."id" AS "teacher_id", "teacher"."email" AS "teacher_email", "teacher"."username" AS "teacher_username", "teacher"."password_hash" AS "teacher_password_hash", "teacher"."role" AS "teacher_role", "teacher"."first_name" AS "teacher_first_name", "teacher"."last_name" AS "teacher_last_name", "teacher"."is_active" AS "teacher_is_active", "teacher"."refresh_token" AS "teacher_refresh_token", "teacher"."email_verified" AS "teacher_email_verified", "teacher"."email_verification_token" AS "teacher_email_verification_token", "teacher"."password_reset_token" AS "teacher_password_reset_token", "teacher"."password_reset_expires" AS "teacher_password_reset_expires", "teacher"."failed_login_attempts" AS "teacher_failed_login_attempts", "teacher"."locked_until" AS "teacher_locked_until", "teacher"."last_failed_login" AS "teacher_last_failed_login", "teacher"."created_at" AS "teacher_created_at", "teacher"."updated_at" AS "teacher_updated_at", "teacher"."deleted_at" AS "teacher_deleted_at" FROM "courses" "course" LEFT JOIN "course_teachers" "course_teacher" ON "course_teacher"."course_id"="course"."id" LEFT JOIN "users" "teacher" ON "teacher"."id"="course_teacher"."teacher_id" AND ("teacher"."deleted_at" IS NULL) WHERE ( "course"."deleted_at" IS NULL ) AND ( "course"."id" IN (459) ) ORDER BY "course"."id" DESC

      at Function.logInfo (../src/platform/PlatformTools.ts:262:17)

    console.log
      query: SELECT DISTINCT "distinctAlias"."Course_id" AS "ids_Course_id" FROM (SELECT "Course"."id" AS "Course_id", "Course"."course_code" AS "Course_course_code", "Course"."course_name" AS "Course_course_name", "Course"."description" AS "Course_description", "Course"."credits" AS "Course_credits", "Course"."department_id" AS "Course_department_id", "Course"."semester" AS "Course_semester", "Course"."max_students" AS "Course_max_students", "Course"."is_active" AS "Course_is_active", "Course"."created_by" AS "Course_created_by", "Course"."created_at" AS "Course_created_at", "Course"."updated_at" AS "Course_updated_at", "Course"."deleted_at" AS "Course_deleted_at", "Course__Course_teachers"."id" AS "Course__Course_teachers_id", "Course__Course_teachers"."email" AS "Course__Course_teachers_email", "Course__Course_teachers"."username" AS "Course__Course_teachers_username", "Course__Course_teachers"."password_hash" AS "Course__Course_teachers_password_hash", "Course__Course_teachers"."role" AS "Course__Course_teachers_role", "Course__Course_teachers"."first_name" AS "Course__Course_teachers_first_name", "Course__Course_teachers"."last_name" AS "Course__Course_teachers_last_name", "Course__Course_teachers"."is_active" AS "Course__Course_teachers_is_active", "Course__Course_teachers"."refresh_token" AS "Course__Course_teachers_refresh_token", "Course__Course_teachers"."email_verified" AS "Course__Course_teachers_email_verified", "Course__Course_teachers"."email_verification_token" AS "Course__Course_teachers_email_verification_token", "Course__Course_teachers"."password_reset_token" AS "Course__Course_teachers_password_reset_token", "Course__Course_teachers"."password_reset_expires" AS "Course__Course_teachers_password_reset_expires", "Course__Course_teachers"."failed_login_attempts" AS "Course__Course_teachers_failed_login_attempts", "Course__Course_teachers"."locked_until" AS "Course__Course_teachers_locked_until", "Course__Course_teachers"."last_failed_login" AS "Course__Course_teachers_last_failed_login", "Course__Course_teachers"."created_at" AS "Course__Course_teachers_created_at", "Course__Course_teachers"."updated_at" AS "Course__Course_teachers_updated_at", "Course__Course_teachers"."deleted_at" AS "Course__Course_teachers_deleted_at" FROM "courses" "Course" LEFT JOIN "course_teachers" "Course_Course__Course_teachers" ON "Course_Course__Course_teachers"."course_id"="Course"."id" LEFT JOIN "users" "Course__Course_teachers" ON "Course__Course_teachers"."id"="Course_Course__Course_teachers"."teacher_id" AND ("Course__Course_teachers"."deleted_at" IS NULL) WHERE ( (("Course"."id" = $1)) ) AND ( "Course"."deleted_at" IS NULL )) "distinctAlias" ORDER BY "Course_id" ASC LIMIT 1 -- PARAMETERS: [459]

      at Function.logInfo (../src/platform/PlatformTools.ts:262:17)

    console.log
      query: SELECT "Course"."id" AS "Course_id", "Course"."course_code" AS "Course_course_code", "Course"."course_name" AS "Course_course_name", "Course"."description" AS "Course_description", "Course"."credits" AS "Course_credits", "Course"."department_id" AS "Course_department_id", "Course"."semester" AS "Course_semester", "Course"."max_students" AS "Course_max_students", "Course"."is_active" AS "Course_is_active", "Course"."created_by" AS "Course_created_by", "Course"."created_at" AS "Course_created_at", "Course"."updated_at" AS "Course_updated_at", "Course"."deleted_at" AS "Course_deleted_at", "Course__Course_teachers"."id" AS "Course__Course_teachers_id", "Course__Course_teachers"."email" AS "Course__Course_teachers_email", "Course__Course_teachers"."username" AS "Course__Course_teachers_username", "Course__Course_teachers"."password_hash" AS "Course__Course_teachers_password_hash", "Course__Course_teachers"."role" AS "Course__Course_teachers_role", "Course__Course_teachers"."first_name" AS "Course__Course_teachers_first_name", "Course__Course_teachers"."last_name" AS "Course__Course_teachers_last_name", "Course__Course_teachers"."is_active" AS "Course__Course_teachers_is_active", "Course__Course_teachers"."refresh_token" AS "Course__Course_teachers_refresh_token", "Course__Course_teachers"."email_verified" AS "Course__Course_teachers_email_verified", "Course__Course_teachers"."email_verification_token" AS "Course__Course_teachers_email_verification_token", "Course__Course_teachers"."password_reset_token" AS "Course__Course_teachers_password_reset_token", "Course__Course_teachers"."password_reset_expires" AS "Course__Course_teachers_password_reset_expires", "Course__Course_teachers"."failed_login_attempts" AS "Course__Course_teachers_failed_login_attempts", "Course__Course_teachers"."locked_until" AS "Course__Course_teachers_locked_until", "Course__Course_teachers"."last_failed_login" AS "Course__Course_teachers_last_failed_login", "Course__Course_teachers"."created_at" AS "Course__Course_teachers_created_at", "Course__Course_teachers"."updated_at" AS "Course__Course_teachers_updated_at", "Course__Course_teachers"."deleted_at" AS "Course__Course_teachers_deleted_at" FROM "courses" "Course" LEFT JOIN "course_teachers" "Course_Course__Course_teachers" ON "Course_Course__Course_teachers"."course_id"="Course"."id" LEFT JOIN "users" "Course__Course_teachers" ON "Course__Course_teachers"."id"="Course_Course__Course_teachers"."teacher_id" AND ("Course__Course_teachers"."deleted_at" IS NULL) WHERE ( (("Course"."id" = $1)) ) AND ( "Course"."deleted_at" IS NULL ) AND ( "Course"."id" IN (459) ) -- PARAMETERS: [459]

      at Function.logInfo (../src/platform/PlatformTools.ts:262:17)

    console.log
      query: SELECT DISTINCT "distinctAlias"."Course_id" AS "ids_Course_id" FROM (SELECT "Course"."id" AS "Course_id", "Course"."course_code" AS "Course_course_code", "Course"."course_name" AS "Course_course_name", "Course"."description" AS "Course_description", "Course"."credits" AS "Course_credits", "Course"."department_id" AS "Course_department_id", "Course"."semester" AS "Course_semester", "Course"."max_students" AS "Course_max_students", "Course"."is_active" AS "Course_is_active", "Course"."created_by" AS "Course_created_by", "Course"."created_at" AS "Course_created_at", "Course"."updated_at" AS "Course_updated_at", "Course"."deleted_at" AS "Course_deleted_at", "Course__Course_teachers"."id" AS "Course__Course_teachers_id", "Course__Course_teachers"."email" AS "Course__Course_teachers_email", "Course__Course_teachers"."username" AS "Course__Course_teachers_username", "Course__Course_teachers"."password_hash" AS "Course__Course_teachers_password_hash", "Course__Course_teachers"."role" AS "Course__Course_teachers_role", "Course__Course_teachers"."first_name" AS "Course__Course_teachers_first_name", "Course__Course_teachers"."last_name" AS "Course__Course_teachers_last_name", "Course__Course_teachers"."is_active" AS "Course__Course_teachers_is_active", "Course__Course_teachers"."refresh_token" AS "Course__Course_teachers_refresh_token", "Course__Course_teachers"."email_verified" AS "Course__Course_teachers_email_verified", "Course__Course_teachers"."email_verification_token" AS "Course__Course_teachers_email_verification_token", "Course__Course_teachers"."password_reset_token" AS "Course__Course_teachers_password_reset_token", "Course__Course_teachers"."password_reset_expires" AS "Course__Course_teachers_password_reset_expires", "Course__Course_teachers"."failed_login_attempts" AS "Course__Course_teachers_failed_login_attempts", "Course__Course_teachers"."locked_until" AS "Course__Course_teachers_locked_until", "Course__Course_teachers"."last_failed_login" AS "Course__Course_teachers_last_failed_login", "Course__Course_teachers"."created_at" AS "Course__Course_teachers_created_at", "Course__Course_teachers"."updated_at" AS "Course__Course_teachers_updated_at", "Course__Course_teachers"."deleted_at" AS "Course__Course_teachers_deleted_at" FROM "courses" "Course" LEFT JOIN "course_teachers" "Course_Course__Course_teachers" ON "Course_Course__Course_teachers"."course_id"="Course"."id" LEFT JOIN "users" "Course__Course_teachers" ON "Course__Course_teachers"."id"="Course_Course__Course_teachers"."teacher_id" AND ("Course__Course_teachers"."deleted_at" IS NULL) WHERE ( (("Course"."id" = $1)) ) AND ( "Course"."deleted_at" IS NULL )) "distinctAlias" ORDER BY "Course_id" ASC LIMIT 1 -- PARAMETERS: [99999]

      at Function.logInfo (../src/platform/PlatformTools.ts:262:17)

    console.log
      query: SELECT DISTINCT "distinctAlias"."Course_id" AS "ids_Course_id" FROM (SELECT "Course"."id" AS "Course_id", "Course"."course_code" AS "Course_course_code", "Course"."course_name" AS "Course_course_name", "Course"."description" AS "Course_description", "Course"."credits" AS "Course_credits", "Course"."department_id" AS "Course_department_id", "Course"."semester" AS "Course_semester", "Course"."max_students" AS "Course_max_students", "Course"."is_active" AS "Course_is_active", "Course"."created_by" AS "Course_created_by", "Course"."created_at" AS "Course_created_at", "Course"."updated_at" AS "Course_updated_at", "Course"."deleted_at" AS "Course_deleted_at", "Course__Course_teachers"."id" AS "Course__Course_teachers_id", "Course__Course_teachers"."email" AS "Course__Course_teachers_email", "Course__Course_teachers"."username" AS "Course__Course_teachers_username", "Course__Course_teachers"."password_hash" AS "Course__Course_teachers_password_hash", "Course__Course_teachers"."role" AS "Course__Course_teachers_role", "Course__Course_teachers"."first_name" AS "Course__Course_teachers_first_name", "Course__Course_teachers"."last_name" AS "Course__Course_teachers_last_name", "Course__Course_teachers"."is_active" AS "Course__Course_teachers_is_active", "Course__Course_teachers"."refresh_token" AS "Course__Course_teachers_refresh_token", "Course__Course_teachers"."email_verified" AS "Course__Course_teachers_email_verified", "Course__Course_teachers"."email_verification_token" AS "Course__Course_teachers_email_verification_token", "Course__Course_teachers"."password_reset_token" AS "Course__Course_teachers_password_reset_token", "Course__Course_teachers"."password_reset_expires" AS "Course__Course_teachers_password_reset_expires", "Course__Course_teachers"."failed_login_attempts" AS "Course__Course_teachers_failed_login_attempts", "Course__Course_teachers"."locked_until" AS "Course__Course_teachers_locked_until", "Course__Course_teachers"."last_failed_login" AS "Course__Course_teachers_last_failed_login", "Course__Course_teachers"."created_at" AS "Course__Course_teachers_created_at", "Course__Course_teachers"."updated_at" AS "Course__Course_teachers_updated_at", "Course__Course_teachers"."deleted_at" AS "Course__Course_teachers_deleted_at" FROM "courses" "Course" LEFT JOIN "course_teachers" "Course_Course__Course_teachers" ON "Course_Course__Course_teachers"."course_id"="Course"."id" LEFT JOIN "users" "Course__Course_teachers" ON "Course__Course_teachers"."id"="Course_Course__Course_teachers"."teacher_id" AND ("Course__Course_teachers"."deleted_at" IS NULL) WHERE ( (("Course"."id" = $1)) ) AND ( "Course"."deleted_at" IS NULL )) "distinctAlias" ORDER BY "Course_id" ASC LIMIT 1 -- PARAMETERS: [459]

      at Function.logInfo (../src/platform/PlatformTools.ts:262:17)

    console.log
      query: SELECT "Course"."id" AS "Course_id", "Course"."course_code" AS "Course_course_code", "Course"."course_name" AS "Course_course_name", "Course"."description" AS "Course_description", "Course"."credits" AS "Course_credits", "Course"."department_id" AS "Course_department_id", "Course"."semester" AS "Course_semester", "Course"."max_students" AS "Course_max_students", "Course"."is_active" AS "Course_is_active", "Course"."created_by" AS "Course_created_by", "Course"."created_at" AS "Course_created_at", "Course"."updated_at" AS "Course_updated_at", "Course"."deleted_at" AS "Course_deleted_at", "Course__Course_teachers"."id" AS "Course__Course_teachers_id", "Course__Course_teachers"."email" AS "Course__Course_teachers_email", "Course__Course_teachers"."username" AS "Course__Course_teachers_username", "Course__Course_teachers"."password_hash" AS "Course__Course_teachers_password_hash", "Course__Course_teachers"."role" AS "Course__Course_teachers_role", "Course__Course_teachers"."first_name" AS "Course__Course_teachers_first_name", "Course__Course_teachers"."last_name" AS "Course__Course_teachers_last_name", "Course__Course_teachers"."is_active" AS "Course__Course_teachers_is_active", "Course__Course_teachers"."refresh_token" AS "Course__Course_teachers_refresh_token", "Course__Course_teachers"."email_verified" AS "Course__Course_teachers_email_verified", "Course__Course_teachers"."email_verification_token" AS "Course__Course_teachers_email_verification_token", "Course__Course_teachers"."password_reset_token" AS "Course__Course_teachers_password_reset_token", "Course__Course_teachers"."password_reset_expires" AS "Course__Course_teachers_password_reset_expires", "Course__Course_teachers"."failed_login_attempts" AS "Course__Course_teachers_failed_login_attempts", "Course__Course_teachers"."locked_until" AS "Course__Course_teachers_locked_until", "Course__Course_teachers"."last_failed_login" AS "Course__Course_teachers_last_failed_login", "Course__Course_teachers"."created_at" AS "Course__Course_teachers_created_at", "Course__Course_teachers"."updated_at" AS "Course__Course_teachers_updated_at", "Course__Course_teachers"."deleted_at" AS "Course__Course_teachers_deleted_at" FROM "courses" "Course" LEFT JOIN "course_teachers" "Course_Course__Course_teachers" ON "Course_Course__Course_teachers"."course_id"="Course"."id" LEFT JOIN "users" "Course__Course_teachers" ON "Course__Course_teachers"."id"="Course_Course__Course_teachers"."teacher_id" AND ("Course__Course_teachers"."deleted_at" IS NULL) WHERE ( (("Course"."id" = $1)) ) AND ( "Course"."deleted_at" IS NULL ) AND ( "Course"."id" IN (459) ) -- PARAMETERS: [459]

      at Function.logInfo (../src/platform/PlatformTools.ts:262:17)

    console.log
      query: SELECT "Course"."id" AS "Course_id", "Course"."course_code" AS "Course_course_code", "Course"."course_name" AS "Course_course_name", "Course"."description" AS "Course_description", "Course"."credits" AS "Course_credits", "Course"."department_id" AS "Course_department_id", "Course"."semester" AS "Course_semester", "Course"."max_students" AS "Course_max_students", "Course"."is_active" AS "Course_is_active", "Course"."created_by" AS "Course_created_by", "Course"."created_at" AS "Course_created_at", "Course"."updated_at" AS "Course_updated_at", "Course"."deleted_at" AS "Course_deleted_at" FROM "courses" "Course" WHERE "Course"."id" IN ($1) -- PARAMETERS: [459]

      at Function.logInfo (../src/platform/PlatformTools.ts:262:17)
          at async Promise.all (index 0)
          at async Promise.all (index 0)

    console.log
      query: SELECT "Course_teachers_rid"."course_id" AS "course_id", "Course_teachers_rid"."teacher_id" AS "teacher_id" FROM "users" "users" INNER JOIN "course_teachers" "Course_teachers_rid" ON ("Course_teachers_rid"."course_id" = $1 AND "Course_teachers_rid"."teacher_id" = "users"."id") WHERE "users"."deleted_at" IS NULL ORDER BY "Course_teachers_rid"."teacher_id" ASC, "Course_teachers_rid"."course_id" ASC -- PARAMETERS: [459]

      at Function.logInfo (../src/platform/PlatformTools.ts:262:17)
          at async Promise.all (index 0)

    console.log
      query: START TRANSACTION

      at Function.logInfo (../src/platform/PlatformTools.ts:262:17)

    console.log
      query: UPDATE "courses" SET "course_name" = $1, "description" = $2, "updated_at" = CURRENT_TIMESTAMP WHERE "id" IN ($3) RETURNING "updated_at" -- PARAMETERS: ["Updated E2E Course","Updated description",459]

      at Function.logInfo (../src/platform/PlatformTools.ts:262:17)
          at async Promise.all (index 0)

    console.log
      query: COMMIT

      at Function.logInfo (../src/platform/PlatformTools.ts:262:17)

    console.log
      query: SELECT DISTINCT "distinctAlias"."Course_id" AS "ids_Course_id" FROM (SELECT "Course"."id" AS "Course_id", "Course"."course_code" AS "Course_course_code", "Course"."course_name" AS "Course_course_name", "Course"."description" AS "Course_description", "Course"."credits" AS "Course_credits", "Course"."department_id" AS "Course_department_id", "Course"."semester" AS "Course_semester", "Course"."max_students" AS "Course_max_students", "Course"."is_active" AS "Course_is_active", "Course"."created_by" AS "Course_created_by", "Course"."created_at" AS "Course_created_at", "Course"."updated_at" AS "Course_updated_at", "Course"."deleted_at" AS "Course_deleted_at", "Course__Course_teachers"."id" AS "Course__Course_teachers_id", "Course__Course_teachers"."email" AS "Course__Course_teachers_email", "Course__Course_teachers"."username" AS "Course__Course_teachers_username", "Course__Course_teachers"."password_hash" AS "Course__Course_teachers_password_hash", "Course__Course_teachers"."role" AS "Course__Course_teachers_role", "Course__Course_teachers"."first_name" AS "Course__Course_teachers_first_name", "Course__Course_teachers"."last_name" AS "Course__Course_teachers_last_name", "Course__Course_teachers"."is_active" AS "Course__Course_teachers_is_active", "Course__Course_teachers"."refresh_token" AS "Course__Course_teachers_refresh_token", "Course__Course_teachers"."email_verified" AS "Course__Course_teachers_email_verified", "Course__Course_teachers"."email_verification_token" AS "Course__Course_teachers_email_verification_token", "Course__Course_teachers"."password_reset_token" AS "Course__Course_teachers_password_reset_token", "Course__Course_teachers"."password_reset_expires" AS "Course__Course_teachers_password_reset_expires", "Course__Course_teachers"."failed_login_attempts" AS "Course__Course_teachers_failed_login_attempts", "Course__Course_teachers"."locked_until" AS "Course__Course_teachers_locked_until", "Course__Course_teachers"."last_failed_login" AS "Course__Course_teachers_last_failed_login", "Course__Course_teachers"."created_at" AS "Course__Course_teachers_created_at", "Course__Course_teachers"."updated_at" AS "Course__Course_teachers_updated_at", "Course__Course_teachers"."deleted_at" AS "Course__Course_teachers_deleted_at" FROM "courses" "Course" LEFT JOIN "course_teachers" "Course_Course__Course_teachers" ON "Course_Course__Course_teachers"."course_id"="Course"."id" LEFT JOIN "users" "Course__Course_teachers" ON "Course__Course_teachers"."id"="Course_Course__Course_teachers"."teacher_id" AND ("Course__Course_teachers"."deleted_at" IS NULL) WHERE ( (("Course"."id" = $1)) ) AND ( "Course"."deleted_at" IS NULL )) "distinctAlias" ORDER BY "Course_id" ASC LIMIT 1 -- PARAMETERS: [99999]

      at Function.logInfo (../src/platform/PlatformTools.ts:262:17)

    console.log
      query: SELECT "Course"."id" AS "Course_id", "Course"."course_code" AS "Course_course_code", "Course"."course_name" AS "Course_course_name", "Course"."description" AS "Course_description", "Course"."credits" AS "Course_credits", "Course"."department_id" AS "Course_department_id", "Course"."semester" AS "Course_semester", "Course"."max_students" AS "Course_max_students", "Course"."is_active" AS "Course_is_active", "Course"."created_by" AS "Course_created_by", "Course"."created_at" AS "Course_created_at", "Course"."updated_at" AS "Course_updated_at", "Course"."deleted_at" AS "Course_deleted_at" FROM "courses" "Course" WHERE ( (("Course"."id" = $1)) ) AND ( "Course"."deleted_at" IS NULL ) LIMIT 1 -- PARAMETERS: [459]

      at Function.logInfo (../src/platform/PlatformTools.ts:262:17)

    console.log
      query: SELECT "Enrollment"."id" AS "Enrollment_id", "Enrollment"."student_id" AS "Enrollment_student_id", "Enrollment"."course_id" AS "Enrollment_course_id", "Enrollment"."enrollment_date" AS "Enrollment_enrollment_date", "Enrollment"."status" AS "Enrollment_status", "Enrollment"."grade" AS "Enrollment_grade", "Enrollment"."grade_points" AS "Enrollment_grade_points", "Enrollment"."attendance_percentage" AS "Enrollment_attendance_percentage", "Enrollment"."created_at" AS "Enrollment_created_at", "Enrollment__Enrollment_student"."id" AS "Enrollment__Enrollment_student_id", "Enrollment__Enrollment_student"."user_id" AS "Enrollment__Enrollment_student_user_id", "Enrollment__Enrollment_student"."student_id" AS "Enrollment__Enrollment_student_student_id", "Enrollment__Enrollment_student"."date_of_birth" AS "Enrollment__Enrollment_student_date_of_birth", "Enrollment__Enrollment_student"."gender" AS "Enrollment__Enrollment_student_gender", "Enrollment__Enrollment_student"."address" AS "Enrollment__Enrollment_student_address", "Enrollment__Enrollment_student"."phone" AS "Enrollment__Enrollment_student_phone", "Enrollment__Enrollment_student"."emergency_contact" AS "Enrollment__Enrollment_student_emergency_contact", "Enrollment__Enrollment_student"."enrollment_date" AS "Enrollment__Enrollment_student_enrollment_date", "Enrollment__Enrollment_student"."department_id" AS "Enrollment__Enrollment_student_department_id", "Enrollment__Enrollment_student"."semester" AS "Enrollment__Enrollment_student_semester", "Enrollment__Enrollment_student"."created_at" AS "Enrollment__Enrollment_student_created_at", "Enrollment__Enrollment_student"."updated_at" AS "Enrollment__Enrollment_student_updated_at", "Enrollment__Enrollment_student"."deleted_at" AS "Enrollment__Enrollment_student_deleted_at", "160811cdd5014956c5a4e2eb478d5051756cc1a6"."id" AS "160811cdd5014956c5a4e2eb478d5051756cc1a6_id", "160811cdd5014956c5a4e2eb478d5051756cc1a6"."email" AS "160811cdd5014956c5a4e2eb478d5051756cc1a6_email", "160811cdd5014956c5a4e2eb478d5051756cc1a6"."username" AS "160811cdd5014956c5a4e2eb478d5051756cc1a6_username", "160811cdd5014956c5a4e2eb478d5051756cc1a6"."password_hash" AS "160811cdd5014956c5a4e2eb478d5051756cc1a6_password_hash", "160811cdd5014956c5a4e2eb478d5051756cc1a6"."role" AS "160811cdd5014956c5a4e2eb478d5051756cc1a6_role", "160811cdd5014956c5a4e2eb478d5051756cc1a6"."first_name" AS "160811cdd5014956c5a4e2eb478d5051756cc1a6_first_name", "160811cdd5014956c5a4e2eb478d5051756cc1a6"."last_name" AS "160811cdd5014956c5a4e2eb478d5051756cc1a6_last_name", "160811cdd5014956c5a4e2eb478d5051756cc1a6"."is_active" AS "160811cdd5014956c5a4e2eb478d5051756cc1a6_is_active", "160811cdd5014956c5a4e2eb478d5051756cc1a6"."refresh_token" AS "160811cdd5014956c5a4e2eb478d5051756cc1a6_refresh_token", "160811cdd5014956c5a4e2eb478d5051756cc1a6"."email_verified" AS "160811cdd5014956c5a4e2eb478d5051756cc1a6_email_verified", "160811cdd5014956c5a4e2eb478d5051756cc1a6"."email_verification_token" AS "5037b763d9d3f8c91c957115b76f9d2ce0a9d299", "160811cdd5014956c5a4e2eb478d5051756cc1a6"."password_reset_token" AS "160811cdd5014956c5a4e2eb478d5051756cc1a6_password_reset_token", "160811cdd5014956c5a4e2eb478d5051756cc1a6"."password_reset_expires" AS "160811cdd5014956c5a4e2eb478d5051756cc1a6_password_reset_expires", "160811cdd5014956c5a4e2eb478d5051756cc1a6"."failed_login_attempts" AS "160811cdd5014956c5a4e2eb478d5051756cc1a6_failed_login_attempts", "160811cdd5014956c5a4e2eb478d5051756cc1a6"."locked_until" AS "160811cdd5014956c5a4e2eb478d5051756cc1a6_locked_until", "160811cdd5014956c5a4e2eb478d5051756cc1a6"."last_failed_login" AS "160811cdd5014956c5a4e2eb478d5051756cc1a6_last_failed_login", "160811cdd5014956c5a4e2eb478d5051756cc1a6"."created_at" AS "160811cdd5014956c5a4e2eb478d5051756cc1a6_created_at", "160811cdd5014956c5a4e2eb478d5051756cc1a6"."updated_at" AS "160811cdd5014956c5a4e2eb478d5051756cc1a6_updated_at", "160811cdd5014956c5a4e2eb478d5051756cc1a6"."deleted_at" AS "160811cdd5014956c5a4e2eb478d5051756cc1a6_deleted_at" FROM "enrollments" "Enrollment" LEFT JOIN "students" "Enrollment__Enrollment_student" ON "Enrollment__Enrollment_student"."id"="Enrollment"."student_id" AND ("Enrollment__Enrollment_student"."deleted_at" IS NULL)  LEFT JOIN "users" "160811cdd5014956c5a4e2eb478d5051756cc1a6" ON "160811cdd5014956c5a4e2eb478d5051756cc1a6"."id"="Enrollment__Enrollment_student"."user_id" AND ("160811cdd5014956c5a4e2eb478d5051756cc1a6"."deleted_at" IS NULL) WHERE (("Enrollment"."course_id" = $1)) ORDER BY "Enrollment"."id" DESC -- PARAMETERS: [459]

      at Function.logInfo (../src/platform/PlatformTools.ts:262:17)

    console.log
      query: SELECT "Course"."id" AS "Course_id", "Course"."course_code" AS "Course_course_code", "Course"."course_name" AS "Course_course_name", "Course"."description" AS "Course_description", "Course"."credits" AS "Course_credits", "Course"."department_id" AS "Course_department_id", "Course"."semester" AS "Course_semester", "Course"."max_students" AS "Course_max_students", "Course"."is_active" AS "Course_is_active", "Course"."created_by" AS "Course_created_by", "Course"."created_at" AS "Course_created_at", "Course"."updated_at" AS "Course_updated_at", "Course"."deleted_at" AS "Course_deleted_at" FROM "courses" "Course" WHERE ( (("Course"."id" = $1)) ) AND ( "Course"."deleted_at" IS NULL ) LIMIT 1 -- PARAMETERS: [459]

      at Function.logInfo (../src/platform/PlatformTools.ts:262:17)

    console.log
      query: SELECT "Enrollment"."id" AS "Enrollment_id", "Enrollment"."student_id" AS "Enrollment_student_id", "Enrollment"."course_id" AS "Enrollment_course_id", "Enrollment"."enrollment_date" AS "Enrollment_enrollment_date", "Enrollment"."status" AS "Enrollment_status", "Enrollment"."grade" AS "Enrollment_grade", "Enrollment"."grade_points" AS "Enrollment_grade_points", "Enrollment"."attendance_percentage" AS "Enrollment_attendance_percentage", "Enrollment"."created_at" AS "Enrollment_created_at", "Enrollment__Enrollment_student"."id" AS "Enrollment__Enrollment_student_id", "Enrollment__Enrollment_student"."user_id" AS "Enrollment__Enrollment_student_user_id", "Enrollment__Enrollment_student"."student_id" AS "Enrollment__Enrollment_student_student_id", "Enrollment__Enrollment_student"."date_of_birth" AS "Enrollment__Enrollment_student_date_of_birth", "Enrollment__Enrollment_student"."gender" AS "Enrollment__Enrollment_student_gender", "Enrollment__Enrollment_student"."address" AS "Enrollment__Enrollment_student_address", "Enrollment__Enrollment_student"."phone" AS "Enrollment__Enrollment_student_phone", "Enrollment__Enrollment_student"."emergency_contact" AS "Enrollment__Enrollment_student_emergency_contact", "Enrollment__Enrollment_student"."enrollment_date" AS "Enrollment__Enrollment_student_enrollment_date", "Enrollment__Enrollment_student"."department_id" AS "Enrollment__Enrollment_student_department_id", "Enrollment__Enrollment_student"."semester" AS "Enrollment__Enrollment_student_semester", "Enrollment__Enrollment_student"."created_at" AS "Enrollment__Enrollment_student_created_at", "Enrollment__Enrollment_student"."updated_at" AS "Enrollment__Enrollment_student_updated_at", "Enrollment__Enrollment_student"."deleted_at" AS "Enrollment__Enrollment_student_deleted_at", "160811cdd5014956c5a4e2eb478d5051756cc1a6"."id" AS "160811cdd5014956c5a4e2eb478d5051756cc1a6_id", "160811cdd5014956c5a4e2eb478d5051756cc1a6"."email" AS "160811cdd5014956c5a4e2eb478d5051756cc1a6_email", "160811cdd5014956c5a4e2eb478d5051756cc1a6"."username" AS "160811cdd5014956c5a4e2eb478d5051756cc1a6_username", "160811cdd5014956c5a4e2eb478d5051756cc1a6"."password_hash" AS "160811cdd5014956c5a4e2eb478d5051756cc1a6_password_hash", "160811cdd5014956c5a4e2eb478d5051756cc1a6"."role" AS "160811cdd5014956c5a4e2eb478d5051756cc1a6_role", "160811cdd5014956c5a4e2eb478d5051756cc1a6"."first_name" AS "160811cdd5014956c5a4e2eb478d5051756cc1a6_first_name", "160811cdd5014956c5a4e2eb478d5051756cc1a6"."last_name" AS "160811cdd5014956c5a4e2eb478d5051756cc1a6_last_name", "160811cdd5014956c5a4e2eb478d5051756cc1a6"."is_active" AS "160811cdd5014956c5a4e2eb478d5051756cc1a6_is_active", "160811cdd5014956c5a4e2eb478d5051756cc1a6"."refresh_token" AS "160811cdd5014956c5a4e2eb478d5051756cc1a6_refresh_token", "160811cdd5014956c5a4e2eb478d5051756cc1a6"."email_verified" AS "160811cdd5014956c5a4e2eb478d5051756cc1a6_email_verified", "160811cdd5014956c5a4e2eb478d5051756cc1a6"."email_verification_token" AS "5037b763d9d3f8c91c957115b76f9d2ce0a9d299", "160811cdd5014956c5a4e2eb478d5051756cc1a6"."password_reset_token" AS "160811cdd5014956c5a4e2eb478d5051756cc1a6_password_reset_token", "160811cdd5014956c5a4e2eb478d5051756cc1a6"."password_reset_expires" AS "160811cdd5014956c5a4e2eb478d5051756cc1a6_password_reset_expires", "160811cdd5014956c5a4e2eb478d5051756cc1a6"."failed_login_attempts" AS "160811cdd5014956c5a4e2eb478d5051756cc1a6_failed_login_attempts", "160811cdd5014956c5a4e2eb478d5051756cc1a6"."locked_until" AS "160811cdd5014956c5a4e2eb478d5051756cc1a6_locked_until", "160811cdd5014956c5a4e2eb478d5051756cc1a6"."last_failed_login" AS "160811cdd5014956c5a4e2eb478d5051756cc1a6_last_failed_login", "160811cdd5014956c5a4e2eb478d5051756cc1a6"."created_at" AS "160811cdd5014956c5a4e2eb478d5051756cc1a6_created_at", "160811cdd5014956c5a4e2eb478d5051756cc1a6"."updated_at" AS "160811cdd5014956c5a4e2eb478d5051756cc1a6_updated_at", "160811cdd5014956c5a4e2eb478d5051756cc1a6"."deleted_at" AS "160811cdd5014956c5a4e2eb478d5051756cc1a6_deleted_at" FROM "enrollments" "Enrollment" LEFT JOIN "students" "Enrollment__Enrollment_student" ON "Enrollment__Enrollment_student"."id"="Enrollment"."student_id" AND ("Enrollment__Enrollment_student"."deleted_at" IS NULL)  LEFT JOIN "users" "160811cdd5014956c5a4e2eb478d5051756cc1a6" ON "160811cdd5014956c5a4e2eb478d5051756cc1a6"."id"="Enrollment__Enrollment_student"."user_id" AND ("160811cdd5014956c5a4e2eb478d5051756cc1a6"."deleted_at" IS NULL) WHERE (("Enrollment"."course_id" = $1)) ORDER BY "Enrollment"."id" DESC -- PARAMETERS: [459]

      at Function.logInfo (../src/platform/PlatformTools.ts:262:17)

    console.log
      query: INSERT INTO courses (course_code, course_name, credits) 
               VALUES ($1, $2, $3) RETURNING id -- PARAMETERS: ["E2ECRSDEL","Course to Delete",3]

      at Function.logInfo (../src/platform/PlatformTools.ts:262:17)

    console.log
      query: SELECT "Course"."id" AS "Course_id", "Course"."course_code" AS "Course_course_code", "Course"."course_name" AS "Course_course_name", "Course"."description" AS "Course_description", "Course"."credits" AS "Course_credits", "Course"."department_id" AS "Course_department_id", "Course"."semester" AS "Course_semester", "Course"."max_students" AS "Course_max_students", "Course"."is_active" AS "Course_is_active", "Course"."created_by" AS "Course_created_by", "Course"."created_at" AS "Course_created_at", "Course"."updated_at" AS "Course_updated_at", "Course"."deleted_at" AS "Course_deleted_at" FROM "courses" "Course" WHERE ( (("Course"."id" = $1)) ) AND ( "Course"."deleted_at" IS NULL ) LIMIT 1 -- PARAMETERS: [460]

      at Function.logInfo (../src/platform/PlatformTools.ts:262:17)

    console.log
      query: SELECT "Course"."id" AS "Course_id", "Course"."course_code" AS "Course_course_code", "Course"."course_name" AS "Course_course_name", "Course"."description" AS "Course_description", "Course"."credits" AS "Course_credits", "Course"."department_id" AS "Course_department_id", "Course"."semester" AS "Course_semester", "Course"."max_students" AS "Course_max_students", "Course"."is_active" AS "Course_is_active", "Course"."created_by" AS "Course_created_by", "Course"."created_at" AS "Course_created_at", "Course"."updated_at" AS "Course_updated_at", "Course"."deleted_at" AS "Course_deleted_at" FROM "courses" "Course" WHERE "Course"."id" IN ($1) -- PARAMETERS: [460]

      at Function.logInfo (../src/platform/PlatformTools.ts:262:17)
          at async Promise.all (index 0)
          at async Promise.all (index 0)

    console.log
      query: START TRANSACTION

      at Function.logInfo (../src/platform/PlatformTools.ts:262:17)

    console.log
      query: UPDATE "courses" SET "deleted_at" = CURRENT_TIMESTAMP, "updated_at" = CURRENT_TIMESTAMP WHERE "id" IN ($1) RETURNING "updated_at", "deleted_at" -- PARAMETERS: [460]

      at Function.logInfo (../src/platform/PlatformTools.ts:262:17)
          at async Promise.all (index 0)

    console.log
      query: COMMIT

      at Function.logInfo (../src/platform/PlatformTools.ts:262:17)

    console.log
      query: DELETE FROM courses WHERE course_code LIKE $1 -- PARAMETERS: ["E2ECRS%"]

      at Function.logInfo (../src/platform/PlatformTools.ts:262:17)

    console.log
      query: DELETE FROM users WHERE email LIKE $1 -- PARAMETERS: ["e2e_courses_%@test.com"]

      at Function.logInfo (../src/platform/PlatformTools.ts:262:17)

PASS test/grades.e2e-spec.ts (11.384 s)
  ΓùÅ Console

    console.log
      query: SELECT version()

      at Function.logInfo (../src/platform/PlatformTools.ts:262:17)

    console.log
      query: SELECT * FROM current_schema()

      at Function.logInfo (../src/platform/PlatformTools.ts:262:17)

    console.log
      query: START TRANSACTION

      at Function.logInfo (../src/platform/PlatformTools.ts:262:17)

    console.log
      query: SELECT * FROM current_schema()

      at Function.logInfo (../src/platform/PlatformTools.ts:262:17)

    console.log
      query: SELECT * FROM current_database()

      at Function.logInfo (../src/platform/PlatformTools.ts:262:17)

    console.log
      query: SELECT "table_schema", "table_name", obj_description(('"' || "table_schema" || '"."' || "table_name" || '"')::regclass, 'pg_class') AS table_comment FROM "information_schema"."tables" WHERE ("table_schema" = 'public' AND "table_name" = 'grades') OR ("table_schema" = 'public' AND "table_name" = 'attendance') OR ("table_schema" = 'public' AND "table_name" = 'faculties') OR ("table_schema" = 'public' AND "table_name" = 'departments') OR ("table_schema" = 'public' AND "table_name" = 'courses') OR ("table_schema" = 'public' AND "table_name" = 'enrollments') OR ("table_schema" = 'public' AND "table_name" = 'students') OR ("table_schema" = 'public' AND "table_name" = 'users') OR ("table_schema" = 'public' AND "table_name" = 'academic_terms') OR ("table_schema" = 'public' AND "table_name" = 'classrooms') OR ("table_schema" = 'public' AND "table_name" = 'schedules') OR ("table_schema" = 'public' AND "table_name" = 'audit_logs') OR ("table_schema" = 'public' AND "table_name" = 'teacher_profiles') OR ("table_schema" = 'public' AND "table_name" = 'grades') OR ("table_schema" = 'public' AND "table_name" = 'attendance') OR ("table_schema" = 'public' AND "table_name" = 'faculties') OR ("table_schema" = 'public' AND "table_name" = 'departments') OR ("table_schema" = 'public' AND "table_name" = 'courses') OR ("table_schema" = 'public' AND "table_name" = 'enrollments') OR ("table_schema" = 'public' AND "table_name" = 'students') OR ("table_schema" = 'public' AND "table_name" = 'users') OR ("table_schema" = 'public' AND "table_name" = 'teacher_profiles') OR ("table_schema" = 'public' AND "table_name" = 'classrooms') OR ("table_schema" = 'public' AND "table_name" = 'schedules') OR ("table_schema" = 'public' AND "table_name" = 'audit_logs') OR ("table_schema" = 'public' AND "table_name" = 'academic_terms') OR ("table_schema" = 'public' AND "table_name" = 'course_teachers') OR ("table_schema" = 'public' AND "table_name" = 'course_prerequisites') OR ("table_schema" = 'public' AND "table_name" = 'course_teachers') OR ("table_schema" = 'public' AND "table_name" = 'course_prerequisites')

      at Function.logInfo (../src/platform/PlatformTools.ts:262:17)

    console.log
      query: SELECT TRUE FROM information_schema.columns WHERE table_name = 'pg_class' and column_name = 'relispartition'

      at Function.logInfo (../src/platform/PlatformTools.ts:262:17)

    console.log
      query: SELECT columns.*, pg_catalog.col_description(('"' || table_catalog || '"."' || table_schema || '"."' || table_name || '"')::regclass::oid, ordinal_position) AS description, ('"' || "udt_schema" || '"."' || "udt_name" || '"')::"regtype"::text AS "regtype", pg_catalog.format_type("col_attr"."atttypid", "col_attr"."atttypmod") AS "format_type" FROM "information_schema"."columns" LEFT JOIN "pg_catalog"."pg_attribute" AS "col_attr" ON "col_attr"."attname" = "columns"."column_name" AND "col_attr"."attrelid" = ( SELECT "cls"."oid" FROM "pg_catalog"."pg_class" AS "cls" LEFT JOIN "pg_catalog"."pg_namespace" AS "ns" ON "ns"."oid" = "cls"."relnamespace" WHERE "cls"."relname" = "columns"."table_name" AND "ns"."nspname" = "columns"."table_schema" ) WHERE ("table_schema" = 'public' AND "table_name" = 'course_teachers') OR ("table_schema" = 'public' AND "table_name" = 'classrooms') OR ("table_schema" = 'public' AND "table_name" = 'schedules') OR ("table_schema" = 'public' AND "table_name" = 'audit_logs') OR ("table_schema" = 'public' AND "table_name" = 'course_prerequisites') OR ("table_schema" = 'public' AND "table_name" = 'courses') OR ("table_schema" = 'public' AND "table_name" = 'grades') OR ("table_schema" = 'public' AND "table_name" = 'enrollments') OR ("table_schema" = 'public' AND "table_name" = 'faculties') OR ("table_schema" = 'public' AND "table_name" = 'departments') OR ("table_schema" = 'public' AND "table_name" = 'students') OR ("table_schema" = 'public' AND "table_name" = 'users') OR ("table_schema" = 'public' AND "table_name" = 'academic_terms') OR ("table_schema" = 'public' AND "table_name" = 'teacher_profiles') OR ("table_schema" = 'public' AND "table_name" = 'attendance')

      at Function.logInfo (../src/platform/PlatformTools.ts:262:17)
          at async Promise.all (index 0)

    console.log
      query: SELECT "ns"."nspname" AS "table_schema", "t"."relname" AS "table_name", "cnst"."conname" AS "constraint_name", pg_get_constraintdef("cnst"."oid") AS "expression", CASE "cnst"."contype" WHEN 'p' THEN 'PRIMARY' WHEN 'u' THEN 'UNIQUE' WHEN 'c' THEN 'CHECK' WHEN 'x' THEN 'EXCLUDE' END AS "constraint_type", "a"."attname" AS "column_name" FROM "pg_constraint" "cnst" INNER JOIN "pg_class" "t" ON "t"."oid" = "cnst"."conrelid" INNER JOIN "pg_namespace" "ns" ON "ns"."oid" = "cnst"."connamespace" LEFT JOIN "pg_attribute" "a" ON "a"."attrelid" = "cnst"."conrelid" AND "a"."attnum" = ANY ("cnst"."conkey") WHERE "t"."relkind" IN ('r', 'p') AND (("ns"."nspname" = 'public' AND "t"."relname" = 'course_teachers') OR ("ns"."nspname" = 'public' AND "t"."relname" = 'classrooms') OR ("ns"."nspname" = 'public' AND "t"."relname" = 'schedules') OR ("ns"."nspname" = 'public' AND "t"."relname" = 'audit_logs') OR ("ns"."nspname" = 'public' AND "t"."relname" = 'course_prerequisites') OR ("ns"."nspname" = 'public' AND "t"."relname" = 'courses') OR ("ns"."nspname" = 'public' AND "t"."relname" = 'grades') OR ("ns"."nspname" = 'public' AND "t"."relname" = 'enrollments') OR ("ns"."nspname" = 'public' AND "t"."relname" = 'faculties') OR ("ns"."nspname" = 'public' AND "t"."relname" = 'departments') OR ("ns"."nspname" = 'public' AND "t"."relname" = 'students') OR ("ns"."nspname" = 'public' AND "t"."relname" = 'users') OR ("ns"."nspname" = 'public' AND "t"."relname" = 'academic_terms') OR ("ns"."nspname" = 'public' AND "t"."relname" = 'teacher_profiles') OR ("ns"."nspname" = 'public' AND "t"."relname" = 'attendance'))

      at Function.logInfo (../src/platform/PlatformTools.ts:262:17)
          at async Promise.all (index 1)

    console.log
      query: SELECT "ns"."nspname" AS "table_schema", "t"."relname" AS "table_name", "i"."relname" AS "constraint_name", "a"."attname" AS "column_name", CASE "ix"."indisunique" WHEN 't' THEN 'TRUE' ELSE'FALSE' END AS "is_unique", pg_get_expr("ix"."indpred", "ix"."indrelid") AS "condition", "types"."typname" AS "type_name", "am"."amname" AS "index_type" FROM "pg_class" "t" INNER JOIN "pg_index" "ix" ON "ix"."indrelid" = "t"."oid" INNER JOIN "pg_attribute" "a" ON "a"."attrelid" = "t"."oid"  AND "a"."attnum" = ANY ("ix"."indkey") INNER JOIN "pg_namespace" "ns" ON "ns"."oid" = "t"."relnamespace" INNER JOIN "pg_class" "i" ON "i"."oid" = "ix"."indexrelid" INNER JOIN "pg_type" "types" ON "types"."oid" = "a"."atttypid" INNER JOIN "pg_am" "am" ON "i"."relam" = "am"."oid" LEFT JOIN "pg_constraint" "cnst" ON "cnst"."conname" = "i"."relname" WHERE "t"."relkind" IN ('r', 'p') AND "cnst"."contype" IS NULL AND (("ns"."nspname" = 'public' AND "t"."relname" = 'course_teachers') OR ("ns"."nspname" = 'public' AND "t"."relname" = 'classrooms') OR ("ns"."nspname" = 'public' AND "t"."relname" = 'schedules') OR ("ns"."nspname" = 'public' AND "t"."relname" = 'audit_logs') OR ("ns"."nspname" = 'public' AND "t"."relname" = 'course_prerequisites') OR ("ns"."nspname" = 'public' AND "t"."relname" = 'courses') OR ("ns"."nspname" = 'public' AND "t"."relname" = 'grades') OR ("ns"."nspname" = 'public' AND "t"."relname" = 'enrollments') OR ("ns"."nspname" = 'public' AND "t"."relname" = 'faculties') OR ("ns"."nspname" = 'public' AND "t"."relname" = 'departments') OR ("ns"."nspname" = 'public' AND "t"."relname" = 'students') OR ("ns"."nspname" = 'public' AND "t"."relname" = 'users') OR ("ns"."nspname" = 'public' AND "t"."relname" = 'academic_terms') OR ("ns"."nspname" = 'public' AND "t"."relname" = 'teacher_profiles') OR ("ns"."nspname" = 'public' AND "t"."relname" = 'attendance'))

      at Function.logInfo (../src/platform/PlatformTools.ts:262:17)
          at async Promise.all (index 2)

    console.log
      query: SELECT "con"."conname" AS "constraint_name", "con"."nspname" AS "table_schema", "con"."relname" AS "table_name", "att2"."attname" AS "column_name", "ns"."nspname" AS "referenced_table_schema", "cl"."relname" AS "referenced_table_name", "att"."attname" AS "referenced_column_name", "con"."confdeltype" AS "on_delete", "con"."confupdtype" AS "on_update", "con"."condeferrable" AS "deferrable", "con"."condeferred" AS "deferred" FROM ( SELECT UNNEST ("con1"."conkey") AS "parent", UNNEST ("con1"."confkey") AS "child", "con1"."confrelid", "con1"."conrelid", "con1"."conname", "con1"."contype", "ns"."nspname", "cl"."relname", "con1"."condeferrable", CASE WHEN "con1"."condeferred" THEN 'INITIALLY DEFERRED' ELSE 'INITIALLY IMMEDIATE' END as condeferred, CASE "con1"."confdeltype" WHEN 'a' THEN 'NO ACTION' WHEN 'r' THEN 'RESTRICT' WHEN 'c' THEN 'CASCADE' WHEN 'n' THEN 'SET NULL' WHEN 'd' THEN 'SET DEFAULT' END as "confdeltype", CASE "con1"."confupdtype" WHEN 'a' THEN 'NO ACTION' WHEN 'r' THEN 'RESTRICT' WHEN 'c' THEN 'CASCADE' WHEN 'n' THEN 'SET NULL' WHEN 'd' THEN 'SET DEFAULT' END as "confupdtype" FROM "pg_class" "cl" INNER JOIN "pg_namespace" "ns" ON "cl"."relnamespace" = "ns"."oid" INNER JOIN "pg_constraint" "con1" ON "con1"."conrelid" = "cl"."oid" WHERE "con1"."contype" = 'f' AND (("ns"."nspname" = 'public' AND "cl"."relname" = 'course_teachers') OR ("ns"."nspname" = 'public' AND "cl"."relname" = 'classrooms') OR ("ns"."nspname" = 'public' AND "cl"."relname" = 'schedules') OR ("ns"."nspname" = 'public' AND "cl"."relname" = 'audit_logs') OR ("ns"."nspname" = 'public' AND "cl"."relname" = 'course_prerequisites') OR ("ns"."nspname" = 'public' AND "cl"."relname" = 'courses') OR ("ns"."nspname" = 'public' AND "cl"."relname" = 'grades') OR ("ns"."nspname" = 'public' AND "cl"."relname" = 'enrollments') OR ("ns"."nspname" = 'public' AND "cl"."relname" = 'faculties') OR ("ns"."nspname" = 'public' AND "cl"."relname" = 'departments') OR ("ns"."nspname" = 'public' AND "cl"."relname" = 'students') OR ("ns"."nspname" = 'public' AND "cl"."relname" = 'users') OR ("ns"."nspname" = 'public' AND "cl"."relname" = 'academic_terms') OR ("ns"."nspname" = 'public' AND "cl"."relname" = 'teacher_profiles') OR ("ns"."nspname" = 'public' AND "cl"."relname" = 'attendance')) ) "con" INNER JOIN "pg_attribute" "att" ON "att"."attrelid" = "con"."confrelid" AND "att"."attnum" = "con"."child" INNER JOIN "pg_class" "cl" ON "cl"."oid" = "con"."confrelid"  AND "cl"."relispartition" = 'f'INNER JOIN "pg_namespace" "ns" ON "cl"."relnamespace" = "ns"."oid" INNER JOIN "pg_attribute" "att2" ON "att2"."attrelid" = "con"."conrelid" AND "att2"."attnum" = "con"."parent"

      at Function.logInfo (../src/platform/PlatformTools.ts:262:17)
          at async Promise.all (index 3)

    console.log
      query: SELECT "udt_schema", "udt_name" FROM "information_schema"."columns" WHERE "table_schema" = 'public' AND "table_name" = 'classrooms' AND "column_name"='type'

      at Function.logInfo (../src/platform/PlatformTools.ts:262:17)
          at async Promise.all (index 4)
          at async Promise.all (index 1)

    console.log
      query: SELECT "udt_schema", "udt_name" FROM "information_schema"."columns" WHERE "table_schema" = 'public' AND "table_name" = 'enrollments' AND "column_name"='status'

      at Function.logInfo (../src/platform/PlatformTools.ts:262:17)
          at async Promise.all (index 4)
          at async Promise.all (index 7)

    console.log
      query: SELECT "udt_schema", "udt_name" FROM "information_schema"."columns" WHERE "table_schema" = 'public' AND "table_name" = 'students' AND "column_name"='gender'

      at Function.logInfo (../src/platform/PlatformTools.ts:262:17)
          at async Promise.all (index 4)
          at async Promise.all (index 10)

    console.log
      query: SELECT "udt_schema", "udt_name" FROM "information_schema"."columns" WHERE "table_schema" = 'public' AND "table_name" = 'users' AND "column_name"='role'

      at Function.logInfo (../src/platform/PlatformTools.ts:262:17)
          at async Promise.all (index 4)
          at async Promise.all (index 11)

    console.log
      query: SELECT "udt_schema", "udt_name" FROM "information_schema"."columns" WHERE "table_schema" = 'public' AND "table_name" = 'teacher_profiles' AND "column_name"='rank'

      at Function.logInfo (../src/platform/PlatformTools.ts:262:17)
          at async Promise.all (index 2)
          at async Promise.all (index 13)

    console.log
      query: SELECT "udt_schema", "udt_name" FROM "information_schema"."columns" WHERE "table_schema" = 'public' AND "table_name" = 'attendance' AND "column_name"='status'

      at Function.logInfo (../src/platform/PlatformTools.ts:262:17)
          at async Promise.all (index 4)
          at async Promise.all (index 14)

    console.log
      query: SELECT "e"."enumlabel" AS "value" FROM "pg_enum" "e" INNER JOIN "pg_type" "t" ON "t"."oid" = "e"."enumtypid" INNER JOIN "pg_namespace" "n" ON "n"."oid" = "t"."typnamespace" WHERE "n"."nspname" = 'public' AND "t"."typname" = 'classrooms_type_enum'

      at Function.logInfo (../src/platform/PlatformTools.ts:262:17)
          at async Promise.all (index 4)
          at async Promise.all (index 1)

    console.log
      query: SELECT "e"."enumlabel" AS "value" FROM "pg_enum" "e" INNER JOIN "pg_type" "t" ON "t"."oid" = "e"."enumtypid" INNER JOIN "pg_namespace" "n" ON "n"."oid" = "t"."typnamespace" WHERE "n"."nspname" = 'public' AND "t"."typname" = 'enrollments_status_enum'

      at Function.logInfo (../src/platform/PlatformTools.ts:262:17)
          at async Promise.all (index 4)
          at async Promise.all (index 7)

    console.log
      query: SELECT "e"."enumlabel" AS "value" FROM "pg_enum" "e" INNER JOIN "pg_type" "t" ON "t"."oid" = "e"."enumtypid" INNER JOIN "pg_namespace" "n" ON "n"."oid" = "t"."typnamespace" WHERE "n"."nspname" = 'public' AND "t"."typname" = 'students_gender_enum'

      at Function.logInfo (../src/platform/PlatformTools.ts:262:17)
          at async Promise.all (index 4)
          at async Promise.all (index 10)

    console.log
      query: SELECT "e"."enumlabel" AS "value" FROM "pg_enum" "e" INNER JOIN "pg_type" "t" ON "t"."oid" = "e"."enumtypid" INNER JOIN "pg_namespace" "n" ON "n"."oid" = "t"."typnamespace" WHERE "n"."nspname" = 'public' AND "t"."typname" = 'users_role_enum'

      at Function.logInfo (../src/platform/PlatformTools.ts:262:17)
          at async Promise.all (index 4)
          at async Promise.all (index 11)

    console.log
      query: SELECT "e"."enumlabel" AS "value" FROM "pg_enum" "e" INNER JOIN "pg_type" "t" ON "t"."oid" = "e"."enumtypid" INNER JOIN "pg_namespace" "n" ON "n"."oid" = "t"."typnamespace" WHERE "n"."nspname" = 'public' AND "t"."typname" = 'teacher_profiles_rank_enum'

      at Function.logInfo (../src/platform/PlatformTools.ts:262:17)
          at async Promise.all (index 2)
          at async Promise.all (index 13)

    console.log
      query: SELECT "e"."enumlabel" AS "value" FROM "pg_enum" "e" INNER JOIN "pg_type" "t" ON "t"."oid" = "e"."enumtypid" INNER JOIN "pg_namespace" "n" ON "n"."oid" = "t"."typnamespace" WHERE "n"."nspname" = 'public' AND "t"."typname" = 'attendance_status_enum'

      at Function.logInfo (../src/platform/PlatformTools.ts:262:17)
          at async Promise.all (index 4)
          at async Promise.all (index 14)

    console.log
      query: SELECT * FROM "information_schema"."tables" WHERE "table_schema" = 'public' AND "table_name" = 'typeorm_metadata'

      at Function.logInfo (../src/platform/PlatformTools.ts:262:17)

    console.log
      query: ALTER TABLE "grades" ALTER COLUMN "weightage" SET DEFAULT '100.00'

      at Function.logInfo (../src/platform/PlatformTools.ts:262:17)

    console.log
      query: ALTER TABLE "enrollments" ALTER COLUMN "attendance_percentage" SET DEFAULT '100.00'

      at Function.logInfo (../src/platform/PlatformTools.ts:262:17)

    console.log
      query: ALTER TABLE "grades" ALTER COLUMN "weightage" SET DEFAULT '100.00'

      at Function.logInfo (../src/platform/PlatformTools.ts:262:17)

    console.log
      query: ALTER TABLE "enrollments" ALTER COLUMN "attendance_percentage" SET DEFAULT '100.00'

      at Function.logInfo (../src/platform/PlatformTools.ts:262:17)

    console.log
      query: COMMIT

      at Function.logInfo (../src/platform/PlatformTools.ts:262:17)

    console.log
      query: INSERT INTO users (email, username, password_hash, role, is_active) 
             VALUES ($1, $2, $3, $4, true) RETURNING id -- PARAMETERS: ["e2e_grades_admin@test.com","e2e_grades_admin","$2b$10$.LrfO4Ly5Rw2ZME/Ccpeg.4k4C.dFijdWy4SW4oOvH8KxlG4m/NNq","admin"]

      at Function.logInfo (../src/platform/PlatformTools.ts:262:17)

    console.log
      query: INSERT INTO users (email, username, password_hash, role, is_active) 
             VALUES ($1, $2, $3, $4, true) RETURNING id -- PARAMETERS: ["e2e_grades_teacher@test.com","e2e_grades_teacher","$2b$10$.LrfO4Ly5Rw2ZME/Ccpeg.4k4C.dFijdWy4SW4oOvH8KxlG4m/NNq","teacher"]

      at Function.logInfo (../src/platform/PlatformTools.ts:262:17)

    console.log
      query: INSERT INTO users (email, username, password_hash, role, is_active) 
             VALUES ($1, $2, $3, $4, true) RETURNING id -- PARAMETERS: ["e2e_grades_student@test.com","e2e_grades_student","$2b$10$.LrfO4Ly5Rw2ZME/Ccpeg.4k4C.dFijdWy4SW4oOvH8KxlG4m/NNq","student"]

      at Function.logInfo (../src/platform/PlatformTools.ts:262:17)

    console.log
      query: INSERT INTO students (user_id, student_id, date_of_birth, enrollment_date) 
             VALUES ($1, $2, $3, $4) RETURNING id -- PARAMETERS: [2014,"STU-E2E-GRADES","2000-01-01","2024-01-01"]

      at Function.logInfo (../src/platform/PlatformTools.ts:262:17)

    console.log
      query: INSERT INTO courses (course_code, course_name, credits, created_by) 
             VALUES ($1, $2, $3, $4) RETURNING id -- PARAMETERS: ["E2EGRD101","E2E Grade Course",3,2013]

      at Function.logInfo (../src/platform/PlatformTools.ts:262:17)

    console.log
      query: INSERT INTO enrollments (student_id, course_id, enrollment_date, status) 
             VALUES ($1, $2, $3, $4) RETURNING id -- PARAMETERS: [166,461,"2024-01-15","active"]

      at Function.logInfo (../src/platform/PlatformTools.ts:262:17)

    console.log
      query: SELECT "User"."id" AS "User_id", "User"."email" AS "User_email", "User"."username" AS "User_username", "User"."password_hash" AS "User_password_hash", "User"."role" AS "User_role", "User"."first_name" AS "User_first_name", "User"."last_name" AS "User_last_name", "User"."is_active" AS "User_is_active", "User"."refresh_token" AS "User_refresh_token", "User"."email_verified" AS "User_email_verified", "User"."email_verification_token" AS "User_email_verification_token", "User"."password_reset_token" AS "User_password_reset_token", "User"."password_reset_expires" AS "User_password_reset_expires", "User"."failed_login_attempts" AS "User_failed_login_attempts", "User"."locked_until" AS "User_locked_until", "User"."last_failed_login" AS "User_last_failed_login", "User"."created_at" AS "User_created_at", "User"."updated_at" AS "User_updated_at", "User"."deleted_at" AS "User_deleted_at" FROM "users" "User" WHERE ( (("User"."email" = $1)) ) AND ( "User"."deleted_at" IS NULL ) LIMIT 1 -- PARAMETERS: ["e2e_grades_admin@test.com"]

      at Function.logInfo (../src/platform/PlatformTools.ts:262:17)

    console.log
      query: UPDATE "users" SET "refresh_token" = $1, "updated_at" = CURRENT_TIMESTAMP WHERE "id" IN ($2) -- PARAMETERS: ["$2b$10$c.XC3jd/7ZW2iOYlHn1VQunSnHSVKYkfhU9/rsff2B8VYZBkh1aUa",2012]

      at Function.logInfo (../src/platform/PlatformTools.ts:262:17)

    console.log
      query: SELECT "User"."id" AS "User_id", "User"."email" AS "User_email", "User"."username" AS "User_username", "User"."password_hash" AS "User_password_hash", "User"."role" AS "User_role", "User"."first_name" AS "User_first_name", "User"."last_name" AS "User_last_name", "User"."is_active" AS "User_is_active", "User"."refresh_token" AS "User_refresh_token", "User"."email_verified" AS "User_email_verified", "User"."email_verification_token" AS "User_email_verification_token", "User"."password_reset_token" AS "User_password_reset_token", "User"."password_reset_expires" AS "User_password_reset_expires", "User"."failed_login_attempts" AS "User_failed_login_attempts", "User"."locked_until" AS "User_locked_until", "User"."last_failed_login" AS "User_last_failed_login", "User"."created_at" AS "User_created_at", "User"."updated_at" AS "User_updated_at", "User"."deleted_at" AS "User_deleted_at" FROM "users" "User" WHERE ( (("User"."email" = $1)) ) AND ( "User"."deleted_at" IS NULL ) LIMIT 1 -- PARAMETERS: ["e2e_grades_teacher@test.com"]

      at Function.logInfo (../src/platform/PlatformTools.ts:262:17)

    console.log
      query: UPDATE "users" SET "refresh_token" = $1, "updated_at" = CURRENT_TIMESTAMP WHERE "id" IN ($2) -- PARAMETERS: ["$2b$10$wDHhvP6VMEX79FP5BCHlGOlNZt4PN8qX8eYnW4yhxxCXybUSqLGJi",2013]

      at Function.logInfo (../src/platform/PlatformTools.ts:262:17)

    console.log
      query: SELECT "User"."id" AS "User_id", "User"."email" AS "User_email", "User"."username" AS "User_username", "User"."password_hash" AS "User_password_hash", "User"."role" AS "User_role", "User"."first_name" AS "User_first_name", "User"."last_name" AS "User_last_name", "User"."is_active" AS "User_is_active", "User"."refresh_token" AS "User_refresh_token", "User"."email_verified" AS "User_email_verified", "User"."email_verification_token" AS "User_email_verification_token", "User"."password_reset_token" AS "User_password_reset_token", "User"."password_reset_expires" AS "User_password_reset_expires", "User"."failed_login_attempts" AS "User_failed_login_attempts", "User"."locked_until" AS "User_locked_until", "User"."last_failed_login" AS "User_last_failed_login", "User"."created_at" AS "User_created_at", "User"."updated_at" AS "User_updated_at", "User"."deleted_at" AS "User_deleted_at" FROM "users" "User" WHERE ( (("User"."email" = $1)) ) AND ( "User"."deleted_at" IS NULL ) LIMIT 1 -- PARAMETERS: ["e2e_grades_student@test.com"]

      at Function.logInfo (../src/platform/PlatformTools.ts:262:17)

    console.log
      query: UPDATE "users" SET "refresh_token" = $1, "updated_at" = CURRENT_TIMESTAMP WHERE "id" IN ($2) -- PARAMETERS: ["$2b$10$soItSvjWQJioEFxRcSOWv.a.BH2W2BENKLyFo8eb9ibTHgDDE1NCW",2014]

      at Function.logInfo (../src/platform/PlatformTools.ts:262:17)

    console.log
      query: SELECT "Student"."id" AS "Student_id", "Student"."user_id" AS "Student_user_id", "Student"."student_id" AS "Student_student_id", "Student"."date_of_birth" AS "Student_date_of_birth", "Student"."gender" AS "Student_gender", "Student"."address" AS "Student_address", "Student"."phone" AS "Student_phone", "Student"."emergency_contact" AS "Student_emergency_contact", "Student"."enrollment_date" AS "Student_enrollment_date", "Student"."department_id" AS "Student_department_id", "Student"."semester" AS "Student_semester", "Student"."created_at" AS "Student_created_at", "Student"."updated_at" AS "Student_updated_at", "Student"."deleted_at" AS "Student_deleted_at" FROM "students" "Student" WHERE ( (("Student"."id" = $1)) ) AND ( "Student"."deleted_at" IS NULL ) LIMIT 1 -- PARAMETERS: [166]

      at Function.logInfo (../src/platform/PlatformTools.ts:262:17)

    console.log
      query: SELECT "Course"."id" AS "Course_id", "Course"."course_code" AS "Course_course_code", "Course"."course_name" AS "Course_course_name", "Course"."description" AS "Course_description", "Course"."credits" AS "Course_credits", "Course"."department_id" AS "Course_department_id", "Course"."semester" AS "Course_semester", "Course"."max_students" AS "Course_max_students", "Course"."is_active" AS "Course_is_active", "Course"."created_by" AS "Course_created_by", "Course"."created_at" AS "Course_created_at", "Course"."updated_at" AS "Course_updated_at", "Course"."deleted_at" AS "Course_deleted_at" FROM "courses" "Course" WHERE ( (("Course"."id" = $1)) ) AND ( "Course"."deleted_at" IS NULL ) LIMIT 1 -- PARAMETERS: [461]

      at Function.logInfo (../src/platform/PlatformTools.ts:262:17)

    console.log
      query: START TRANSACTION

      at Function.logInfo (../src/platform/PlatformTools.ts:262:17)

    console.log
      query: INSERT INTO "grades"("student_id", "course_id", "assessment_type", "assessment_name", "max_score", "score_obtained", "weightage", "graded_by", "graded_at") VALUES ($1, $2, $3, $4, $5, $6, $7, $8, $9) RETURNING "id", "weightage", "graded_at" -- PARAMETERS: [166,461,"midterm","Midterm Exam","100.00","85.00","100.00",2012,"2026-01-29T10:23:50.496Z"]

      at Function.logInfo (../src/platform/PlatformTools.ts:262:17)

    console.log
      query: COMMIT

      at Function.logInfo (../src/platform/PlatformTools.ts:262:17)

    console.log
      query: SELECT "Student"."id" AS "Student_id", "Student"."user_id" AS "Student_user_id", "Student"."student_id" AS "Student_student_id", "Student"."date_of_birth" AS "Student_date_of_birth", "Student"."gender" AS "Student_gender", "Student"."address" AS "Student_address", "Student"."phone" AS "Student_phone", "Student"."emergency_contact" AS "Student_emergency_contact", "Student"."enrollment_date" AS "Student_enrollment_date", "Student"."department_id" AS "Student_department_id", "Student"."semester" AS "Student_semester", "Student"."created_at" AS "Student_created_at", "Student"."updated_at" AS "Student_updated_at", "Student"."deleted_at" AS "Student_deleted_at" FROM "students" "Student" WHERE ( (("Student"."id" = $1)) ) AND ( "Student"."deleted_at" IS NULL ) LIMIT 1 -- PARAMETERS: [166]

      at Function.logInfo (../src/platform/PlatformTools.ts:262:17)

    console.log
      query: SELECT "Course"."id" AS "Course_id", "Course"."course_code" AS "Course_course_code", "Course"."course_name" AS "Course_course_name", "Course"."description" AS "Course_description", "Course"."credits" AS "Course_credits", "Course"."department_id" AS "Course_department_id", "Course"."semester" AS "Course_semester", "Course"."max_students" AS "Course_max_students", "Course"."is_active" AS "Course_is_active", "Course"."created_by" AS "Course_created_by", "Course"."created_at" AS "Course_created_at", "Course"."updated_at" AS "Course_updated_at", "Course"."deleted_at" AS "Course_deleted_at" FROM "courses" "Course" WHERE ( (("Course"."id" = $1)) ) AND ( "Course"."deleted_at" IS NULL ) LIMIT 1 -- PARAMETERS: [461]

      at Function.logInfo (../src/platform/PlatformTools.ts:262:17)

    console.log
      query: START TRANSACTION

      at Function.logInfo (../src/platform/PlatformTools.ts:262:17)

    console.log
      query: INSERT INTO "grades"("student_id", "course_id", "assessment_type", "assessment_name", "max_score", "score_obtained", "weightage", "graded_by", "graded_at") VALUES ($1, $2, $3, $4, $5, $6, $7, $8, $9) RETURNING "id", "weightage", "graded_at" -- PARAMETERS: [166,461,"quiz","Quiz 1","10.00","9.00","100.00",2013,"2026-01-29T10:23:50.560Z"]

      at Function.logInfo (../src/platform/PlatformTools.ts:262:17)

    console.log
      query: COMMIT

      at Function.logInfo (../src/platform/PlatformTools.ts:262:17)

    console.log
      query: SELECT DISTINCT "distinctAlias"."Grade_id" AS "ids_Grade_id", "distinctAlias"."Grade_id" FROM (SELECT "Grade"."id" AS "Grade_id", "Grade"."student_id" AS "Grade_student_id", "Grade"."course_id" AS "Grade_course_id", "Grade"."assessment_type" AS "Grade_assessment_type", "Grade"."assessment_name" AS "Grade_assessment_name", "Grade"."max_score" AS "Grade_max_score", "Grade"."score_obtained" AS "Grade_score_obtained", "Grade"."weightage" AS "Grade_weightage", "Grade"."graded_by" AS "Grade_graded_by", "Grade"."graded_at" AS "Grade_graded_at", "Grade__Grade_student"."id" AS "Grade__Grade_student_id", "Grade__Grade_student"."user_id" AS "Grade__Grade_student_user_id", "Grade__Grade_student"."student_id" AS "Grade__Grade_student_student_id", "Grade__Grade_student"."date_of_birth" AS "Grade__Grade_student_date_of_birth", "Grade__Grade_student"."gender" AS "Grade__Grade_student_gender", "Grade__Grade_student"."address" AS "Grade__Grade_student_address", "Grade__Grade_student"."phone" AS "Grade__Grade_student_phone", "Grade__Grade_student"."emergency_contact" AS "Grade__Grade_student_emergency_contact", "Grade__Grade_student"."enrollment_date" AS "Grade__Grade_student_enrollment_date", "Grade__Grade_student"."department_id" AS "Grade__Grade_student_department_id", "Grade__Grade_student"."semester" AS "Grade__Grade_student_semester", "Grade__Grade_student"."created_at" AS "Grade__Grade_student_created_at", "Grade__Grade_student"."updated_at" AS "Grade__Grade_student_updated_at", "Grade__Grade_student"."deleted_at" AS "Grade__Grade_student_deleted_at", "Grade__Grade_student__Grade__Grade_student_user"."id" AS "Grade__Grade_student__Grade__Grade_student_user_id", "Grade__Grade_student__Grade__Grade_student_user"."email" AS "Grade__Grade_student__Grade__Grade_student_user_email", "Grade__Grade_student__Grade__Grade_student_user"."username" AS "Grade__Grade_student__Grade__Grade_student_user_username", "Grade__Grade_student__Grade__Grade_student_user"."password_hash" AS "Grade__Grade_student__Grade__Grade_student_user_password_hash", "Grade__Grade_student__Grade__Grade_student_user"."role" AS "Grade__Grade_student__Grade__Grade_student_user_role", "Grade__Grade_student__Grade__Grade_student_user"."first_name" AS "Grade__Grade_student__Grade__Grade_student_user_first_name", "Grade__Grade_student__Grade__Grade_student_user"."last_name" AS "Grade__Grade_student__Grade__Grade_student_user_last_name", "Grade__Grade_student__Grade__Grade_student_user"."is_active" AS "Grade__Grade_student__Grade__Grade_student_user_is_active", "Grade__Grade_student__Grade__Grade_student_user"."refresh_token" AS "Grade__Grade_student__Grade__Grade_student_user_refresh_token", "Grade__Grade_student__Grade__Grade_student_user"."email_verified" AS "Grade__Grade_student__Grade__Grade_student_user_email_verified", "Grade__Grade_student__Grade__Grade_student_user"."email_verification_token" AS "ac8e5abef3b841259e71eb9fc2cc0305c36f65bf", "Grade__Grade_student__Grade__Grade_student_user"."password_reset_token" AS "92bc56787b6a79c4d4f3ea82c51b12bdd7e2ba77", "Grade__Grade_student__Grade__Grade_student_user"."password_reset_expires" AS "0dff83ddfca6c5cc4fc7f030554e796f5b8978b6", "Grade__Grade_student__Grade__Grade_student_user"."failed_login_attempts" AS "615ecb0a96133e582ac3b27dcc341c51b51ab55f", "Grade__Grade_student__Grade__Grade_student_user"."locked_until" AS "Grade__Grade_student__Grade__Grade_student_user_locked_until", "Grade__Grade_student__Grade__Grade_student_user"."last_failed_login" AS "d107021624326ca6c38121441a655f3aae4becb7", "Grade__Grade_student__Grade__Grade_student_user"."created_at" AS "Grade__Grade_student__Grade__Grade_student_user_created_at", "Grade__Grade_student__Grade__Grade_student_user"."updated_at" AS "Grade__Grade_student__Grade__Grade_student_user_updated_at", "Grade__Grade_student__Grade__Grade_student_user"."deleted_at" AS "Grade__Grade_student__Grade__Grade_student_user_deleted_at", "Grade__Grade_course"."id" AS "Grade__Grade_course_id", "Grade__Grade_course"."course_code" AS "Grade__Grade_course_course_code", "Grade__Grade_course"."course_name" AS "Grade__Grade_course_course_name", "Grade__Grade_course"."description" AS "Grade__Grade_course_description", "Grade__Grade_course"."credits" AS "Grade__Grade_course_credits", "Grade__Grade_course"."department_id" AS "Grade__Grade_course_department_id", "Grade__Grade_course"."semester" AS "Grade__Grade_course_semester", "Grade__Grade_course"."max_students" AS "Grade__Grade_course_max_students", "Grade__Grade_course"."is_active" AS "Grade__Grade_course_is_active", "Grade__Grade_course"."created_by" AS "Grade__Grade_course_created_by", "Grade__Grade_course"."created_at" AS "Grade__Grade_course_created_at", "Grade__Grade_course"."updated_at" AS "Grade__Grade_course_updated_at", "Grade__Grade_course"."deleted_at" AS "Grade__Grade_course_deleted_at", "Grade__Grade_gradedByUser"."id" AS "Grade__Grade_gradedByUser_id", "Grade__Grade_gradedByUser"."email" AS "Grade__Grade_gradedByUser_email", "Grade__Grade_gradedByUser"."username" AS "Grade__Grade_gradedByUser_username", "Grade__Grade_gradedByUser"."password_hash" AS "Grade__Grade_gradedByUser_password_hash", "Grade__Grade_gradedByUser"."role" AS "Grade__Grade_gradedByUser_role", "Grade__Grade_gradedByUser"."first_name" AS "Grade__Grade_gradedByUser_first_name", "Grade__Grade_gradedByUser"."last_name" AS "Grade__Grade_gradedByUser_last_name", "Grade__Grade_gradedByUser"."is_active" AS "Grade__Grade_gradedByUser_is_active", "Grade__Grade_gradedByUser"."refresh_token" AS "Grade__Grade_gradedByUser_refresh_token", "Grade__Grade_gradedByUser"."email_verified" AS "Grade__Grade_gradedByUser_email_verified", "Grade__Grade_gradedByUser"."email_verification_token" AS "Grade__Grade_gradedByUser_email_verification_token", "Grade__Grade_gradedByUser"."password_reset_token" AS "Grade__Grade_gradedByUser_password_reset_token", "Grade__Grade_gradedByUser"."password_reset_expires" AS "Grade__Grade_gradedByUser_password_reset_expires", "Grade__Grade_gradedByUser"."failed_login_attempts" AS "Grade__Grade_gradedByUser_failed_login_attempts", "Grade__Grade_gradedByUser"."locked_until" AS "Grade__Grade_gradedByUser_locked_until", "Grade__Grade_gradedByUser"."last_failed_login" AS "Grade__Grade_gradedByUser_last_failed_login", "Grade__Grade_gradedByUser"."created_at" AS "Grade__Grade_gradedByUser_created_at", "Grade__Grade_gradedByUser"."updated_at" AS "Grade__Grade_gradedByUser_updated_at", "Grade__Grade_gradedByUser"."deleted_at" AS "Grade__Grade_gradedByUser_deleted_at" FROM "grades" "Grade" LEFT JOIN "students" "Grade__Grade_student" ON "Grade__Grade_student"."id"="Grade"."student_id" AND ("Grade__Grade_student"."deleted_at" IS NULL)  LEFT JOIN "users" "Grade__Grade_student__Grade__Grade_student_user" ON "Grade__Grade_student__Grade__Grade_student_user"."id"="Grade__Grade_student"."user_id" AND ("Grade__Grade_student__Grade__Grade_student_user"."deleted_at" IS NULL)  LEFT JOIN "courses" "Grade__Grade_course" ON "Grade__Grade_course"."id"="Grade"."course_id" AND ("Grade__Grade_course"."deleted_at" IS NULL)  LEFT JOIN "users" "Grade__Grade_gradedByUser" ON "Grade__Grade_gradedByUser"."id"="Grade"."graded_by" AND ("Grade__Grade_gradedByUser"."deleted_at" IS NULL)) "distinctAlias" ORDER BY "distinctAlias"."Grade_id" DESC, "Grade_id" ASC LIMIT 10 OFFSET 0

      at Function.logInfo (../src/platform/PlatformTools.ts:262:17)

    console.log
      query: SELECT "Grade"."id" AS "Grade_id", "Grade"."student_id" AS "Grade_student_id", "Grade"."course_id" AS "Grade_course_id", "Grade"."assessment_type" AS "Grade_assessment_type", "Grade"."assessment_name" AS "Grade_assessment_name", "Grade"."max_score" AS "Grade_max_score", "Grade"."score_obtained" AS "Grade_score_obtained", "Grade"."weightage" AS "Grade_weightage", "Grade"."graded_by" AS "Grade_graded_by", "Grade"."graded_at" AS "Grade_graded_at", "Grade__Grade_student"."id" AS "Grade__Grade_student_id", "Grade__Grade_student"."user_id" AS "Grade__Grade_student_user_id", "Grade__Grade_student"."student_id" AS "Grade__Grade_student_student_id", "Grade__Grade_student"."date_of_birth" AS "Grade__Grade_student_date_of_birth", "Grade__Grade_student"."gender" AS "Grade__Grade_student_gender", "Grade__Grade_student"."address" AS "Grade__Grade_student_address", "Grade__Grade_student"."phone" AS "Grade__Grade_student_phone", "Grade__Grade_student"."emergency_contact" AS "Grade__Grade_student_emergency_contact", "Grade__Grade_student"."enrollment_date" AS "Grade__Grade_student_enrollment_date", "Grade__Grade_student"."department_id" AS "Grade__Grade_student_department_id", "Grade__Grade_student"."semester" AS "Grade__Grade_student_semester", "Grade__Grade_student"."created_at" AS "Grade__Grade_student_created_at", "Grade__Grade_student"."updated_at" AS "Grade__Grade_student_updated_at", "Grade__Grade_student"."deleted_at" AS "Grade__Grade_student_deleted_at", "Grade__Grade_student__Grade__Grade_student_user"."id" AS "Grade__Grade_student__Grade__Grade_student_user_id", "Grade__Grade_student__Grade__Grade_student_user"."email" AS "Grade__Grade_student__Grade__Grade_student_user_email", "Grade__Grade_student__Grade__Grade_student_user"."username" AS "Grade__Grade_student__Grade__Grade_student_user_username", "Grade__Grade_student__Grade__Grade_student_user"."password_hash" AS "Grade__Grade_student__Grade__Grade_student_user_password_hash", "Grade__Grade_student__Grade__Grade_student_user"."role" AS "Grade__Grade_student__Grade__Grade_student_user_role", "Grade__Grade_student__Grade__Grade_student_user"."first_name" AS "Grade__Grade_student__Grade__Grade_student_user_first_name", "Grade__Grade_student__Grade__Grade_student_user"."last_name" AS "Grade__Grade_student__Grade__Grade_student_user_last_name", "Grade__Grade_student__Grade__Grade_student_user"."is_active" AS "Grade__Grade_student__Grade__Grade_student_user_is_active", "Grade__Grade_student__Grade__Grade_student_user"."refresh_token" AS "Grade__Grade_student__Grade__Grade_student_user_refresh_token", "Grade__Grade_student__Grade__Grade_student_user"."email_verified" AS "Grade__Grade_student__Grade__Grade_student_user_email_verified", "Grade__Grade_student__Grade__Grade_student_user"."email_verification_token" AS "ac8e5abef3b841259e71eb9fc2cc0305c36f65bf", "Grade__Grade_student__Grade__Grade_student_user"."password_reset_token" AS "92bc56787b6a79c4d4f3ea82c51b12bdd7e2ba77", "Grade__Grade_student__Grade__Grade_student_user"."password_reset_expires" AS "0dff83ddfca6c5cc4fc7f030554e796f5b8978b6", "Grade__Grade_student__Grade__Grade_student_user"."failed_login_attempts" AS "615ecb0a96133e582ac3b27dcc341c51b51ab55f", "Grade__Grade_student__Grade__Grade_student_user"."locked_until" AS "Grade__Grade_student__Grade__Grade_student_user_locked_until", "Grade__Grade_student__Grade__Grade_student_user"."last_failed_login" AS "d107021624326ca6c38121441a655f3aae4becb7", "Grade__Grade_student__Grade__Grade_student_user"."created_at" AS "Grade__Grade_student__Grade__Grade_student_user_created_at", "Grade__Grade_student__Grade__Grade_student_user"."updated_at" AS "Grade__Grade_student__Grade__Grade_student_user_updated_at", "Grade__Grade_student__Grade__Grade_student_user"."deleted_at" AS "Grade__Grade_student__Grade__Grade_student_user_deleted_at", "Grade__Grade_course"."id" AS "Grade__Grade_course_id", "Grade__Grade_course"."course_code" AS "Grade__Grade_course_course_code", "Grade__Grade_course"."course_name" AS "Grade__Grade_course_course_name", "Grade__Grade_course"."description" AS "Grade__Grade_course_description", "Grade__Grade_course"."credits" AS "Grade__Grade_course_credits", "Grade__Grade_course"."department_id" AS "Grade__Grade_course_department_id", "Grade__Grade_course"."semester" AS "Grade__Grade_course_semester", "Grade__Grade_course"."max_students" AS "Grade__Grade_course_max_students", "Grade__Grade_course"."is_active" AS "Grade__Grade_course_is_active", "Grade__Grade_course"."created_by" AS "Grade__Grade_course_created_by", "Grade__Grade_course"."created_at" AS "Grade__Grade_course_created_at", "Grade__Grade_course"."updated_at" AS "Grade__Grade_course_updated_at", "Grade__Grade_course"."deleted_at" AS "Grade__Grade_course_deleted_at", "Grade__Grade_gradedByUser"."id" AS "Grade__Grade_gradedByUser_id", "Grade__Grade_gradedByUser"."email" AS "Grade__Grade_gradedByUser_email", "Grade__Grade_gradedByUser"."username" AS "Grade__Grade_gradedByUser_username", "Grade__Grade_gradedByUser"."password_hash" AS "Grade__Grade_gradedByUser_password_hash", "Grade__Grade_gradedByUser"."role" AS "Grade__Grade_gradedByUser_role", "Grade__Grade_gradedByUser"."first_name" AS "Grade__Grade_gradedByUser_first_name", "Grade__Grade_gradedByUser"."last_name" AS "Grade__Grade_gradedByUser_last_name", "Grade__Grade_gradedByUser"."is_active" AS "Grade__Grade_gradedByUser_is_active", "Grade__Grade_gradedByUser"."refresh_token" AS "Grade__Grade_gradedByUser_refresh_token", "Grade__Grade_gradedByUser"."email_verified" AS "Grade__Grade_gradedByUser_email_verified", "Grade__Grade_gradedByUser"."email_verification_token" AS "Grade__Grade_gradedByUser_email_verification_token", "Grade__Grade_gradedByUser"."password_reset_token" AS "Grade__Grade_gradedByUser_password_reset_token", "Grade__Grade_gradedByUser"."password_reset_expires" AS "Grade__Grade_gradedByUser_password_reset_expires", "Grade__Grade_gradedByUser"."failed_login_attempts" AS "Grade__Grade_gradedByUser_failed_login_attempts", "Grade__Grade_gradedByUser"."locked_until" AS "Grade__Grade_gradedByUser_locked_until", "Grade__Grade_gradedByUser"."last_failed_login" AS "Grade__Grade_gradedByUser_last_failed_login", "Grade__Grade_gradedByUser"."created_at" AS "Grade__Grade_gradedByUser_created_at", "Grade__Grade_gradedByUser"."updated_at" AS "Grade__Grade_gradedByUser_updated_at", "Grade__Grade_gradedByUser"."deleted_at" AS "Grade__Grade_gradedByUser_deleted_at" FROM "grades" "Grade" LEFT JOIN "students" "Grade__Grade_student" ON "Grade__Grade_student"."id"="Grade"."student_id" AND ("Grade__Grade_student"."deleted_at" IS NULL)  LEFT JOIN "users" "Grade__Grade_student__Grade__Grade_student_user" ON "Grade__Grade_student__Grade__Grade_student_user"."id"="Grade__Grade_student"."user_id" AND ("Grade__Grade_student__Grade__Grade_student_user"."deleted_at" IS NULL)  LEFT JOIN "courses" "Grade__Grade_course" ON "Grade__Grade_course"."id"="Grade"."course_id" AND ("Grade__Grade_course"."deleted_at" IS NULL)  LEFT JOIN "users" "Grade__Grade_gradedByUser" ON "Grade__Grade_gradedByUser"."id"="Grade"."graded_by" AND ("Grade__Grade_gradedByUser"."deleted_at" IS NULL) WHERE "Grade"."id" IN (71, 70) ORDER BY "Grade"."id" DESC

      at Function.logInfo (../src/platform/PlatformTools.ts:262:17)

    console.log
      query: SELECT DISTINCT "distinctAlias"."Grade_id" AS "ids_Grade_id", "distinctAlias"."Grade_id" FROM (SELECT "Grade"."id" AS "Grade_id", "Grade"."student_id" AS "Grade_student_id", "Grade"."course_id" AS "Grade_course_id", "Grade"."assessment_type" AS "Grade_assessment_type", "Grade"."assessment_name" AS "Grade_assessment_name", "Grade"."max_score" AS "Grade_max_score", "Grade"."score_obtained" AS "Grade_score_obtained", "Grade"."weightage" AS "Grade_weightage", "Grade"."graded_by" AS "Grade_graded_by", "Grade"."graded_at" AS "Grade_graded_at", "Grade__Grade_student"."id" AS "Grade__Grade_student_id", "Grade__Grade_student"."user_id" AS "Grade__Grade_student_user_id", "Grade__Grade_student"."student_id" AS "Grade__Grade_student_student_id", "Grade__Grade_student"."date_of_birth" AS "Grade__Grade_student_date_of_birth", "Grade__Grade_student"."gender" AS "Grade__Grade_student_gender", "Grade__Grade_student"."address" AS "Grade__Grade_student_address", "Grade__Grade_student"."phone" AS "Grade__Grade_student_phone", "Grade__Grade_student"."emergency_contact" AS "Grade__Grade_student_emergency_contact", "Grade__Grade_student"."enrollment_date" AS "Grade__Grade_student_enrollment_date", "Grade__Grade_student"."department_id" AS "Grade__Grade_student_department_id", "Grade__Grade_student"."semester" AS "Grade__Grade_student_semester", "Grade__Grade_student"."created_at" AS "Grade__Grade_student_created_at", "Grade__Grade_student"."updated_at" AS "Grade__Grade_student_updated_at", "Grade__Grade_student"."deleted_at" AS "Grade__Grade_student_deleted_at", "Grade__Grade_student__Grade__Grade_student_user"."id" AS "Grade__Grade_student__Grade__Grade_student_user_id", "Grade__Grade_student__Grade__Grade_student_user"."email" AS "Grade__Grade_student__Grade__Grade_student_user_email", "Grade__Grade_student__Grade__Grade_student_user"."username" AS "Grade__Grade_student__Grade__Grade_student_user_username", "Grade__Grade_student__Grade__Grade_student_user"."password_hash" AS "Grade__Grade_student__Grade__Grade_student_user_password_hash", "Grade__Grade_student__Grade__Grade_student_user"."role" AS "Grade__Grade_student__Grade__Grade_student_user_role", "Grade__Grade_student__Grade__Grade_student_user"."first_name" AS "Grade__Grade_student__Grade__Grade_student_user_first_name", "Grade__Grade_student__Grade__Grade_student_user"."last_name" AS "Grade__Grade_student__Grade__Grade_student_user_last_name", "Grade__Grade_student__Grade__Grade_student_user"."is_active" AS "Grade__Grade_student__Grade__Grade_student_user_is_active", "Grade__Grade_student__Grade__Grade_student_user"."refresh_token" AS "Grade__Grade_student__Grade__Grade_student_user_refresh_token", "Grade__Grade_student__Grade__Grade_student_user"."email_verified" AS "Grade__Grade_student__Grade__Grade_student_user_email_verified", "Grade__Grade_student__Grade__Grade_student_user"."email_verification_token" AS "ac8e5abef3b841259e71eb9fc2cc0305c36f65bf", "Grade__Grade_student__Grade__Grade_student_user"."password_reset_token" AS "92bc56787b6a79c4d4f3ea82c51b12bdd7e2ba77", "Grade__Grade_student__Grade__Grade_student_user"."password_reset_expires" AS "0dff83ddfca6c5cc4fc7f030554e796f5b8978b6", "Grade__Grade_student__Grade__Grade_student_user"."failed_login_attempts" AS "615ecb0a96133e582ac3b27dcc341c51b51ab55f", "Grade__Grade_student__Grade__Grade_student_user"."locked_until" AS "Grade__Grade_student__Grade__Grade_student_user_locked_until", "Grade__Grade_student__Grade__Grade_student_user"."last_failed_login" AS "d107021624326ca6c38121441a655f3aae4becb7", "Grade__Grade_student__Grade__Grade_student_user"."created_at" AS "Grade__Grade_student__Grade__Grade_student_user_created_at", "Grade__Grade_student__Grade__Grade_student_user"."updated_at" AS "Grade__Grade_student__Grade__Grade_student_user_updated_at", "Grade__Grade_student__Grade__Grade_student_user"."deleted_at" AS "Grade__Grade_student__Grade__Grade_student_user_deleted_at", "Grade__Grade_course"."id" AS "Grade__Grade_course_id", "Grade__Grade_course"."course_code" AS "Grade__Grade_course_course_code", "Grade__Grade_course"."course_name" AS "Grade__Grade_course_course_name", "Grade__Grade_course"."description" AS "Grade__Grade_course_description", "Grade__Grade_course"."credits" AS "Grade__Grade_course_credits", "Grade__Grade_course"."department_id" AS "Grade__Grade_course_department_id", "Grade__Grade_course"."semester" AS "Grade__Grade_course_semester", "Grade__Grade_course"."max_students" AS "Grade__Grade_course_max_students", "Grade__Grade_course"."is_active" AS "Grade__Grade_course_is_active", "Grade__Grade_course"."created_by" AS "Grade__Grade_course_created_by", "Grade__Grade_course"."created_at" AS "Grade__Grade_course_created_at", "Grade__Grade_course"."updated_at" AS "Grade__Grade_course_updated_at", "Grade__Grade_course"."deleted_at" AS "Grade__Grade_course_deleted_at", "Grade__Grade_gradedByUser"."id" AS "Grade__Grade_gradedByUser_id", "Grade__Grade_gradedByUser"."email" AS "Grade__Grade_gradedByUser_email", "Grade__Grade_gradedByUser"."username" AS "Grade__Grade_gradedByUser_username", "Grade__Grade_gradedByUser"."password_hash" AS "Grade__Grade_gradedByUser_password_hash", "Grade__Grade_gradedByUser"."role" AS "Grade__Grade_gradedByUser_role", "Grade__Grade_gradedByUser"."first_name" AS "Grade__Grade_gradedByUser_first_name", "Grade__Grade_gradedByUser"."last_name" AS "Grade__Grade_gradedByUser_last_name", "Grade__Grade_gradedByUser"."is_active" AS "Grade__Grade_gradedByUser_is_active", "Grade__Grade_gradedByUser"."refresh_token" AS "Grade__Grade_gradedByUser_refresh_token", "Grade__Grade_gradedByUser"."email_verified" AS "Grade__Grade_gradedByUser_email_verified", "Grade__Grade_gradedByUser"."email_verification_token" AS "Grade__Grade_gradedByUser_email_verification_token", "Grade__Grade_gradedByUser"."password_reset_token" AS "Grade__Grade_gradedByUser_password_reset_token", "Grade__Grade_gradedByUser"."password_reset_expires" AS "Grade__Grade_gradedByUser_password_reset_expires", "Grade__Grade_gradedByUser"."failed_login_attempts" AS "Grade__Grade_gradedByUser_failed_login_attempts", "Grade__Grade_gradedByUser"."locked_until" AS "Grade__Grade_gradedByUser_locked_until", "Grade__Grade_gradedByUser"."last_failed_login" AS "Grade__Grade_gradedByUser_last_failed_login", "Grade__Grade_gradedByUser"."created_at" AS "Grade__Grade_gradedByUser_created_at", "Grade__Grade_gradedByUser"."updated_at" AS "Grade__Grade_gradedByUser_updated_at", "Grade__Grade_gradedByUser"."deleted_at" AS "Grade__Grade_gradedByUser_deleted_at" FROM "grades" "Grade" LEFT JOIN "students" "Grade__Grade_student" ON "Grade__Grade_student"."id"="Grade"."student_id" AND ("Grade__Grade_student"."deleted_at" IS NULL)  LEFT JOIN "users" "Grade__Grade_student__Grade__Grade_student_user" ON "Grade__Grade_student__Grade__Grade_student_user"."id"="Grade__Grade_student"."user_id" AND ("Grade__Grade_student__Grade__Grade_student_user"."deleted_at" IS NULL)  LEFT JOIN "courses" "Grade__Grade_course" ON "Grade__Grade_course"."id"="Grade"."course_id" AND ("Grade__Grade_course"."deleted_at" IS NULL)  LEFT JOIN "users" "Grade__Grade_gradedByUser" ON "Grade__Grade_gradedByUser"."id"="Grade"."graded_by" AND ("Grade__Grade_gradedByUser"."deleted_at" IS NULL)) "distinctAlias" ORDER BY "distinctAlias"."Grade_id" DESC, "Grade_id" ASC LIMIT 10 OFFSET 0

      at Function.logInfo (../src/platform/PlatformTools.ts:262:17)

    console.log
      query: SELECT "Grade"."id" AS "Grade_id", "Grade"."student_id" AS "Grade_student_id", "Grade"."course_id" AS "Grade_course_id", "Grade"."assessment_type" AS "Grade_assessment_type", "Grade"."assessment_name" AS "Grade_assessment_name", "Grade"."max_score" AS "Grade_max_score", "Grade"."score_obtained" AS "Grade_score_obtained", "Grade"."weightage" AS "Grade_weightage", "Grade"."graded_by" AS "Grade_graded_by", "Grade"."graded_at" AS "Grade_graded_at", "Grade__Grade_student"."id" AS "Grade__Grade_student_id", "Grade__Grade_student"."user_id" AS "Grade__Grade_student_user_id", "Grade__Grade_student"."student_id" AS "Grade__Grade_student_student_id", "Grade__Grade_student"."date_of_birth" AS "Grade__Grade_student_date_of_birth", "Grade__Grade_student"."gender" AS "Grade__Grade_student_gender", "Grade__Grade_student"."address" AS "Grade__Grade_student_address", "Grade__Grade_student"."phone" AS "Grade__Grade_student_phone", "Grade__Grade_student"."emergency_contact" AS "Grade__Grade_student_emergency_contact", "Grade__Grade_student"."enrollment_date" AS "Grade__Grade_student_enrollment_date", "Grade__Grade_student"."department_id" AS "Grade__Grade_student_department_id", "Grade__Grade_student"."semester" AS "Grade__Grade_student_semester", "Grade__Grade_student"."created_at" AS "Grade__Grade_student_created_at", "Grade__Grade_student"."updated_at" AS "Grade__Grade_student_updated_at", "Grade__Grade_student"."deleted_at" AS "Grade__Grade_student_deleted_at", "Grade__Grade_student__Grade__Grade_student_user"."id" AS "Grade__Grade_student__Grade__Grade_student_user_id", "Grade__Grade_student__Grade__Grade_student_user"."email" AS "Grade__Grade_student__Grade__Grade_student_user_email", "Grade__Grade_student__Grade__Grade_student_user"."username" AS "Grade__Grade_student__Grade__Grade_student_user_username", "Grade__Grade_student__Grade__Grade_student_user"."password_hash" AS "Grade__Grade_student__Grade__Grade_student_user_password_hash", "Grade__Grade_student__Grade__Grade_student_user"."role" AS "Grade__Grade_student__Grade__Grade_student_user_role", "Grade__Grade_student__Grade__Grade_student_user"."first_name" AS "Grade__Grade_student__Grade__Grade_student_user_first_name", "Grade__Grade_student__Grade__Grade_student_user"."last_name" AS "Grade__Grade_student__Grade__Grade_student_user_last_name", "Grade__Grade_student__Grade__Grade_student_user"."is_active" AS "Grade__Grade_student__Grade__Grade_student_user_is_active", "Grade__Grade_student__Grade__Grade_student_user"."refresh_token" AS "Grade__Grade_student__Grade__Grade_student_user_refresh_token", "Grade__Grade_student__Grade__Grade_student_user"."email_verified" AS "Grade__Grade_student__Grade__Grade_student_user_email_verified", "Grade__Grade_student__Grade__Grade_student_user"."email_verification_token" AS "ac8e5abef3b841259e71eb9fc2cc0305c36f65bf", "Grade__Grade_student__Grade__Grade_student_user"."password_reset_token" AS "92bc56787b6a79c4d4f3ea82c51b12bdd7e2ba77", "Grade__Grade_student__Grade__Grade_student_user"."password_reset_expires" AS "0dff83ddfca6c5cc4fc7f030554e796f5b8978b6", "Grade__Grade_student__Grade__Grade_student_user"."failed_login_attempts" AS "615ecb0a96133e582ac3b27dcc341c51b51ab55f", "Grade__Grade_student__Grade__Grade_student_user"."locked_until" AS "Grade__Grade_student__Grade__Grade_student_user_locked_until", "Grade__Grade_student__Grade__Grade_student_user"."last_failed_login" AS "d107021624326ca6c38121441a655f3aae4becb7", "Grade__Grade_student__Grade__Grade_student_user"."created_at" AS "Grade__Grade_student__Grade__Grade_student_user_created_at", "Grade__Grade_student__Grade__Grade_student_user"."updated_at" AS "Grade__Grade_student__Grade__Grade_student_user_updated_at", "Grade__Grade_student__Grade__Grade_student_user"."deleted_at" AS "Grade__Grade_student__Grade__Grade_student_user_deleted_at", "Grade__Grade_course"."id" AS "Grade__Grade_course_id", "Grade__Grade_course"."course_code" AS "Grade__Grade_course_course_code", "Grade__Grade_course"."course_name" AS "Grade__Grade_course_course_name", "Grade__Grade_course"."description" AS "Grade__Grade_course_description", "Grade__Grade_course"."credits" AS "Grade__Grade_course_credits", "Grade__Grade_course"."department_id" AS "Grade__Grade_course_department_id", "Grade__Grade_course"."semester" AS "Grade__Grade_course_semester", "Grade__Grade_course"."max_students" AS "Grade__Grade_course_max_students", "Grade__Grade_course"."is_active" AS "Grade__Grade_course_is_active", "Grade__Grade_course"."created_by" AS "Grade__Grade_course_created_by", "Grade__Grade_course"."created_at" AS "Grade__Grade_course_created_at", "Grade__Grade_course"."updated_at" AS "Grade__Grade_course_updated_at", "Grade__Grade_course"."deleted_at" AS "Grade__Grade_course_deleted_at", "Grade__Grade_gradedByUser"."id" AS "Grade__Grade_gradedByUser_id", "Grade__Grade_gradedByUser"."email" AS "Grade__Grade_gradedByUser_email", "Grade__Grade_gradedByUser"."username" AS "Grade__Grade_gradedByUser_username", "Grade__Grade_gradedByUser"."password_hash" AS "Grade__Grade_gradedByUser_password_hash", "Grade__Grade_gradedByUser"."role" AS "Grade__Grade_gradedByUser_role", "Grade__Grade_gradedByUser"."first_name" AS "Grade__Grade_gradedByUser_first_name", "Grade__Grade_gradedByUser"."last_name" AS "Grade__Grade_gradedByUser_last_name", "Grade__Grade_gradedByUser"."is_active" AS "Grade__Grade_gradedByUser_is_active", "Grade__Grade_gradedByUser"."refresh_token" AS "Grade__Grade_gradedByUser_refresh_token", "Grade__Grade_gradedByUser"."email_verified" AS "Grade__Grade_gradedByUser_email_verified", "Grade__Grade_gradedByUser"."email_verification_token" AS "Grade__Grade_gradedByUser_email_verification_token", "Grade__Grade_gradedByUser"."password_reset_token" AS "Grade__Grade_gradedByUser_password_reset_token", "Grade__Grade_gradedByUser"."password_reset_expires" AS "Grade__Grade_gradedByUser_password_reset_expires", "Grade__Grade_gradedByUser"."failed_login_attempts" AS "Grade__Grade_gradedByUser_failed_login_attempts", "Grade__Grade_gradedByUser"."locked_until" AS "Grade__Grade_gradedByUser_locked_until", "Grade__Grade_gradedByUser"."last_failed_login" AS "Grade__Grade_gradedByUser_last_failed_login", "Grade__Grade_gradedByUser"."created_at" AS "Grade__Grade_gradedByUser_created_at", "Grade__Grade_gradedByUser"."updated_at" AS "Grade__Grade_gradedByUser_updated_at", "Grade__Grade_gradedByUser"."deleted_at" AS "Grade__Grade_gradedByUser_deleted_at" FROM "grades" "Grade" LEFT JOIN "students" "Grade__Grade_student" ON "Grade__Grade_student"."id"="Grade"."student_id" AND ("Grade__Grade_student"."deleted_at" IS NULL)  LEFT JOIN "users" "Grade__Grade_student__Grade__Grade_student_user" ON "Grade__Grade_student__Grade__Grade_student_user"."id"="Grade__Grade_student"."user_id" AND ("Grade__Grade_student__Grade__Grade_student_user"."deleted_at" IS NULL)  LEFT JOIN "courses" "Grade__Grade_course" ON "Grade__Grade_course"."id"="Grade"."course_id" AND ("Grade__Grade_course"."deleted_at" IS NULL)  LEFT JOIN "users" "Grade__Grade_gradedByUser" ON "Grade__Grade_gradedByUser"."id"="Grade"."graded_by" AND ("Grade__Grade_gradedByUser"."deleted_at" IS NULL) WHERE "Grade"."id" IN (71, 70) ORDER BY "Grade"."id" DESC

      at Function.logInfo (../src/platform/PlatformTools.ts:262:17)

    console.log
      query: SELECT DISTINCT "distinctAlias"."Grade_id" AS "ids_Grade_id" FROM (SELECT "Grade"."id" AS "Grade_id", "Grade"."student_id" AS "Grade_student_id", "Grade"."course_id" AS "Grade_course_id", "Grade"."assessment_type" AS "Grade_assessment_type", "Grade"."assessment_name" AS "Grade_assessment_name", "Grade"."max_score" AS "Grade_max_score", "Grade"."score_obtained" AS "Grade_score_obtained", "Grade"."weightage" AS "Grade_weightage", "Grade"."graded_by" AS "Grade_graded_by", "Grade"."graded_at" AS "Grade_graded_at", "Grade__Grade_student"."id" AS "Grade__Grade_student_id", "Grade__Grade_student"."user_id" AS "Grade__Grade_student_user_id", "Grade__Grade_student"."student_id" AS "Grade__Grade_student_student_id", "Grade__Grade_student"."date_of_birth" AS "Grade__Grade_student_date_of_birth", "Grade__Grade_student"."gender" AS "Grade__Grade_student_gender", "Grade__Grade_student"."address" AS "Grade__Grade_student_address", "Grade__Grade_student"."phone" AS "Grade__Grade_student_phone", "Grade__Grade_student"."emergency_contact" AS "Grade__Grade_student_emergency_contact", "Grade__Grade_student"."enrollment_date" AS "Grade__Grade_student_enrollment_date", "Grade__Grade_student"."department_id" AS "Grade__Grade_student_department_id", "Grade__Grade_student"."semester" AS "Grade__Grade_student_semester", "Grade__Grade_student"."created_at" AS "Grade__Grade_student_created_at", "Grade__Grade_student"."updated_at" AS "Grade__Grade_student_updated_at", "Grade__Grade_student"."deleted_at" AS "Grade__Grade_student_deleted_at", "Grade__Grade_student__Grade__Grade_student_user"."id" AS "Grade__Grade_student__Grade__Grade_student_user_id", "Grade__Grade_student__Grade__Grade_student_user"."email" AS "Grade__Grade_student__Grade__Grade_student_user_email", "Grade__Grade_student__Grade__Grade_student_user"."username" AS "Grade__Grade_student__Grade__Grade_student_user_username", "Grade__Grade_student__Grade__Grade_student_user"."password_hash" AS "Grade__Grade_student__Grade__Grade_student_user_password_hash", "Grade__Grade_student__Grade__Grade_student_user"."role" AS "Grade__Grade_student__Grade__Grade_student_user_role", "Grade__Grade_student__Grade__Grade_student_user"."first_name" AS "Grade__Grade_student__Grade__Grade_student_user_first_name", "Grade__Grade_student__Grade__Grade_student_user"."last_name" AS "Grade__Grade_student__Grade__Grade_student_user_last_name", "Grade__Grade_student__Grade__Grade_student_user"."is_active" AS "Grade__Grade_student__Grade__Grade_student_user_is_active", "Grade__Grade_student__Grade__Grade_student_user"."refresh_token" AS "Grade__Grade_student__Grade__Grade_student_user_refresh_token", "Grade__Grade_student__Grade__Grade_student_user"."email_verified" AS "Grade__Grade_student__Grade__Grade_student_user_email_verified", "Grade__Grade_student__Grade__Grade_student_user"."email_verification_token" AS "ac8e5abef3b841259e71eb9fc2cc0305c36f65bf", "Grade__Grade_student__Grade__Grade_student_user"."password_reset_token" AS "92bc56787b6a79c4d4f3ea82c51b12bdd7e2ba77", "Grade__Grade_student__Grade__Grade_student_user"."password_reset_expires" AS "0dff83ddfca6c5cc4fc7f030554e796f5b8978b6", "Grade__Grade_student__Grade__Grade_student_user"."failed_login_attempts" AS "615ecb0a96133e582ac3b27dcc341c51b51ab55f", "Grade__Grade_student__Grade__Grade_student_user"."locked_until" AS "Grade__Grade_student__Grade__Grade_student_user_locked_until", "Grade__Grade_student__Grade__Grade_student_user"."last_failed_login" AS "d107021624326ca6c38121441a655f3aae4becb7", "Grade__Grade_student__Grade__Grade_student_user"."created_at" AS "Grade__Grade_student__Grade__Grade_student_user_created_at", "Grade__Grade_student__Grade__Grade_student_user"."updated_at" AS "Grade__Grade_student__Grade__Grade_student_user_updated_at", "Grade__Grade_student__Grade__Grade_student_user"."deleted_at" AS "Grade__Grade_student__Grade__Grade_student_user_deleted_at", "Grade__Grade_course"."id" AS "Grade__Grade_course_id", "Grade__Grade_course"."course_code" AS "Grade__Grade_course_course_code", "Grade__Grade_course"."course_name" AS "Grade__Grade_course_course_name", "Grade__Grade_course"."description" AS "Grade__Grade_course_description", "Grade__Grade_course"."credits" AS "Grade__Grade_course_credits", "Grade__Grade_course"."department_id" AS "Grade__Grade_course_department_id", "Grade__Grade_course"."semester" AS "Grade__Grade_course_semester", "Grade__Grade_course"."max_students" AS "Grade__Grade_course_max_students", "Grade__Grade_course"."is_active" AS "Grade__Grade_course_is_active", "Grade__Grade_course"."created_by" AS "Grade__Grade_course_created_by", "Grade__Grade_course"."created_at" AS "Grade__Grade_course_created_at", "Grade__Grade_course"."updated_at" AS "Grade__Grade_course_updated_at", "Grade__Grade_course"."deleted_at" AS "Grade__Grade_course_deleted_at", "Grade__Grade_gradedByUser"."id" AS "Grade__Grade_gradedByUser_id", "Grade__Grade_gradedByUser"."email" AS "Grade__Grade_gradedByUser_email", "Grade__Grade_gradedByUser"."username" AS "Grade__Grade_gradedByUser_username", "Grade__Grade_gradedByUser"."password_hash" AS "Grade__Grade_gradedByUser_password_hash", "Grade__Grade_gradedByUser"."role" AS "Grade__Grade_gradedByUser_role", "Grade__Grade_gradedByUser"."first_name" AS "Grade__Grade_gradedByUser_first_name", "Grade__Grade_gradedByUser"."last_name" AS "Grade__Grade_gradedByUser_last_name", "Grade__Grade_gradedByUser"."is_active" AS "Grade__Grade_gradedByUser_is_active", "Grade__Grade_gradedByUser"."refresh_token" AS "Grade__Grade_gradedByUser_refresh_token", "Grade__Grade_gradedByUser"."email_verified" AS "Grade__Grade_gradedByUser_email_verified", "Grade__Grade_gradedByUser"."email_verification_token" AS "Grade__Grade_gradedByUser_email_verification_token", "Grade__Grade_gradedByUser"."password_reset_token" AS "Grade__Grade_gradedByUser_password_reset_token", "Grade__Grade_gradedByUser"."password_reset_expires" AS "Grade__Grade_gradedByUser_password_reset_expires", "Grade__Grade_gradedByUser"."failed_login_attempts" AS "Grade__Grade_gradedByUser_failed_login_attempts", "Grade__Grade_gradedByUser"."locked_until" AS "Grade__Grade_gradedByUser_locked_until", "Grade__Grade_gradedByUser"."last_failed_login" AS "Grade__Grade_gradedByUser_last_failed_login", "Grade__Grade_gradedByUser"."created_at" AS "Grade__Grade_gradedByUser_created_at", "Grade__Grade_gradedByUser"."updated_at" AS "Grade__Grade_gradedByUser_updated_at", "Grade__Grade_gradedByUser"."deleted_at" AS "Grade__Grade_gradedByUser_deleted_at" FROM "grades" "Grade" LEFT JOIN "students" "Grade__Grade_student" ON "Grade__Grade_student"."id"="Grade"."student_id" AND ("Grade__Grade_student"."deleted_at" IS NULL)  LEFT JOIN "users" "Grade__Grade_student__Grade__Grade_student_user" ON "Grade__Grade_student__Grade__Grade_student_user"."id"="Grade__Grade_student"."user_id" AND ("Grade__Grade_student__Grade__Grade_student_user"."deleted_at" IS NULL)  LEFT JOIN "courses" "Grade__Grade_course" ON "Grade__Grade_course"."id"="Grade"."course_id" AND ("Grade__Grade_course"."deleted_at" IS NULL)  LEFT JOIN "users" "Grade__Grade_gradedByUser" ON "Grade__Grade_gradedByUser"."id"="Grade"."graded_by" AND ("Grade__Grade_gradedByUser"."deleted_at" IS NULL) WHERE (("Grade"."id" = $1))) "distinctAlias" ORDER BY "Grade_id" ASC LIMIT 1 -- PARAMETERS: [70]

      at Function.logInfo (../src/platform/PlatformTools.ts:262:17)

    console.log
      query: SELECT "Grade"."id" AS "Grade_id", "Grade"."student_id" AS "Grade_student_id", "Grade"."course_id" AS "Grade_course_id", "Grade"."assessment_type" AS "Grade_assessment_type", "Grade"."assessment_name" AS "Grade_assessment_name", "Grade"."max_score" AS "Grade_max_score", "Grade"."score_obtained" AS "Grade_score_obtained", "Grade"."weightage" AS "Grade_weightage", "Grade"."graded_by" AS "Grade_graded_by", "Grade"."graded_at" AS "Grade_graded_at", "Grade__Grade_student"."id" AS "Grade__Grade_student_id", "Grade__Grade_student"."user_id" AS "Grade__Grade_student_user_id", "Grade__Grade_student"."student_id" AS "Grade__Grade_student_student_id", "Grade__Grade_student"."date_of_birth" AS "Grade__Grade_student_date_of_birth", "Grade__Grade_student"."gender" AS "Grade__Grade_student_gender", "Grade__Grade_student"."address" AS "Grade__Grade_student_address", "Grade__Grade_student"."phone" AS "Grade__Grade_student_phone", "Grade__Grade_student"."emergency_contact" AS "Grade__Grade_student_emergency_contact", "Grade__Grade_student"."enrollment_date" AS "Grade__Grade_student_enrollment_date", "Grade__Grade_student"."department_id" AS "Grade__Grade_student_department_id", "Grade__Grade_student"."semester" AS "Grade__Grade_student_semester", "Grade__Grade_student"."created_at" AS "Grade__Grade_student_created_at", "Grade__Grade_student"."updated_at" AS "Grade__Grade_student_updated_at", "Grade__Grade_student"."deleted_at" AS "Grade__Grade_student_deleted_at", "Grade__Grade_student__Grade__Grade_student_user"."id" AS "Grade__Grade_student__Grade__Grade_student_user_id", "Grade__Grade_student__Grade__Grade_student_user"."email" AS "Grade__Grade_student__Grade__Grade_student_user_email", "Grade__Grade_student__Grade__Grade_student_user"."username" AS "Grade__Grade_student__Grade__Grade_student_user_username", "Grade__Grade_student__Grade__Grade_student_user"."password_hash" AS "Grade__Grade_student__Grade__Grade_student_user_password_hash", "Grade__Grade_student__Grade__Grade_student_user"."role" AS "Grade__Grade_student__Grade__Grade_student_user_role", "Grade__Grade_student__Grade__Grade_student_user"."first_name" AS "Grade__Grade_student__Grade__Grade_student_user_first_name", "Grade__Grade_student__Grade__Grade_student_user"."last_name" AS "Grade__Grade_student__Grade__Grade_student_user_last_name", "Grade__Grade_student__Grade__Grade_student_user"."is_active" AS "Grade__Grade_student__Grade__Grade_student_user_is_active", "Grade__Grade_student__Grade__Grade_student_user"."refresh_token" AS "Grade__Grade_student__Grade__Grade_student_user_refresh_token", "Grade__Grade_student__Grade__Grade_student_user"."email_verified" AS "Grade__Grade_student__Grade__Grade_student_user_email_verified", "Grade__Grade_student__Grade__Grade_student_user"."email_verification_token" AS "ac8e5abef3b841259e71eb9fc2cc0305c36f65bf", "Grade__Grade_student__Grade__Grade_student_user"."password_reset_token" AS "92bc56787b6a79c4d4f3ea82c51b12bdd7e2ba77", "Grade__Grade_student__Grade__Grade_student_user"."password_reset_expires" AS "0dff83ddfca6c5cc4fc7f030554e796f5b8978b6", "Grade__Grade_student__Grade__Grade_student_user"."failed_login_attempts" AS "615ecb0a96133e582ac3b27dcc341c51b51ab55f", "Grade__Grade_student__Grade__Grade_student_user"."locked_until" AS "Grade__Grade_student__Grade__Grade_student_user_locked_until", "Grade__Grade_student__Grade__Grade_student_user"."last_failed_login" AS "d107021624326ca6c38121441a655f3aae4becb7", "Grade__Grade_student__Grade__Grade_student_user"."created_at" AS "Grade__Grade_student__Grade__Grade_student_user_created_at", "Grade__Grade_student__Grade__Grade_student_user"."updated_at" AS "Grade__Grade_student__Grade__Grade_student_user_updated_at", "Grade__Grade_student__Grade__Grade_student_user"."deleted_at" AS "Grade__Grade_student__Grade__Grade_student_user_deleted_at", "Grade__Grade_course"."id" AS "Grade__Grade_course_id", "Grade__Grade_course"."course_code" AS "Grade__Grade_course_course_code", "Grade__Grade_course"."course_name" AS "Grade__Grade_course_course_name", "Grade__Grade_course"."description" AS "Grade__Grade_course_description", "Grade__Grade_course"."credits" AS "Grade__Grade_course_credits", "Grade__Grade_course"."department_id" AS "Grade__Grade_course_department_id", "Grade__Grade_course"."semester" AS "Grade__Grade_course_semester", "Grade__Grade_course"."max_students" AS "Grade__Grade_course_max_students", "Grade__Grade_course"."is_active" AS "Grade__Grade_course_is_active", "Grade__Grade_course"."created_by" AS "Grade__Grade_course_created_by", "Grade__Grade_course"."created_at" AS "Grade__Grade_course_created_at", "Grade__Grade_course"."updated_at" AS "Grade__Grade_course_updated_at", "Grade__Grade_course"."deleted_at" AS "Grade__Grade_course_deleted_at", "Grade__Grade_gradedByUser"."id" AS "Grade__Grade_gradedByUser_id", "Grade__Grade_gradedByUser"."email" AS "Grade__Grade_gradedByUser_email", "Grade__Grade_gradedByUser"."username" AS "Grade__Grade_gradedByUser_username", "Grade__Grade_gradedByUser"."password_hash" AS "Grade__Grade_gradedByUser_password_hash", "Grade__Grade_gradedByUser"."role" AS "Grade__Grade_gradedByUser_role", "Grade__Grade_gradedByUser"."first_name" AS "Grade__Grade_gradedByUser_first_name", "Grade__Grade_gradedByUser"."last_name" AS "Grade__Grade_gradedByUser_last_name", "Grade__Grade_gradedByUser"."is_active" AS "Grade__Grade_gradedByUser_is_active", "Grade__Grade_gradedByUser"."refresh_token" AS "Grade__Grade_gradedByUser_refresh_token", "Grade__Grade_gradedByUser"."email_verified" AS "Grade__Grade_gradedByUser_email_verified", "Grade__Grade_gradedByUser"."email_verification_token" AS "Grade__Grade_gradedByUser_email_verification_token", "Grade__Grade_gradedByUser"."password_reset_token" AS "Grade__Grade_gradedByUser_password_reset_token", "Grade__Grade_gradedByUser"."password_reset_expires" AS "Grade__Grade_gradedByUser_password_reset_expires", "Grade__Grade_gradedByUser"."failed_login_attempts" AS "Grade__Grade_gradedByUser_failed_login_attempts", "Grade__Grade_gradedByUser"."locked_until" AS "Grade__Grade_gradedByUser_locked_until", "Grade__Grade_gradedByUser"."last_failed_login" AS "Grade__Grade_gradedByUser_last_failed_login", "Grade__Grade_gradedByUser"."created_at" AS "Grade__Grade_gradedByUser_created_at", "Grade__Grade_gradedByUser"."updated_at" AS "Grade__Grade_gradedByUser_updated_at", "Grade__Grade_gradedByUser"."deleted_at" AS "Grade__Grade_gradedByUser_deleted_at" FROM "grades" "Grade" LEFT JOIN "students" "Grade__Grade_student" ON "Grade__Grade_student"."id"="Grade"."student_id" AND ("Grade__Grade_student"."deleted_at" IS NULL)  LEFT JOIN "users" "Grade__Grade_student__Grade__Grade_student_user" ON "Grade__Grade_student__Grade__Grade_student_user"."id"="Grade__Grade_student"."user_id" AND ("Grade__Grade_student__Grade__Grade_student_user"."deleted_at" IS NULL)  LEFT JOIN "courses" "Grade__Grade_course" ON "Grade__Grade_course"."id"="Grade"."course_id" AND ("Grade__Grade_course"."deleted_at" IS NULL)  LEFT JOIN "users" "Grade__Grade_gradedByUser" ON "Grade__Grade_gradedByUser"."id"="Grade"."graded_by" AND ("Grade__Grade_gradedByUser"."deleted_at" IS NULL) WHERE ( (("Grade"."id" = $1)) ) AND ( "Grade"."id" IN (70) ) -- PARAMETERS: [70]

      at Function.logInfo (../src/platform/PlatformTools.ts:262:17)

    console.log
      query: SELECT DISTINCT "distinctAlias"."Grade_id" AS "ids_Grade_id" FROM (SELECT "Grade"."id" AS "Grade_id", "Grade"."student_id" AS "Grade_student_id", "Grade"."course_id" AS "Grade_course_id", "Grade"."assessment_type" AS "Grade_assessment_type", "Grade"."assessment_name" AS "Grade_assessment_name", "Grade"."max_score" AS "Grade_max_score", "Grade"."score_obtained" AS "Grade_score_obtained", "Grade"."weightage" AS "Grade_weightage", "Grade"."graded_by" AS "Grade_graded_by", "Grade"."graded_at" AS "Grade_graded_at", "Grade__Grade_student"."id" AS "Grade__Grade_student_id", "Grade__Grade_student"."user_id" AS "Grade__Grade_student_user_id", "Grade__Grade_student"."student_id" AS "Grade__Grade_student_student_id", "Grade__Grade_student"."date_of_birth" AS "Grade__Grade_student_date_of_birth", "Grade__Grade_student"."gender" AS "Grade__Grade_student_gender", "Grade__Grade_student"."address" AS "Grade__Grade_student_address", "Grade__Grade_student"."phone" AS "Grade__Grade_student_phone", "Grade__Grade_student"."emergency_contact" AS "Grade__Grade_student_emergency_contact", "Grade__Grade_student"."enrollment_date" AS "Grade__Grade_student_enrollment_date", "Grade__Grade_student"."department_id" AS "Grade__Grade_student_department_id", "Grade__Grade_student"."semester" AS "Grade__Grade_student_semester", "Grade__Grade_student"."created_at" AS "Grade__Grade_student_created_at", "Grade__Grade_student"."updated_at" AS "Grade__Grade_student_updated_at", "Grade__Grade_student"."deleted_at" AS "Grade__Grade_student_deleted_at", "Grade__Grade_student__Grade__Grade_student_user"."id" AS "Grade__Grade_student__Grade__Grade_student_user_id", "Grade__Grade_student__Grade__Grade_student_user"."email" AS "Grade__Grade_student__Grade__Grade_student_user_email", "Grade__Grade_student__Grade__Grade_student_user"."username" AS "Grade__Grade_student__Grade__Grade_student_user_username", "Grade__Grade_student__Grade__Grade_student_user"."password_hash" AS "Grade__Grade_student__Grade__Grade_student_user_password_hash", "Grade__Grade_student__Grade__Grade_student_user"."role" AS "Grade__Grade_student__Grade__Grade_student_user_role", "Grade__Grade_student__Grade__Grade_student_user"."first_name" AS "Grade__Grade_student__Grade__Grade_student_user_first_name", "Grade__Grade_student__Grade__Grade_student_user"."last_name" AS "Grade__Grade_student__Grade__Grade_student_user_last_name", "Grade__Grade_student__Grade__Grade_student_user"."is_active" AS "Grade__Grade_student__Grade__Grade_student_user_is_active", "Grade__Grade_student__Grade__Grade_student_user"."refresh_token" AS "Grade__Grade_student__Grade__Grade_student_user_refresh_token", "Grade__Grade_student__Grade__Grade_student_user"."email_verified" AS "Grade__Grade_student__Grade__Grade_student_user_email_verified", "Grade__Grade_student__Grade__Grade_student_user"."email_verification_token" AS "ac8e5abef3b841259e71eb9fc2cc0305c36f65bf", "Grade__Grade_student__Grade__Grade_student_user"."password_reset_token" AS "92bc56787b6a79c4d4f3ea82c51b12bdd7e2ba77", "Grade__Grade_student__Grade__Grade_student_user"."password_reset_expires" AS "0dff83ddfca6c5cc4fc7f030554e796f5b8978b6", "Grade__Grade_student__Grade__Grade_student_user"."failed_login_attempts" AS "615ecb0a96133e582ac3b27dcc341c51b51ab55f", "Grade__Grade_student__Grade__Grade_student_user"."locked_until" AS "Grade__Grade_student__Grade__Grade_student_user_locked_until", "Grade__Grade_student__Grade__Grade_student_user"."last_failed_login" AS "d107021624326ca6c38121441a655f3aae4becb7", "Grade__Grade_student__Grade__Grade_student_user"."created_at" AS "Grade__Grade_student__Grade__Grade_student_user_created_at", "Grade__Grade_student__Grade__Grade_student_user"."updated_at" AS "Grade__Grade_student__Grade__Grade_student_user_updated_at", "Grade__Grade_student__Grade__Grade_student_user"."deleted_at" AS "Grade__Grade_student__Grade__Grade_student_user_deleted_at", "Grade__Grade_course"."id" AS "Grade__Grade_course_id", "Grade__Grade_course"."course_code" AS "Grade__Grade_course_course_code", "Grade__Grade_course"."course_name" AS "Grade__Grade_course_course_name", "Grade__Grade_course"."description" AS "Grade__Grade_course_description", "Grade__Grade_course"."credits" AS "Grade__Grade_course_credits", "Grade__Grade_course"."department_id" AS "Grade__Grade_course_department_id", "Grade__Grade_course"."semester" AS "Grade__Grade_course_semester", "Grade__Grade_course"."max_students" AS "Grade__Grade_course_max_students", "Grade__Grade_course"."is_active" AS "Grade__Grade_course_is_active", "Grade__Grade_course"."created_by" AS "Grade__Grade_course_created_by", "Grade__Grade_course"."created_at" AS "Grade__Grade_course_created_at", "Grade__Grade_course"."updated_at" AS "Grade__Grade_course_updated_at", "Grade__Grade_course"."deleted_at" AS "Grade__Grade_course_deleted_at", "Grade__Grade_gradedByUser"."id" AS "Grade__Grade_gradedByUser_id", "Grade__Grade_gradedByUser"."email" AS "Grade__Grade_gradedByUser_email", "Grade__Grade_gradedByUser"."username" AS "Grade__Grade_gradedByUser_username", "Grade__Grade_gradedByUser"."password_hash" AS "Grade__Grade_gradedByUser_password_hash", "Grade__Grade_gradedByUser"."role" AS "Grade__Grade_gradedByUser_role", "Grade__Grade_gradedByUser"."first_name" AS "Grade__Grade_gradedByUser_first_name", "Grade__Grade_gradedByUser"."last_name" AS "Grade__Grade_gradedByUser_last_name", "Grade__Grade_gradedByUser"."is_active" AS "Grade__Grade_gradedByUser_is_active", "Grade__Grade_gradedByUser"."refresh_token" AS "Grade__Grade_gradedByUser_refresh_token", "Grade__Grade_gradedByUser"."email_verified" AS "Grade__Grade_gradedByUser_email_verified", "Grade__Grade_gradedByUser"."email_verification_token" AS "Grade__Grade_gradedByUser_email_verification_token", "Grade__Grade_gradedByUser"."password_reset_token" AS "Grade__Grade_gradedByUser_password_reset_token", "Grade__Grade_gradedByUser"."password_reset_expires" AS "Grade__Grade_gradedByUser_password_reset_expires", "Grade__Grade_gradedByUser"."failed_login_attempts" AS "Grade__Grade_gradedByUser_failed_login_attempts", "Grade__Grade_gradedByUser"."locked_until" AS "Grade__Grade_gradedByUser_locked_until", "Grade__Grade_gradedByUser"."last_failed_login" AS "Grade__Grade_gradedByUser_last_failed_login", "Grade__Grade_gradedByUser"."created_at" AS "Grade__Grade_gradedByUser_created_at", "Grade__Grade_gradedByUser"."updated_at" AS "Grade__Grade_gradedByUser_updated_at", "Grade__Grade_gradedByUser"."deleted_at" AS "Grade__Grade_gradedByUser_deleted_at" FROM "grades" "Grade" LEFT JOIN "students" "Grade__Grade_student" ON "Grade__Grade_student"."id"="Grade"."student_id" AND ("Grade__Grade_student"."deleted_at" IS NULL)  LEFT JOIN "users" "Grade__Grade_student__Grade__Grade_student_user" ON "Grade__Grade_student__Grade__Grade_student_user"."id"="Grade__Grade_student"."user_id" AND ("Grade__Grade_student__Grade__Grade_student_user"."deleted_at" IS NULL)  LEFT JOIN "courses" "Grade__Grade_course" ON "Grade__Grade_course"."id"="Grade"."course_id" AND ("Grade__Grade_course"."deleted_at" IS NULL)  LEFT JOIN "users" "Grade__Grade_gradedByUser" ON "Grade__Grade_gradedByUser"."id"="Grade"."graded_by" AND ("Grade__Grade_gradedByUser"."deleted_at" IS NULL) WHERE (("Grade"."id" = $1))) "distinctAlias" ORDER BY "Grade_id" ASC LIMIT 1 -- PARAMETERS: [99999]

      at Function.logInfo (../src/platform/PlatformTools.ts:262:17)

    console.log
      query: SELECT "Grade"."id" AS "Grade_id", "Grade"."student_id" AS "Grade_student_id", "Grade"."course_id" AS "Grade_course_id", "Grade"."assessment_type" AS "Grade_assessment_type", "Grade"."assessment_name" AS "Grade_assessment_name", "Grade"."max_score" AS "Grade_max_score", "Grade"."score_obtained" AS "Grade_score_obtained", "Grade"."weightage" AS "Grade_weightage", "Grade"."graded_by" AS "Grade_graded_by", "Grade"."graded_at" AS "Grade_graded_at" FROM "grades" "Grade" WHERE (("Grade"."id" = $1)) LIMIT 1 -- PARAMETERS: [70]

      at Function.logInfo (../src/platform/PlatformTools.ts:262:17)

    console.log
      query: SELECT "Grade"."id" AS "Grade_id", "Grade"."student_id" AS "Grade_student_id", "Grade"."course_id" AS "Grade_course_id", "Grade"."assessment_type" AS "Grade_assessment_type", "Grade"."assessment_name" AS "Grade_assessment_name", "Grade"."max_score" AS "Grade_max_score", "Grade"."score_obtained" AS "Grade_score_obtained", "Grade"."weightage" AS "Grade_weightage", "Grade"."graded_by" AS "Grade_graded_by", "Grade"."graded_at" AS "Grade_graded_at" FROM "grades" "Grade" WHERE "Grade"."id" IN ($1) -- PARAMETERS: [70]

      at Function.logInfo (../src/platform/PlatformTools.ts:262:17)
          at async Promise.all (index 0)
          at async Promise.all (index 0)

    console.log
      query: START TRANSACTION

      at Function.logInfo (../src/platform/PlatformTools.ts:262:17)

    console.log
      query: UPDATE "grades" SET "score_obtained" = $1, "graded_at" = $2 WHERE "id" IN ($3) -- PARAMETERS: ["90.00","2026-01-29T10:23:50.819Z",70]

      at Function.logInfo (../src/platform/PlatformTools.ts:262:17)
          at async Promise.all (index 0)

    console.log
      query: COMMIT

      at Function.logInfo (../src/platform/PlatformTools.ts:262:17)

    console.log
      query: SELECT "Grade"."id" AS "Grade_id", "Grade"."student_id" AS "Grade_student_id", "Grade"."course_id" AS "Grade_course_id", "Grade"."assessment_type" AS "Grade_assessment_type", "Grade"."assessment_name" AS "Grade_assessment_name", "Grade"."max_score" AS "Grade_max_score", "Grade"."score_obtained" AS "Grade_score_obtained", "Grade"."weightage" AS "Grade_weightage", "Grade"."graded_by" AS "Grade_graded_by", "Grade"."graded_at" AS "Grade_graded_at" FROM "grades" "Grade" WHERE (("Grade"."id" = $1)) LIMIT 1 -- PARAMETERS: [70]

      at Function.logInfo (../src/platform/PlatformTools.ts:262:17)

    console.log
      query: SELECT "Grade"."id" AS "Grade_id", "Grade"."student_id" AS "Grade_student_id", "Grade"."course_id" AS "Grade_course_id", "Grade"."assessment_type" AS "Grade_assessment_type", "Grade"."assessment_name" AS "Grade_assessment_name", "Grade"."max_score" AS "Grade_max_score", "Grade"."score_obtained" AS "Grade_score_obtained", "Grade"."weightage" AS "Grade_weightage", "Grade"."graded_by" AS "Grade_graded_by", "Grade"."graded_at" AS "Grade_graded_at" FROM "grades" "Grade" WHERE "Grade"."id" IN ($1) -- PARAMETERS: [70]

      at Function.logInfo (../src/platform/PlatformTools.ts:262:17)
          at async Promise.all (index 0)
          at async Promise.all (index 0)

    console.log
      query: START TRANSACTION

      at Function.logInfo (../src/platform/PlatformTools.ts:262:17)

    console.log
      query: DELETE FROM "grades" WHERE "id" = $1 -- PARAMETERS: [70]

      at Function.logInfo (../src/platform/PlatformTools.ts:262:17)

    console.log
      query: COMMIT

      at Function.logInfo (../src/platform/PlatformTools.ts:262:17)

    console.log
      query: DELETE FROM grades WHERE student_id = $1 -- PARAMETERS: [166]

      at Function.logInfo (../src/platform/PlatformTools.ts:262:17)

    console.log
      query: DELETE FROM enrollments WHERE student_id = $1 -- PARAMETERS: [166]

      at Function.logInfo (../src/platform/PlatformTools.ts:262:17)

    console.log
      query: DELETE FROM students WHERE student_id = $1 -- PARAMETERS: ["STU-E2E-GRADES"]

      at Function.logInfo (../src/platform/PlatformTools.ts:262:17)

    console.log
      query: DELETE FROM courses WHERE course_code LIKE $1 -- PARAMETERS: ["E2EGRD%"]

      at Function.logInfo (../src/platform/PlatformTools.ts:262:17)

    console.log
      query: DELETE FROM users WHERE email LIKE $1 -- PARAMETERS: ["e2e_grades_%@test.com"]

      at Function.logInfo (../src/platform/PlatformTools.ts:262:17)

PASS test/app.e2e-spec.ts (9.38 s)
  ΓùÅ Console

    console.log
      query: SELECT version()

      at Function.logInfo (../src/platform/PlatformTools.ts:262:17)

    console.log
      query: SELECT * FROM current_schema()

      at Function.logInfo (../src/platform/PlatformTools.ts:262:17)

    console.log
      query: START TRANSACTION

      at Function.logInfo (../src/platform/PlatformTools.ts:262:17)

    console.log
      query: SELECT * FROM current_schema()

      at Function.logInfo (../src/platform/PlatformTools.ts:262:17)

    console.log
      query: SELECT * FROM current_database()

      at Function.logInfo (../src/platform/PlatformTools.ts:262:17)

    console.log
      query: SELECT "table_schema", "table_name", obj_description(('"' || "table_schema" || '"."' || "table_name" || '"')::regclass, 'pg_class') AS table_comment FROM "information_schema"."tables" WHERE ("table_schema" = 'public' AND "table_name" = 'grades') OR ("table_schema" = 'public' AND "table_name" = 'attendance') OR ("table_schema" = 'public' AND "table_name" = 'faculties') OR ("table_schema" = 'public' AND "table_name" = 'departments') OR ("table_schema" = 'public' AND "table_name" = 'courses') OR ("table_schema" = 'public' AND "table_name" = 'enrollments') OR ("table_schema" = 'public' AND "table_name" = 'students') OR ("table_schema" = 'public' AND "table_name" = 'users') OR ("table_schema" = 'public' AND "table_name" = 'academic_terms') OR ("table_schema" = 'public' AND "table_name" = 'classrooms') OR ("table_schema" = 'public' AND "table_name" = 'schedules') OR ("table_schema" = 'public' AND "table_name" = 'audit_logs') OR ("table_schema" = 'public' AND "table_name" = 'teacher_profiles') OR ("table_schema" = 'public' AND "table_name" = 'grades') OR ("table_schema" = 'public' AND "table_name" = 'attendance') OR ("table_schema" = 'public' AND "table_name" = 'faculties') OR ("table_schema" = 'public' AND "table_name" = 'departments') OR ("table_schema" = 'public' AND "table_name" = 'courses') OR ("table_schema" = 'public' AND "table_name" = 'enrollments') OR ("table_schema" = 'public' AND "table_name" = 'students') OR ("table_schema" = 'public' AND "table_name" = 'users') OR ("table_schema" = 'public' AND "table_name" = 'teacher_profiles') OR ("table_schema" = 'public' AND "table_name" = 'classrooms') OR ("table_schema" = 'public' AND "table_name" = 'schedules') OR ("table_schema" = 'public' AND "table_name" = 'audit_logs') OR ("table_schema" = 'public' AND "table_name" = 'academic_terms') OR ("table_schema" = 'public' AND "table_name" = 'course_teachers') OR ("table_schema" = 'public' AND "table_name" = 'course_prerequisites') OR ("table_schema" = 'public' AND "table_name" = 'course_teachers') OR ("table_schema" = 'public' AND "table_name" = 'course_prerequisites')

      at Function.logInfo (../src/platform/PlatformTools.ts:262:17)

    console.log
      query: SELECT TRUE FROM information_schema.columns WHERE table_name = 'pg_class' and column_name = 'relispartition'

      at Function.logInfo (../src/platform/PlatformTools.ts:262:17)

    console.log
      query: SELECT columns.*, pg_catalog.col_description(('"' || table_catalog || '"."' || table_schema || '"."' || table_name || '"')::regclass::oid, ordinal_position) AS description, ('"' || "udt_schema" || '"."' || "udt_name" || '"')::"regtype"::text AS "regtype", pg_catalog.format_type("col_attr"."atttypid", "col_attr"."atttypmod") AS "format_type" FROM "information_schema"."columns" LEFT JOIN "pg_catalog"."pg_attribute" AS "col_attr" ON "col_attr"."attname" = "columns"."column_name" AND "col_attr"."attrelid" = ( SELECT "cls"."oid" FROM "pg_catalog"."pg_class" AS "cls" LEFT JOIN "pg_catalog"."pg_namespace" AS "ns" ON "ns"."oid" = "cls"."relnamespace" WHERE "cls"."relname" = "columns"."table_name" AND "ns"."nspname" = "columns"."table_schema" ) WHERE ("table_schema" = 'public' AND "table_name" = 'course_teachers') OR ("table_schema" = 'public' AND "table_name" = 'classrooms') OR ("table_schema" = 'public' AND "table_name" = 'schedules') OR ("table_schema" = 'public' AND "table_name" = 'audit_logs') OR ("table_schema" = 'public' AND "table_name" = 'course_prerequisites') OR ("table_schema" = 'public' AND "table_name" = 'courses') OR ("table_schema" = 'public' AND "table_name" = 'grades') OR ("table_schema" = 'public' AND "table_name" = 'enrollments') OR ("table_schema" = 'public' AND "table_name" = 'faculties') OR ("table_schema" = 'public' AND "table_name" = 'departments') OR ("table_schema" = 'public' AND "table_name" = 'students') OR ("table_schema" = 'public' AND "table_name" = 'users') OR ("table_schema" = 'public' AND "table_name" = 'academic_terms') OR ("table_schema" = 'public' AND "table_name" = 'teacher_profiles') OR ("table_schema" = 'public' AND "table_name" = 'attendance')

      at Function.logInfo (../src/platform/PlatformTools.ts:262:17)
          at async Promise.all (index 0)

    console.log
      query: SELECT "ns"."nspname" AS "table_schema", "t"."relname" AS "table_name", "cnst"."conname" AS "constraint_name", pg_get_constraintdef("cnst"."oid") AS "expression", CASE "cnst"."contype" WHEN 'p' THEN 'PRIMARY' WHEN 'u' THEN 'UNIQUE' WHEN 'c' THEN 'CHECK' WHEN 'x' THEN 'EXCLUDE' END AS "constraint_type", "a"."attname" AS "column_name" FROM "pg_constraint" "cnst" INNER JOIN "pg_class" "t" ON "t"."oid" = "cnst"."conrelid" INNER JOIN "pg_namespace" "ns" ON "ns"."oid" = "cnst"."connamespace" LEFT JOIN "pg_attribute" "a" ON "a"."attrelid" = "cnst"."conrelid" AND "a"."attnum" = ANY ("cnst"."conkey") WHERE "t"."relkind" IN ('r', 'p') AND (("ns"."nspname" = 'public' AND "t"."relname" = 'course_teachers') OR ("ns"."nspname" = 'public' AND "t"."relname" = 'classrooms') OR ("ns"."nspname" = 'public' AND "t"."relname" = 'schedules') OR ("ns"."nspname" = 'public' AND "t"."relname" = 'audit_logs') OR ("ns"."nspname" = 'public' AND "t"."relname" = 'course_prerequisites') OR ("ns"."nspname" = 'public' AND "t"."relname" = 'courses') OR ("ns"."nspname" = 'public' AND "t"."relname" = 'grades') OR ("ns"."nspname" = 'public' AND "t"."relname" = 'enrollments') OR ("ns"."nspname" = 'public' AND "t"."relname" = 'faculties') OR ("ns"."nspname" = 'public' AND "t"."relname" = 'departments') OR ("ns"."nspname" = 'public' AND "t"."relname" = 'students') OR ("ns"."nspname" = 'public' AND "t"."relname" = 'users') OR ("ns"."nspname" = 'public' AND "t"."relname" = 'academic_terms') OR ("ns"."nspname" = 'public' AND "t"."relname" = 'teacher_profiles') OR ("ns"."nspname" = 'public' AND "t"."relname" = 'attendance'))

      at Function.logInfo (../src/platform/PlatformTools.ts:262:17)
          at async Promise.all (index 1)

    console.log
      query: SELECT "ns"."nspname" AS "table_schema", "t"."relname" AS "table_name", "i"."relname" AS "constraint_name", "a"."attname" AS "column_name", CASE "ix"."indisunique" WHEN 't' THEN 'TRUE' ELSE'FALSE' END AS "is_unique", pg_get_expr("ix"."indpred", "ix"."indrelid") AS "condition", "types"."typname" AS "type_name", "am"."amname" AS "index_type" FROM "pg_class" "t" INNER JOIN "pg_index" "ix" ON "ix"."indrelid" = "t"."oid" INNER JOIN "pg_attribute" "a" ON "a"."attrelid" = "t"."oid"  AND "a"."attnum" = ANY ("ix"."indkey") INNER JOIN "pg_namespace" "ns" ON "ns"."oid" = "t"."relnamespace" INNER JOIN "pg_class" "i" ON "i"."oid" = "ix"."indexrelid" INNER JOIN "pg_type" "types" ON "types"."oid" = "a"."atttypid" INNER JOIN "pg_am" "am" ON "i"."relam" = "am"."oid" LEFT JOIN "pg_constraint" "cnst" ON "cnst"."conname" = "i"."relname" WHERE "t"."relkind" IN ('r', 'p') AND "cnst"."contype" IS NULL AND (("ns"."nspname" = 'public' AND "t"."relname" = 'course_teachers') OR ("ns"."nspname" = 'public' AND "t"."relname" = 'classrooms') OR ("ns"."nspname" = 'public' AND "t"."relname" = 'schedules') OR ("ns"."nspname" = 'public' AND "t"."relname" = 'audit_logs') OR ("ns"."nspname" = 'public' AND "t"."relname" = 'course_prerequisites') OR ("ns"."nspname" = 'public' AND "t"."relname" = 'courses') OR ("ns"."nspname" = 'public' AND "t"."relname" = 'grades') OR ("ns"."nspname" = 'public' AND "t"."relname" = 'enrollments') OR ("ns"."nspname" = 'public' AND "t"."relname" = 'faculties') OR ("ns"."nspname" = 'public' AND "t"."relname" = 'departments') OR ("ns"."nspname" = 'public' AND "t"."relname" = 'students') OR ("ns"."nspname" = 'public' AND "t"."relname" = 'users') OR ("ns"."nspname" = 'public' AND "t"."relname" = 'academic_terms') OR ("ns"."nspname" = 'public' AND "t"."relname" = 'teacher_profiles') OR ("ns"."nspname" = 'public' AND "t"."relname" = 'attendance'))

      at Function.logInfo (../src/platform/PlatformTools.ts:262:17)
          at async Promise.all (index 2)

    console.log
      query: SELECT "con"."conname" AS "constraint_name", "con"."nspname" AS "table_schema", "con"."relname" AS "table_name", "att2"."attname" AS "column_name", "ns"."nspname" AS "referenced_table_schema", "cl"."relname" AS "referenced_table_name", "att"."attname" AS "referenced_column_name", "con"."confdeltype" AS "on_delete", "con"."confupdtype" AS "on_update", "con"."condeferrable" AS "deferrable", "con"."condeferred" AS "deferred" FROM ( SELECT UNNEST ("con1"."conkey") AS "parent", UNNEST ("con1"."confkey") AS "child", "con1"."confrelid", "con1"."conrelid", "con1"."conname", "con1"."contype", "ns"."nspname", "cl"."relname", "con1"."condeferrable", CASE WHEN "con1"."condeferred" THEN 'INITIALLY DEFERRED' ELSE 'INITIALLY IMMEDIATE' END as condeferred, CASE "con1"."confdeltype" WHEN 'a' THEN 'NO ACTION' WHEN 'r' THEN 'RESTRICT' WHEN 'c' THEN 'CASCADE' WHEN 'n' THEN 'SET NULL' WHEN 'd' THEN 'SET DEFAULT' END as "confdeltype", CASE "con1"."confupdtype" WHEN 'a' THEN 'NO ACTION' WHEN 'r' THEN 'RESTRICT' WHEN 'c' THEN 'CASCADE' WHEN 'n' THEN 'SET NULL' WHEN 'd' THEN 'SET DEFAULT' END as "confupdtype" FROM "pg_class" "cl" INNER JOIN "pg_namespace" "ns" ON "cl"."relnamespace" = "ns"."oid" INNER JOIN "pg_constraint" "con1" ON "con1"."conrelid" = "cl"."oid" WHERE "con1"."contype" = 'f' AND (("ns"."nspname" = 'public' AND "cl"."relname" = 'course_teachers') OR ("ns"."nspname" = 'public' AND "cl"."relname" = 'classrooms') OR ("ns"."nspname" = 'public' AND "cl"."relname" = 'schedules') OR ("ns"."nspname" = 'public' AND "cl"."relname" = 'audit_logs') OR ("ns"."nspname" = 'public' AND "cl"."relname" = 'course_prerequisites') OR ("ns"."nspname" = 'public' AND "cl"."relname" = 'courses') OR ("ns"."nspname" = 'public' AND "cl"."relname" = 'grades') OR ("ns"."nspname" = 'public' AND "cl"."relname" = 'enrollments') OR ("ns"."nspname" = 'public' AND "cl"."relname" = 'faculties') OR ("ns"."nspname" = 'public' AND "cl"."relname" = 'departments') OR ("ns"."nspname" = 'public' AND "cl"."relname" = 'students') OR ("ns"."nspname" = 'public' AND "cl"."relname" = 'users') OR ("ns"."nspname" = 'public' AND "cl"."relname" = 'academic_terms') OR ("ns"."nspname" = 'public' AND "cl"."relname" = 'teacher_profiles') OR ("ns"."nspname" = 'public' AND "cl"."relname" = 'attendance')) ) "con" INNER JOIN "pg_attribute" "att" ON "att"."attrelid" = "con"."confrelid" AND "att"."attnum" = "con"."child" INNER JOIN "pg_class" "cl" ON "cl"."oid" = "con"."confrelid"  AND "cl"."relispartition" = 'f'INNER JOIN "pg_namespace" "ns" ON "cl"."relnamespace" = "ns"."oid" INNER JOIN "pg_attribute" "att2" ON "att2"."attrelid" = "con"."conrelid" AND "att2"."attnum" = "con"."parent"

      at Function.logInfo (../src/platform/PlatformTools.ts:262:17)
          at async Promise.all (index 3)

    console.log
      query: SELECT "udt_schema", "udt_name" FROM "information_schema"."columns" WHERE "table_schema" = 'public' AND "table_name" = 'classrooms' AND "column_name"='type'

      at Function.logInfo (../src/platform/PlatformTools.ts:262:17)
          at async Promise.all (index 4)
          at async Promise.all (index 1)

    console.log
      query: SELECT "udt_schema", "udt_name" FROM "information_schema"."columns" WHERE "table_schema" = 'public' AND "table_name" = 'enrollments' AND "column_name"='status'

      at Function.logInfo (../src/platform/PlatformTools.ts:262:17)
          at async Promise.all (index 4)
          at async Promise.all (index 7)

    console.log
      query: SELECT "udt_schema", "udt_name" FROM "information_schema"."columns" WHERE "table_schema" = 'public' AND "table_name" = 'students' AND "column_name"='gender'

      at Function.logInfo (../src/platform/PlatformTools.ts:262:17)
          at async Promise.all (index 4)
          at async Promise.all (index 10)

    console.log
      query: SELECT "udt_schema", "udt_name" FROM "information_schema"."columns" WHERE "table_schema" = 'public' AND "table_name" = 'users' AND "column_name"='role'

      at Function.logInfo (../src/platform/PlatformTools.ts:262:17)
          at async Promise.all (index 4)
          at async Promise.all (index 11)

    console.log
      query: SELECT "udt_schema", "udt_name" FROM "information_schema"."columns" WHERE "table_schema" = 'public' AND "table_name" = 'teacher_profiles' AND "column_name"='rank'

      at Function.logInfo (../src/platform/PlatformTools.ts:262:17)
          at async Promise.all (index 2)
          at async Promise.all (index 13)

    console.log
      query: SELECT "udt_schema", "udt_name" FROM "information_schema"."columns" WHERE "table_schema" = 'public' AND "table_name" = 'attendance' AND "column_name"='status'

      at Function.logInfo (../src/platform/PlatformTools.ts:262:17)
          at async Promise.all (index 4)
          at async Promise.all (index 14)

    console.log
      query: SELECT "e"."enumlabel" AS "value" FROM "pg_enum" "e" INNER JOIN "pg_type" "t" ON "t"."oid" = "e"."enumtypid" INNER JOIN "pg_namespace" "n" ON "n"."oid" = "t"."typnamespace" WHERE "n"."nspname" = 'public' AND "t"."typname" = 'classrooms_type_enum'

      at Function.logInfo (../src/platform/PlatformTools.ts:262:17)
          at async Promise.all (index 4)
          at async Promise.all (index 1)

    console.log
      query: SELECT "e"."enumlabel" AS "value" FROM "pg_enum" "e" INNER JOIN "pg_type" "t" ON "t"."oid" = "e"."enumtypid" INNER JOIN "pg_namespace" "n" ON "n"."oid" = "t"."typnamespace" WHERE "n"."nspname" = 'public' AND "t"."typname" = 'enrollments_status_enum'

      at Function.logInfo (../src/platform/PlatformTools.ts:262:17)
          at async Promise.all (index 4)
          at async Promise.all (index 7)

    console.log
      query: SELECT "e"."enumlabel" AS "value" FROM "pg_enum" "e" INNER JOIN "pg_type" "t" ON "t"."oid" = "e"."enumtypid" INNER JOIN "pg_namespace" "n" ON "n"."oid" = "t"."typnamespace" WHERE "n"."nspname" = 'public' AND "t"."typname" = 'students_gender_enum'

      at Function.logInfo (../src/platform/PlatformTools.ts:262:17)
          at async Promise.all (index 4)
          at async Promise.all (index 10)

    console.log
      query: SELECT "e"."enumlabel" AS "value" FROM "pg_enum" "e" INNER JOIN "pg_type" "t" ON "t"."oid" = "e"."enumtypid" INNER JOIN "pg_namespace" "n" ON "n"."oid" = "t"."typnamespace" WHERE "n"."nspname" = 'public' AND "t"."typname" = 'users_role_enum'

      at Function.logInfo (../src/platform/PlatformTools.ts:262:17)
          at async Promise.all (index 4)
          at async Promise.all (index 11)

    console.log
      query: SELECT "e"."enumlabel" AS "value" FROM "pg_enum" "e" INNER JOIN "pg_type" "t" ON "t"."oid" = "e"."enumtypid" INNER JOIN "pg_namespace" "n" ON "n"."oid" = "t"."typnamespace" WHERE "n"."nspname" = 'public' AND "t"."typname" = 'teacher_profiles_rank_enum'

      at Function.logInfo (../src/platform/PlatformTools.ts:262:17)
          at async Promise.all (index 2)
          at async Promise.all (index 13)

    console.log
      query: SELECT "e"."enumlabel" AS "value" FROM "pg_enum" "e" INNER JOIN "pg_type" "t" ON "t"."oid" = "e"."enumtypid" INNER JOIN "pg_namespace" "n" ON "n"."oid" = "t"."typnamespace" WHERE "n"."nspname" = 'public' AND "t"."typname" = 'attendance_status_enum'

      at Function.logInfo (../src/platform/PlatformTools.ts:262:17)
          at async Promise.all (index 4)
          at async Promise.all (index 14)

    console.log
      query: SELECT * FROM "information_schema"."tables" WHERE "table_schema" = 'public' AND "table_name" = 'typeorm_metadata'

      at Function.logInfo (../src/platform/PlatformTools.ts:262:17)

    console.log
      query: ALTER TABLE "grades" ALTER COLUMN "weightage" SET DEFAULT '100.00'

      at Function.logInfo (../src/platform/PlatformTools.ts:262:17)

    console.log
      query: ALTER TABLE "enrollments" ALTER COLUMN "attendance_percentage" SET DEFAULT '100.00'

      at Function.logInfo (../src/platform/PlatformTools.ts:262:17)

    console.log
      query: ALTER TABLE "grades" ALTER COLUMN "weightage" SET DEFAULT '100.00'

      at Function.logInfo (../src/platform/PlatformTools.ts:262:17)

    console.log
      query: ALTER TABLE "enrollments" ALTER COLUMN "attendance_percentage" SET DEFAULT '100.00'

      at Function.logInfo (../src/platform/PlatformTools.ts:262:17)

    console.log
      query: COMMIT

      at Function.logInfo (../src/platform/PlatformTools.ts:262:17)

PASS test/attendance.e2e-spec.ts (10.891 s)
  ΓùÅ Console

    console.log
      query: SELECT version()

      at Function.logInfo (../src/platform/PlatformTools.ts:262:17)

    console.log
      query: SELECT * FROM current_schema()

      at Function.logInfo (../src/platform/PlatformTools.ts:262:17)

    console.log
      query: START TRANSACTION

      at Function.logInfo (../src/platform/PlatformTools.ts:262:17)

    console.log
      query: SELECT * FROM current_schema()

      at Function.logInfo (../src/platform/PlatformTools.ts:262:17)

    console.log
      query: SELECT * FROM current_database()

      at Function.logInfo (../src/platform/PlatformTools.ts:262:17)

    console.log
      query: SELECT "table_schema", "table_name", obj_description(('"' || "table_schema" || '"."' || "table_name" || '"')::regclass, 'pg_class') AS table_comment FROM "information_schema"."tables" WHERE ("table_schema" = 'public' AND "table_name" = 'grades') OR ("table_schema" = 'public' AND "table_name" = 'attendance') OR ("table_schema" = 'public' AND "table_name" = 'faculties') OR ("table_schema" = 'public' AND "table_name" = 'departments') OR ("table_schema" = 'public' AND "table_name" = 'courses') OR ("table_schema" = 'public' AND "table_name" = 'enrollments') OR ("table_schema" = 'public' AND "table_name" = 'students') OR ("table_schema" = 'public' AND "table_name" = 'users') OR ("table_schema" = 'public' AND "table_name" = 'academic_terms') OR ("table_schema" = 'public' AND "table_name" = 'classrooms') OR ("table_schema" = 'public' AND "table_name" = 'schedules') OR ("table_schema" = 'public' AND "table_name" = 'audit_logs') OR ("table_schema" = 'public' AND "table_name" = 'teacher_profiles') OR ("table_schema" = 'public' AND "table_name" = 'grades') OR ("table_schema" = 'public' AND "table_name" = 'attendance') OR ("table_schema" = 'public' AND "table_name" = 'faculties') OR ("table_schema" = 'public' AND "table_name" = 'departments') OR ("table_schema" = 'public' AND "table_name" = 'courses') OR ("table_schema" = 'public' AND "table_name" = 'enrollments') OR ("table_schema" = 'public' AND "table_name" = 'students') OR ("table_schema" = 'public' AND "table_name" = 'users') OR ("table_schema" = 'public' AND "table_name" = 'teacher_profiles') OR ("table_schema" = 'public' AND "table_name" = 'classrooms') OR ("table_schema" = 'public' AND "table_name" = 'schedules') OR ("table_schema" = 'public' AND "table_name" = 'audit_logs') OR ("table_schema" = 'public' AND "table_name" = 'academic_terms') OR ("table_schema" = 'public' AND "table_name" = 'course_teachers') OR ("table_schema" = 'public' AND "table_name" = 'course_prerequisites') OR ("table_schema" = 'public' AND "table_name" = 'course_teachers') OR ("table_schema" = 'public' AND "table_name" = 'course_prerequisites')

      at Function.logInfo (../src/platform/PlatformTools.ts:262:17)

    console.log
      query: SELECT TRUE FROM information_schema.columns WHERE table_name = 'pg_class' and column_name = 'relispartition'

      at Function.logInfo (../src/platform/PlatformTools.ts:262:17)

    console.log
      query: SELECT columns.*, pg_catalog.col_description(('"' || table_catalog || '"."' || table_schema || '"."' || table_name || '"')::regclass::oid, ordinal_position) AS description, ('"' || "udt_schema" || '"."' || "udt_name" || '"')::"regtype"::text AS "regtype", pg_catalog.format_type("col_attr"."atttypid", "col_attr"."atttypmod") AS "format_type" FROM "information_schema"."columns" LEFT JOIN "pg_catalog"."pg_attribute" AS "col_attr" ON "col_attr"."attname" = "columns"."column_name" AND "col_attr"."attrelid" = ( SELECT "cls"."oid" FROM "pg_catalog"."pg_class" AS "cls" LEFT JOIN "pg_catalog"."pg_namespace" AS "ns" ON "ns"."oid" = "cls"."relnamespace" WHERE "cls"."relname" = "columns"."table_name" AND "ns"."nspname" = "columns"."table_schema" ) WHERE ("table_schema" = 'public' AND "table_name" = 'course_teachers') OR ("table_schema" = 'public' AND "table_name" = 'classrooms') OR ("table_schema" = 'public' AND "table_name" = 'schedules') OR ("table_schema" = 'public' AND "table_name" = 'audit_logs') OR ("table_schema" = 'public' AND "table_name" = 'course_prerequisites') OR ("table_schema" = 'public' AND "table_name" = 'courses') OR ("table_schema" = 'public' AND "table_name" = 'grades') OR ("table_schema" = 'public' AND "table_name" = 'enrollments') OR ("table_schema" = 'public' AND "table_name" = 'faculties') OR ("table_schema" = 'public' AND "table_name" = 'departments') OR ("table_schema" = 'public' AND "table_name" = 'students') OR ("table_schema" = 'public' AND "table_name" = 'users') OR ("table_schema" = 'public' AND "table_name" = 'academic_terms') OR ("table_schema" = 'public' AND "table_name" = 'teacher_profiles') OR ("table_schema" = 'public' AND "table_name" = 'attendance')

      at Function.logInfo (../src/platform/PlatformTools.ts:262:17)
          at async Promise.all (index 0)

    console.log
      query: SELECT "ns"."nspname" AS "table_schema", "t"."relname" AS "table_name", "cnst"."conname" AS "constraint_name", pg_get_constraintdef("cnst"."oid") AS "expression", CASE "cnst"."contype" WHEN 'p' THEN 'PRIMARY' WHEN 'u' THEN 'UNIQUE' WHEN 'c' THEN 'CHECK' WHEN 'x' THEN 'EXCLUDE' END AS "constraint_type", "a"."attname" AS "column_name" FROM "pg_constraint" "cnst" INNER JOIN "pg_class" "t" ON "t"."oid" = "cnst"."conrelid" INNER JOIN "pg_namespace" "ns" ON "ns"."oid" = "cnst"."connamespace" LEFT JOIN "pg_attribute" "a" ON "a"."attrelid" = "cnst"."conrelid" AND "a"."attnum" = ANY ("cnst"."conkey") WHERE "t"."relkind" IN ('r', 'p') AND (("ns"."nspname" = 'public' AND "t"."relname" = 'course_teachers') OR ("ns"."nspname" = 'public' AND "t"."relname" = 'classrooms') OR ("ns"."nspname" = 'public' AND "t"."relname" = 'schedules') OR ("ns"."nspname" = 'public' AND "t"."relname" = 'audit_logs') OR ("ns"."nspname" = 'public' AND "t"."relname" = 'course_prerequisites') OR ("ns"."nspname" = 'public' AND "t"."relname" = 'courses') OR ("ns"."nspname" = 'public' AND "t"."relname" = 'grades') OR ("ns"."nspname" = 'public' AND "t"."relname" = 'enrollments') OR ("ns"."nspname" = 'public' AND "t"."relname" = 'faculties') OR ("ns"."nspname" = 'public' AND "t"."relname" = 'departments') OR ("ns"."nspname" = 'public' AND "t"."relname" = 'students') OR ("ns"."nspname" = 'public' AND "t"."relname" = 'users') OR ("ns"."nspname" = 'public' AND "t"."relname" = 'academic_terms') OR ("ns"."nspname" = 'public' AND "t"."relname" = 'teacher_profiles') OR ("ns"."nspname" = 'public' AND "t"."relname" = 'attendance'))

      at Function.logInfo (../src/platform/PlatformTools.ts:262:17)
          at async Promise.all (index 1)

    console.log
      query: SELECT "ns"."nspname" AS "table_schema", "t"."relname" AS "table_name", "i"."relname" AS "constraint_name", "a"."attname" AS "column_name", CASE "ix"."indisunique" WHEN 't' THEN 'TRUE' ELSE'FALSE' END AS "is_unique", pg_get_expr("ix"."indpred", "ix"."indrelid") AS "condition", "types"."typname" AS "type_name", "am"."amname" AS "index_type" FROM "pg_class" "t" INNER JOIN "pg_index" "ix" ON "ix"."indrelid" = "t"."oid" INNER JOIN "pg_attribute" "a" ON "a"."attrelid" = "t"."oid"  AND "a"."attnum" = ANY ("ix"."indkey") INNER JOIN "pg_namespace" "ns" ON "ns"."oid" = "t"."relnamespace" INNER JOIN "pg_class" "i" ON "i"."oid" = "ix"."indexrelid" INNER JOIN "pg_type" "types" ON "types"."oid" = "a"."atttypid" INNER JOIN "pg_am" "am" ON "i"."relam" = "am"."oid" LEFT JOIN "pg_constraint" "cnst" ON "cnst"."conname" = "i"."relname" WHERE "t"."relkind" IN ('r', 'p') AND "cnst"."contype" IS NULL AND (("ns"."nspname" = 'public' AND "t"."relname" = 'course_teachers') OR ("ns"."nspname" = 'public' AND "t"."relname" = 'classrooms') OR ("ns"."nspname" = 'public' AND "t"."relname" = 'schedules') OR ("ns"."nspname" = 'public' AND "t"."relname" = 'audit_logs') OR ("ns"."nspname" = 'public' AND "t"."relname" = 'course_prerequisites') OR ("ns"."nspname" = 'public' AND "t"."relname" = 'courses') OR ("ns"."nspname" = 'public' AND "t"."relname" = 'grades') OR ("ns"."nspname" = 'public' AND "t"."relname" = 'enrollments') OR ("ns"."nspname" = 'public' AND "t"."relname" = 'faculties') OR ("ns"."nspname" = 'public' AND "t"."relname" = 'departments') OR ("ns"."nspname" = 'public' AND "t"."relname" = 'students') OR ("ns"."nspname" = 'public' AND "t"."relname" = 'users') OR ("ns"."nspname" = 'public' AND "t"."relname" = 'academic_terms') OR ("ns"."nspname" = 'public' AND "t"."relname" = 'teacher_profiles') OR ("ns"."nspname" = 'public' AND "t"."relname" = 'attendance'))

      at Function.logInfo (../src/platform/PlatformTools.ts:262:17)
          at async Promise.all (index 2)

    console.log
      query: SELECT "con"."conname" AS "constraint_name", "con"."nspname" AS "table_schema", "con"."relname" AS "table_name", "att2"."attname" AS "column_name", "ns"."nspname" AS "referenced_table_schema", "cl"."relname" AS "referenced_table_name", "att"."attname" AS "referenced_column_name", "con"."confdeltype" AS "on_delete", "con"."confupdtype" AS "on_update", "con"."condeferrable" AS "deferrable", "con"."condeferred" AS "deferred" FROM ( SELECT UNNEST ("con1"."conkey") AS "parent", UNNEST ("con1"."confkey") AS "child", "con1"."confrelid", "con1"."conrelid", "con1"."conname", "con1"."contype", "ns"."nspname", "cl"."relname", "con1"."condeferrable", CASE WHEN "con1"."condeferred" THEN 'INITIALLY DEFERRED' ELSE 'INITIALLY IMMEDIATE' END as condeferred, CASE "con1"."confdeltype" WHEN 'a' THEN 'NO ACTION' WHEN 'r' THEN 'RESTRICT' WHEN 'c' THEN 'CASCADE' WHEN 'n' THEN 'SET NULL' WHEN 'd' THEN 'SET DEFAULT' END as "confdeltype", CASE "con1"."confupdtype" WHEN 'a' THEN 'NO ACTION' WHEN 'r' THEN 'RESTRICT' WHEN 'c' THEN 'CASCADE' WHEN 'n' THEN 'SET NULL' WHEN 'd' THEN 'SET DEFAULT' END as "confupdtype" FROM "pg_class" "cl" INNER JOIN "pg_namespace" "ns" ON "cl"."relnamespace" = "ns"."oid" INNER JOIN "pg_constraint" "con1" ON "con1"."conrelid" = "cl"."oid" WHERE "con1"."contype" = 'f' AND (("ns"."nspname" = 'public' AND "cl"."relname" = 'course_teachers') OR ("ns"."nspname" = 'public' AND "cl"."relname" = 'classrooms') OR ("ns"."nspname" = 'public' AND "cl"."relname" = 'schedules') OR ("ns"."nspname" = 'public' AND "cl"."relname" = 'audit_logs') OR ("ns"."nspname" = 'public' AND "cl"."relname" = 'course_prerequisites') OR ("ns"."nspname" = 'public' AND "cl"."relname" = 'courses') OR ("ns"."nspname" = 'public' AND "cl"."relname" = 'grades') OR ("ns"."nspname" = 'public' AND "cl"."relname" = 'enrollments') OR ("ns"."nspname" = 'public' AND "cl"."relname" = 'faculties') OR ("ns"."nspname" = 'public' AND "cl"."relname" = 'departments') OR ("ns"."nspname" = 'public' AND "cl"."relname" = 'students') OR ("ns"."nspname" = 'public' AND "cl"."relname" = 'users') OR ("ns"."nspname" = 'public' AND "cl"."relname" = 'academic_terms') OR ("ns"."nspname" = 'public' AND "cl"."relname" = 'teacher_profiles') OR ("ns"."nspname" = 'public' AND "cl"."relname" = 'attendance')) ) "con" INNER JOIN "pg_attribute" "att" ON "att"."attrelid" = "con"."confrelid" AND "att"."attnum" = "con"."child" INNER JOIN "pg_class" "cl" ON "cl"."oid" = "con"."confrelid"  AND "cl"."relispartition" = 'f'INNER JOIN "pg_namespace" "ns" ON "cl"."relnamespace" = "ns"."oid" INNER JOIN "pg_attribute" "att2" ON "att2"."attrelid" = "con"."conrelid" AND "att2"."attnum" = "con"."parent"

      at Function.logInfo (../src/platform/PlatformTools.ts:262:17)
          at async Promise.all (index 3)

    console.log
      query: SELECT "udt_schema", "udt_name" FROM "information_schema"."columns" WHERE "table_schema" = 'public' AND "table_name" = 'classrooms' AND "column_name"='type'

      at Function.logInfo (../src/platform/PlatformTools.ts:262:17)
          at async Promise.all (index 4)
          at async Promise.all (index 1)

    console.log
      query: SELECT "udt_schema", "udt_name" FROM "information_schema"."columns" WHERE "table_schema" = 'public' AND "table_name" = 'enrollments' AND "column_name"='status'

      at Function.logInfo (../src/platform/PlatformTools.ts:262:17)
          at async Promise.all (index 4)
          at async Promise.all (index 7)

    console.log
      query: SELECT "udt_schema", "udt_name" FROM "information_schema"."columns" WHERE "table_schema" = 'public' AND "table_name" = 'students' AND "column_name"='gender'

      at Function.logInfo (../src/platform/PlatformTools.ts:262:17)
          at async Promise.all (index 4)
          at async Promise.all (index 10)

    console.log
      query: SELECT "udt_schema", "udt_name" FROM "information_schema"."columns" WHERE "table_schema" = 'public' AND "table_name" = 'users' AND "column_name"='role'

      at Function.logInfo (../src/platform/PlatformTools.ts:262:17)
          at async Promise.all (index 4)
          at async Promise.all (index 11)

    console.log
      query: SELECT "udt_schema", "udt_name" FROM "information_schema"."columns" WHERE "table_schema" = 'public' AND "table_name" = 'teacher_profiles' AND "column_name"='rank'

      at Function.logInfo (../src/platform/PlatformTools.ts:262:17)
          at async Promise.all (index 2)
          at async Promise.all (index 13)

    console.log
      query: SELECT "udt_schema", "udt_name" FROM "information_schema"."columns" WHERE "table_schema" = 'public' AND "table_name" = 'attendance' AND "column_name"='status'

      at Function.logInfo (../src/platform/PlatformTools.ts:262:17)
          at async Promise.all (index 4)
          at async Promise.all (index 14)

    console.log
      query: SELECT "e"."enumlabel" AS "value" FROM "pg_enum" "e" INNER JOIN "pg_type" "t" ON "t"."oid" = "e"."enumtypid" INNER JOIN "pg_namespace" "n" ON "n"."oid" = "t"."typnamespace" WHERE "n"."nspname" = 'public' AND "t"."typname" = 'classrooms_type_enum'

      at Function.logInfo (../src/platform/PlatformTools.ts:262:17)
          at async Promise.all (index 4)
          at async Promise.all (index 1)

    console.log
      query: SELECT "e"."enumlabel" AS "value" FROM "pg_enum" "e" INNER JOIN "pg_type" "t" ON "t"."oid" = "e"."enumtypid" INNER JOIN "pg_namespace" "n" ON "n"."oid" = "t"."typnamespace" WHERE "n"."nspname" = 'public' AND "t"."typname" = 'enrollments_status_enum'

      at Function.logInfo (../src/platform/PlatformTools.ts:262:17)
          at async Promise.all (index 4)
          at async Promise.all (index 7)

    console.log
      query: SELECT "e"."enumlabel" AS "value" FROM "pg_enum" "e" INNER JOIN "pg_type" "t" ON "t"."oid" = "e"."enumtypid" INNER JOIN "pg_namespace" "n" ON "n"."oid" = "t"."typnamespace" WHERE "n"."nspname" = 'public' AND "t"."typname" = 'students_gender_enum'

      at Function.logInfo (../src/platform/PlatformTools.ts:262:17)
          at async Promise.all (index 4)
          at async Promise.all (index 10)

    console.log
      query: SELECT "e"."enumlabel" AS "value" FROM "pg_enum" "e" INNER JOIN "pg_type" "t" ON "t"."oid" = "e"."enumtypid" INNER JOIN "pg_namespace" "n" ON "n"."oid" = "t"."typnamespace" WHERE "n"."nspname" = 'public' AND "t"."typname" = 'users_role_enum'

      at Function.logInfo (../src/platform/PlatformTools.ts:262:17)
          at async Promise.all (index 4)
          at async Promise.all (index 11)

    console.log
      query: SELECT "e"."enumlabel" AS "value" FROM "pg_enum" "e" INNER JOIN "pg_type" "t" ON "t"."oid" = "e"."enumtypid" INNER JOIN "pg_namespace" "n" ON "n"."oid" = "t"."typnamespace" WHERE "n"."nspname" = 'public' AND "t"."typname" = 'teacher_profiles_rank_enum'

      at Function.logInfo (../src/platform/PlatformTools.ts:262:17)
          at async Promise.all (index 2)
          at async Promise.all (index 13)

    console.log
      query: SELECT "e"."enumlabel" AS "value" FROM "pg_enum" "e" INNER JOIN "pg_type" "t" ON "t"."oid" = "e"."enumtypid" INNER JOIN "pg_namespace" "n" ON "n"."oid" = "t"."typnamespace" WHERE "n"."nspname" = 'public' AND "t"."typname" = 'attendance_status_enum'

      at Function.logInfo (../src/platform/PlatformTools.ts:262:17)
          at async Promise.all (index 4)
          at async Promise.all (index 14)

    console.log
      query: SELECT * FROM "information_schema"."tables" WHERE "table_schema" = 'public' AND "table_name" = 'typeorm_metadata'

      at Function.logInfo (../src/platform/PlatformTools.ts:262:17)

    console.log
      query: ALTER TABLE "grades" ALTER COLUMN "weightage" SET DEFAULT '100.00'

      at Function.logInfo (../src/platform/PlatformTools.ts:262:17)

    console.log
      query: ALTER TABLE "enrollments" ALTER COLUMN "attendance_percentage" SET DEFAULT '100.00'

      at Function.logInfo (../src/platform/PlatformTools.ts:262:17)

    console.log
      query: ALTER TABLE "grades" ALTER COLUMN "weightage" SET DEFAULT '100.00'

      at Function.logInfo (../src/platform/PlatformTools.ts:262:17)

    console.log
      query: ALTER TABLE "enrollments" ALTER COLUMN "attendance_percentage" SET DEFAULT '100.00'

      at Function.logInfo (../src/platform/PlatformTools.ts:262:17)

    console.log
      query: COMMIT

      at Function.logInfo (../src/platform/PlatformTools.ts:262:17)

    console.log
      query: INSERT INTO users (email, username, password_hash, role, is_active) 
             VALUES ($1, $2, $3, $4, true) -- PARAMETERS: ["e2e_att_admin@test.com","e2e_att_admin","$2b$10$WqdNlFqowyhF7GS3VSMVPuOJQhwmrrcbxvkDNcLR5v95zAQj4FyOe","admin"]

      at Function.logInfo (../src/platform/PlatformTools.ts:262:17)

    console.log
      query: INSERT INTO users (email, username, password_hash, role, is_active) 
             VALUES ($1, $2, $3, $4, true) RETURNING id -- PARAMETERS: ["e2e_att_teacher@test.com","e2e_att_teacher","$2b$10$WqdNlFqowyhF7GS3VSMVPuOJQhwmrrcbxvkDNcLR5v95zAQj4FyOe","teacher"]

      at Function.logInfo (../src/platform/PlatformTools.ts:262:17)

    console.log
      query: INSERT INTO users (email, username, password_hash, role, is_active) 
             VALUES ($1, $2, $3, $4, true) RETURNING id -- PARAMETERS: ["e2e_att_student@test.com","e2e_att_student","$2b$10$WqdNlFqowyhF7GS3VSMVPuOJQhwmrrcbxvkDNcLR5v95zAQj4FyOe","student"]

      at Function.logInfo (../src/platform/PlatformTools.ts:262:17)

    console.log
      query: INSERT INTO students (user_id, student_id, date_of_birth, enrollment_date) 
             VALUES ($1, $2, $3, $4) RETURNING id -- PARAMETERS: [2017,"STU-E2E-ATT","2000-01-01","2024-01-01"]

      at Function.logInfo (../src/platform/PlatformTools.ts:262:17)

    console.log
      query: INSERT INTO courses (course_code, course_name, credits, created_by) 
             VALUES ($1, $2, $3, $4) RETURNING id -- PARAMETERS: ["E2EATT101","E2E Attendance Course",3,2016]

      at Function.logInfo (../src/platform/PlatformTools.ts:262:17)

    console.log
      query: INSERT INTO enrollments (student_id, course_id, enrollment_date, status) 
             VALUES ($1, $2, $3, $4) RETURNING id -- PARAMETERS: [167,462,"2024-01-15","active"]

      at Function.logInfo (../src/platform/PlatformTools.ts:262:17)

    console.log
      query: SELECT "User"."id" AS "User_id", "User"."email" AS "User_email", "User"."username" AS "User_username", "User"."password_hash" AS "User_password_hash", "User"."role" AS "User_role", "User"."first_name" AS "User_first_name", "User"."last_name" AS "User_last_name", "User"."is_active" AS "User_is_active", "User"."refresh_token" AS "User_refresh_token", "User"."email_verified" AS "User_email_verified", "User"."email_verification_token" AS "User_email_verification_token", "User"."password_reset_token" AS "User_password_reset_token", "User"."password_reset_expires" AS "User_password_reset_expires", "User"."failed_login_attempts" AS "User_failed_login_attempts", "User"."locked_until" AS "User_locked_until", "User"."last_failed_login" AS "User_last_failed_login", "User"."created_at" AS "User_created_at", "User"."updated_at" AS "User_updated_at", "User"."deleted_at" AS "User_deleted_at" FROM "users" "User" WHERE ( (("User"."email" = $1)) ) AND ( "User"."deleted_at" IS NULL ) LIMIT 1 -- PARAMETERS: ["e2e_att_admin@test.com"]

      at Function.logInfo (../src/platform/PlatformTools.ts:262:17)

    console.log
      query: UPDATE "users" SET "refresh_token" = $1, "updated_at" = CURRENT_TIMESTAMP WHERE "id" IN ($2) -- PARAMETERS: ["$2b$10$CcyzLt4QgQTtOcOGVwHvxOv3RPIf7UXIrseyRwdah11PdETD.JyPm",2015]

      at Function.logInfo (../src/platform/PlatformTools.ts:262:17)

    console.log
      query: SELECT "User"."id" AS "User_id", "User"."email" AS "User_email", "User"."username" AS "User_username", "User"."password_hash" AS "User_password_hash", "User"."role" AS "User_role", "User"."first_name" AS "User_first_name", "User"."last_name" AS "User_last_name", "User"."is_active" AS "User_is_active", "User"."refresh_token" AS "User_refresh_token", "User"."email_verified" AS "User_email_verified", "User"."email_verification_token" AS "User_email_verification_token", "User"."password_reset_token" AS "User_password_reset_token", "User"."password_reset_expires" AS "User_password_reset_expires", "User"."failed_login_attempts" AS "User_failed_login_attempts", "User"."locked_until" AS "User_locked_until", "User"."last_failed_login" AS "User_last_failed_login", "User"."created_at" AS "User_created_at", "User"."updated_at" AS "User_updated_at", "User"."deleted_at" AS "User_deleted_at" FROM "users" "User" WHERE ( (("User"."email" = $1)) ) AND ( "User"."deleted_at" IS NULL ) LIMIT 1 -- PARAMETERS: ["e2e_att_teacher@test.com"]

      at Function.logInfo (../src/platform/PlatformTools.ts:262:17)

    console.log
      query: UPDATE "users" SET "refresh_token" = $1, "updated_at" = CURRENT_TIMESTAMP WHERE "id" IN ($2) -- PARAMETERS: ["$2b$10$SU7rKmHfORRY52H1.OisQOw27vNhOeYtDbz7Ni1rQmXR8RnrTguMu",2016]

      at Function.logInfo (../src/platform/PlatformTools.ts:262:17)

    console.log
      query: SELECT "User"."id" AS "User_id", "User"."email" AS "User_email", "User"."username" AS "User_username", "User"."password_hash" AS "User_password_hash", "User"."role" AS "User_role", "User"."first_name" AS "User_first_name", "User"."last_name" AS "User_last_name", "User"."is_active" AS "User_is_active", "User"."refresh_token" AS "User_refresh_token", "User"."email_verified" AS "User_email_verified", "User"."email_verification_token" AS "User_email_verification_token", "User"."password_reset_token" AS "User_password_reset_token", "User"."password_reset_expires" AS "User_password_reset_expires", "User"."failed_login_attempts" AS "User_failed_login_attempts", "User"."locked_until" AS "User_locked_until", "User"."last_failed_login" AS "User_last_failed_login", "User"."created_at" AS "User_created_at", "User"."updated_at" AS "User_updated_at", "User"."deleted_at" AS "User_deleted_at" FROM "users" "User" WHERE ( (("User"."email" = $1)) ) AND ( "User"."deleted_at" IS NULL ) LIMIT 1 -- PARAMETERS: ["e2e_att_student@test.com"]

      at Function.logInfo (../src/platform/PlatformTools.ts:262:17)

    console.log
      query: UPDATE "users" SET "refresh_token" = $1, "updated_at" = CURRENT_TIMESTAMP WHERE "id" IN ($2) -- PARAMETERS: ["$2b$10$o/nvs5cp2ikoWaRTn6AVQuAQKCPqOLiXYXnbjMm1as7/hzVrGe91C",2017]

      at Function.logInfo (../src/platform/PlatformTools.ts:262:17)

    console.log
      query: SELECT "Student"."id" AS "Student_id", "Student"."user_id" AS "Student_user_id", "Student"."student_id" AS "Student_student_id", "Student"."date_of_birth" AS "Student_date_of_birth", "Student"."gender" AS "Student_gender", "Student"."address" AS "Student_address", "Student"."phone" AS "Student_phone", "Student"."emergency_contact" AS "Student_emergency_contact", "Student"."enrollment_date" AS "Student_enrollment_date", "Student"."department_id" AS "Student_department_id", "Student"."semester" AS "Student_semester", "Student"."created_at" AS "Student_created_at", "Student"."updated_at" AS "Student_updated_at", "Student"."deleted_at" AS "Student_deleted_at" FROM "students" "Student" WHERE ( (("Student"."id" = $1)) ) AND ( "Student"."deleted_at" IS NULL ) LIMIT 1 -- PARAMETERS: [167]

      at Function.logInfo (../src/platform/PlatformTools.ts:262:17)

    console.log
      query: SELECT "Course"."id" AS "Course_id", "Course"."course_code" AS "Course_course_code", "Course"."course_name" AS "Course_course_name", "Course"."description" AS "Course_description", "Course"."credits" AS "Course_credits", "Course"."department_id" AS "Course_department_id", "Course"."semester" AS "Course_semester", "Course"."max_students" AS "Course_max_students", "Course"."is_active" AS "Course_is_active", "Course"."created_by" AS "Course_created_by", "Course"."created_at" AS "Course_created_at", "Course"."updated_at" AS "Course_updated_at", "Course"."deleted_at" AS "Course_deleted_at" FROM "courses" "Course" WHERE ( (("Course"."id" = $1)) ) AND ( "Course"."deleted_at" IS NULL ) LIMIT 1 -- PARAMETERS: [462]

      at Function.logInfo (../src/platform/PlatformTools.ts:262:17)

    console.log
      query: SELECT "Attendance"."id" AS "Attendance_id", "Attendance"."student_id" AS "Attendance_student_id", "Attendance"."course_id" AS "Attendance_course_id", "Attendance"."date" AS "Attendance_date", "Attendance"."status" AS "Attendance_status", "Attendance"."notes" AS "Attendance_notes", "Attendance"."recorded_by" AS "Attendance_recorded_by", "Attendance"."created_at" AS "Attendance_created_at" FROM "attendance" "Attendance" WHERE (("Attendance"."student_id" = $1) AND ("Attendance"."course_id" = $2) AND ("Attendance"."date" = $3)) LIMIT 1 -- PARAMETERS: [167,462,"2024-01-20"]

      at Function.logInfo (../src/platform/PlatformTools.ts:262:17)

    console.log
      query: START TRANSACTION

      at Function.logInfo (../src/platform/PlatformTools.ts:262:17)

    console.log
      query: INSERT INTO "attendance"("student_id", "course_id", "date", "status", "notes", "recorded_by", "created_at") VALUES ($1, $2, $3, $4, $5, $6, DEFAULT) RETURNING "id", "created_at" -- PARAMETERS: [167,462,"2024-01-20","present",null,2015]

      at Function.logInfo (../src/platform/PlatformTools.ts:262:17)

    console.log
      query: COMMIT

      at Function.logInfo (../src/platform/PlatformTools.ts:262:17)

    console.log
      query: SELECT "Student"."id" AS "Student_id", "Student"."user_id" AS "Student_user_id", "Student"."student_id" AS "Student_student_id", "Student"."date_of_birth" AS "Student_date_of_birth", "Student"."gender" AS "Student_gender", "Student"."address" AS "Student_address", "Student"."phone" AS "Student_phone", "Student"."emergency_contact" AS "Student_emergency_contact", "Student"."enrollment_date" AS "Student_enrollment_date", "Student"."department_id" AS "Student_department_id", "Student"."semester" AS "Student_semester", "Student"."created_at" AS "Student_created_at", "Student"."updated_at" AS "Student_updated_at", "Student"."deleted_at" AS "Student_deleted_at" FROM "students" "Student" WHERE ( (("Student"."id" = $1)) ) AND ( "Student"."deleted_at" IS NULL ) LIMIT 1 -- PARAMETERS: [167]

      at Function.logInfo (../src/platform/PlatformTools.ts:262:17)

    console.log
      query: SELECT "Course"."id" AS "Course_id", "Course"."course_code" AS "Course_course_code", "Course"."course_name" AS "Course_course_name", "Course"."description" AS "Course_description", "Course"."credits" AS "Course_credits", "Course"."department_id" AS "Course_department_id", "Course"."semester" AS "Course_semester", "Course"."max_students" AS "Course_max_students", "Course"."is_active" AS "Course_is_active", "Course"."created_by" AS "Course_created_by", "Course"."created_at" AS "Course_created_at", "Course"."updated_at" AS "Course_updated_at", "Course"."deleted_at" AS "Course_deleted_at" FROM "courses" "Course" WHERE ( (("Course"."id" = $1)) ) AND ( "Course"."deleted_at" IS NULL ) LIMIT 1 -- PARAMETERS: [462]

      at Function.logInfo (../src/platform/PlatformTools.ts:262:17)

    console.log
      query: SELECT "Attendance"."id" AS "Attendance_id", "Attendance"."student_id" AS "Attendance_student_id", "Attendance"."course_id" AS "Attendance_course_id", "Attendance"."date" AS "Attendance_date", "Attendance"."status" AS "Attendance_status", "Attendance"."notes" AS "Attendance_notes", "Attendance"."recorded_by" AS "Attendance_recorded_by", "Attendance"."created_at" AS "Attendance_created_at" FROM "attendance" "Attendance" WHERE (("Attendance"."student_id" = $1) AND ("Attendance"."course_id" = $2) AND ("Attendance"."date" = $3)) LIMIT 1 -- PARAMETERS: [167,462,"2024-01-21"]

      at Function.logInfo (../src/platform/PlatformTools.ts:262:17)

    console.log
      query: START TRANSACTION

      at Function.logInfo (../src/platform/PlatformTools.ts:262:17)

    console.log
      query: INSERT INTO "attendance"("student_id", "course_id", "date", "status", "notes", "recorded_by", "created_at") VALUES ($1, $2, $3, $4, $5, $6, DEFAULT) RETURNING "id", "created_at" -- PARAMETERS: [167,462,"2024-01-21","absent",null,2016]

      at Function.logInfo (../src/platform/PlatformTools.ts:262:17)

    console.log
      query: COMMIT

      at Function.logInfo (../src/platform/PlatformTools.ts:262:17)

    console.log
      query: SELECT DISTINCT "distinctAlias"."Attendance_id" AS "ids_Attendance_id", "distinctAlias"."Attendance_date", "distinctAlias"."Attendance_id" FROM (SELECT "Attendance"."id" AS "Attendance_id", "Attendance"."student_id" AS "Attendance_student_id", "Attendance"."course_id" AS "Attendance_course_id", "Attendance"."date" AS "Attendance_date", "Attendance"."status" AS "Attendance_status", "Attendance"."notes" AS "Attendance_notes", "Attendance"."recorded_by" AS "Attendance_recorded_by", "Attendance"."created_at" AS "Attendance_created_at", "Attendance__Attendance_student"."id" AS "Attendance__Attendance_student_id", "Attendance__Attendance_student"."user_id" AS "Attendance__Attendance_student_user_id", "Attendance__Attendance_student"."student_id" AS "Attendance__Attendance_student_student_id", "Attendance__Attendance_student"."date_of_birth" AS "Attendance__Attendance_student_date_of_birth", "Attendance__Attendance_student"."gender" AS "Attendance__Attendance_student_gender", "Attendance__Attendance_student"."address" AS "Attendance__Attendance_student_address", "Attendance__Attendance_student"."phone" AS "Attendance__Attendance_student_phone", "Attendance__Attendance_student"."emergency_contact" AS "Attendance__Attendance_student_emergency_contact", "Attendance__Attendance_student"."enrollment_date" AS "Attendance__Attendance_student_enrollment_date", "Attendance__Attendance_student"."department_id" AS "Attendance__Attendance_student_department_id", "Attendance__Attendance_student"."semester" AS "Attendance__Attendance_student_semester", "Attendance__Attendance_student"."created_at" AS "Attendance__Attendance_student_created_at", "Attendance__Attendance_student"."updated_at" AS "Attendance__Attendance_student_updated_at", "Attendance__Attendance_student"."deleted_at" AS "Attendance__Attendance_student_deleted_at", "44339257e728f44737caa9d0ad3250937e9d0a2e"."id" AS "44339257e728f44737caa9d0ad3250937e9d0a2e_id", "44339257e728f44737caa9d0ad3250937e9d0a2e"."email" AS "44339257e728f44737caa9d0ad3250937e9d0a2e_email", "44339257e728f44737caa9d0ad3250937e9d0a2e"."username" AS "44339257e728f44737caa9d0ad3250937e9d0a2e_username", "44339257e728f44737caa9d0ad3250937e9d0a2e"."password_hash" AS "44339257e728f44737caa9d0ad3250937e9d0a2e_password_hash", "44339257e728f44737caa9d0ad3250937e9d0a2e"."role" AS "44339257e728f44737caa9d0ad3250937e9d0a2e_role", "44339257e728f44737caa9d0ad3250937e9d0a2e"."first_name" AS "44339257e728f44737caa9d0ad3250937e9d0a2e_first_name", "44339257e728f44737caa9d0ad3250937e9d0a2e"."last_name" AS "44339257e728f44737caa9d0ad3250937e9d0a2e_last_name", "44339257e728f44737caa9d0ad3250937e9d0a2e"."is_active" AS "44339257e728f44737caa9d0ad3250937e9d0a2e_is_active", "44339257e728f44737caa9d0ad3250937e9d0a2e"."refresh_token" AS "44339257e728f44737caa9d0ad3250937e9d0a2e_refresh_token", "44339257e728f44737caa9d0ad3250937e9d0a2e"."email_verified" AS "44339257e728f44737caa9d0ad3250937e9d0a2e_email_verified", "44339257e728f44737caa9d0ad3250937e9d0a2e"."email_verification_token" AS "42a594b16c00879878073a24bfed7fcf452b786e", "44339257e728f44737caa9d0ad3250937e9d0a2e"."password_reset_token" AS "44339257e728f44737caa9d0ad3250937e9d0a2e_password_reset_token", "44339257e728f44737caa9d0ad3250937e9d0a2e"."password_reset_expires" AS "44339257e728f44737caa9d0ad3250937e9d0a2e_password_reset_expires", "44339257e728f44737caa9d0ad3250937e9d0a2e"."failed_login_attempts" AS "44339257e728f44737caa9d0ad3250937e9d0a2e_failed_login_attempts", "44339257e728f44737caa9d0ad3250937e9d0a2e"."locked_until" AS "44339257e728f44737caa9d0ad3250937e9d0a2e_locked_until", "44339257e728f44737caa9d0ad3250937e9d0a2e"."last_failed_login" AS "44339257e728f44737caa9d0ad3250937e9d0a2e_last_failed_login", "44339257e728f44737caa9d0ad3250937e9d0a2e"."created_at" AS "44339257e728f44737caa9d0ad3250937e9d0a2e_created_at", "44339257e728f44737caa9d0ad3250937e9d0a2e"."updated_at" AS "44339257e728f44737caa9d0ad3250937e9d0a2e_updated_at", "44339257e728f44737caa9d0ad3250937e9d0a2e"."deleted_at" AS "44339257e728f44737caa9d0ad3250937e9d0a2e_deleted_at", "Attendance__Attendance_course"."id" AS "Attendance__Attendance_course_id", "Attendance__Attendance_course"."course_code" AS "Attendance__Attendance_course_course_code", "Attendance__Attendance_course"."course_name" AS "Attendance__Attendance_course_course_name", "Attendance__Attendance_course"."description" AS "Attendance__Attendance_course_description", "Attendance__Attendance_course"."credits" AS "Attendance__Attendance_course_credits", "Attendance__Attendance_course"."department_id" AS "Attendance__Attendance_course_department_id", "Attendance__Attendance_course"."semester" AS "Attendance__Attendance_course_semester", "Attendance__Attendance_course"."max_students" AS "Attendance__Attendance_course_max_students", "Attendance__Attendance_course"."is_active" AS "Attendance__Attendance_course_is_active", "Attendance__Attendance_course"."created_by" AS "Attendance__Attendance_course_created_by", "Attendance__Attendance_course"."created_at" AS "Attendance__Attendance_course_created_at", "Attendance__Attendance_course"."updated_at" AS "Attendance__Attendance_course_updated_at", "Attendance__Attendance_course"."deleted_at" AS "Attendance__Attendance_course_deleted_at", "Attendance__Attendance_recordedByUser"."id" AS "Attendance__Attendance_recordedByUser_id", "Attendance__Attendance_recordedByUser"."email" AS "Attendance__Attendance_recordedByUser_email", "Attendance__Attendance_recordedByUser"."username" AS "Attendance__Attendance_recordedByUser_username", "Attendance__Attendance_recordedByUser"."password_hash" AS "Attendance__Attendance_recordedByUser_password_hash", "Attendance__Attendance_recordedByUser"."role" AS "Attendance__Attendance_recordedByUser_role", "Attendance__Attendance_recordedByUser"."first_name" AS "Attendance__Attendance_recordedByUser_first_name", "Attendance__Attendance_recordedByUser"."last_name" AS "Attendance__Attendance_recordedByUser_last_name", "Attendance__Attendance_recordedByUser"."is_active" AS "Attendance__Attendance_recordedByUser_is_active", "Attendance__Attendance_recordedByUser"."refresh_token" AS "Attendance__Attendance_recordedByUser_refresh_token", "Attendance__Attendance_recordedByUser"."email_verified" AS "Attendance__Attendance_recordedByUser_email_verified", "Attendance__Attendance_recordedByUser"."email_verification_token" AS "Attendance__Attendance_recordedByUser_email_verification_token", "Attendance__Attendance_recordedByUser"."password_reset_token" AS "Attendance__Attendance_recordedByUser_password_reset_token", "Attendance__Attendance_recordedByUser"."password_reset_expires" AS "Attendance__Attendance_recordedByUser_password_reset_expires", "Attendance__Attendance_recordedByUser"."failed_login_attempts" AS "Attendance__Attendance_recordedByUser_failed_login_attempts", "Attendance__Attendance_recordedByUser"."locked_until" AS "Attendance__Attendance_recordedByUser_locked_until", "Attendance__Attendance_recordedByUser"."last_failed_login" AS "Attendance__Attendance_recordedByUser_last_failed_login", "Attendance__Attendance_recordedByUser"."created_at" AS "Attendance__Attendance_recordedByUser_created_at", "Attendance__Attendance_recordedByUser"."updated_at" AS "Attendance__Attendance_recordedByUser_updated_at", "Attendance__Attendance_recordedByUser"."deleted_at" AS "Attendance__Attendance_recordedByUser_deleted_at" FROM "attendance" "Attendance" LEFT JOIN "students" "Attendance__Attendance_student" ON "Attendance__Attendance_student"."id"="Attendance"."student_id" AND ("Attendance__Attendance_student"."deleted_at" IS NULL)  LEFT JOIN "users" "44339257e728f44737caa9d0ad3250937e9d0a2e" ON "44339257e728f44737caa9d0ad3250937e9d0a2e"."id"="Attendance__Attendance_student"."user_id" AND ("44339257e728f44737caa9d0ad3250937e9d0a2e"."deleted_at" IS NULL)  LEFT JOIN "courses" "Attendance__Attendance_course" ON "Attendance__Attendance_course"."id"="Attendance"."course_id" AND ("Attendance__Attendance_course"."deleted_at" IS NULL)  LEFT JOIN "users" "Attendance__Attendance_recordedByUser" ON "Attendance__Attendance_recordedByUser"."id"="Attendance"."recorded_by" AND ("Attendance__Attendance_recordedByUser"."deleted_at" IS NULL)) "distinctAlias" ORDER BY "distinctAlias"."Attendance_date" DESC, "distinctAlias"."Attendance_id" DESC, "Attendance_id" ASC LIMIT 10 OFFSET 0

      at Function.logInfo (../src/platform/PlatformTools.ts:262:17)

    console.log
      query: SELECT "Attendance"."id" AS "Attendance_id", "Attendance"."student_id" AS "Attendance_student_id", "Attendance"."course_id" AS "Attendance_course_id", "Attendance"."date" AS "Attendance_date", "Attendance"."status" AS "Attendance_status", "Attendance"."notes" AS "Attendance_notes", "Attendance"."recorded_by" AS "Attendance_recorded_by", "Attendance"."created_at" AS "Attendance_created_at", "Attendance__Attendance_student"."id" AS "Attendance__Attendance_student_id", "Attendance__Attendance_student"."user_id" AS "Attendance__Attendance_student_user_id", "Attendance__Attendance_student"."student_id" AS "Attendance__Attendance_student_student_id", "Attendance__Attendance_student"."date_of_birth" AS "Attendance__Attendance_student_date_of_birth", "Attendance__Attendance_student"."gender" AS "Attendance__Attendance_student_gender", "Attendance__Attendance_student"."address" AS "Attendance__Attendance_student_address", "Attendance__Attendance_student"."phone" AS "Attendance__Attendance_student_phone", "Attendance__Attendance_student"."emergency_contact" AS "Attendance__Attendance_student_emergency_contact", "Attendance__Attendance_student"."enrollment_date" AS "Attendance__Attendance_student_enrollment_date", "Attendance__Attendance_student"."department_id" AS "Attendance__Attendance_student_department_id", "Attendance__Attendance_student"."semester" AS "Attendance__Attendance_student_semester", "Attendance__Attendance_student"."created_at" AS "Attendance__Attendance_student_created_at", "Attendance__Attendance_student"."updated_at" AS "Attendance__Attendance_student_updated_at", "Attendance__Attendance_student"."deleted_at" AS "Attendance__Attendance_student_deleted_at", "44339257e728f44737caa9d0ad3250937e9d0a2e"."id" AS "44339257e728f44737caa9d0ad3250937e9d0a2e_id", "44339257e728f44737caa9d0ad3250937e9d0a2e"."email" AS "44339257e728f44737caa9d0ad3250937e9d0a2e_email", "44339257e728f44737caa9d0ad3250937e9d0a2e"."username" AS "44339257e728f44737caa9d0ad3250937e9d0a2e_username", "44339257e728f44737caa9d0ad3250937e9d0a2e"."password_hash" AS "44339257e728f44737caa9d0ad3250937e9d0a2e_password_hash", "44339257e728f44737caa9d0ad3250937e9d0a2e"."role" AS "44339257e728f44737caa9d0ad3250937e9d0a2e_role", "44339257e728f44737caa9d0ad3250937e9d0a2e"."first_name" AS "44339257e728f44737caa9d0ad3250937e9d0a2e_first_name", "44339257e728f44737caa9d0ad3250937e9d0a2e"."last_name" AS "44339257e728f44737caa9d0ad3250937e9d0a2e_last_name", "44339257e728f44737caa9d0ad3250937e9d0a2e"."is_active" AS "44339257e728f44737caa9d0ad3250937e9d0a2e_is_active", "44339257e728f44737caa9d0ad3250937e9d0a2e"."refresh_token" AS "44339257e728f44737caa9d0ad3250937e9d0a2e_refresh_token", "44339257e728f44737caa9d0ad3250937e9d0a2e"."email_verified" AS "44339257e728f44737caa9d0ad3250937e9d0a2e_email_verified", "44339257e728f44737caa9d0ad3250937e9d0a2e"."email_verification_token" AS "42a594b16c00879878073a24bfed7fcf452b786e", "44339257e728f44737caa9d0ad3250937e9d0a2e"."password_reset_token" AS "44339257e728f44737caa9d0ad3250937e9d0a2e_password_reset_token", "44339257e728f44737caa9d0ad3250937e9d0a2e"."password_reset_expires" AS "44339257e728f44737caa9d0ad3250937e9d0a2e_password_reset_expires", "44339257e728f44737caa9d0ad3250937e9d0a2e"."failed_login_attempts" AS "44339257e728f44737caa9d0ad3250937e9d0a2e_failed_login_attempts", "44339257e728f44737caa9d0ad3250937e9d0a2e"."locked_until" AS "44339257e728f44737caa9d0ad3250937e9d0a2e_locked_until", "44339257e728f44737caa9d0ad3250937e9d0a2e"."last_failed_login" AS "44339257e728f44737caa9d0ad3250937e9d0a2e_last_failed_login", "44339257e728f44737caa9d0ad3250937e9d0a2e"."created_at" AS "44339257e728f44737caa9d0ad3250937e9d0a2e_created_at", "44339257e728f44737caa9d0ad3250937e9d0a2e"."updated_at" AS "44339257e728f44737caa9d0ad3250937e9d0a2e_updated_at", "44339257e728f44737caa9d0ad3250937e9d0a2e"."deleted_at" AS "44339257e728f44737caa9d0ad3250937e9d0a2e_deleted_at", "Attendance__Attendance_course"."id" AS "Attendance__Attendance_course_id", "Attendance__Attendance_course"."course_code" AS "Attendance__Attendance_course_course_code", "Attendance__Attendance_course"."course_name" AS "Attendance__Attendance_course_course_name", "Attendance__Attendance_course"."description" AS "Attendance__Attendance_course_description", "Attendance__Attendance_course"."credits" AS "Attendance__Attendance_course_credits", "Attendance__Attendance_course"."department_id" AS "Attendance__Attendance_course_department_id", "Attendance__Attendance_course"."semester" AS "Attendance__Attendance_course_semester", "Attendance__Attendance_course"."max_students" AS "Attendance__Attendance_course_max_students", "Attendance__Attendance_course"."is_active" AS "Attendance__Attendance_course_is_active", "Attendance__Attendance_course"."created_by" AS "Attendance__Attendance_course_created_by", "Attendance__Attendance_course"."created_at" AS "Attendance__Attendance_course_created_at", "Attendance__Attendance_course"."updated_at" AS "Attendance__Attendance_course_updated_at", "Attendance__Attendance_course"."deleted_at" AS "Attendance__Attendance_course_deleted_at", "Attendance__Attendance_recordedByUser"."id" AS "Attendance__Attendance_recordedByUser_id", "Attendance__Attendance_recordedByUser"."email" AS "Attendance__Attendance_recordedByUser_email", "Attendance__Attendance_recordedByUser"."username" AS "Attendance__Attendance_recordedByUser_username", "Attendance__Attendance_recordedByUser"."password_hash" AS "Attendance__Attendance_recordedByUser_password_hash", "Attendance__Attendance_recordedByUser"."role" AS "Attendance__Attendance_recordedByUser_role", "Attendance__Attendance_recordedByUser"."first_name" AS "Attendance__Attendance_recordedByUser_first_name", "Attendance__Attendance_recordedByUser"."last_name" AS "Attendance__Attendance_recordedByUser_last_name", "Attendance__Attendance_recordedByUser"."is_active" AS "Attendance__Attendance_recordedByUser_is_active", "Attendance__Attendance_recordedByUser"."refresh_token" AS "Attendance__Attendance_recordedByUser_refresh_token", "Attendance__Attendance_recordedByUser"."email_verified" AS "Attendance__Attendance_recordedByUser_email_verified", "Attendance__Attendance_recordedByUser"."email_verification_token" AS "Attendance__Attendance_recordedByUser_email_verification_token", "Attendance__Attendance_recordedByUser"."password_reset_token" AS "Attendance__Attendance_recordedByUser_password_reset_token", "Attendance__Attendance_recordedByUser"."password_reset_expires" AS "Attendance__Attendance_recordedByUser_password_reset_expires", "Attendance__Attendance_recordedByUser"."failed_login_attempts" AS "Attendance__Attendance_recordedByUser_failed_login_attempts", "Attendance__Attendance_recordedByUser"."locked_until" AS "Attendance__Attendance_recordedByUser_locked_until", "Attendance__Attendance_recordedByUser"."last_failed_login" AS "Attendance__Attendance_recordedByUser_last_failed_login", "Attendance__Attendance_recordedByUser"."created_at" AS "Attendance__Attendance_recordedByUser_created_at", "Attendance__Attendance_recordedByUser"."updated_at" AS "Attendance__Attendance_recordedByUser_updated_at", "Attendance__Attendance_recordedByUser"."deleted_at" AS "Attendance__Attendance_recordedByUser_deleted_at" FROM "attendance" "Attendance" LEFT JOIN "students" "Attendance__Attendance_student" ON "Attendance__Attendance_student"."id"="Attendance"."student_id" AND ("Attendance__Attendance_student"."deleted_at" IS NULL)  LEFT JOIN "users" "44339257e728f44737caa9d0ad3250937e9d0a2e" ON "44339257e728f44737caa9d0ad3250937e9d0a2e"."id"="Attendance__Attendance_student"."user_id" AND ("44339257e728f44737caa9d0ad3250937e9d0a2e"."deleted_at" IS NULL)  LEFT JOIN "courses" "Attendance__Attendance_course" ON "Attendance__Attendance_course"."id"="Attendance"."course_id" AND ("Attendance__Attendance_course"."deleted_at" IS NULL)  LEFT JOIN "users" "Attendance__Attendance_recordedByUser" ON "Attendance__Attendance_recordedByUser"."id"="Attendance"."recorded_by" AND ("Attendance__Attendance_recordedByUser"."deleted_at" IS NULL) WHERE "Attendance"."id" IN (73, 72) ORDER BY "Attendance"."date" DESC, "Attendance"."id" DESC

      at Function.logInfo (../src/platform/PlatformTools.ts:262:17)

    console.log
      query: SELECT DISTINCT "distinctAlias"."Attendance_id" AS "ids_Attendance_id", "distinctAlias"."Attendance_date", "distinctAlias"."Attendance_id" FROM (SELECT "Attendance"."id" AS "Attendance_id", "Attendance"."student_id" AS "Attendance_student_id", "Attendance"."course_id" AS "Attendance_course_id", "Attendance"."date" AS "Attendance_date", "Attendance"."status" AS "Attendance_status", "Attendance"."notes" AS "Attendance_notes", "Attendance"."recorded_by" AS "Attendance_recorded_by", "Attendance"."created_at" AS "Attendance_created_at", "Attendance__Attendance_student"."id" AS "Attendance__Attendance_student_id", "Attendance__Attendance_student"."user_id" AS "Attendance__Attendance_student_user_id", "Attendance__Attendance_student"."student_id" AS "Attendance__Attendance_student_student_id", "Attendance__Attendance_student"."date_of_birth" AS "Attendance__Attendance_student_date_of_birth", "Attendance__Attendance_student"."gender" AS "Attendance__Attendance_student_gender", "Attendance__Attendance_student"."address" AS "Attendance__Attendance_student_address", "Attendance__Attendance_student"."phone" AS "Attendance__Attendance_student_phone", "Attendance__Attendance_student"."emergency_contact" AS "Attendance__Attendance_student_emergency_contact", "Attendance__Attendance_student"."enrollment_date" AS "Attendance__Attendance_student_enrollment_date", "Attendance__Attendance_student"."department_id" AS "Attendance__Attendance_student_department_id", "Attendance__Attendance_student"."semester" AS "Attendance__Attendance_student_semester", "Attendance__Attendance_student"."created_at" AS "Attendance__Attendance_student_created_at", "Attendance__Attendance_student"."updated_at" AS "Attendance__Attendance_student_updated_at", "Attendance__Attendance_student"."deleted_at" AS "Attendance__Attendance_student_deleted_at", "44339257e728f44737caa9d0ad3250937e9d0a2e"."id" AS "44339257e728f44737caa9d0ad3250937e9d0a2e_id", "44339257e728f44737caa9d0ad3250937e9d0a2e"."email" AS "44339257e728f44737caa9d0ad3250937e9d0a2e_email", "44339257e728f44737caa9d0ad3250937e9d0a2e"."username" AS "44339257e728f44737caa9d0ad3250937e9d0a2e_username", "44339257e728f44737caa9d0ad3250937e9d0a2e"."password_hash" AS "44339257e728f44737caa9d0ad3250937e9d0a2e_password_hash", "44339257e728f44737caa9d0ad3250937e9d0a2e"."role" AS "44339257e728f44737caa9d0ad3250937e9d0a2e_role", "44339257e728f44737caa9d0ad3250937e9d0a2e"."first_name" AS "44339257e728f44737caa9d0ad3250937e9d0a2e_first_name", "44339257e728f44737caa9d0ad3250937e9d0a2e"."last_name" AS "44339257e728f44737caa9d0ad3250937e9d0a2e_last_name", "44339257e728f44737caa9d0ad3250937e9d0a2e"."is_active" AS "44339257e728f44737caa9d0ad3250937e9d0a2e_is_active", "44339257e728f44737caa9d0ad3250937e9d0a2e"."refresh_token" AS "44339257e728f44737caa9d0ad3250937e9d0a2e_refresh_token", "44339257e728f44737caa9d0ad3250937e9d0a2e"."email_verified" AS "44339257e728f44737caa9d0ad3250937e9d0a2e_email_verified", "44339257e728f44737caa9d0ad3250937e9d0a2e"."email_verification_token" AS "42a594b16c00879878073a24bfed7fcf452b786e", "44339257e728f44737caa9d0ad3250937e9d0a2e"."password_reset_token" AS "44339257e728f44737caa9d0ad3250937e9d0a2e_password_reset_token", "44339257e728f44737caa9d0ad3250937e9d0a2e"."password_reset_expires" AS "44339257e728f44737caa9d0ad3250937e9d0a2e_password_reset_expires", "44339257e728f44737caa9d0ad3250937e9d0a2e"."failed_login_attempts" AS "44339257e728f44737caa9d0ad3250937e9d0a2e_failed_login_attempts", "44339257e728f44737caa9d0ad3250937e9d0a2e"."locked_until" AS "44339257e728f44737caa9d0ad3250937e9d0a2e_locked_until", "44339257e728f44737caa9d0ad3250937e9d0a2e"."last_failed_login" AS "44339257e728f44737caa9d0ad3250937e9d0a2e_last_failed_login", "44339257e728f44737caa9d0ad3250937e9d0a2e"."created_at" AS "44339257e728f44737caa9d0ad3250937e9d0a2e_created_at", "44339257e728f44737caa9d0ad3250937e9d0a2e"."updated_at" AS "44339257e728f44737caa9d0ad3250937e9d0a2e_updated_at", "44339257e728f44737caa9d0ad3250937e9d0a2e"."deleted_at" AS "44339257e728f44737caa9d0ad3250937e9d0a2e_deleted_at", "Attendance__Attendance_course"."id" AS "Attendance__Attendance_course_id", "Attendance__Attendance_course"."course_code" AS "Attendance__Attendance_course_course_code", "Attendance__Attendance_course"."course_name" AS "Attendance__Attendance_course_course_name", "Attendance__Attendance_course"."description" AS "Attendance__Attendance_course_description", "Attendance__Attendance_course"."credits" AS "Attendance__Attendance_course_credits", "Attendance__Attendance_course"."department_id" AS "Attendance__Attendance_course_department_id", "Attendance__Attendance_course"."semester" AS "Attendance__Attendance_course_semester", "Attendance__Attendance_course"."max_students" AS "Attendance__Attendance_course_max_students", "Attendance__Attendance_course"."is_active" AS "Attendance__Attendance_course_is_active", "Attendance__Attendance_course"."created_by" AS "Attendance__Attendance_course_created_by", "Attendance__Attendance_course"."created_at" AS "Attendance__Attendance_course_created_at", "Attendance__Attendance_course"."updated_at" AS "Attendance__Attendance_course_updated_at", "Attendance__Attendance_course"."deleted_at" AS "Attendance__Attendance_course_deleted_at", "Attendance__Attendance_recordedByUser"."id" AS "Attendance__Attendance_recordedByUser_id", "Attendance__Attendance_recordedByUser"."email" AS "Attendance__Attendance_recordedByUser_email", "Attendance__Attendance_recordedByUser"."username" AS "Attendance__Attendance_recordedByUser_username", "Attendance__Attendance_recordedByUser"."password_hash" AS "Attendance__Attendance_recordedByUser_password_hash", "Attendance__Attendance_recordedByUser"."role" AS "Attendance__Attendance_recordedByUser_role", "Attendance__Attendance_recordedByUser"."first_name" AS "Attendance__Attendance_recordedByUser_first_name", "Attendance__Attendance_recordedByUser"."last_name" AS "Attendance__Attendance_recordedByUser_last_name", "Attendance__Attendance_recordedByUser"."is_active" AS "Attendance__Attendance_recordedByUser_is_active", "Attendance__Attendance_recordedByUser"."refresh_token" AS "Attendance__Attendance_recordedByUser_refresh_token", "Attendance__Attendance_recordedByUser"."email_verified" AS "Attendance__Attendance_recordedByUser_email_verified", "Attendance__Attendance_recordedByUser"."email_verification_token" AS "Attendance__Attendance_recordedByUser_email_verification_token", "Attendance__Attendance_recordedByUser"."password_reset_token" AS "Attendance__Attendance_recordedByUser_password_reset_token", "Attendance__Attendance_recordedByUser"."password_reset_expires" AS "Attendance__Attendance_recordedByUser_password_reset_expires", "Attendance__Attendance_recordedByUser"."failed_login_attempts" AS "Attendance__Attendance_recordedByUser_failed_login_attempts", "Attendance__Attendance_recordedByUser"."locked_until" AS "Attendance__Attendance_recordedByUser_locked_until", "Attendance__Attendance_recordedByUser"."last_failed_login" AS "Attendance__Attendance_recordedByUser_last_failed_login", "Attendance__Attendance_recordedByUser"."created_at" AS "Attendance__Attendance_recordedByUser_created_at", "Attendance__Attendance_recordedByUser"."updated_at" AS "Attendance__Attendance_recordedByUser_updated_at", "Attendance__Attendance_recordedByUser"."deleted_at" AS "Attendance__Attendance_recordedByUser_deleted_at" FROM "attendance" "Attendance" LEFT JOIN "students" "Attendance__Attendance_student" ON "Attendance__Attendance_student"."id"="Attendance"."student_id" AND ("Attendance__Attendance_student"."deleted_at" IS NULL)  LEFT JOIN "users" "44339257e728f44737caa9d0ad3250937e9d0a2e" ON "44339257e728f44737caa9d0ad3250937e9d0a2e"."id"="Attendance__Attendance_student"."user_id" AND ("44339257e728f44737caa9d0ad3250937e9d0a2e"."deleted_at" IS NULL)  LEFT JOIN "courses" "Attendance__Attendance_course" ON "Attendance__Attendance_course"."id"="Attendance"."course_id" AND ("Attendance__Attendance_course"."deleted_at" IS NULL)  LEFT JOIN "users" "Attendance__Attendance_recordedByUser" ON "Attendance__Attendance_recordedByUser"."id"="Attendance"."recorded_by" AND ("Attendance__Attendance_recordedByUser"."deleted_at" IS NULL)) "distinctAlias" ORDER BY "distinctAlias"."Attendance_date" DESC, "distinctAlias"."Attendance_id" DESC, "Attendance_id" ASC LIMIT 10 OFFSET 0

      at Function.logInfo (../src/platform/PlatformTools.ts:262:17)

    console.log
      query: SELECT "Attendance"."id" AS "Attendance_id", "Attendance"."student_id" AS "Attendance_student_id", "Attendance"."course_id" AS "Attendance_course_id", "Attendance"."date" AS "Attendance_date", "Attendance"."status" AS "Attendance_status", "Attendance"."notes" AS "Attendance_notes", "Attendance"."recorded_by" AS "Attendance_recorded_by", "Attendance"."created_at" AS "Attendance_created_at", "Attendance__Attendance_student"."id" AS "Attendance__Attendance_student_id", "Attendance__Attendance_student"."user_id" AS "Attendance__Attendance_student_user_id", "Attendance__Attendance_student"."student_id" AS "Attendance__Attendance_student_student_id", "Attendance__Attendance_student"."date_of_birth" AS "Attendance__Attendance_student_date_of_birth", "Attendance__Attendance_student"."gender" AS "Attendance__Attendance_student_gender", "Attendance__Attendance_student"."address" AS "Attendance__Attendance_student_address", "Attendance__Attendance_student"."phone" AS "Attendance__Attendance_student_phone", "Attendance__Attendance_student"."emergency_contact" AS "Attendance__Attendance_student_emergency_contact", "Attendance__Attendance_student"."enrollment_date" AS "Attendance__Attendance_student_enrollment_date", "Attendance__Attendance_student"."department_id" AS "Attendance__Attendance_student_department_id", "Attendance__Attendance_student"."semester" AS "Attendance__Attendance_student_semester", "Attendance__Attendance_student"."created_at" AS "Attendance__Attendance_student_created_at", "Attendance__Attendance_student"."updated_at" AS "Attendance__Attendance_student_updated_at", "Attendance__Attendance_student"."deleted_at" AS "Attendance__Attendance_student_deleted_at", "44339257e728f44737caa9d0ad3250937e9d0a2e"."id" AS "44339257e728f44737caa9d0ad3250937e9d0a2e_id", "44339257e728f44737caa9d0ad3250937e9d0a2e"."email" AS "44339257e728f44737caa9d0ad3250937e9d0a2e_email", "44339257e728f44737caa9d0ad3250937e9d0a2e"."username" AS "44339257e728f44737caa9d0ad3250937e9d0a2e_username", "44339257e728f44737caa9d0ad3250937e9d0a2e"."password_hash" AS "44339257e728f44737caa9d0ad3250937e9d0a2e_password_hash", "44339257e728f44737caa9d0ad3250937e9d0a2e"."role" AS "44339257e728f44737caa9d0ad3250937e9d0a2e_role", "44339257e728f44737caa9d0ad3250937e9d0a2e"."first_name" AS "44339257e728f44737caa9d0ad3250937e9d0a2e_first_name", "44339257e728f44737caa9d0ad3250937e9d0a2e"."last_name" AS "44339257e728f44737caa9d0ad3250937e9d0a2e_last_name", "44339257e728f44737caa9d0ad3250937e9d0a2e"."is_active" AS "44339257e728f44737caa9d0ad3250937e9d0a2e_is_active", "44339257e728f44737caa9d0ad3250937e9d0a2e"."refresh_token" AS "44339257e728f44737caa9d0ad3250937e9d0a2e_refresh_token", "44339257e728f44737caa9d0ad3250937e9d0a2e"."email_verified" AS "44339257e728f44737caa9d0ad3250937e9d0a2e_email_verified", "44339257e728f44737caa9d0ad3250937e9d0a2e"."email_verification_token" AS "42a594b16c00879878073a24bfed7fcf452b786e", "44339257e728f44737caa9d0ad3250937e9d0a2e"."password_reset_token" AS "44339257e728f44737caa9d0ad3250937e9d0a2e_password_reset_token", "44339257e728f44737caa9d0ad3250937e9d0a2e"."password_reset_expires" AS "44339257e728f44737caa9d0ad3250937e9d0a2e_password_reset_expires", "44339257e728f44737caa9d0ad3250937e9d0a2e"."failed_login_attempts" AS "44339257e728f44737caa9d0ad3250937e9d0a2e_failed_login_attempts", "44339257e728f44737caa9d0ad3250937e9d0a2e"."locked_until" AS "44339257e728f44737caa9d0ad3250937e9d0a2e_locked_until", "44339257e728f44737caa9d0ad3250937e9d0a2e"."last_failed_login" AS "44339257e728f44737caa9d0ad3250937e9d0a2e_last_failed_login", "44339257e728f44737caa9d0ad3250937e9d0a2e"."created_at" AS "44339257e728f44737caa9d0ad3250937e9d0a2e_created_at", "44339257e728f44737caa9d0ad3250937e9d0a2e"."updated_at" AS "44339257e728f44737caa9d0ad3250937e9d0a2e_updated_at", "44339257e728f44737caa9d0ad3250937e9d0a2e"."deleted_at" AS "44339257e728f44737caa9d0ad3250937e9d0a2e_deleted_at", "Attendance__Attendance_course"."id" AS "Attendance__Attendance_course_id", "Attendance__Attendance_course"."course_code" AS "Attendance__Attendance_course_course_code", "Attendance__Attendance_course"."course_name" AS "Attendance__Attendance_course_course_name", "Attendance__Attendance_course"."description" AS "Attendance__Attendance_course_description", "Attendance__Attendance_course"."credits" AS "Attendance__Attendance_course_credits", "Attendance__Attendance_course"."department_id" AS "Attendance__Attendance_course_department_id", "Attendance__Attendance_course"."semester" AS "Attendance__Attendance_course_semester", "Attendance__Attendance_course"."max_students" AS "Attendance__Attendance_course_max_students", "Attendance__Attendance_course"."is_active" AS "Attendance__Attendance_course_is_active", "Attendance__Attendance_course"."created_by" AS "Attendance__Attendance_course_created_by", "Attendance__Attendance_course"."created_at" AS "Attendance__Attendance_course_created_at", "Attendance__Attendance_course"."updated_at" AS "Attendance__Attendance_course_updated_at", "Attendance__Attendance_course"."deleted_at" AS "Attendance__Attendance_course_deleted_at", "Attendance__Attendance_recordedByUser"."id" AS "Attendance__Attendance_recordedByUser_id", "Attendance__Attendance_recordedByUser"."email" AS "Attendance__Attendance_recordedByUser_email", "Attendance__Attendance_recordedByUser"."username" AS "Attendance__Attendance_recordedByUser_username", "Attendance__Attendance_recordedByUser"."password_hash" AS "Attendance__Attendance_recordedByUser_password_hash", "Attendance__Attendance_recordedByUser"."role" AS "Attendance__Attendance_recordedByUser_role", "Attendance__Attendance_recordedByUser"."first_name" AS "Attendance__Attendance_recordedByUser_first_name", "Attendance__Attendance_recordedByUser"."last_name" AS "Attendance__Attendance_recordedByUser_last_name", "Attendance__Attendance_recordedByUser"."is_active" AS "Attendance__Attendance_recordedByUser_is_active", "Attendance__Attendance_recordedByUser"."refresh_token" AS "Attendance__Attendance_recordedByUser_refresh_token", "Attendance__Attendance_recordedByUser"."email_verified" AS "Attendance__Attendance_recordedByUser_email_verified", "Attendance__Attendance_recordedByUser"."email_verification_token" AS "Attendance__Attendance_recordedByUser_email_verification_token", "Attendance__Attendance_recordedByUser"."password_reset_token" AS "Attendance__Attendance_recordedByUser_password_reset_token", "Attendance__Attendance_recordedByUser"."password_reset_expires" AS "Attendance__Attendance_recordedByUser_password_reset_expires", "Attendance__Attendance_recordedByUser"."failed_login_attempts" AS "Attendance__Attendance_recordedByUser_failed_login_attempts", "Attendance__Attendance_recordedByUser"."locked_until" AS "Attendance__Attendance_recordedByUser_locked_until", "Attendance__Attendance_recordedByUser"."last_failed_login" AS "Attendance__Attendance_recordedByUser_last_failed_login", "Attendance__Attendance_recordedByUser"."created_at" AS "Attendance__Attendance_recordedByUser_created_at", "Attendance__Attendance_recordedByUser"."updated_at" AS "Attendance__Attendance_recordedByUser_updated_at", "Attendance__Attendance_recordedByUser"."deleted_at" AS "Attendance__Attendance_recordedByUser_deleted_at" FROM "attendance" "Attendance" LEFT JOIN "students" "Attendance__Attendance_student" ON "Attendance__Attendance_student"."id"="Attendance"."student_id" AND ("Attendance__Attendance_student"."deleted_at" IS NULL)  LEFT JOIN "users" "44339257e728f44737caa9d0ad3250937e9d0a2e" ON "44339257e728f44737caa9d0ad3250937e9d0a2e"."id"="Attendance__Attendance_student"."user_id" AND ("44339257e728f44737caa9d0ad3250937e9d0a2e"."deleted_at" IS NULL)  LEFT JOIN "courses" "Attendance__Attendance_course" ON "Attendance__Attendance_course"."id"="Attendance"."course_id" AND ("Attendance__Attendance_course"."deleted_at" IS NULL)  LEFT JOIN "users" "Attendance__Attendance_recordedByUser" ON "Attendance__Attendance_recordedByUser"."id"="Attendance"."recorded_by" AND ("Attendance__Attendance_recordedByUser"."deleted_at" IS NULL) WHERE "Attendance"."id" IN (73, 72) ORDER BY "Attendance"."date" DESC, "Attendance"."id" DESC

      at Function.logInfo (../src/platform/PlatformTools.ts:262:17)

    console.log
      query: SELECT DISTINCT "distinctAlias"."Attendance_id" AS "ids_Attendance_id" FROM (SELECT "Attendance"."id" AS "Attendance_id", "Attendance"."student_id" AS "Attendance_student_id", "Attendance"."course_id" AS "Attendance_course_id", "Attendance"."date" AS "Attendance_date", "Attendance"."status" AS "Attendance_status", "Attendance"."notes" AS "Attendance_notes", "Attendance"."recorded_by" AS "Attendance_recorded_by", "Attendance"."created_at" AS "Attendance_created_at", "Attendance__Attendance_student"."id" AS "Attendance__Attendance_student_id", "Attendance__Attendance_student"."user_id" AS "Attendance__Attendance_student_user_id", "Attendance__Attendance_student"."student_id" AS "Attendance__Attendance_student_student_id", "Attendance__Attendance_student"."date_of_birth" AS "Attendance__Attendance_student_date_of_birth", "Attendance__Attendance_student"."gender" AS "Attendance__Attendance_student_gender", "Attendance__Attendance_student"."address" AS "Attendance__Attendance_student_address", "Attendance__Attendance_student"."phone" AS "Attendance__Attendance_student_phone", "Attendance__Attendance_student"."emergency_contact" AS "Attendance__Attendance_student_emergency_contact", "Attendance__Attendance_student"."enrollment_date" AS "Attendance__Attendance_student_enrollment_date", "Attendance__Attendance_student"."department_id" AS "Attendance__Attendance_student_department_id", "Attendance__Attendance_student"."semester" AS "Attendance__Attendance_student_semester", "Attendance__Attendance_student"."created_at" AS "Attendance__Attendance_student_created_at", "Attendance__Attendance_student"."updated_at" AS "Attendance__Attendance_student_updated_at", "Attendance__Attendance_student"."deleted_at" AS "Attendance__Attendance_student_deleted_at", "44339257e728f44737caa9d0ad3250937e9d0a2e"."id" AS "44339257e728f44737caa9d0ad3250937e9d0a2e_id", "44339257e728f44737caa9d0ad3250937e9d0a2e"."email" AS "44339257e728f44737caa9d0ad3250937e9d0a2e_email", "44339257e728f44737caa9d0ad3250937e9d0a2e"."username" AS "44339257e728f44737caa9d0ad3250937e9d0a2e_username", "44339257e728f44737caa9d0ad3250937e9d0a2e"."password_hash" AS "44339257e728f44737caa9d0ad3250937e9d0a2e_password_hash", "44339257e728f44737caa9d0ad3250937e9d0a2e"."role" AS "44339257e728f44737caa9d0ad3250937e9d0a2e_role", "44339257e728f44737caa9d0ad3250937e9d0a2e"."first_name" AS "44339257e728f44737caa9d0ad3250937e9d0a2e_first_name", "44339257e728f44737caa9d0ad3250937e9d0a2e"."last_name" AS "44339257e728f44737caa9d0ad3250937e9d0a2e_last_name", "44339257e728f44737caa9d0ad3250937e9d0a2e"."is_active" AS "44339257e728f44737caa9d0ad3250937e9d0a2e_is_active", "44339257e728f44737caa9d0ad3250937e9d0a2e"."refresh_token" AS "44339257e728f44737caa9d0ad3250937e9d0a2e_refresh_token", "44339257e728f44737caa9d0ad3250937e9d0a2e"."email_verified" AS "44339257e728f44737caa9d0ad3250937e9d0a2e_email_verified", "44339257e728f44737caa9d0ad3250937e9d0a2e"."email_verification_token" AS "42a594b16c00879878073a24bfed7fcf452b786e", "44339257e728f44737caa9d0ad3250937e9d0a2e"."password_reset_token" AS "44339257e728f44737caa9d0ad3250937e9d0a2e_password_reset_token", "44339257e728f44737caa9d0ad3250937e9d0a2e"."password_reset_expires" AS "44339257e728f44737caa9d0ad3250937e9d0a2e_password_reset_expires", "44339257e728f44737caa9d0ad3250937e9d0a2e"."failed_login_attempts" AS "44339257e728f44737caa9d0ad3250937e9d0a2e_failed_login_attempts", "44339257e728f44737caa9d0ad3250937e9d0a2e"."locked_until" AS "44339257e728f44737caa9d0ad3250937e9d0a2e_locked_until", "44339257e728f44737caa9d0ad3250937e9d0a2e"."last_failed_login" AS "44339257e728f44737caa9d0ad3250937e9d0a2e_last_failed_login", "44339257e728f44737caa9d0ad3250937e9d0a2e"."created_at" AS "44339257e728f44737caa9d0ad3250937e9d0a2e_created_at", "44339257e728f44737caa9d0ad3250937e9d0a2e"."updated_at" AS "44339257e728f44737caa9d0ad3250937e9d0a2e_updated_at", "44339257e728f44737caa9d0ad3250937e9d0a2e"."deleted_at" AS "44339257e728f44737caa9d0ad3250937e9d0a2e_deleted_at", "Attendance__Attendance_course"."id" AS "Attendance__Attendance_course_id", "Attendance__Attendance_course"."course_code" AS "Attendance__Attendance_course_course_code", "Attendance__Attendance_course"."course_name" AS "Attendance__Attendance_course_course_name", "Attendance__Attendance_course"."description" AS "Attendance__Attendance_course_description", "Attendance__Attendance_course"."credits" AS "Attendance__Attendance_course_credits", "Attendance__Attendance_course"."department_id" AS "Attendance__Attendance_course_department_id", "Attendance__Attendance_course"."semester" AS "Attendance__Attendance_course_semester", "Attendance__Attendance_course"."max_students" AS "Attendance__Attendance_course_max_students", "Attendance__Attendance_course"."is_active" AS "Attendance__Attendance_course_is_active", "Attendance__Attendance_course"."created_by" AS "Attendance__Attendance_course_created_by", "Attendance__Attendance_course"."created_at" AS "Attendance__Attendance_course_created_at", "Attendance__Attendance_course"."updated_at" AS "Attendance__Attendance_course_updated_at", "Attendance__Attendance_course"."deleted_at" AS "Attendance__Attendance_course_deleted_at", "Attendance__Attendance_recordedByUser"."id" AS "Attendance__Attendance_recordedByUser_id", "Attendance__Attendance_recordedByUser"."email" AS "Attendance__Attendance_recordedByUser_email", "Attendance__Attendance_recordedByUser"."username" AS "Attendance__Attendance_recordedByUser_username", "Attendance__Attendance_recordedByUser"."password_hash" AS "Attendance__Attendance_recordedByUser_password_hash", "Attendance__Attendance_recordedByUser"."role" AS "Attendance__Attendance_recordedByUser_role", "Attendance__Attendance_recordedByUser"."first_name" AS "Attendance__Attendance_recordedByUser_first_name", "Attendance__Attendance_recordedByUser"."last_name" AS "Attendance__Attendance_recordedByUser_last_name", "Attendance__Attendance_recordedByUser"."is_active" AS "Attendance__Attendance_recordedByUser_is_active", "Attendance__Attendance_recordedByUser"."refresh_token" AS "Attendance__Attendance_recordedByUser_refresh_token", "Attendance__Attendance_recordedByUser"."email_verified" AS "Attendance__Attendance_recordedByUser_email_verified", "Attendance__Attendance_recordedByUser"."email_verification_token" AS "Attendance__Attendance_recordedByUser_email_verification_token", "Attendance__Attendance_recordedByUser"."password_reset_token" AS "Attendance__Attendance_recordedByUser_password_reset_token", "Attendance__Attendance_recordedByUser"."password_reset_expires" AS "Attendance__Attendance_recordedByUser_password_reset_expires", "Attendance__Attendance_recordedByUser"."failed_login_attempts" AS "Attendance__Attendance_recordedByUser_failed_login_attempts", "Attendance__Attendance_recordedByUser"."locked_until" AS "Attendance__Attendance_recordedByUser_locked_until", "Attendance__Attendance_recordedByUser"."last_failed_login" AS "Attendance__Attendance_recordedByUser_last_failed_login", "Attendance__Attendance_recordedByUser"."created_at" AS "Attendance__Attendance_recordedByUser_created_at", "Attendance__Attendance_recordedByUser"."updated_at" AS "Attendance__Attendance_recordedByUser_updated_at", "Attendance__Attendance_recordedByUser"."deleted_at" AS "Attendance__Attendance_recordedByUser_deleted_at" FROM "attendance" "Attendance" LEFT JOIN "students" "Attendance__Attendance_student" ON "Attendance__Attendance_student"."id"="Attendance"."student_id" AND ("Attendance__Attendance_student"."deleted_at" IS NULL)  LEFT JOIN "users" "44339257e728f44737caa9d0ad3250937e9d0a2e" ON "44339257e728f44737caa9d0ad3250937e9d0a2e"."id"="Attendance__Attendance_student"."user_id" AND ("44339257e728f44737caa9d0ad3250937e9d0a2e"."deleted_at" IS NULL)  LEFT JOIN "courses" "Attendance__Attendance_course" ON "Attendance__Attendance_course"."id"="Attendance"."course_id" AND ("Attendance__Attendance_course"."deleted_at" IS NULL)  LEFT JOIN "users" "Attendance__Attendance_recordedByUser" ON "Attendance__Attendance_recordedByUser"."id"="Attendance"."recorded_by" AND ("Attendance__Attendance_recordedByUser"."deleted_at" IS NULL) WHERE (("Attendance"."id" = $1))) "distinctAlias" ORDER BY "Attendance_id" ASC LIMIT 1 -- PARAMETERS: [72]

      at Function.logInfo (../src/platform/PlatformTools.ts:262:17)

    console.log
      query: SELECT "Attendance"."id" AS "Attendance_id", "Attendance"."student_id" AS "Attendance_student_id", "Attendance"."course_id" AS "Attendance_course_id", "Attendance"."date" AS "Attendance_date", "Attendance"."status" AS "Attendance_status", "Attendance"."notes" AS "Attendance_notes", "Attendance"."recorded_by" AS "Attendance_recorded_by", "Attendance"."created_at" AS "Attendance_created_at", "Attendance__Attendance_student"."id" AS "Attendance__Attendance_student_id", "Attendance__Attendance_student"."user_id" AS "Attendance__Attendance_student_user_id", "Attendance__Attendance_student"."student_id" AS "Attendance__Attendance_student_student_id", "Attendance__Attendance_student"."date_of_birth" AS "Attendance__Attendance_student_date_of_birth", "Attendance__Attendance_student"."gender" AS "Attendance__Attendance_student_gender", "Attendance__Attendance_student"."address" AS "Attendance__Attendance_student_address", "Attendance__Attendance_student"."phone" AS "Attendance__Attendance_student_phone", "Attendance__Attendance_student"."emergency_contact" AS "Attendance__Attendance_student_emergency_contact", "Attendance__Attendance_student"."enrollment_date" AS "Attendance__Attendance_student_enrollment_date", "Attendance__Attendance_student"."department_id" AS "Attendance__Attendance_student_department_id", "Attendance__Attendance_student"."semester" AS "Attendance__Attendance_student_semester", "Attendance__Attendance_student"."created_at" AS "Attendance__Attendance_student_created_at", "Attendance__Attendance_student"."updated_at" AS "Attendance__Attendance_student_updated_at", "Attendance__Attendance_student"."deleted_at" AS "Attendance__Attendance_student_deleted_at", "44339257e728f44737caa9d0ad3250937e9d0a2e"."id" AS "44339257e728f44737caa9d0ad3250937e9d0a2e_id", "44339257e728f44737caa9d0ad3250937e9d0a2e"."email" AS "44339257e728f44737caa9d0ad3250937e9d0a2e_email", "44339257e728f44737caa9d0ad3250937e9d0a2e"."username" AS "44339257e728f44737caa9d0ad3250937e9d0a2e_username", "44339257e728f44737caa9d0ad3250937e9d0a2e"."password_hash" AS "44339257e728f44737caa9d0ad3250937e9d0a2e_password_hash", "44339257e728f44737caa9d0ad3250937e9d0a2e"."role" AS "44339257e728f44737caa9d0ad3250937e9d0a2e_role", "44339257e728f44737caa9d0ad3250937e9d0a2e"."first_name" AS "44339257e728f44737caa9d0ad3250937e9d0a2e_first_name", "44339257e728f44737caa9d0ad3250937e9d0a2e"."last_name" AS "44339257e728f44737caa9d0ad3250937e9d0a2e_last_name", "44339257e728f44737caa9d0ad3250937e9d0a2e"."is_active" AS "44339257e728f44737caa9d0ad3250937e9d0a2e_is_active", "44339257e728f44737caa9d0ad3250937e9d0a2e"."refresh_token" AS "44339257e728f44737caa9d0ad3250937e9d0a2e_refresh_token", "44339257e728f44737caa9d0ad3250937e9d0a2e"."email_verified" AS "44339257e728f44737caa9d0ad3250937e9d0a2e_email_verified", "44339257e728f44737caa9d0ad3250937e9d0a2e"."email_verification_token" AS "42a594b16c00879878073a24bfed7fcf452b786e", "44339257e728f44737caa9d0ad3250937e9d0a2e"."password_reset_token" AS "44339257e728f44737caa9d0ad3250937e9d0a2e_password_reset_token", "44339257e728f44737caa9d0ad3250937e9d0a2e"."password_reset_expires" AS "44339257e728f44737caa9d0ad3250937e9d0a2e_password_reset_expires", "44339257e728f44737caa9d0ad3250937e9d0a2e"."failed_login_attempts" AS "44339257e728f44737caa9d0ad3250937e9d0a2e_failed_login_attempts", "44339257e728f44737caa9d0ad3250937e9d0a2e"."locked_until" AS "44339257e728f44737caa9d0ad3250937e9d0a2e_locked_until", "44339257e728f44737caa9d0ad3250937e9d0a2e"."last_failed_login" AS "44339257e728f44737caa9d0ad3250937e9d0a2e_last_failed_login", "44339257e728f44737caa9d0ad3250937e9d0a2e"."created_at" AS "44339257e728f44737caa9d0ad3250937e9d0a2e_created_at", "44339257e728f44737caa9d0ad3250937e9d0a2e"."updated_at" AS "44339257e728f44737caa9d0ad3250937e9d0a2e_updated_at", "44339257e728f44737caa9d0ad3250937e9d0a2e"."deleted_at" AS "44339257e728f44737caa9d0ad3250937e9d0a2e_deleted_at", "Attendance__Attendance_course"."id" AS "Attendance__Attendance_course_id", "Attendance__Attendance_course"."course_code" AS "Attendance__Attendance_course_course_code", "Attendance__Attendance_course"."course_name" AS "Attendance__Attendance_course_course_name", "Attendance__Attendance_course"."description" AS "Attendance__Attendance_course_description", "Attendance__Attendance_course"."credits" AS "Attendance__Attendance_course_credits", "Attendance__Attendance_course"."department_id" AS "Attendance__Attendance_course_department_id", "Attendance__Attendance_course"."semester" AS "Attendance__Attendance_course_semester", "Attendance__Attendance_course"."max_students" AS "Attendance__Attendance_course_max_students", "Attendance__Attendance_course"."is_active" AS "Attendance__Attendance_course_is_active", "Attendance__Attendance_course"."created_by" AS "Attendance__Attendance_course_created_by", "Attendance__Attendance_course"."created_at" AS "Attendance__Attendance_course_created_at", "Attendance__Attendance_course"."updated_at" AS "Attendance__Attendance_course_updated_at", "Attendance__Attendance_course"."deleted_at" AS "Attendance__Attendance_course_deleted_at", "Attendance__Attendance_recordedByUser"."id" AS "Attendance__Attendance_recordedByUser_id", "Attendance__Attendance_recordedByUser"."email" AS "Attendance__Attendance_recordedByUser_email", "Attendance__Attendance_recordedByUser"."username" AS "Attendance__Attendance_recordedByUser_username", "Attendance__Attendance_recordedByUser"."password_hash" AS "Attendance__Attendance_recordedByUser_password_hash", "Attendance__Attendance_recordedByUser"."role" AS "Attendance__Attendance_recordedByUser_role", "Attendance__Attendance_recordedByUser"."first_name" AS "Attendance__Attendance_recordedByUser_first_name", "Attendance__Attendance_recordedByUser"."last_name" AS "Attendance__Attendance_recordedByUser_last_name", "Attendance__Attendance_recordedByUser"."is_active" AS "Attendance__Attendance_recordedByUser_is_active", "Attendance__Attendance_recordedByUser"."refresh_token" AS "Attendance__Attendance_recordedByUser_refresh_token", "Attendance__Attendance_recordedByUser"."email_verified" AS "Attendance__Attendance_recordedByUser_email_verified", "Attendance__Attendance_recordedByUser"."email_verification_token" AS "Attendance__Attendance_recordedByUser_email_verification_token", "Attendance__Attendance_recordedByUser"."password_reset_token" AS "Attendance__Attendance_recordedByUser_password_reset_token", "Attendance__Attendance_recordedByUser"."password_reset_expires" AS "Attendance__Attendance_recordedByUser_password_reset_expires", "Attendance__Attendance_recordedByUser"."failed_login_attempts" AS "Attendance__Attendance_recordedByUser_failed_login_attempts", "Attendance__Attendance_recordedByUser"."locked_until" AS "Attendance__Attendance_recordedByUser_locked_until", "Attendance__Attendance_recordedByUser"."last_failed_login" AS "Attendance__Attendance_recordedByUser_last_failed_login", "Attendance__Attendance_recordedByUser"."created_at" AS "Attendance__Attendance_recordedByUser_created_at", "Attendance__Attendance_recordedByUser"."updated_at" AS "Attendance__Attendance_recordedByUser_updated_at", "Attendance__Attendance_recordedByUser"."deleted_at" AS "Attendance__Attendance_recordedByUser_deleted_at" FROM "attendance" "Attendance" LEFT JOIN "students" "Attendance__Attendance_student" ON "Attendance__Attendance_student"."id"="Attendance"."student_id" AND ("Attendance__Attendance_student"."deleted_at" IS NULL)  LEFT JOIN "users" "44339257e728f44737caa9d0ad3250937e9d0a2e" ON "44339257e728f44737caa9d0ad3250937e9d0a2e"."id"="Attendance__Attendance_student"."user_id" AND ("44339257e728f44737caa9d0ad3250937e9d0a2e"."deleted_at" IS NULL)  LEFT JOIN "courses" "Attendance__Attendance_course" ON "Attendance__Attendance_course"."id"="Attendance"."course_id" AND ("Attendance__Attendance_course"."deleted_at" IS NULL)  LEFT JOIN "users" "Attendance__Attendance_recordedByUser" ON "Attendance__Attendance_recordedByUser"."id"="Attendance"."recorded_by" AND ("Attendance__Attendance_recordedByUser"."deleted_at" IS NULL) WHERE ( (("Attendance"."id" = $1)) ) AND ( "Attendance"."id" IN (72) ) -- PARAMETERS: [72]

      at Function.logInfo (../src/platform/PlatformTools.ts:262:17)

    console.log
      query: SELECT DISTINCT "distinctAlias"."Attendance_id" AS "ids_Attendance_id" FROM (SELECT "Attendance"."id" AS "Attendance_id", "Attendance"."student_id" AS "Attendance_student_id", "Attendance"."course_id" AS "Attendance_course_id", "Attendance"."date" AS "Attendance_date", "Attendance"."status" AS "Attendance_status", "Attendance"."notes" AS "Attendance_notes", "Attendance"."recorded_by" AS "Attendance_recorded_by", "Attendance"."created_at" AS "Attendance_created_at", "Attendance__Attendance_student"."id" AS "Attendance__Attendance_student_id", "Attendance__Attendance_student"."user_id" AS "Attendance__Attendance_student_user_id", "Attendance__Attendance_student"."student_id" AS "Attendance__Attendance_student_student_id", "Attendance__Attendance_student"."date_of_birth" AS "Attendance__Attendance_student_date_of_birth", "Attendance__Attendance_student"."gender" AS "Attendance__Attendance_student_gender", "Attendance__Attendance_student"."address" AS "Attendance__Attendance_student_address", "Attendance__Attendance_student"."phone" AS "Attendance__Attendance_student_phone", "Attendance__Attendance_student"."emergency_contact" AS "Attendance__Attendance_student_emergency_contact", "Attendance__Attendance_student"."enrollment_date" AS "Attendance__Attendance_student_enrollment_date", "Attendance__Attendance_student"."department_id" AS "Attendance__Attendance_student_department_id", "Attendance__Attendance_student"."semester" AS "Attendance__Attendance_student_semester", "Attendance__Attendance_student"."created_at" AS "Attendance__Attendance_student_created_at", "Attendance__Attendance_student"."updated_at" AS "Attendance__Attendance_student_updated_at", "Attendance__Attendance_student"."deleted_at" AS "Attendance__Attendance_student_deleted_at", "44339257e728f44737caa9d0ad3250937e9d0a2e"."id" AS "44339257e728f44737caa9d0ad3250937e9d0a2e_id", "44339257e728f44737caa9d0ad3250937e9d0a2e"."email" AS "44339257e728f44737caa9d0ad3250937e9d0a2e_email", "44339257e728f44737caa9d0ad3250937e9d0a2e"."username" AS "44339257e728f44737caa9d0ad3250937e9d0a2e_username", "44339257e728f44737caa9d0ad3250937e9d0a2e"."password_hash" AS "44339257e728f44737caa9d0ad3250937e9d0a2e_password_hash", "44339257e728f44737caa9d0ad3250937e9d0a2e"."role" AS "44339257e728f44737caa9d0ad3250937e9d0a2e_role", "44339257e728f44737caa9d0ad3250937e9d0a2e"."first_name" AS "44339257e728f44737caa9d0ad3250937e9d0a2e_first_name", "44339257e728f44737caa9d0ad3250937e9d0a2e"."last_name" AS "44339257e728f44737caa9d0ad3250937e9d0a2e_last_name", "44339257e728f44737caa9d0ad3250937e9d0a2e"."is_active" AS "44339257e728f44737caa9d0ad3250937e9d0a2e_is_active", "44339257e728f44737caa9d0ad3250937e9d0a2e"."refresh_token" AS "44339257e728f44737caa9d0ad3250937e9d0a2e_refresh_token", "44339257e728f44737caa9d0ad3250937e9d0a2e"."email_verified" AS "44339257e728f44737caa9d0ad3250937e9d0a2e_email_verified", "44339257e728f44737caa9d0ad3250937e9d0a2e"."email_verification_token" AS "42a594b16c00879878073a24bfed7fcf452b786e", "44339257e728f44737caa9d0ad3250937e9d0a2e"."password_reset_token" AS "44339257e728f44737caa9d0ad3250937e9d0a2e_password_reset_token", "44339257e728f44737caa9d0ad3250937e9d0a2e"."password_reset_expires" AS "44339257e728f44737caa9d0ad3250937e9d0a2e_password_reset_expires", "44339257e728f44737caa9d0ad3250937e9d0a2e"."failed_login_attempts" AS "44339257e728f44737caa9d0ad3250937e9d0a2e_failed_login_attempts", "44339257e728f44737caa9d0ad3250937e9d0a2e"."locked_until" AS "44339257e728f44737caa9d0ad3250937e9d0a2e_locked_until", "44339257e728f44737caa9d0ad3250937e9d0a2e"."last_failed_login" AS "44339257e728f44737caa9d0ad3250937e9d0a2e_last_failed_login", "44339257e728f44737caa9d0ad3250937e9d0a2e"."created_at" AS "44339257e728f44737caa9d0ad3250937e9d0a2e_created_at", "44339257e728f44737caa9d0ad3250937e9d0a2e"."updated_at" AS "44339257e728f44737caa9d0ad3250937e9d0a2e_updated_at", "44339257e728f44737caa9d0ad3250937e9d0a2e"."deleted_at" AS "44339257e728f44737caa9d0ad3250937e9d0a2e_deleted_at", "Attendance__Attendance_course"."id" AS "Attendance__Attendance_course_id", "Attendance__Attendance_course"."course_code" AS "Attendance__Attendance_course_course_code", "Attendance__Attendance_course"."course_name" AS "Attendance__Attendance_course_course_name", "Attendance__Attendance_course"."description" AS "Attendance__Attendance_course_description", "Attendance__Attendance_course"."credits" AS "Attendance__Attendance_course_credits", "Attendance__Attendance_course"."department_id" AS "Attendance__Attendance_course_department_id", "Attendance__Attendance_course"."semester" AS "Attendance__Attendance_course_semester", "Attendance__Attendance_course"."max_students" AS "Attendance__Attendance_course_max_students", "Attendance__Attendance_course"."is_active" AS "Attendance__Attendance_course_is_active", "Attendance__Attendance_course"."created_by" AS "Attendance__Attendance_course_created_by", "Attendance__Attendance_course"."created_at" AS "Attendance__Attendance_course_created_at", "Attendance__Attendance_course"."updated_at" AS "Attendance__Attendance_course_updated_at", "Attendance__Attendance_course"."deleted_at" AS "Attendance__Attendance_course_deleted_at", "Attendance__Attendance_recordedByUser"."id" AS "Attendance__Attendance_recordedByUser_id", "Attendance__Attendance_recordedByUser"."email" AS "Attendance__Attendance_recordedByUser_email", "Attendance__Attendance_recordedByUser"."username" AS "Attendance__Attendance_recordedByUser_username", "Attendance__Attendance_recordedByUser"."password_hash" AS "Attendance__Attendance_recordedByUser_password_hash", "Attendance__Attendance_recordedByUser"."role" AS "Attendance__Attendance_recordedByUser_role", "Attendance__Attendance_recordedByUser"."first_name" AS "Attendance__Attendance_recordedByUser_first_name", "Attendance__Attendance_recordedByUser"."last_name" AS "Attendance__Attendance_recordedByUser_last_name", "Attendance__Attendance_recordedByUser"."is_active" AS "Attendance__Attendance_recordedByUser_is_active", "Attendance__Attendance_recordedByUser"."refresh_token" AS "Attendance__Attendance_recordedByUser_refresh_token", "Attendance__Attendance_recordedByUser"."email_verified" AS "Attendance__Attendance_recordedByUser_email_verified", "Attendance__Attendance_recordedByUser"."email_verification_token" AS "Attendance__Attendance_recordedByUser_email_verification_token", "Attendance__Attendance_recordedByUser"."password_reset_token" AS "Attendance__Attendance_recordedByUser_password_reset_token", "Attendance__Attendance_recordedByUser"."password_reset_expires" AS "Attendance__Attendance_recordedByUser_password_reset_expires", "Attendance__Attendance_recordedByUser"."failed_login_attempts" AS "Attendance__Attendance_recordedByUser_failed_login_attempts", "Attendance__Attendance_recordedByUser"."locked_until" AS "Attendance__Attendance_recordedByUser_locked_until", "Attendance__Attendance_recordedByUser"."last_failed_login" AS "Attendance__Attendance_recordedByUser_last_failed_login", "Attendance__Attendance_recordedByUser"."created_at" AS "Attendance__Attendance_recordedByUser_created_at", "Attendance__Attendance_recordedByUser"."updated_at" AS "Attendance__Attendance_recordedByUser_updated_at", "Attendance__Attendance_recordedByUser"."deleted_at" AS "Attendance__Attendance_recordedByUser_deleted_at" FROM "attendance" "Attendance" LEFT JOIN "students" "Attendance__Attendance_student" ON "Attendance__Attendance_student"."id"="Attendance"."student_id" AND ("Attendance__Attendance_student"."deleted_at" IS NULL)  LEFT JOIN "users" "44339257e728f44737caa9d0ad3250937e9d0a2e" ON "44339257e728f44737caa9d0ad3250937e9d0a2e"."id"="Attendance__Attendance_student"."user_id" AND ("44339257e728f44737caa9d0ad3250937e9d0a2e"."deleted_at" IS NULL)  LEFT JOIN "courses" "Attendance__Attendance_course" ON "Attendance__Attendance_course"."id"="Attendance"."course_id" AND ("Attendance__Attendance_course"."deleted_at" IS NULL)  LEFT JOIN "users" "Attendance__Attendance_recordedByUser" ON "Attendance__Attendance_recordedByUser"."id"="Attendance"."recorded_by" AND ("Attendance__Attendance_recordedByUser"."deleted_at" IS NULL) WHERE (("Attendance"."id" = $1))) "distinctAlias" ORDER BY "Attendance_id" ASC LIMIT 1 -- PARAMETERS: [99999]

      at Function.logInfo (../src/platform/PlatformTools.ts:262:17)

    console.log
      query: SELECT "Attendance"."id" AS "Attendance_id", "Attendance"."student_id" AS "Attendance_student_id", "Attendance"."course_id" AS "Attendance_course_id", "Attendance"."date" AS "Attendance_date", "Attendance"."status" AS "Attendance_status", "Attendance"."notes" AS "Attendance_notes", "Attendance"."recorded_by" AS "Attendance_recorded_by", "Attendance"."created_at" AS "Attendance_created_at" FROM "attendance" "Attendance" WHERE (("Attendance"."id" = $1)) LIMIT 1 -- PARAMETERS: [72]

      at Function.logInfo (../src/platform/PlatformTools.ts:262:17)

    console.log
      query: SELECT "Attendance"."id" AS "Attendance_id", "Attendance"."student_id" AS "Attendance_student_id", "Attendance"."course_id" AS "Attendance_course_id", "Attendance"."date" AS "Attendance_date", "Attendance"."status" AS "Attendance_status", "Attendance"."notes" AS "Attendance_notes", "Attendance"."recorded_by" AS "Attendance_recorded_by", "Attendance"."created_at" AS "Attendance_created_at" FROM "attendance" "Attendance" WHERE "Attendance"."id" IN ($1) -- PARAMETERS: [72]

      at Function.logInfo (../src/platform/PlatformTools.ts:262:17)
          at async Promise.all (index 0)
          at async Promise.all (index 0)

    console.log
      query: START TRANSACTION

      at Function.logInfo (../src/platform/PlatformTools.ts:262:17)

    console.log
      query: UPDATE "attendance" SET "status" = $1 WHERE "id" IN ($2) -- PARAMETERS: ["late",72]

      at Function.logInfo (../src/platform/PlatformTools.ts:262:17)
          at async Promise.all (index 0)

    console.log
      query: COMMIT

      at Function.logInfo (../src/platform/PlatformTools.ts:262:17)

    console.log
      query: SELECT "Attendance"."id" AS "Attendance_id", "Attendance"."student_id" AS "Attendance_student_id", "Attendance"."course_id" AS "Attendance_course_id", "Attendance"."date" AS "Attendance_date", "Attendance"."status" AS "Attendance_status", "Attendance"."notes" AS "Attendance_notes", "Attendance"."recorded_by" AS "Attendance_recorded_by", "Attendance"."created_at" AS "Attendance_created_at" FROM "attendance" "Attendance" WHERE (("Attendance"."id" = $1)) LIMIT 1 -- PARAMETERS: [72]

      at Function.logInfo (../src/platform/PlatformTools.ts:262:17)

    console.log
      query: SELECT "Attendance"."id" AS "Attendance_id", "Attendance"."student_id" AS "Attendance_student_id", "Attendance"."course_id" AS "Attendance_course_id", "Attendance"."date" AS "Attendance_date", "Attendance"."status" AS "Attendance_status", "Attendance"."notes" AS "Attendance_notes", "Attendance"."recorded_by" AS "Attendance_recorded_by", "Attendance"."created_at" AS "Attendance_created_at" FROM "attendance" "Attendance" WHERE "Attendance"."id" IN ($1) -- PARAMETERS: [72]

      at Function.logInfo (../src/platform/PlatformTools.ts:262:17)
          at async Promise.all (index 0)
          at async Promise.all (index 0)

    console.log
      query: START TRANSACTION

      at Function.logInfo (../src/platform/PlatformTools.ts:262:17)

    console.log
      query: DELETE FROM "attendance" WHERE "id" = $1 -- PARAMETERS: [72]

      at Function.logInfo (../src/platform/PlatformTools.ts:262:17)

    console.log
      query: COMMIT

      at Function.logInfo (../src/platform/PlatformTools.ts:262:17)

    console.log
      query: DELETE FROM attendance WHERE student_id = $1 -- PARAMETERS: [167]

      at Function.logInfo (../src/platform/PlatformTools.ts:262:17)

    console.log
      query: DELETE FROM enrollments WHERE student_id = $1 -- PARAMETERS: [167]

      at Function.logInfo (../src/platform/PlatformTools.ts:262:17)

    console.log
      query: DELETE FROM students WHERE student_id = $1 -- PARAMETERS: ["STU-E2E-ATT"]

      at Function.logInfo (../src/platform/PlatformTools.ts:262:17)

    console.log
      query: DELETE FROM courses WHERE course_code LIKE $1 -- PARAMETERS: ["E2EATT%"]

      at Function.logInfo (../src/platform/PlatformTools.ts:262:17)

    console.log
      query: DELETE FROM users WHERE email LIKE $1 -- PARAMETERS: ["e2e_att_%@test.com"]

      at Function.logInfo (../src/platform/PlatformTools.ts:262:17)

PASS test/students.e2e-spec.ts (8.332 s)
  ΓùÅ Console

    console.log
      query: SELECT version()

      at Function.logInfo (../src/platform/PlatformTools.ts:262:17)

    console.log
      query: SELECT * FROM current_schema()

      at Function.logInfo (../src/platform/PlatformTools.ts:262:17)

    console.log
      query: START TRANSACTION

      at Function.logInfo (../src/platform/PlatformTools.ts:262:17)

    console.log
      query: SELECT * FROM current_schema()

      at Function.logInfo (../src/platform/PlatformTools.ts:262:17)

    console.log
      query: SELECT * FROM current_database()

      at Function.logInfo (../src/platform/PlatformTools.ts:262:17)

    console.log
      query: SELECT "table_schema", "table_name", obj_description(('"' || "table_schema" || '"."' || "table_name" || '"')::regclass, 'pg_class') AS table_comment FROM "information_schema"."tables" WHERE ("table_schema" = 'public' AND "table_name" = 'grades') OR ("table_schema" = 'public' AND "table_name" = 'attendance') OR ("table_schema" = 'public' AND "table_name" = 'faculties') OR ("table_schema" = 'public' AND "table_name" = 'departments') OR ("table_schema" = 'public' AND "table_name" = 'courses') OR ("table_schema" = 'public' AND "table_name" = 'enrollments') OR ("table_schema" = 'public' AND "table_name" = 'students') OR ("table_schema" = 'public' AND "table_name" = 'users') OR ("table_schema" = 'public' AND "table_name" = 'academic_terms') OR ("table_schema" = 'public' AND "table_name" = 'classrooms') OR ("table_schema" = 'public' AND "table_name" = 'schedules') OR ("table_schema" = 'public' AND "table_name" = 'audit_logs') OR ("table_schema" = 'public' AND "table_name" = 'teacher_profiles') OR ("table_schema" = 'public' AND "table_name" = 'grades') OR ("table_schema" = 'public' AND "table_name" = 'attendance') OR ("table_schema" = 'public' AND "table_name" = 'faculties') OR ("table_schema" = 'public' AND "table_name" = 'departments') OR ("table_schema" = 'public' AND "table_name" = 'courses') OR ("table_schema" = 'public' AND "table_name" = 'enrollments') OR ("table_schema" = 'public' AND "table_name" = 'students') OR ("table_schema" = 'public' AND "table_name" = 'users') OR ("table_schema" = 'public' AND "table_name" = 'teacher_profiles') OR ("table_schema" = 'public' AND "table_name" = 'classrooms') OR ("table_schema" = 'public' AND "table_name" = 'schedules') OR ("table_schema" = 'public' AND "table_name" = 'audit_logs') OR ("table_schema" = 'public' AND "table_name" = 'academic_terms') OR ("table_schema" = 'public' AND "table_name" = 'course_teachers') OR ("table_schema" = 'public' AND "table_name" = 'course_prerequisites') OR ("table_schema" = 'public' AND "table_name" = 'course_teachers') OR ("table_schema" = 'public' AND "table_name" = 'course_prerequisites')

      at Function.logInfo (../src/platform/PlatformTools.ts:262:17)

    console.log
      query: SELECT TRUE FROM information_schema.columns WHERE table_name = 'pg_class' and column_name = 'relispartition'

      at Function.logInfo (../src/platform/PlatformTools.ts:262:17)

    console.log
      query: SELECT columns.*, pg_catalog.col_description(('"' || table_catalog || '"."' || table_schema || '"."' || table_name || '"')::regclass::oid, ordinal_position) AS description, ('"' || "udt_schema" || '"."' || "udt_name" || '"')::"regtype"::text AS "regtype", pg_catalog.format_type("col_attr"."atttypid", "col_attr"."atttypmod") AS "format_type" FROM "information_schema"."columns" LEFT JOIN "pg_catalog"."pg_attribute" AS "col_attr" ON "col_attr"."attname" = "columns"."column_name" AND "col_attr"."attrelid" = ( SELECT "cls"."oid" FROM "pg_catalog"."pg_class" AS "cls" LEFT JOIN "pg_catalog"."pg_namespace" AS "ns" ON "ns"."oid" = "cls"."relnamespace" WHERE "cls"."relname" = "columns"."table_name" AND "ns"."nspname" = "columns"."table_schema" ) WHERE ("table_schema" = 'public' AND "table_name" = 'course_teachers') OR ("table_schema" = 'public' AND "table_name" = 'classrooms') OR ("table_schema" = 'public' AND "table_name" = 'schedules') OR ("table_schema" = 'public' AND "table_name" = 'audit_logs') OR ("table_schema" = 'public' AND "table_name" = 'course_prerequisites') OR ("table_schema" = 'public' AND "table_name" = 'courses') OR ("table_schema" = 'public' AND "table_name" = 'grades') OR ("table_schema" = 'public' AND "table_name" = 'enrollments') OR ("table_schema" = 'public' AND "table_name" = 'faculties') OR ("table_schema" = 'public' AND "table_name" = 'departments') OR ("table_schema" = 'public' AND "table_name" = 'students') OR ("table_schema" = 'public' AND "table_name" = 'users') OR ("table_schema" = 'public' AND "table_name" = 'academic_terms') OR ("table_schema" = 'public' AND "table_name" = 'teacher_profiles') OR ("table_schema" = 'public' AND "table_name" = 'attendance')

      at Function.logInfo (../src/platform/PlatformTools.ts:262:17)
          at async Promise.all (index 0)

    console.log
      query: SELECT "ns"."nspname" AS "table_schema", "t"."relname" AS "table_name", "cnst"."conname" AS "constraint_name", pg_get_constraintdef("cnst"."oid") AS "expression", CASE "cnst"."contype" WHEN 'p' THEN 'PRIMARY' WHEN 'u' THEN 'UNIQUE' WHEN 'c' THEN 'CHECK' WHEN 'x' THEN 'EXCLUDE' END AS "constraint_type", "a"."attname" AS "column_name" FROM "pg_constraint" "cnst" INNER JOIN "pg_class" "t" ON "t"."oid" = "cnst"."conrelid" INNER JOIN "pg_namespace" "ns" ON "ns"."oid" = "cnst"."connamespace" LEFT JOIN "pg_attribute" "a" ON "a"."attrelid" = "cnst"."conrelid" AND "a"."attnum" = ANY ("cnst"."conkey") WHERE "t"."relkind" IN ('r', 'p') AND (("ns"."nspname" = 'public' AND "t"."relname" = 'course_teachers') OR ("ns"."nspname" = 'public' AND "t"."relname" = 'classrooms') OR ("ns"."nspname" = 'public' AND "t"."relname" = 'schedules') OR ("ns"."nspname" = 'public' AND "t"."relname" = 'audit_logs') OR ("ns"."nspname" = 'public' AND "t"."relname" = 'course_prerequisites') OR ("ns"."nspname" = 'public' AND "t"."relname" = 'courses') OR ("ns"."nspname" = 'public' AND "t"."relname" = 'grades') OR ("ns"."nspname" = 'public' AND "t"."relname" = 'enrollments') OR ("ns"."nspname" = 'public' AND "t"."relname" = 'faculties') OR ("ns"."nspname" = 'public' AND "t"."relname" = 'departments') OR ("ns"."nspname" = 'public' AND "t"."relname" = 'students') OR ("ns"."nspname" = 'public' AND "t"."relname" = 'users') OR ("ns"."nspname" = 'public' AND "t"."relname" = 'academic_terms') OR ("ns"."nspname" = 'public' AND "t"."relname" = 'teacher_profiles') OR ("ns"."nspname" = 'public' AND "t"."relname" = 'attendance'))

      at Function.logInfo (../src/platform/PlatformTools.ts:262:17)
          at async Promise.all (index 1)

    console.log
      query: SELECT "ns"."nspname" AS "table_schema", "t"."relname" AS "table_name", "i"."relname" AS "constraint_name", "a"."attname" AS "column_name", CASE "ix"."indisunique" WHEN 't' THEN 'TRUE' ELSE'FALSE' END AS "is_unique", pg_get_expr("ix"."indpred", "ix"."indrelid") AS "condition", "types"."typname" AS "type_name", "am"."amname" AS "index_type" FROM "pg_class" "t" INNER JOIN "pg_index" "ix" ON "ix"."indrelid" = "t"."oid" INNER JOIN "pg_attribute" "a" ON "a"."attrelid" = "t"."oid"  AND "a"."attnum" = ANY ("ix"."indkey") INNER JOIN "pg_namespace" "ns" ON "ns"."oid" = "t"."relnamespace" INNER JOIN "pg_class" "i" ON "i"."oid" = "ix"."indexrelid" INNER JOIN "pg_type" "types" ON "types"."oid" = "a"."atttypid" INNER JOIN "pg_am" "am" ON "i"."relam" = "am"."oid" LEFT JOIN "pg_constraint" "cnst" ON "cnst"."conname" = "i"."relname" WHERE "t"."relkind" IN ('r', 'p') AND "cnst"."contype" IS NULL AND (("ns"."nspname" = 'public' AND "t"."relname" = 'course_teachers') OR ("ns"."nspname" = 'public' AND "t"."relname" = 'classrooms') OR ("ns"."nspname" = 'public' AND "t"."relname" = 'schedules') OR ("ns"."nspname" = 'public' AND "t"."relname" = 'audit_logs') OR ("ns"."nspname" = 'public' AND "t"."relname" = 'course_prerequisites') OR ("ns"."nspname" = 'public' AND "t"."relname" = 'courses') OR ("ns"."nspname" = 'public' AND "t"."relname" = 'grades') OR ("ns"."nspname" = 'public' AND "t"."relname" = 'enrollments') OR ("ns"."nspname" = 'public' AND "t"."relname" = 'faculties') OR ("ns"."nspname" = 'public' AND "t"."relname" = 'departments') OR ("ns"."nspname" = 'public' AND "t"."relname" = 'students') OR ("ns"."nspname" = 'public' AND "t"."relname" = 'users') OR ("ns"."nspname" = 'public' AND "t"."relname" = 'academic_terms') OR ("ns"."nspname" = 'public' AND "t"."relname" = 'teacher_profiles') OR ("ns"."nspname" = 'public' AND "t"."relname" = 'attendance'))

      at Function.logInfo (../src/platform/PlatformTools.ts:262:17)
          at async Promise.all (index 2)

    console.log
      query: SELECT "con"."conname" AS "constraint_name", "con"."nspname" AS "table_schema", "con"."relname" AS "table_name", "att2"."attname" AS "column_name", "ns"."nspname" AS "referenced_table_schema", "cl"."relname" AS "referenced_table_name", "att"."attname" AS "referenced_column_name", "con"."confdeltype" AS "on_delete", "con"."confupdtype" AS "on_update", "con"."condeferrable" AS "deferrable", "con"."condeferred" AS "deferred" FROM ( SELECT UNNEST ("con1"."conkey") AS "parent", UNNEST ("con1"."confkey") AS "child", "con1"."confrelid", "con1"."conrelid", "con1"."conname", "con1"."contype", "ns"."nspname", "cl"."relname", "con1"."condeferrable", CASE WHEN "con1"."condeferred" THEN 'INITIALLY DEFERRED' ELSE 'INITIALLY IMMEDIATE' END as condeferred, CASE "con1"."confdeltype" WHEN 'a' THEN 'NO ACTION' WHEN 'r' THEN 'RESTRICT' WHEN 'c' THEN 'CASCADE' WHEN 'n' THEN 'SET NULL' WHEN 'd' THEN 'SET DEFAULT' END as "confdeltype", CASE "con1"."confupdtype" WHEN 'a' THEN 'NO ACTION' WHEN 'r' THEN 'RESTRICT' WHEN 'c' THEN 'CASCADE' WHEN 'n' THEN 'SET NULL' WHEN 'd' THEN 'SET DEFAULT' END as "confupdtype" FROM "pg_class" "cl" INNER JOIN "pg_namespace" "ns" ON "cl"."relnamespace" = "ns"."oid" INNER JOIN "pg_constraint" "con1" ON "con1"."conrelid" = "cl"."oid" WHERE "con1"."contype" = 'f' AND (("ns"."nspname" = 'public' AND "cl"."relname" = 'course_teachers') OR ("ns"."nspname" = 'public' AND "cl"."relname" = 'classrooms') OR ("ns"."nspname" = 'public' AND "cl"."relname" = 'schedules') OR ("ns"."nspname" = 'public' AND "cl"."relname" = 'audit_logs') OR ("ns"."nspname" = 'public' AND "cl"."relname" = 'course_prerequisites') OR ("ns"."nspname" = 'public' AND "cl"."relname" = 'courses') OR ("ns"."nspname" = 'public' AND "cl"."relname" = 'grades') OR ("ns"."nspname" = 'public' AND "cl"."relname" = 'enrollments') OR ("ns"."nspname" = 'public' AND "cl"."relname" = 'faculties') OR ("ns"."nspname" = 'public' AND "cl"."relname" = 'departments') OR ("ns"."nspname" = 'public' AND "cl"."relname" = 'students') OR ("ns"."nspname" = 'public' AND "cl"."relname" = 'users') OR ("ns"."nspname" = 'public' AND "cl"."relname" = 'academic_terms') OR ("ns"."nspname" = 'public' AND "cl"."relname" = 'teacher_profiles') OR ("ns"."nspname" = 'public' AND "cl"."relname" = 'attendance')) ) "con" INNER JOIN "pg_attribute" "att" ON "att"."attrelid" = "con"."confrelid" AND "att"."attnum" = "con"."child" INNER JOIN "pg_class" "cl" ON "cl"."oid" = "con"."confrelid"  AND "cl"."relispartition" = 'f'INNER JOIN "pg_namespace" "ns" ON "cl"."relnamespace" = "ns"."oid" INNER JOIN "pg_attribute" "att2" ON "att2"."attrelid" = "con"."conrelid" AND "att2"."attnum" = "con"."parent"

      at Function.logInfo (../src/platform/PlatformTools.ts:262:17)
          at async Promise.all (index 3)

    console.log
      query: SELECT "udt_schema", "udt_name" FROM "information_schema"."columns" WHERE "table_schema" = 'public' AND "table_name" = 'classrooms' AND "column_name"='type'

      at Function.logInfo (../src/platform/PlatformTools.ts:262:17)
          at async Promise.all (index 4)
          at async Promise.all (index 1)

    console.log
      query: SELECT "udt_schema", "udt_name" FROM "information_schema"."columns" WHERE "table_schema" = 'public' AND "table_name" = 'enrollments' AND "column_name"='status'

      at Function.logInfo (../src/platform/PlatformTools.ts:262:17)
          at async Promise.all (index 4)
          at async Promise.all (index 7)

    console.log
      query: SELECT "udt_schema", "udt_name" FROM "information_schema"."columns" WHERE "table_schema" = 'public' AND "table_name" = 'students' AND "column_name"='gender'

      at Function.logInfo (../src/platform/PlatformTools.ts:262:17)
          at async Promise.all (index 4)
          at async Promise.all (index 10)

    console.log
      query: SELECT "udt_schema", "udt_name" FROM "information_schema"."columns" WHERE "table_schema" = 'public' AND "table_name" = 'users' AND "column_name"='role'

      at Function.logInfo (../src/platform/PlatformTools.ts:262:17)
          at async Promise.all (index 4)
          at async Promise.all (index 11)

    console.log
      query: SELECT "udt_schema", "udt_name" FROM "information_schema"."columns" WHERE "table_schema" = 'public' AND "table_name" = 'teacher_profiles' AND "column_name"='rank'

      at Function.logInfo (../src/platform/PlatformTools.ts:262:17)
          at async Promise.all (index 2)
          at async Promise.all (index 13)

    console.log
      query: SELECT "udt_schema", "udt_name" FROM "information_schema"."columns" WHERE "table_schema" = 'public' AND "table_name" = 'attendance' AND "column_name"='status'

      at Function.logInfo (../src/platform/PlatformTools.ts:262:17)
          at async Promise.all (index 4)
          at async Promise.all (index 14)

    console.log
      query: SELECT "e"."enumlabel" AS "value" FROM "pg_enum" "e" INNER JOIN "pg_type" "t" ON "t"."oid" = "e"."enumtypid" INNER JOIN "pg_namespace" "n" ON "n"."oid" = "t"."typnamespace" WHERE "n"."nspname" = 'public' AND "t"."typname" = 'classrooms_type_enum'

      at Function.logInfo (../src/platform/PlatformTools.ts:262:17)
          at async Promise.all (index 4)
          at async Promise.all (index 1)

    console.log
      query: SELECT "e"."enumlabel" AS "value" FROM "pg_enum" "e" INNER JOIN "pg_type" "t" ON "t"."oid" = "e"."enumtypid" INNER JOIN "pg_namespace" "n" ON "n"."oid" = "t"."typnamespace" WHERE "n"."nspname" = 'public' AND "t"."typname" = 'enrollments_status_enum'

      at Function.logInfo (../src/platform/PlatformTools.ts:262:17)
          at async Promise.all (index 4)
          at async Promise.all (index 7)

    console.log
      query: SELECT "e"."enumlabel" AS "value" FROM "pg_enum" "e" INNER JOIN "pg_type" "t" ON "t"."oid" = "e"."enumtypid" INNER JOIN "pg_namespace" "n" ON "n"."oid" = "t"."typnamespace" WHERE "n"."nspname" = 'public' AND "t"."typname" = 'students_gender_enum'

      at Function.logInfo (../src/platform/PlatformTools.ts:262:17)
          at async Promise.all (index 4)
          at async Promise.all (index 10)

    console.log
      query: SELECT "e"."enumlabel" AS "value" FROM "pg_enum" "e" INNER JOIN "pg_type" "t" ON "t"."oid" = "e"."enumtypid" INNER JOIN "pg_namespace" "n" ON "n"."oid" = "t"."typnamespace" WHERE "n"."nspname" = 'public' AND "t"."typname" = 'users_role_enum'

      at Function.logInfo (../src/platform/PlatformTools.ts:262:17)
          at async Promise.all (index 4)
          at async Promise.all (index 11)

    console.log
      query: SELECT "e"."enumlabel" AS "value" FROM "pg_enum" "e" INNER JOIN "pg_type" "t" ON "t"."oid" = "e"."enumtypid" INNER JOIN "pg_namespace" "n" ON "n"."oid" = "t"."typnamespace" WHERE "n"."nspname" = 'public' AND "t"."typname" = 'teacher_profiles_rank_enum'

      at Function.logInfo (../src/platform/PlatformTools.ts:262:17)
          at async Promise.all (index 2)
          at async Promise.all (index 13)

    console.log
      query: SELECT "e"."enumlabel" AS "value" FROM "pg_enum" "e" INNER JOIN "pg_type" "t" ON "t"."oid" = "e"."enumtypid" INNER JOIN "pg_namespace" "n" ON "n"."oid" = "t"."typnamespace" WHERE "n"."nspname" = 'public' AND "t"."typname" = 'attendance_status_enum'

      at Function.logInfo (../src/platform/PlatformTools.ts:262:17)
          at async Promise.all (index 4)
          at async Promise.all (index 14)

    console.log
      query: SELECT * FROM "information_schema"."tables" WHERE "table_schema" = 'public' AND "table_name" = 'typeorm_metadata'

      at Function.logInfo (../src/platform/PlatformTools.ts:262:17)

    console.log
      query: ALTER TABLE "grades" ALTER COLUMN "weightage" SET DEFAULT '100.00'

      at Function.logInfo (../src/platform/PlatformTools.ts:262:17)

    console.log
      query: ALTER TABLE "enrollments" ALTER COLUMN "attendance_percentage" SET DEFAULT '100.00'

      at Function.logInfo (../src/platform/PlatformTools.ts:262:17)

    console.log
      query: ALTER TABLE "grades" ALTER COLUMN "weightage" SET DEFAULT '100.00'

      at Function.logInfo (../src/platform/PlatformTools.ts:262:17)

    console.log
      query: ALTER TABLE "enrollments" ALTER COLUMN "attendance_percentage" SET DEFAULT '100.00'

      at Function.logInfo (../src/platform/PlatformTools.ts:262:17)

    console.log
      query: COMMIT

      at Function.logInfo (../src/platform/PlatformTools.ts:262:17)

    console.log
      query: INSERT INTO users (email, username, password_hash, role, first_name, last_name, is_active) 
             VALUES ($1, $2, $3, $4, $5, $6, true) RETURNING id -- PARAMETERS: ["e2e_students_admin@test.com","e2e_students_admin","$2b$10$nBg.hiHC5JtDYyn9g0h59Okll6Dy9d.DcRpsjzeEkz7lvZVTbEmOi","admin","Admin","Test"]

      at Function.logInfo (../src/platform/PlatformTools.ts:262:17)

    console.log
      query: INSERT INTO users (email, username, password_hash, role, is_active) 
             VALUES ($1, $2, $3, $4, true) RETURNING id -- PARAMETERS: ["e2e_students_teacher@test.com","e2e_students_teacher","$2b$10$nBg.hiHC5JtDYyn9g0h59Okll6Dy9d.DcRpsjzeEkz7lvZVTbEmOi","teacher"]

      at Function.logInfo (../src/platform/PlatformTools.ts:262:17)

    console.log
      query: INSERT INTO users (email, username, password_hash, role, is_active) 
             VALUES ($1, $2, $3, $4, true) RETURNING id -- PARAMETERS: ["e2e_students_student@test.com","e2e_students_student","$2b$10$nBg.hiHC5JtDYyn9g0h59Okll6Dy9d.DcRpsjzeEkz7lvZVTbEmOi","student"]

      at Function.logInfo (../src/platform/PlatformTools.ts:262:17)

    console.log
      query: SELECT "User"."id" AS "User_id", "User"."email" AS "User_email", "User"."username" AS "User_username", "User"."password_hash" AS "User_password_hash", "User"."role" AS "User_role", "User"."first_name" AS "User_first_name", "User"."last_name" AS "User_last_name", "User"."is_active" AS "User_is_active", "User"."refresh_token" AS "User_refresh_token", "User"."email_verified" AS "User_email_verified", "User"."email_verification_token" AS "User_email_verification_token", "User"."password_reset_token" AS "User_password_reset_token", "User"."password_reset_expires" AS "User_password_reset_expires", "User"."failed_login_attempts" AS "User_failed_login_attempts", "User"."locked_until" AS "User_locked_until", "User"."last_failed_login" AS "User_last_failed_login", "User"."created_at" AS "User_created_at", "User"."updated_at" AS "User_updated_at", "User"."deleted_at" AS "User_deleted_at" FROM "users" "User" WHERE ( (("User"."email" = $1)) ) AND ( "User"."deleted_at" IS NULL ) LIMIT 1 -- PARAMETERS: ["e2e_students_admin@test.com"]

      at Function.logInfo (../src/platform/PlatformTools.ts:262:17)

    console.log
      query: UPDATE "users" SET "refresh_token" = $1, "updated_at" = CURRENT_TIMESTAMP WHERE "id" IN ($2) -- PARAMETERS: ["$2b$10$Z4aTBDCuLZGnG1cWNFZUJ.C/OsIXKClnCDxYyJug1bDNQe5Yw1eFW",2018]

      at Function.logInfo (../src/platform/PlatformTools.ts:262:17)

    console.log
      query: SELECT "User"."id" AS "User_id", "User"."email" AS "User_email", "User"."username" AS "User_username", "User"."password_hash" AS "User_password_hash", "User"."role" AS "User_role", "User"."first_name" AS "User_first_name", "User"."last_name" AS "User_last_name", "User"."is_active" AS "User_is_active", "User"."refresh_token" AS "User_refresh_token", "User"."email_verified" AS "User_email_verified", "User"."email_verification_token" AS "User_email_verification_token", "User"."password_reset_token" AS "User_password_reset_token", "User"."password_reset_expires" AS "User_password_reset_expires", "User"."failed_login_attempts" AS "User_failed_login_attempts", "User"."locked_until" AS "User_locked_until", "User"."last_failed_login" AS "User_last_failed_login", "User"."created_at" AS "User_created_at", "User"."updated_at" AS "User_updated_at", "User"."deleted_at" AS "User_deleted_at" FROM "users" "User" WHERE ( (("User"."email" = $1)) ) AND ( "User"."deleted_at" IS NULL ) LIMIT 1 -- PARAMETERS: ["e2e_students_teacher@test.com"]

      at Function.logInfo (../src/platform/PlatformTools.ts:262:17)

    console.log
      query: UPDATE "users" SET "refresh_token" = $1, "updated_at" = CURRENT_TIMESTAMP WHERE "id" IN ($2) -- PARAMETERS: ["$2b$10$peI.n0N4JbRhOMOZwmcSNO.DB6A1YDxdTLKIHQmguK8YUDQtXQUMG",2019]

      at Function.logInfo (../src/platform/PlatformTools.ts:262:17)

    console.log
      query: SELECT "User"."id" AS "User_id", "User"."email" AS "User_email", "User"."username" AS "User_username", "User"."password_hash" AS "User_password_hash", "User"."role" AS "User_role", "User"."first_name" AS "User_first_name", "User"."last_name" AS "User_last_name", "User"."is_active" AS "User_is_active", "User"."refresh_token" AS "User_refresh_token", "User"."email_verified" AS "User_email_verified", "User"."email_verification_token" AS "User_email_verification_token", "User"."password_reset_token" AS "User_password_reset_token", "User"."password_reset_expires" AS "User_password_reset_expires", "User"."failed_login_attempts" AS "User_failed_login_attempts", "User"."locked_until" AS "User_locked_until", "User"."last_failed_login" AS "User_last_failed_login", "User"."created_at" AS "User_created_at", "User"."updated_at" AS "User_updated_at", "User"."deleted_at" AS "User_deleted_at" FROM "users" "User" WHERE ( (("User"."email" = $1)) ) AND ( "User"."deleted_at" IS NULL ) LIMIT 1 -- PARAMETERS: ["e2e_students_student@test.com"]

      at Function.logInfo (../src/platform/PlatformTools.ts:262:17)

    console.log
      query: UPDATE "users" SET "refresh_token" = $1, "updated_at" = CURRENT_TIMESTAMP WHERE "id" IN ($2) -- PARAMETERS: ["$2b$10$EcMpWevhtyAN.rh7.NiDruspzDBSJV9x2lzsHiy5PXTNvMYXsv9Me",2020]

      at Function.logInfo (../src/platform/PlatformTools.ts:262:17)

    console.log
      query: SELECT "Student"."id" AS "Student_id", "Student"."user_id" AS "Student_user_id", "Student"."student_id" AS "Student_student_id", "Student"."date_of_birth" AS "Student_date_of_birth", "Student"."gender" AS "Student_gender", "Student"."address" AS "Student_address", "Student"."phone" AS "Student_phone", "Student"."emergency_contact" AS "Student_emergency_contact", "Student"."enrollment_date" AS "Student_enrollment_date", "Student"."department_id" AS "Student_department_id", "Student"."semester" AS "Student_semester", "Student"."created_at" AS "Student_created_at", "Student"."updated_at" AS "Student_updated_at", "Student"."deleted_at" AS "Student_deleted_at" FROM "students" "Student" WHERE ( (("Student"."student_id" = $1)) ) AND ( "Student"."deleted_at" IS NULL ) LIMIT 1 -- PARAMETERS: ["STU20246310"]

      at Function.logInfo (../src/platform/PlatformTools.ts:262:17)

    console.log
      query: START TRANSACTION

      at Function.logInfo (../src/platform/PlatformTools.ts:262:17)

    console.log
      query: INSERT INTO "students"("user_id", "student_id", "date_of_birth", "gender", "address", "phone", "emergency_contact", "enrollment_date", "department_id", "semester", "created_at", "updated_at", "deleted_at") VALUES ($1, $2, $3, $4, $5, $6, $7, $8, $9, $10, DEFAULT, DEFAULT, DEFAULT) RETURNING "id", "created_at", "updated_at", "deleted_at" -- PARAMETERS: [2020,"STU20246310","2000-01-15",null,null,null,null,"2024-09-01",null,null]

      at Function.logInfo (../src/platform/PlatformTools.ts:262:17)

    console.log
      query: COMMIT

      at Function.logInfo (../src/platform/PlatformTools.ts:262:17)

    console.log
      query: SELECT DISTINCT "distinctAlias"."Student_id" AS "ids_Student_id", "distinctAlias"."Student_id" FROM (SELECT "Student"."id" AS "Student_id", "Student"."user_id" AS "Student_user_id", "Student"."student_id" AS "Student_student_id", "Student"."date_of_birth" AS "Student_date_of_birth", "Student"."gender" AS "Student_gender", "Student"."address" AS "Student_address", "Student"."phone" AS "Student_phone", "Student"."emergency_contact" AS "Student_emergency_contact", "Student"."enrollment_date" AS "Student_enrollment_date", "Student"."department_id" AS "Student_department_id", "Student"."semester" AS "Student_semester", "Student"."created_at" AS "Student_created_at", "Student"."updated_at" AS "Student_updated_at", "Student"."deleted_at" AS "Student_deleted_at", "Student__Student_user"."id" AS "Student__Student_user_id", "Student__Student_user"."email" AS "Student__Student_user_email", "Student__Student_user"."username" AS "Student__Student_user_username", "Student__Student_user"."password_hash" AS "Student__Student_user_password_hash", "Student__Student_user"."role" AS "Student__Student_user_role", "Student__Student_user"."first_name" AS "Student__Student_user_first_name", "Student__Student_user"."last_name" AS "Student__Student_user_last_name", "Student__Student_user"."is_active" AS "Student__Student_user_is_active", "Student__Student_user"."refresh_token" AS "Student__Student_user_refresh_token", "Student__Student_user"."email_verified" AS "Student__Student_user_email_verified", "Student__Student_user"."email_verification_token" AS "Student__Student_user_email_verification_token", "Student__Student_user"."password_reset_token" AS "Student__Student_user_password_reset_token", "Student__Student_user"."password_reset_expires" AS "Student__Student_user_password_reset_expires", "Student__Student_user"."failed_login_attempts" AS "Student__Student_user_failed_login_attempts", "Student__Student_user"."locked_until" AS "Student__Student_user_locked_until", "Student__Student_user"."last_failed_login" AS "Student__Student_user_last_failed_login", "Student__Student_user"."created_at" AS "Student__Student_user_created_at", "Student__Student_user"."updated_at" AS "Student__Student_user_updated_at", "Student__Student_user"."deleted_at" AS "Student__Student_user_deleted_at" FROM "students" "Student" LEFT JOIN "users" "Student__Student_user" ON "Student__Student_user"."id"="Student"."user_id" AND ("Student__Student_user"."deleted_at" IS NULL) WHERE "Student"."deleted_at" IS NULL) "distinctAlias" ORDER BY "distinctAlias"."Student_id" DESC, "Student_id" ASC LIMIT 10 OFFSET 0

      at Function.logInfo (../src/platform/PlatformTools.ts:262:17)

    console.log
      query: SELECT "Student"."id" AS "Student_id", "Student"."user_id" AS "Student_user_id", "Student"."student_id" AS "Student_student_id", "Student"."date_of_birth" AS "Student_date_of_birth", "Student"."gender" AS "Student_gender", "Student"."address" AS "Student_address", "Student"."phone" AS "Student_phone", "Student"."emergency_contact" AS "Student_emergency_contact", "Student"."enrollment_date" AS "Student_enrollment_date", "Student"."department_id" AS "Student_department_id", "Student"."semester" AS "Student_semester", "Student"."created_at" AS "Student_created_at", "Student"."updated_at" AS "Student_updated_at", "Student"."deleted_at" AS "Student_deleted_at", "Student__Student_user"."id" AS "Student__Student_user_id", "Student__Student_user"."email" AS "Student__Student_user_email", "Student__Student_user"."username" AS "Student__Student_user_username", "Student__Student_user"."password_hash" AS "Student__Student_user_password_hash", "Student__Student_user"."role" AS "Student__Student_user_role", "Student__Student_user"."first_name" AS "Student__Student_user_first_name", "Student__Student_user"."last_name" AS "Student__Student_user_last_name", "Student__Student_user"."is_active" AS "Student__Student_user_is_active", "Student__Student_user"."refresh_token" AS "Student__Student_user_refresh_token", "Student__Student_user"."email_verified" AS "Student__Student_user_email_verified", "Student__Student_user"."email_verification_token" AS "Student__Student_user_email_verification_token", "Student__Student_user"."password_reset_token" AS "Student__Student_user_password_reset_token", "Student__Student_user"."password_reset_expires" AS "Student__Student_user_password_reset_expires", "Student__Student_user"."failed_login_attempts" AS "Student__Student_user_failed_login_attempts", "Student__Student_user"."locked_until" AS "Student__Student_user_locked_until", "Student__Student_user"."last_failed_login" AS "Student__Student_user_last_failed_login", "Student__Student_user"."created_at" AS "Student__Student_user_created_at", "Student__Student_user"."updated_at" AS "Student__Student_user_updated_at", "Student__Student_user"."deleted_at" AS "Student__Student_user_deleted_at" FROM "students" "Student" LEFT JOIN "users" "Student__Student_user" ON "Student__Student_user"."id"="Student"."user_id" AND ("Student__Student_user"."deleted_at" IS NULL) WHERE ( "Student"."deleted_at" IS NULL ) AND ( "Student"."id" IN (168) ) ORDER BY "Student"."id" DESC

      at Function.logInfo (../src/platform/PlatformTools.ts:262:17)

    console.log
      query: SELECT DISTINCT "distinctAlias"."Student_id" AS "ids_Student_id", "distinctAlias"."Student_id" FROM (SELECT "Student"."id" AS "Student_id", "Student"."user_id" AS "Student_user_id", "Student"."student_id" AS "Student_student_id", "Student"."date_of_birth" AS "Student_date_of_birth", "Student"."gender" AS "Student_gender", "Student"."address" AS "Student_address", "Student"."phone" AS "Student_phone", "Student"."emergency_contact" AS "Student_emergency_contact", "Student"."enrollment_date" AS "Student_enrollment_date", "Student"."department_id" AS "Student_department_id", "Student"."semester" AS "Student_semester", "Student"."created_at" AS "Student_created_at", "Student"."updated_at" AS "Student_updated_at", "Student"."deleted_at" AS "Student_deleted_at", "Student__Student_user"."id" AS "Student__Student_user_id", "Student__Student_user"."email" AS "Student__Student_user_email", "Student__Student_user"."username" AS "Student__Student_user_username", "Student__Student_user"."password_hash" AS "Student__Student_user_password_hash", "Student__Student_user"."role" AS "Student__Student_user_role", "Student__Student_user"."first_name" AS "Student__Student_user_first_name", "Student__Student_user"."last_name" AS "Student__Student_user_last_name", "Student__Student_user"."is_active" AS "Student__Student_user_is_active", "Student__Student_user"."refresh_token" AS "Student__Student_user_refresh_token", "Student__Student_user"."email_verified" AS "Student__Student_user_email_verified", "Student__Student_user"."email_verification_token" AS "Student__Student_user_email_verification_token", "Student__Student_user"."password_reset_token" AS "Student__Student_user_password_reset_token", "Student__Student_user"."password_reset_expires" AS "Student__Student_user_password_reset_expires", "Student__Student_user"."failed_login_attempts" AS "Student__Student_user_failed_login_attempts", "Student__Student_user"."locked_until" AS "Student__Student_user_locked_until", "Student__Student_user"."last_failed_login" AS "Student__Student_user_last_failed_login", "Student__Student_user"."created_at" AS "Student__Student_user_created_at", "Student__Student_user"."updated_at" AS "Student__Student_user_updated_at", "Student__Student_user"."deleted_at" AS "Student__Student_user_deleted_at" FROM "students" "Student" LEFT JOIN "users" "Student__Student_user" ON "Student__Student_user"."id"="Student"."user_id" AND ("Student__Student_user"."deleted_at" IS NULL) WHERE "Student"."deleted_at" IS NULL) "distinctAlias" ORDER BY "distinctAlias"."Student_id" DESC, "Student_id" ASC LIMIT 10 OFFSET 0

      at Function.logInfo (../src/platform/PlatformTools.ts:262:17)

    console.log
      query: SELECT "Student"."id" AS "Student_id", "Student"."user_id" AS "Student_user_id", "Student"."student_id" AS "Student_student_id", "Student"."date_of_birth" AS "Student_date_of_birth", "Student"."gender" AS "Student_gender", "Student"."address" AS "Student_address", "Student"."phone" AS "Student_phone", "Student"."emergency_contact" AS "Student_emergency_contact", "Student"."enrollment_date" AS "Student_enrollment_date", "Student"."department_id" AS "Student_department_id", "Student"."semester" AS "Student_semester", "Student"."created_at" AS "Student_created_at", "Student"."updated_at" AS "Student_updated_at", "Student"."deleted_at" AS "Student_deleted_at", "Student__Student_user"."id" AS "Student__Student_user_id", "Student__Student_user"."email" AS "Student__Student_user_email", "Student__Student_user"."username" AS "Student__Student_user_username", "Student__Student_user"."password_hash" AS "Student__Student_user_password_hash", "Student__Student_user"."role" AS "Student__Student_user_role", "Student__Student_user"."first_name" AS "Student__Student_user_first_name", "Student__Student_user"."last_name" AS "Student__Student_user_last_name", "Student__Student_user"."is_active" AS "Student__Student_user_is_active", "Student__Student_user"."refresh_token" AS "Student__Student_user_refresh_token", "Student__Student_user"."email_verified" AS "Student__Student_user_email_verified", "Student__Student_user"."email_verification_token" AS "Student__Student_user_email_verification_token", "Student__Student_user"."password_reset_token" AS "Student__Student_user_password_reset_token", "Student__Student_user"."password_reset_expires" AS "Student__Student_user_password_reset_expires", "Student__Student_user"."failed_login_attempts" AS "Student__Student_user_failed_login_attempts", "Student__Student_user"."locked_until" AS "Student__Student_user_locked_until", "Student__Student_user"."last_failed_login" AS "Student__Student_user_last_failed_login", "Student__Student_user"."created_at" AS "Student__Student_user_created_at", "Student__Student_user"."updated_at" AS "Student__Student_user_updated_at", "Student__Student_user"."deleted_at" AS "Student__Student_user_deleted_at" FROM "students" "Student" LEFT JOIN "users" "Student__Student_user" ON "Student__Student_user"."id"="Student"."user_id" AND ("Student__Student_user"."deleted_at" IS NULL) WHERE ( "Student"."deleted_at" IS NULL ) AND ( "Student"."id" IN (168) ) ORDER BY "Student"."id" DESC

      at Function.logInfo (../src/platform/PlatformTools.ts:262:17)

    console.log
      query: SELECT DISTINCT "distinctAlias"."Student_id" AS "ids_Student_id", "distinctAlias"."Student_id" FROM (SELECT "Student"."id" AS "Student_id", "Student"."user_id" AS "Student_user_id", "Student"."student_id" AS "Student_student_id", "Student"."date_of_birth" AS "Student_date_of_birth", "Student"."gender" AS "Student_gender", "Student"."address" AS "Student_address", "Student"."phone" AS "Student_phone", "Student"."emergency_contact" AS "Student_emergency_contact", "Student"."enrollment_date" AS "Student_enrollment_date", "Student"."department_id" AS "Student_department_id", "Student"."semester" AS "Student_semester", "Student"."created_at" AS "Student_created_at", "Student"."updated_at" AS "Student_updated_at", "Student"."deleted_at" AS "Student_deleted_at", "Student__Student_user"."id" AS "Student__Student_user_id", "Student__Student_user"."email" AS "Student__Student_user_email", "Student__Student_user"."username" AS "Student__Student_user_username", "Student__Student_user"."password_hash" AS "Student__Student_user_password_hash", "Student__Student_user"."role" AS "Student__Student_user_role", "Student__Student_user"."first_name" AS "Student__Student_user_first_name", "Student__Student_user"."last_name" AS "Student__Student_user_last_name", "Student__Student_user"."is_active" AS "Student__Student_user_is_active", "Student__Student_user"."refresh_token" AS "Student__Student_user_refresh_token", "Student__Student_user"."email_verified" AS "Student__Student_user_email_verified", "Student__Student_user"."email_verification_token" AS "Student__Student_user_email_verification_token", "Student__Student_user"."password_reset_token" AS "Student__Student_user_password_reset_token", "Student__Student_user"."password_reset_expires" AS "Student__Student_user_password_reset_expires", "Student__Student_user"."failed_login_attempts" AS "Student__Student_user_failed_login_attempts", "Student__Student_user"."locked_until" AS "Student__Student_user_locked_until", "Student__Student_user"."last_failed_login" AS "Student__Student_user_last_failed_login", "Student__Student_user"."created_at" AS "Student__Student_user_created_at", "Student__Student_user"."updated_at" AS "Student__Student_user_updated_at", "Student__Student_user"."deleted_at" AS "Student__Student_user_deleted_at" FROM "students" "Student" LEFT JOIN "users" "Student__Student_user" ON "Student__Student_user"."id"="Student"."user_id" AND ("Student__Student_user"."deleted_at" IS NULL) WHERE ( (((("Student"."student_id" ILIKE $1)))) ) AND ( "Student"."deleted_at" IS NULL )) "distinctAlias" ORDER BY "distinctAlias"."Student_id" DESC, "Student_id" ASC LIMIT 10 OFFSET 0 -- PARAMETERS: ["%STU20246310%"]

      at Function.logInfo (../src/platform/PlatformTools.ts:262:17)

    console.log
      query: SELECT "Student"."id" AS "Student_id", "Student"."user_id" AS "Student_user_id", "Student"."student_id" AS "Student_student_id", "Student"."date_of_birth" AS "Student_date_of_birth", "Student"."gender" AS "Student_gender", "Student"."address" AS "Student_address", "Student"."phone" AS "Student_phone", "Student"."emergency_contact" AS "Student_emergency_contact", "Student"."enrollment_date" AS "Student_enrollment_date", "Student"."department_id" AS "Student_department_id", "Student"."semester" AS "Student_semester", "Student"."created_at" AS "Student_created_at", "Student"."updated_at" AS "Student_updated_at", "Student"."deleted_at" AS "Student_deleted_at", "Student__Student_user"."id" AS "Student__Student_user_id", "Student__Student_user"."email" AS "Student__Student_user_email", "Student__Student_user"."username" AS "Student__Student_user_username", "Student__Student_user"."password_hash" AS "Student__Student_user_password_hash", "Student__Student_user"."role" AS "Student__Student_user_role", "Student__Student_user"."first_name" AS "Student__Student_user_first_name", "Student__Student_user"."last_name" AS "Student__Student_user_last_name", "Student__Student_user"."is_active" AS "Student__Student_user_is_active", "Student__Student_user"."refresh_token" AS "Student__Student_user_refresh_token", "Student__Student_user"."email_verified" AS "Student__Student_user_email_verified", "Student__Student_user"."email_verification_token" AS "Student__Student_user_email_verification_token", "Student__Student_user"."password_reset_token" AS "Student__Student_user_password_reset_token", "Student__Student_user"."password_reset_expires" AS "Student__Student_user_password_reset_expires", "Student__Student_user"."failed_login_attempts" AS "Student__Student_user_failed_login_attempts", "Student__Student_user"."locked_until" AS "Student__Student_user_locked_until", "Student__Student_user"."last_failed_login" AS "Student__Student_user_last_failed_login", "Student__Student_user"."created_at" AS "Student__Student_user_created_at", "Student__Student_user"."updated_at" AS "Student__Student_user_updated_at", "Student__Student_user"."deleted_at" AS "Student__Student_user_deleted_at" FROM "students" "Student" LEFT JOIN "users" "Student__Student_user" ON "Student__Student_user"."id"="Student"."user_id" AND ("Student__Student_user"."deleted_at" IS NULL) WHERE ( (((("Student"."student_id" ILIKE $1)))) ) AND ( "Student"."deleted_at" IS NULL ) AND ( "Student"."id" IN (168) ) ORDER BY "Student"."id" DESC -- PARAMETERS: ["%STU20246310%"]

      at Function.logInfo (../src/platform/PlatformTools.ts:262:17)

    console.log
      query: SELECT DISTINCT "distinctAlias"."Student_id" AS "ids_Student_id", "distinctAlias"."Student_id" FROM (SELECT "Student"."id" AS "Student_id", "Student"."user_id" AS "Student_user_id", "Student"."student_id" AS "Student_student_id", "Student"."date_of_birth" AS "Student_date_of_birth", "Student"."gender" AS "Student_gender", "Student"."address" AS "Student_address", "Student"."phone" AS "Student_phone", "Student"."emergency_contact" AS "Student_emergency_contact", "Student"."enrollment_date" AS "Student_enrollment_date", "Student"."department_id" AS "Student_department_id", "Student"."semester" AS "Student_semester", "Student"."created_at" AS "Student_created_at", "Student"."updated_at" AS "Student_updated_at", "Student"."deleted_at" AS "Student_deleted_at", "Student__Student_user"."id" AS "Student__Student_user_id", "Student__Student_user"."email" AS "Student__Student_user_email", "Student__Student_user"."username" AS "Student__Student_user_username", "Student__Student_user"."password_hash" AS "Student__Student_user_password_hash", "Student__Student_user"."role" AS "Student__Student_user_role", "Student__Student_user"."first_name" AS "Student__Student_user_first_name", "Student__Student_user"."last_name" AS "Student__Student_user_last_name", "Student__Student_user"."is_active" AS "Student__Student_user_is_active", "Student__Student_user"."refresh_token" AS "Student__Student_user_refresh_token", "Student__Student_user"."email_verified" AS "Student__Student_user_email_verified", "Student__Student_user"."email_verification_token" AS "Student__Student_user_email_verification_token", "Student__Student_user"."password_reset_token" AS "Student__Student_user_password_reset_token", "Student__Student_user"."password_reset_expires" AS "Student__Student_user_password_reset_expires", "Student__Student_user"."failed_login_attempts" AS "Student__Student_user_failed_login_attempts", "Student__Student_user"."locked_until" AS "Student__Student_user_locked_until", "Student__Student_user"."last_failed_login" AS "Student__Student_user_last_failed_login", "Student__Student_user"."created_at" AS "Student__Student_user_created_at", "Student__Student_user"."updated_at" AS "Student__Student_user_updated_at", "Student__Student_user"."deleted_at" AS "Student__Student_user_deleted_at" FROM "students" "Student" LEFT JOIN "users" "Student__Student_user" ON "Student__Student_user"."id"="Student"."user_id" AND ("Student__Student_user"."deleted_at" IS NULL) WHERE "Student"."deleted_at" IS NULL) "distinctAlias" ORDER BY "distinctAlias"."Student_id" DESC, "Student_id" ASC LIMIT 5 OFFSET 0

      at Function.logInfo (../src/platform/PlatformTools.ts:262:17)

    console.log
      query: SELECT "Student"."id" AS "Student_id", "Student"."user_id" AS "Student_user_id", "Student"."student_id" AS "Student_student_id", "Student"."date_of_birth" AS "Student_date_of_birth", "Student"."gender" AS "Student_gender", "Student"."address" AS "Student_address", "Student"."phone" AS "Student_phone", "Student"."emergency_contact" AS "Student_emergency_contact", "Student"."enrollment_date" AS "Student_enrollment_date", "Student"."department_id" AS "Student_department_id", "Student"."semester" AS "Student_semester", "Student"."created_at" AS "Student_created_at", "Student"."updated_at" AS "Student_updated_at", "Student"."deleted_at" AS "Student_deleted_at", "Student__Student_user"."id" AS "Student__Student_user_id", "Student__Student_user"."email" AS "Student__Student_user_email", "Student__Student_user"."username" AS "Student__Student_user_username", "Student__Student_user"."password_hash" AS "Student__Student_user_password_hash", "Student__Student_user"."role" AS "Student__Student_user_role", "Student__Student_user"."first_name" AS "Student__Student_user_first_name", "Student__Student_user"."last_name" AS "Student__Student_user_last_name", "Student__Student_user"."is_active" AS "Student__Student_user_is_active", "Student__Student_user"."refresh_token" AS "Student__Student_user_refresh_token", "Student__Student_user"."email_verified" AS "Student__Student_user_email_verified", "Student__Student_user"."email_verification_token" AS "Student__Student_user_email_verification_token", "Student__Student_user"."password_reset_token" AS "Student__Student_user_password_reset_token", "Student__Student_user"."password_reset_expires" AS "Student__Student_user_password_reset_expires", "Student__Student_user"."failed_login_attempts" AS "Student__Student_user_failed_login_attempts", "Student__Student_user"."locked_until" AS "Student__Student_user_locked_until", "Student__Student_user"."last_failed_login" AS "Student__Student_user_last_failed_login", "Student__Student_user"."created_at" AS "Student__Student_user_created_at", "Student__Student_user"."updated_at" AS "Student__Student_user_updated_at", "Student__Student_user"."deleted_at" AS "Student__Student_user_deleted_at" FROM "students" "Student" LEFT JOIN "users" "Student__Student_user" ON "Student__Student_user"."id"="Student"."user_id" AND ("Student__Student_user"."deleted_at" IS NULL) WHERE ( "Student"."deleted_at" IS NULL ) AND ( "Student"."id" IN (168) ) ORDER BY "Student"."id" DESC

      at Function.logInfo (../src/platform/PlatformTools.ts:262:17)

    console.log
      query: SELECT DISTINCT "distinctAlias"."Student_id" AS "ids_Student_id" FROM (SELECT "Student"."id" AS "Student_id", "Student"."user_id" AS "Student_user_id", "Student"."student_id" AS "Student_student_id", "Student"."date_of_birth" AS "Student_date_of_birth", "Student"."gender" AS "Student_gender", "Student"."address" AS "Student_address", "Student"."phone" AS "Student_phone", "Student"."emergency_contact" AS "Student_emergency_contact", "Student"."enrollment_date" AS "Student_enrollment_date", "Student"."department_id" AS "Student_department_id", "Student"."semester" AS "Student_semester", "Student"."created_at" AS "Student_created_at", "Student"."updated_at" AS "Student_updated_at", "Student"."deleted_at" AS "Student_deleted_at", "Student__Student_user"."id" AS "Student__Student_user_id", "Student__Student_user"."email" AS "Student__Student_user_email", "Student__Student_user"."username" AS "Student__Student_user_username", "Student__Student_user"."password_hash" AS "Student__Student_user_password_hash", "Student__Student_user"."role" AS "Student__Student_user_role", "Student__Student_user"."first_name" AS "Student__Student_user_first_name", "Student__Student_user"."last_name" AS "Student__Student_user_last_name", "Student__Student_user"."is_active" AS "Student__Student_user_is_active", "Student__Student_user"."refresh_token" AS "Student__Student_user_refresh_token", "Student__Student_user"."email_verified" AS "Student__Student_user_email_verified", "Student__Student_user"."email_verification_token" AS "Student__Student_user_email_verification_token", "Student__Student_user"."password_reset_token" AS "Student__Student_user_password_reset_token", "Student__Student_user"."password_reset_expires" AS "Student__Student_user_password_reset_expires", "Student__Student_user"."failed_login_attempts" AS "Student__Student_user_failed_login_attempts", "Student__Student_user"."locked_until" AS "Student__Student_user_locked_until", "Student__Student_user"."last_failed_login" AS "Student__Student_user_last_failed_login", "Student__Student_user"."created_at" AS "Student__Student_user_created_at", "Student__Student_user"."updated_at" AS "Student__Student_user_updated_at", "Student__Student_user"."deleted_at" AS "Student__Student_user_deleted_at" FROM "students" "Student" LEFT JOIN "users" "Student__Student_user" ON "Student__Student_user"."id"="Student"."user_id" AND ("Student__Student_user"."deleted_at" IS NULL) WHERE ( (("Student"."id" = $1)) ) AND ( "Student"."deleted_at" IS NULL )) "distinctAlias" ORDER BY "Student_id" ASC LIMIT 1 -- PARAMETERS: [168]

      at Function.logInfo (../src/platform/PlatformTools.ts:262:17)

    console.log
      query: SELECT "Student"."id" AS "Student_id", "Student"."user_id" AS "Student_user_id", "Student"."student_id" AS "Student_student_id", "Student"."date_of_birth" AS "Student_date_of_birth", "Student"."gender" AS "Student_gender", "Student"."address" AS "Student_address", "Student"."phone" AS "Student_phone", "Student"."emergency_contact" AS "Student_emergency_contact", "Student"."enrollment_date" AS "Student_enrollment_date", "Student"."department_id" AS "Student_department_id", "Student"."semester" AS "Student_semester", "Student"."created_at" AS "Student_created_at", "Student"."updated_at" AS "Student_updated_at", "Student"."deleted_at" AS "Student_deleted_at", "Student__Student_user"."id" AS "Student__Student_user_id", "Student__Student_user"."email" AS "Student__Student_user_email", "Student__Student_user"."username" AS "Student__Student_user_username", "Student__Student_user"."password_hash" AS "Student__Student_user_password_hash", "Student__Student_user"."role" AS "Student__Student_user_role", "Student__Student_user"."first_name" AS "Student__Student_user_first_name", "Student__Student_user"."last_name" AS "Student__Student_user_last_name", "Student__Student_user"."is_active" AS "Student__Student_user_is_active", "Student__Student_user"."refresh_token" AS "Student__Student_user_refresh_token", "Student__Student_user"."email_verified" AS "Student__Student_user_email_verified", "Student__Student_user"."email_verification_token" AS "Student__Student_user_email_verification_token", "Student__Student_user"."password_reset_token" AS "Student__Student_user_password_reset_token", "Student__Student_user"."password_reset_expires" AS "Student__Student_user_password_reset_expires", "Student__Student_user"."failed_login_attempts" AS "Student__Student_user_failed_login_attempts", "Student__Student_user"."locked_until" AS "Student__Student_user_locked_until", "Student__Student_user"."last_failed_login" AS "Student__Student_user_last_failed_login", "Student__Student_user"."created_at" AS "Student__Student_user_created_at", "Student__Student_user"."updated_at" AS "Student__Student_user_updated_at", "Student__Student_user"."deleted_at" AS "Student__Student_user_deleted_at" FROM "students" "Student" LEFT JOIN "users" "Student__Student_user" ON "Student__Student_user"."id"="Student"."user_id" AND ("Student__Student_user"."deleted_at" IS NULL) WHERE ( (("Student"."id" = $1)) ) AND ( "Student"."deleted_at" IS NULL ) AND ( "Student"."id" IN (168) ) -- PARAMETERS: [168]

      at Function.logInfo (../src/platform/PlatformTools.ts:262:17)

    console.log
      query: SELECT "Enrollment"."id" AS "Enrollment_id", "Enrollment"."student_id" AS "Enrollment_student_id", "Enrollment"."course_id" AS "Enrollment_course_id", "Enrollment"."enrollment_date" AS "Enrollment_enrollment_date", "Enrollment"."status" AS "Enrollment_status", "Enrollment"."grade" AS "Enrollment_grade", "Enrollment"."grade_points" AS "Enrollment_grade_points", "Enrollment"."attendance_percentage" AS "Enrollment_attendance_percentage", "Enrollment"."created_at" AS "Enrollment_created_at", "Enrollment__Enrollment_course"."id" AS "Enrollment__Enrollment_course_id", "Enrollment__Enrollment_course"."course_code" AS "Enrollment__Enrollment_course_course_code", "Enrollment__Enrollment_course"."course_name" AS "Enrollment__Enrollment_course_course_name", "Enrollment__Enrollment_course"."description" AS "Enrollment__Enrollment_course_description", "Enrollment__Enrollment_course"."credits" AS "Enrollment__Enrollment_course_credits", "Enrollment__Enrollment_course"."department_id" AS "Enrollment__Enrollment_course_department_id", "Enrollment__Enrollment_course"."semester" AS "Enrollment__Enrollment_course_semester", "Enrollment__Enrollment_course"."max_students" AS "Enrollment__Enrollment_course_max_students", "Enrollment__Enrollment_course"."is_active" AS "Enrollment__Enrollment_course_is_active", "Enrollment__Enrollment_course"."created_by" AS "Enrollment__Enrollment_course_created_by", "Enrollment__Enrollment_course"."created_at" AS "Enrollment__Enrollment_course_created_at", "Enrollment__Enrollment_course"."updated_at" AS "Enrollment__Enrollment_course_updated_at", "Enrollment__Enrollment_course"."deleted_at" AS "Enrollment__Enrollment_course_deleted_at" FROM "enrollments" "Enrollment" LEFT JOIN "courses" "Enrollment__Enrollment_course" ON "Enrollment__Enrollment_course"."id"="Enrollment"."course_id" AND ("Enrollment__Enrollment_course"."deleted_at" IS NULL) WHERE (("Enrollment"."student_id" = $1)) ORDER BY "Enrollment"."id" DESC -- PARAMETERS: [168]

      at Function.logInfo (../src/platform/PlatformTools.ts:262:17)

    console.log
      query: SELECT DISTINCT "distinctAlias"."Student_id" AS "ids_Student_id" FROM (SELECT "Student"."id" AS "Student_id", "Student"."user_id" AS "Student_user_id", "Student"."student_id" AS "Student_student_id", "Student"."date_of_birth" AS "Student_date_of_birth", "Student"."gender" AS "Student_gender", "Student"."address" AS "Student_address", "Student"."phone" AS "Student_phone", "Student"."emergency_contact" AS "Student_emergency_contact", "Student"."enrollment_date" AS "Student_enrollment_date", "Student"."department_id" AS "Student_department_id", "Student"."semester" AS "Student_semester", "Student"."created_at" AS "Student_created_at", "Student"."updated_at" AS "Student_updated_at", "Student"."deleted_at" AS "Student_deleted_at", "Student__Student_user"."id" AS "Student__Student_user_id", "Student__Student_user"."email" AS "Student__Student_user_email", "Student__Student_user"."username" AS "Student__Student_user_username", "Student__Student_user"."password_hash" AS "Student__Student_user_password_hash", "Student__Student_user"."role" AS "Student__Student_user_role", "Student__Student_user"."first_name" AS "Student__Student_user_first_name", "Student__Student_user"."last_name" AS "Student__Student_user_last_name", "Student__Student_user"."is_active" AS "Student__Student_user_is_active", "Student__Student_user"."refresh_token" AS "Student__Student_user_refresh_token", "Student__Student_user"."email_verified" AS "Student__Student_user_email_verified", "Student__Student_user"."email_verification_token" AS "Student__Student_user_email_verification_token", "Student__Student_user"."password_reset_token" AS "Student__Student_user_password_reset_token", "Student__Student_user"."password_reset_expires" AS "Student__Student_user_password_reset_expires", "Student__Student_user"."failed_login_attempts" AS "Student__Student_user_failed_login_attempts", "Student__Student_user"."locked_until" AS "Student__Student_user_locked_until", "Student__Student_user"."last_failed_login" AS "Student__Student_user_last_failed_login", "Student__Student_user"."created_at" AS "Student__Student_user_created_at", "Student__Student_user"."updated_at" AS "Student__Student_user_updated_at", "Student__Student_user"."deleted_at" AS "Student__Student_user_deleted_at" FROM "students" "Student" LEFT JOIN "users" "Student__Student_user" ON "Student__Student_user"."id"="Student"."user_id" AND ("Student__Student_user"."deleted_at" IS NULL) WHERE ( (("Student"."id" = $1)) ) AND ( "Student"."deleted_at" IS NULL )) "distinctAlias" ORDER BY "Student_id" ASC LIMIT 1 -- PARAMETERS: [99999]

      at Function.logInfo (../src/platform/PlatformTools.ts:262:17)

    console.log
      query: SELECT "Student"."id" AS "Student_id", "Student"."user_id" AS "Student_user_id", "Student"."student_id" AS "Student_student_id", "Student"."date_of_birth" AS "Student_date_of_birth", "Student"."gender" AS "Student_gender", "Student"."address" AS "Student_address", "Student"."phone" AS "Student_phone", "Student"."emergency_contact" AS "Student_emergency_contact", "Student"."enrollment_date" AS "Student_enrollment_date", "Student"."department_id" AS "Student_department_id", "Student"."semester" AS "Student_semester", "Student"."created_at" AS "Student_created_at", "Student"."updated_at" AS "Student_updated_at", "Student"."deleted_at" AS "Student_deleted_at" FROM "students" "Student" WHERE ( (("Student"."id" = $1)) ) AND ( "Student"."deleted_at" IS NULL ) LIMIT 1 -- PARAMETERS: [168]

      at Function.logInfo (../src/platform/PlatformTools.ts:262:17)

    console.log
      query: SELECT "Student"."id" AS "Student_id", "Student"."user_id" AS "Student_user_id", "Student"."student_id" AS "Student_student_id", "Student"."date_of_birth" AS "Student_date_of_birth", "Student"."gender" AS "Student_gender", "Student"."address" AS "Student_address", "Student"."phone" AS "Student_phone", "Student"."emergency_contact" AS "Student_emergency_contact", "Student"."enrollment_date" AS "Student_enrollment_date", "Student"."department_id" AS "Student_department_id", "Student"."semester" AS "Student_semester", "Student"."created_at" AS "Student_created_at", "Student"."updated_at" AS "Student_updated_at", "Student"."deleted_at" AS "Student_deleted_at" FROM "students" "Student" WHERE "Student"."id" IN ($1) -- PARAMETERS: [168]

      at Function.logInfo (../src/platform/PlatformTools.ts:262:17)
          at async Promise.all (index 0)
          at async Promise.all (index 0)

    console.log
      query: START TRANSACTION

      at Function.logInfo (../src/platform/PlatformTools.ts:262:17)

    console.log
      query: UPDATE "students" SET "address" = $1, "phone" = $2, "updated_at" = CURRENT_TIMESTAMP WHERE "id" IN ($3) RETURNING "updated_at" -- PARAMETERS: ["123 Test Street","+12345678901234",168]

      at Function.logInfo (../src/platform/PlatformTools.ts:262:17)
          at async Promise.all (index 0)

    console.log
      query: COMMIT

      at Function.logInfo (../src/platform/PlatformTools.ts:262:17)

    console.log
      query: SELECT "Student"."id" AS "Student_id", "Student"."user_id" AS "Student_user_id", "Student"."student_id" AS "Student_student_id", "Student"."date_of_birth" AS "Student_date_of_birth", "Student"."gender" AS "Student_gender", "Student"."address" AS "Student_address", "Student"."phone" AS "Student_phone", "Student"."emergency_contact" AS "Student_emergency_contact", "Student"."enrollment_date" AS "Student_enrollment_date", "Student"."department_id" AS "Student_department_id", "Student"."semester" AS "Student_semester", "Student"."created_at" AS "Student_created_at", "Student"."updated_at" AS "Student_updated_at", "Student"."deleted_at" AS "Student_deleted_at" FROM "students" "Student" WHERE ( (("Student"."id" = $1)) ) AND ( "Student"."deleted_at" IS NULL ) LIMIT 1 -- PARAMETERS: [168]

      at Function.logInfo (../src/platform/PlatformTools.ts:262:17)

    console.log
      query: SELECT "Grade"."id" AS "Grade_id", "Grade"."student_id" AS "Grade_student_id", "Grade"."course_id" AS "Grade_course_id", "Grade"."assessment_type" AS "Grade_assessment_type", "Grade"."assessment_name" AS "Grade_assessment_name", "Grade"."max_score" AS "Grade_max_score", "Grade"."score_obtained" AS "Grade_score_obtained", "Grade"."weightage" AS "Grade_weightage", "Grade"."graded_by" AS "Grade_graded_by", "Grade"."graded_at" AS "Grade_graded_at", "Grade__Grade_course"."id" AS "Grade__Grade_course_id", "Grade__Grade_course"."course_code" AS "Grade__Grade_course_course_code", "Grade__Grade_course"."course_name" AS "Grade__Grade_course_course_name", "Grade__Grade_course"."description" AS "Grade__Grade_course_description", "Grade__Grade_course"."credits" AS "Grade__Grade_course_credits", "Grade__Grade_course"."department_id" AS "Grade__Grade_course_department_id", "Grade__Grade_course"."semester" AS "Grade__Grade_course_semester", "Grade__Grade_course"."max_students" AS "Grade__Grade_course_max_students", "Grade__Grade_course"."is_active" AS "Grade__Grade_course_is_active", "Grade__Grade_course"."created_by" AS "Grade__Grade_course_created_by", "Grade__Grade_course"."created_at" AS "Grade__Grade_course_created_at", "Grade__Grade_course"."updated_at" AS "Grade__Grade_course_updated_at", "Grade__Grade_course"."deleted_at" AS "Grade__Grade_course_deleted_at", "Grade__Grade_gradedByUser"."id" AS "Grade__Grade_gradedByUser_id", "Grade__Grade_gradedByUser"."email" AS "Grade__Grade_gradedByUser_email", "Grade__Grade_gradedByUser"."username" AS "Grade__Grade_gradedByUser_username", "Grade__Grade_gradedByUser"."password_hash" AS "Grade__Grade_gradedByUser_password_hash", "Grade__Grade_gradedByUser"."role" AS "Grade__Grade_gradedByUser_role", "Grade__Grade_gradedByUser"."first_name" AS "Grade__Grade_gradedByUser_first_name", "Grade__Grade_gradedByUser"."last_name" AS "Grade__Grade_gradedByUser_last_name", "Grade__Grade_gradedByUser"."is_active" AS "Grade__Grade_gradedByUser_is_active", "Grade__Grade_gradedByUser"."refresh_token" AS "Grade__Grade_gradedByUser_refresh_token", "Grade__Grade_gradedByUser"."email_verified" AS "Grade__Grade_gradedByUser_email_verified", "Grade__Grade_gradedByUser"."email_verification_token" AS "Grade__Grade_gradedByUser_email_verification_token", "Grade__Grade_gradedByUser"."password_reset_token" AS "Grade__Grade_gradedByUser_password_reset_token", "Grade__Grade_gradedByUser"."password_reset_expires" AS "Grade__Grade_gradedByUser_password_reset_expires", "Grade__Grade_gradedByUser"."failed_login_attempts" AS "Grade__Grade_gradedByUser_failed_login_attempts", "Grade__Grade_gradedByUser"."locked_until" AS "Grade__Grade_gradedByUser_locked_until", "Grade__Grade_gradedByUser"."last_failed_login" AS "Grade__Grade_gradedByUser_last_failed_login", "Grade__Grade_gradedByUser"."created_at" AS "Grade__Grade_gradedByUser_created_at", "Grade__Grade_gradedByUser"."updated_at" AS "Grade__Grade_gradedByUser_updated_at", "Grade__Grade_gradedByUser"."deleted_at" AS "Grade__Grade_gradedByUser_deleted_at" FROM "grades" "Grade" LEFT JOIN "courses" "Grade__Grade_course" ON "Grade__Grade_course"."id"="Grade"."course_id" AND ("Grade__Grade_course"."deleted_at" IS NULL)  LEFT JOIN "users" "Grade__Grade_gradedByUser" ON "Grade__Grade_gradedByUser"."id"="Grade"."graded_by" AND ("Grade__Grade_gradedByUser"."deleted_at" IS NULL) WHERE (("Grade"."student_id" = $1)) ORDER BY "Grade"."id" DESC -- PARAMETERS: [168]

      at Function.logInfo (../src/platform/PlatformTools.ts:262:17)

    console.log
      query: SELECT "Student"."id" AS "Student_id", "Student"."user_id" AS "Student_user_id", "Student"."student_id" AS "Student_student_id", "Student"."date_of_birth" AS "Student_date_of_birth", "Student"."gender" AS "Student_gender", "Student"."address" AS "Student_address", "Student"."phone" AS "Student_phone", "Student"."emergency_contact" AS "Student_emergency_contact", "Student"."enrollment_date" AS "Student_enrollment_date", "Student"."department_id" AS "Student_department_id", "Student"."semester" AS "Student_semester", "Student"."created_at" AS "Student_created_at", "Student"."updated_at" AS "Student_updated_at", "Student"."deleted_at" AS "Student_deleted_at" FROM "students" "Student" WHERE ( (("Student"."id" = $1)) ) AND ( "Student"."deleted_at" IS NULL ) LIMIT 1 -- PARAMETERS: [168]

      at Function.logInfo (../src/platform/PlatformTools.ts:262:17)

    console.log
      query: SELECT "Grade"."id" AS "Grade_id", "Grade"."student_id" AS "Grade_student_id", "Grade"."course_id" AS "Grade_course_id", "Grade"."assessment_type" AS "Grade_assessment_type", "Grade"."assessment_name" AS "Grade_assessment_name", "Grade"."max_score" AS "Grade_max_score", "Grade"."score_obtained" AS "Grade_score_obtained", "Grade"."weightage" AS "Grade_weightage", "Grade"."graded_by" AS "Grade_graded_by", "Grade"."graded_at" AS "Grade_graded_at", "Grade__Grade_course"."id" AS "Grade__Grade_course_id", "Grade__Grade_course"."course_code" AS "Grade__Grade_course_course_code", "Grade__Grade_course"."course_name" AS "Grade__Grade_course_course_name", "Grade__Grade_course"."description" AS "Grade__Grade_course_description", "Grade__Grade_course"."credits" AS "Grade__Grade_course_credits", "Grade__Grade_course"."department_id" AS "Grade__Grade_course_department_id", "Grade__Grade_course"."semester" AS "Grade__Grade_course_semester", "Grade__Grade_course"."max_students" AS "Grade__Grade_course_max_students", "Grade__Grade_course"."is_active" AS "Grade__Grade_course_is_active", "Grade__Grade_course"."created_by" AS "Grade__Grade_course_created_by", "Grade__Grade_course"."created_at" AS "Grade__Grade_course_created_at", "Grade__Grade_course"."updated_at" AS "Grade__Grade_course_updated_at", "Grade__Grade_course"."deleted_at" AS "Grade__Grade_course_deleted_at", "Grade__Grade_gradedByUser"."id" AS "Grade__Grade_gradedByUser_id", "Grade__Grade_gradedByUser"."email" AS "Grade__Grade_gradedByUser_email", "Grade__Grade_gradedByUser"."username" AS "Grade__Grade_gradedByUser_username", "Grade__Grade_gradedByUser"."password_hash" AS "Grade__Grade_gradedByUser_password_hash", "Grade__Grade_gradedByUser"."role" AS "Grade__Grade_gradedByUser_role", "Grade__Grade_gradedByUser"."first_name" AS "Grade__Grade_gradedByUser_first_name", "Grade__Grade_gradedByUser"."last_name" AS "Grade__Grade_gradedByUser_last_name", "Grade__Grade_gradedByUser"."is_active" AS "Grade__Grade_gradedByUser_is_active", "Grade__Grade_gradedByUser"."refresh_token" AS "Grade__Grade_gradedByUser_refresh_token", "Grade__Grade_gradedByUser"."email_verified" AS "Grade__Grade_gradedByUser_email_verified", "Grade__Grade_gradedByUser"."email_verification_token" AS "Grade__Grade_gradedByUser_email_verification_token", "Grade__Grade_gradedByUser"."password_reset_token" AS "Grade__Grade_gradedByUser_password_reset_token", "Grade__Grade_gradedByUser"."password_reset_expires" AS "Grade__Grade_gradedByUser_password_reset_expires", "Grade__Grade_gradedByUser"."failed_login_attempts" AS "Grade__Grade_gradedByUser_failed_login_attempts", "Grade__Grade_gradedByUser"."locked_until" AS "Grade__Grade_gradedByUser_locked_until", "Grade__Grade_gradedByUser"."last_failed_login" AS "Grade__Grade_gradedByUser_last_failed_login", "Grade__Grade_gradedByUser"."created_at" AS "Grade__Grade_gradedByUser_created_at", "Grade__Grade_gradedByUser"."updated_at" AS "Grade__Grade_gradedByUser_updated_at", "Grade__Grade_gradedByUser"."deleted_at" AS "Grade__Grade_gradedByUser_deleted_at" FROM "grades" "Grade" LEFT JOIN "courses" "Grade__Grade_course" ON "Grade__Grade_course"."id"="Grade"."course_id" AND ("Grade__Grade_course"."deleted_at" IS NULL)  LEFT JOIN "users" "Grade__Grade_gradedByUser" ON "Grade__Grade_gradedByUser"."id"="Grade"."graded_by" AND ("Grade__Grade_gradedByUser"."deleted_at" IS NULL) WHERE (("Grade"."student_id" = $1)) ORDER BY "Grade"."id" DESC -- PARAMETERS: [168]

      at Function.logInfo (../src/platform/PlatformTools.ts:262:17)

    console.log
      query: SELECT "Student"."id" AS "Student_id", "Student"."user_id" AS "Student_user_id", "Student"."student_id" AS "Student_student_id", "Student"."date_of_birth" AS "Student_date_of_birth", "Student"."gender" AS "Student_gender", "Student"."address" AS "Student_address", "Student"."phone" AS "Student_phone", "Student"."emergency_contact" AS "Student_emergency_contact", "Student"."enrollment_date" AS "Student_enrollment_date", "Student"."department_id" AS "Student_department_id", "Student"."semester" AS "Student_semester", "Student"."created_at" AS "Student_created_at", "Student"."updated_at" AS "Student_updated_at", "Student"."deleted_at" AS "Student_deleted_at" FROM "students" "Student" WHERE ( (("Student"."id" = $1)) ) AND ( "Student"."deleted_at" IS NULL ) LIMIT 1 -- PARAMETERS: [168]

      at Function.logInfo (../src/platform/PlatformTools.ts:262:17)

    console.log
      query: SELECT "Attendance"."id" AS "Attendance_id", "Attendance"."student_id" AS "Attendance_student_id", "Attendance"."course_id" AS "Attendance_course_id", "Attendance"."date" AS "Attendance_date", "Attendance"."status" AS "Attendance_status", "Attendance"."notes" AS "Attendance_notes", "Attendance"."recorded_by" AS "Attendance_recorded_by", "Attendance"."created_at" AS "Attendance_created_at", "Attendance__Attendance_course"."id" AS "Attendance__Attendance_course_id", "Attendance__Attendance_course"."course_code" AS "Attendance__Attendance_course_course_code", "Attendance__Attendance_course"."course_name" AS "Attendance__Attendance_course_course_name", "Attendance__Attendance_course"."description" AS "Attendance__Attendance_course_description", "Attendance__Attendance_course"."credits" AS "Attendance__Attendance_course_credits", "Attendance__Attendance_course"."department_id" AS "Attendance__Attendance_course_department_id", "Attendance__Attendance_course"."semester" AS "Attendance__Attendance_course_semester", "Attendance__Attendance_course"."max_students" AS "Attendance__Attendance_course_max_students", "Attendance__Attendance_course"."is_active" AS "Attendance__Attendance_course_is_active", "Attendance__Attendance_course"."created_by" AS "Attendance__Attendance_course_created_by", "Attendance__Attendance_course"."created_at" AS "Attendance__Attendance_course_created_at", "Attendance__Attendance_course"."updated_at" AS "Attendance__Attendance_course_updated_at", "Attendance__Attendance_course"."deleted_at" AS "Attendance__Attendance_course_deleted_at", "Attendance__Attendance_recordedByUser"."id" AS "Attendance__Attendance_recordedByUser_id", "Attendance__Attendance_recordedByUser"."email" AS "Attendance__Attendance_recordedByUser_email", "Attendance__Attendance_recordedByUser"."username" AS "Attendance__Attendance_recordedByUser_username", "Attendance__Attendance_recordedByUser"."password_hash" AS "Attendance__Attendance_recordedByUser_password_hash", "Attendance__Attendance_recordedByUser"."role" AS "Attendance__Attendance_recordedByUser_role", "Attendance__Attendance_recordedByUser"."first_name" AS "Attendance__Attendance_recordedByUser_first_name", "Attendance__Attendance_recordedByUser"."last_name" AS "Attendance__Attendance_recordedByUser_last_name", "Attendance__Attendance_recordedByUser"."is_active" AS "Attendance__Attendance_recordedByUser_is_active", "Attendance__Attendance_recordedByUser"."refresh_token" AS "Attendance__Attendance_recordedByUser_refresh_token", "Attendance__Attendance_recordedByUser"."email_verified" AS "Attendance__Attendance_recordedByUser_email_verified", "Attendance__Attendance_recordedByUser"."email_verification_token" AS "Attendance__Attendance_recordedByUser_email_verification_token", "Attendance__Attendance_recordedByUser"."password_reset_token" AS "Attendance__Attendance_recordedByUser_password_reset_token", "Attendance__Attendance_recordedByUser"."password_reset_expires" AS "Attendance__Attendance_recordedByUser_password_reset_expires", "Attendance__Attendance_recordedByUser"."failed_login_attempts" AS "Attendance__Attendance_recordedByUser_failed_login_attempts", "Attendance__Attendance_recordedByUser"."locked_until" AS "Attendance__Attendance_recordedByUser_locked_until", "Attendance__Attendance_recordedByUser"."last_failed_login" AS "Attendance__Attendance_recordedByUser_last_failed_login", "Attendance__Attendance_recordedByUser"."created_at" AS "Attendance__Attendance_recordedByUser_created_at", "Attendance__Attendance_recordedByUser"."updated_at" AS "Attendance__Attendance_recordedByUser_updated_at", "Attendance__Attendance_recordedByUser"."deleted_at" AS "Attendance__Attendance_recordedByUser_deleted_at" FROM "attendance" "Attendance" LEFT JOIN "courses" "Attendance__Attendance_course" ON "Attendance__Attendance_course"."id"="Attendance"."course_id" AND ("Attendance__Attendance_course"."deleted_at" IS NULL)  LEFT JOIN "users" "Attendance__Attendance_recordedByUser" ON "Attendance__Attendance_recordedByUser"."id"="Attendance"."recorded_by" AND ("Attendance__Attendance_recordedByUser"."deleted_at" IS NULL) WHERE (("Attendance"."student_id" = $1)) ORDER BY "Attendance"."id" DESC -- PARAMETERS: [168]

      at Function.logInfo (../src/platform/PlatformTools.ts:262:17)

    console.log
      query: SELECT "Student"."id" AS "Student_id", "Student"."user_id" AS "Student_user_id", "Student"."student_id" AS "Student_student_id", "Student"."date_of_birth" AS "Student_date_of_birth", "Student"."gender" AS "Student_gender", "Student"."address" AS "Student_address", "Student"."phone" AS "Student_phone", "Student"."emergency_contact" AS "Student_emergency_contact", "Student"."enrollment_date" AS "Student_enrollment_date", "Student"."department_id" AS "Student_department_id", "Student"."semester" AS "Student_semester", "Student"."created_at" AS "Student_created_at", "Student"."updated_at" AS "Student_updated_at", "Student"."deleted_at" AS "Student_deleted_at" FROM "students" "Student" WHERE ( (("Student"."id" = $1)) ) AND ( "Student"."deleted_at" IS NULL ) LIMIT 1 -- PARAMETERS: [168]

      at Function.logInfo (../src/platform/PlatformTools.ts:262:17)

    console.log
      query: SELECT "Student"."id" AS "Student_id", "Student"."user_id" AS "Student_user_id", "Student"."student_id" AS "Student_student_id", "Student"."date_of_birth" AS "Student_date_of_birth", "Student"."gender" AS "Student_gender", "Student"."address" AS "Student_address", "Student"."phone" AS "Student_phone", "Student"."emergency_contact" AS "Student_emergency_contact", "Student"."enrollment_date" AS "Student_enrollment_date", "Student"."department_id" AS "Student_department_id", "Student"."semester" AS "Student_semester", "Student"."created_at" AS "Student_created_at", "Student"."updated_at" AS "Student_updated_at", "Student"."deleted_at" AS "Student_deleted_at" FROM "students" "Student" WHERE "Student"."id" IN ($1) -- PARAMETERS: [168]

      at Function.logInfo (../src/platform/PlatformTools.ts:262:17)
          at async Promise.all (index 0)
          at async Promise.all (index 0)

    console.log
      query: START TRANSACTION

      at Function.logInfo (../src/platform/PlatformTools.ts:262:17)

    console.log
      query: UPDATE "students" SET "deleted_at" = CURRENT_TIMESTAMP, "updated_at" = CURRENT_TIMESTAMP WHERE "id" IN ($1) RETURNING "updated_at", "deleted_at" -- PARAMETERS: [168]

      at Function.logInfo (../src/platform/PlatformTools.ts:262:17)
          at async Promise.all (index 0)

    console.log
      query: COMMIT

      at Function.logInfo (../src/platform/PlatformTools.ts:262:17)

    console.log
      query: DELETE FROM students WHERE student_id LIKE $1 -- PARAMETERS: ["STU20246310%"]

      at Function.logInfo (../src/platform/PlatformTools.ts:262:17)

    console.log
      query: DELETE FROM users WHERE email LIKE $1 -- PARAMETERS: ["e2e_students_%@test.com"]

      at Function.logInfo (../src/platform/PlatformTools.ts:262:17)


Test Suites: 1 failed, 15 passed, 16 total
Tests:       2 failed, 238 passed, 240 total
Snapshots:   0 total
Time:        66.584 s, estimated 82 s
Ran all test suites.
